FILE_TYPE=LIBRARY_PARTS;
PRIMITIVE 'WSHP28183L000FEA','WSHP28183L000FEA_Other';
  PIN
    '1':
      PIN_NUMBER='(1)';
      NO_LOAD_CHECK=BOTH;
      NO_IO_CHECK=BOTH;
      ALLOW_CONNECT=TRUE;
      PINUSE='UNSPEC';
    '2':
      PIN_NUMBER='(2)';
      NO_LOAD_CHECK=BOTH;
      NO_IO_CHECK=BOTH;
      ALLOW_CONNECT=TRUE;
      PINUSE='UNSPEC';
  END_PIN;
  BODY
    PART_NAME='WSHP28183L000FEA';
    PHYS_DES_PREFIX='R';
    NO_LOAD_CHECK='TRUE';
    PIN_COUNT='2';
    BODY_NAME='WSHP28183L000FEA';
    JEDEC_TYPE='WSHP28183L000FEA';
  END_BODY;
END_PRIMITIVE;
END.
