Added Component: Designator=IC1(QFN40P700X700X80-57N-D)
Add component (AddParameter): Name = "Arrow Part Number"; Value = "PI4IOE5V96248ZLEX"; VariantName = "[No Variations]"
Add component (AddParameter): Name = "Arrow Price/Stock"; Value = "https://www.arrow.com/en/products/pi4ioe5v96248zlex/diodes-incorporated?utm_currency=USD&region=nac"; VariantName = "[No Variations]"
Add component (AddParameter): Name = "Datasheet Link"; Value = "https://www.diodes.com//assets/Datasheets/PI4IOE5V96248.pdf"; VariantName = "[No Variations]"
Add component (AddParameter): Name = "Height"; Value = "0.8mm"; VariantName = "[No Variations]"
Add component (AddParameter): Name = "Manufacturer_Name"; Value = "Diodes Incorporated"; VariantName = "[No Variations]"
Add component (AddParameter): Name = "Manufacturer_Part_Number"; Value = "PI4IOE5V96248ZLEX"; VariantName = "[No Variations]"
Add component (AddParameter): Name = "Mouser Part Number"; Value = "729-I4IOE5V96248ZLEX"; VariantName = "[No Variations]"
Add component (AddParameter): Name = "Mouser Price/Stock"; Value = "https://www.mouser.co.uk/ProductDetail/Diodes-Incorporated/PI4IOE5V96248ZLEX?qs=0lQeLiL1qybrik73ZzHIIw%3D%3D"; VariantName = "[No Variations]"
Added Component: Designator=K1_CellSelectModule1(FP-AQY280SX-MFG)
Added Component: Designator=K1_CellSelectModule2(FP-AQY280SX-MFG)
Added Component: Designator=K1_CellSelectModule3(FP-AQY280SX-MFG)
Added Component: Designator=K1_CellSelectModule4(FP-AQY280SX-MFG)
Added Component: Designator=K1_CellSelectModule5(FP-AQY280SX-MFG)
Added Component: Designator=K1_CellSelectModule6(FP-AQY280SX-MFG)
Added Component: Designator=K1_CellSelectModule7(FP-AQY280SX-MFG)
Added Component: Designator=K1_CellSelectModule8(FP-AQY280SX-MFG)
Added Component: Designator=K1_CellSelectModule9(FP-AQY280SX-MFG)
Added Component: Designator=K1_CellSelectModule10(FP-AQY280SX-MFG)
Added Component: Designator=K1_CellSelectModule11(FP-AQY280SX-MFG)
Added Component: Designator=K1_CellSelectModule12(FP-AQY280SX-MFG)
Added Component: Designator=K1_CellSelectModule13(FP-AQY280SX-MFG)
Added Component: Designator=K1_CellSelectModule14(FP-AQY280SX-MFG)
Added Component: Designator=K1_CellSelectModule15(FP-AQY280SX-MFG)
Added Component: Designator=K1_CellSelectModule16(FP-AQY280SX-MFG)
Added Component: Designator=K1_CellSelectModule17(FP-AQY280SX-MFG)
Added Component: Designator=K1_CellSelectModule18(FP-AQY280SX-MFG)
Added Component: Designator=K1_CellSelectModule19(FP-AQY280SX-MFG)
Added Component: Designator=K1_CellSelectModule20(FP-AQY280SX-MFG)
Added Component: Designator=K1_CellSelectModule21(FP-AQY280SX-MFG)
Added Component: Designator=K1_CellSelectModule22(FP-AQY280SX-MFG)
Added Component: Designator=K1_CellSelectModule23(FP-AQY280SX-MFG)
Added Component: Designator=K1_CellSelectModule24(FP-AQY280SX-MFG)
Added Component: Designator=K1_CellSelectModule25(FP-AQY280SX-MFG)
Added Component: Designator=K1_CellSelectModule26(FP-AQY280SX-MFG)
Added Component: Designator=K1_CellSelectModule27(FP-AQY280SX-MFG)
Added Component: Designator=K1_CellSelectModule28(FP-AQY280SX-MFG)
Added Component: Designator=K1_CellSelectModule29(FP-AQY280SX-MFG)
Added Component: Designator=K1_CellSelectModule30(FP-AQY280SX-MFG)
Added Component: Designator=K1_CellSelectModule31(FP-AQY280SX-MFG)
Added Component: Designator=K1_CellSelectModule32(FP-AQY280SX-MFG)
Added Component: Designator=K1_CellSelectModule33(FP-AQY280SX-MFG)
Added Component: Designator=K1_CellSelectModule34(FP-AQY280SX-MFG)
Added Component: Designator=K1_CellSelectModule35(FP-AQY280SX-MFG)
Added Component: Designator=K1_CellSelectModule36(FP-AQY280SX-MFG)
Added Component: Designator=K1_CellSelectModule37(FP-AQY280SX-MFG)
Added Component: Designator=K1_CellSelectModule38(FP-AQY280SX-MFG)
Added Component: Designator=K1_CellSelectModule39(FP-AQY280SX-MFG)
Added Component: Designator=K1_CellSelectModule40(FP-AQY280SX-MFG)
Added Component: Designator=K1_CellSelectModule41(FP-AQY280SX-MFG)
Added Component: Designator=K1_CellSelectModule42(FP-AQY280SX-MFG)
Added Component: Designator=K1_CellSelectModule43(FP-AQY280SX-MFG)
Added Component: Designator=K1_CellSelectModule44(FP-AQY280SX-MFG)
Added Component: Designator=K1_CellSelectModule45(FP-AQY280SX-MFG)
Added Component: Designator=K1_CellSelectModule46(FP-AQY280SX-MFG)
Added Component: Designator=K1_CellSelectModule47(FP-AQY280SX-MFG)
Added Component: Designator=K1_CellSelectModule48(FP-AQY280SX-MFG)
Added Component: Designator=P1(61302411121)
Added Component: Designator=P2(61302411121)
Added Component: Designator=R1_CellSelectModule1(RESC0603X26X15NL03T05)
Added Component: Designator=R1_CellSelectModule2(RESC0603X26X15NL03T05)
Added Component: Designator=R1_CellSelectModule3(RESC0603X26X15NL03T05)
Added Component: Designator=R1_CellSelectModule4(RESC0603X26X15NL03T05)
Added Component: Designator=R1_CellSelectModule5(RESC0603X26X15NL03T05)
Added Component: Designator=R1_CellSelectModule6(RESC0603X26X15NL03T05)
Added Component: Designator=R1_CellSelectModule7(RESC0603X26X15NL03T05)
Added Component: Designator=R1_CellSelectModule8(RESC0603X26X15NL03T05)
Added Component: Designator=R1_CellSelectModule9(RESC0603X26X15NL03T05)
Added Component: Designator=R1_CellSelectModule10(RESC0603X26X15NL03T05)
Added Component: Designator=R1_CellSelectModule11(RESC0603X26X15NL03T05)
Added Component: Designator=R1_CellSelectModule12(RESC0603X26X15NL03T05)
Added Component: Designator=R1_CellSelectModule13(RESC0603X26X15NL03T05)
Added Component: Designator=R1_CellSelectModule14(RESC0603X26X15NL03T05)
Added Component: Designator=R1_CellSelectModule15(RESC0603X26X15NL03T05)
Added Component: Designator=R1_CellSelectModule16(RESC0603X26X15NL03T05)
Added Component: Designator=R1_CellSelectModule17(RESC0603X26X15NL03T05)
Added Component: Designator=R1_CellSelectModule18(RESC0603X26X15NL03T05)
Added Component: Designator=R1_CellSelectModule19(RESC0603X26X15NL03T05)
Added Component: Designator=R1_CellSelectModule20(RESC0603X26X15NL03T05)
Added Component: Designator=R1_CellSelectModule21(RESC0603X26X15NL03T05)
Added Component: Designator=R1_CellSelectModule22(RESC0603X26X15NL03T05)
Added Component: Designator=R1_CellSelectModule23(RESC0603X26X15NL03T05)
Added Component: Designator=R1_CellSelectModule24(RESC0603X26X15NL03T05)
Added Component: Designator=R1_CellSelectModule25(RESC0603X26X15NL03T05)
Added Component: Designator=R1_CellSelectModule26(RESC0603X26X15NL03T05)
Added Component: Designator=R1_CellSelectModule27(RESC0603X26X15NL03T05)
Added Component: Designator=R1_CellSelectModule28(RESC0603X26X15NL03T05)
Added Component: Designator=R1_CellSelectModule29(RESC0603X26X15NL03T05)
Added Component: Designator=R1_CellSelectModule30(RESC0603X26X15NL03T05)
Added Component: Designator=R1_CellSelectModule31(RESC0603X26X15NL03T05)
Added Component: Designator=R1_CellSelectModule32(RESC0603X26X15NL03T05)
Added Component: Designator=R1_CellSelectModule33(RESC0603X26X15NL03T05)
Added Component: Designator=R1_CellSelectModule34(RESC0603X26X15NL03T05)
Added Component: Designator=R1_CellSelectModule35(RESC0603X26X15NL03T05)
Added Component: Designator=R1_CellSelectModule36(RESC0603X26X15NL03T05)
Added Component: Designator=R1_CellSelectModule37(RESC0603X26X15NL03T05)
Added Component: Designator=R1_CellSelectModule38(RESC0603X26X15NL03T05)
Added Component: Designator=R1_CellSelectModule39(RESC0603X26X15NL03T05)
Added Component: Designator=R1_CellSelectModule40(RESC0603X26X15NL03T05)
Added Component: Designator=R1_CellSelectModule41(RESC0603X26X15NL03T05)
Added Component: Designator=R1_CellSelectModule42(RESC0603X26X15NL03T05)
Added Component: Designator=R1_CellSelectModule43(RESC0603X26X15NL03T05)
Added Component: Designator=R1_CellSelectModule44(RESC0603X26X15NL03T05)
Added Component: Designator=R1_CellSelectModule45(RESC0603X26X15NL03T05)
Added Component: Designator=R1_CellSelectModule46(RESC0603X26X15NL03T05)
Added Component: Designator=R1_CellSelectModule47(RESC0603X26X15NL03T05)
Added Component: Designator=R1_CellSelectModule48(RESC0603X26X15NL03T05)
Added Pin To Net: NetName=cCell-1 Pin=IC1-54
Added Net: Name=cCell-1
Added Pin To Net: NetName=cCell-2 Pin=IC1-55
Added Net: Name=cCell-2
Added Pin To Net: NetName=cCell-3 Pin=IC1-56
Added Net: Name=cCell-3
Added Pin To Net: NetName=cCell-4 Pin=IC1-1
Added Net: Name=cCell-4
Added Pin To Net: NetName=cCell-5 Pin=IC1-2
Added Net: Name=cCell-5
Added Pin To Net: NetName=cCell-6 Pin=IC1-3
Added Net: Name=cCell-6
Added Pin To Net: NetName=cCell-7 Pin=IC1-4
Added Net: Name=cCell-7
Added Pin To Net: NetName=cCell-8 Pin=IC1-5
Added Net: Name=cCell-8
Added Pin To Net: NetName=cCell-9 Pin=IC1-6
Added Net: Name=cCell-9
Added Pin To Net: NetName=cCell-10 Pin=IC1-7
Added Net: Name=cCell-10
Added Pin To Net: NetName=cCell-11 Pin=IC1-8
Added Net: Name=cCell-11
Added Pin To Net: NetName=cCell-12 Pin=IC1-9
Added Net: Name=cCell-12
Added Pin To Net: NetName=cCell-13 Pin=IC1-10
Added Net: Name=cCell-13
Added Pin To Net: NetName=cCell-14 Pin=IC1-11
Added Net: Name=cCell-14
Added Pin To Net: NetName=cCell-15 Pin=IC1-12
Added Net: Name=cCell-15
Added Pin To Net: NetName=cCell-16 Pin=IC1-13
Added Net: Name=cCell-16
Added Pin To Net: NetName=cCell-17 Pin=IC1-14
Added Net: Name=cCell-17
Added Pin To Net: NetName=cCell-18 Pin=IC1-15
Added Net: Name=cCell-18
Added Pin To Net: NetName=cCell-19 Pin=IC1-16
Added Net: Name=cCell-19
Added Pin To Net: NetName=cCell-20 Pin=IC1-17
Added Net: Name=cCell-20
Added Pin To Net: NetName=cCell-21 Pin=IC1-18
Added Net: Name=cCell-21
Added Pin To Net: NetName=cCell-22 Pin=IC1-19
Added Net: Name=cCell-22
Added Pin To Net: NetName=cCell-23 Pin=IC1-20
Added Net: Name=cCell-23
Added Pin To Net: NetName=cCell-24 Pin=IC1-21
Added Net: Name=cCell-24
Added Pin To Net: NetName=cCell-25 Pin=IC1-22
Added Net: Name=cCell-25
Added Pin To Net: NetName=cCell-26 Pin=IC1-23
Added Net: Name=cCell-26
Added Pin To Net: NetName=cCell-27 Pin=IC1-24
Added Net: Name=cCell-27
Added Pin To Net: NetName=cCell-28 Pin=IC1-25
Added Net: Name=cCell-28
Added Pin To Net: NetName=cCell-29 Pin=IC1-26
Added Net: Name=cCell-29
Added Pin To Net: NetName=cCell-30 Pin=IC1-27
Added Net: Name=cCell-30
Added Pin To Net: NetName=cCell-31 Pin=IC1-28
Added Net: Name=cCell-31
Added Pin To Net: NetName=cCell-32 Pin=IC1-29
Added Net: Name=cCell-32
Added Pin To Net: NetName=cCell-33 Pin=IC1-30
Added Net: Name=cCell-33
Added Pin To Net: NetName=cCell-34 Pin=IC1-31
Added Net: Name=cCell-34
Added Pin To Net: NetName=cCell-35 Pin=IC1-32
Added Net: Name=cCell-35
Added Pin To Net: NetName=cCell-36 Pin=IC1-33
Added Net: Name=cCell-36
Added Pin To Net: NetName=cCell-37 Pin=IC1-34
Added Net: Name=cCell-37
Added Pin To Net: NetName=cCell-38 Pin=IC1-35
Added Net: Name=cCell-38
Added Pin To Net: NetName=cCell-39 Pin=IC1-36
Added Net: Name=cCell-39
Added Pin To Net: NetName=cCell-40 Pin=IC1-37
Added Net: Name=cCell-40
Added Pin To Net: NetName=cCell-41 Pin=IC1-38
Added Net: Name=cCell-41
Added Pin To Net: NetName=cCell-42 Pin=IC1-39
Added Net: Name=cCell-42
Added Pin To Net: NetName=cCell-43 Pin=IC1-40
Added Net: Name=cCell-43
Added Pin To Net: NetName=cCell-44 Pin=IC1-41
Added Net: Name=cCell-44
Added Pin To Net: NetName=cCell-45 Pin=IC1-42
Added Net: Name=cCell-45
Added Pin To Net: NetName=cCell-46 Pin=IC1-43
Added Net: Name=cCell-46
Added Pin To Net: NetName=cCell-47 Pin=IC1-44
Added Net: Name=cCell-47
Added Pin To Net: NetName=cCell-48 Pin=IC1-45
Added Net: Name=cCell-48
Added Net: Name=Cell-1
Added Net: Name=Cell-2
Added Net: Name=Cell-3
Added Net: Name=Cell-4
Added Net: Name=Cell-5
Added Net: Name=Cell-6
Added Net: Name=Cell-7
Added Net: Name=Cell-8
Added Net: Name=Cell-9
Added Net: Name=Cell-10
Added Net: Name=Cell-11
Added Net: Name=Cell-12
Added Net: Name=Cell-13
Added Net: Name=Cell-14
Added Net: Name=Cell-15
Added Net: Name=Cell-16
Added Net: Name=Cell-17
Added Net: Name=Cell-18
Added Net: Name=Cell-19
Added Net: Name=Cell-20
Added Net: Name=Cell-21
Added Net: Name=Cell-22
Added Net: Name=Cell-23
Added Net: Name=Cell-24
Added Net: Name=Cell-25
Added Net: Name=Cell-26
Added Net: Name=Cell-27
Added Net: Name=Cell-28
Added Net: Name=Cell-29
Added Net: Name=Cell-30
Added Net: Name=Cell-31
Added Net: Name=Cell-32
Added Net: Name=Cell-33
Added Net: Name=Cell-34
Added Net: Name=Cell-35
Added Net: Name=Cell-36
Added Net: Name=Cell-37
Added Net: Name=Cell-38
Added Net: Name=Cell-39
Added Net: Name=Cell-40
Added Net: Name=Cell-41
Added Net: Name=Cell-42
Added Net: Name=Cell-43
Added Net: Name=Cell-44
Added Net: Name=Cell-45
Added Net: Name=Cell-46
Added Net: Name=Cell-47
Added Net: Name=Cell-48
Added Net: Name=GND
Added Net: Name=NetK1_CellSelectModule1_1
Added Net: Name=NetK1_CellSelectModule2_1
Added Net: Name=NetK1_CellSelectModule3_1
Added Net: Name=NetK1_CellSelectModule4_1
Added Net: Name=NetK1_CellSelectModule5_1
Added Net: Name=NetK1_CellSelectModule6_1
Added Net: Name=NetK1_CellSelectModule7_1
Added Net: Name=NetK1_CellSelectModule8_1
Added Net: Name=NetK1_CellSelectModule9_1
Added Net: Name=NetK1_CellSelectModule10_1
Added Net: Name=NetK1_CellSelectModule11_1
Added Net: Name=NetK1_CellSelectModule12_1
Added Net: Name=NetK1_CellSelectModule13_1
Added Net: Name=NetK1_CellSelectModule14_1
Added Net: Name=NetK1_CellSelectModule15_1
Added Net: Name=NetK1_CellSelectModule16_1
Added Net: Name=NetK1_CellSelectModule17_1
Added Net: Name=NetK1_CellSelectModule18_1
Added Net: Name=NetK1_CellSelectModule19_1
Added Net: Name=NetK1_CellSelectModule20_1
Added Net: Name=NetK1_CellSelectModule21_1
Added Net: Name=NetK1_CellSelectModule22_1
Added Net: Name=NetK1_CellSelectModule23_1
Added Net: Name=NetK1_CellSelectModule24_1
Added Net: Name=NetK1_CellSelectModule25_1
Added Net: Name=NetK1_CellSelectModule26_1
Added Net: Name=NetK1_CellSelectModule27_1
Added Net: Name=NetK1_CellSelectModule28_1
Added Net: Name=NetK1_CellSelectModule29_1
Added Net: Name=NetK1_CellSelectModule30_1
Added Net: Name=NetK1_CellSelectModule31_1
Added Net: Name=NetK1_CellSelectModule32_1
Added Net: Name=NetK1_CellSelectModule33_1
Added Net: Name=NetK1_CellSelectModule34_1
Added Net: Name=NetK1_CellSelectModule35_1
Added Net: Name=NetK1_CellSelectModule36_1
Added Net: Name=NetK1_CellSelectModule37_1
Added Net: Name=NetK1_CellSelectModule38_1
Added Net: Name=NetK1_CellSelectModule39_1
Added Net: Name=NetK1_CellSelectModule40_1
Added Net: Name=NetK1_CellSelectModule41_1
Added Net: Name=NetK1_CellSelectModule42_1
Added Net: Name=NetK1_CellSelectModule43_1
Added Net: Name=NetK1_CellSelectModule44_1
Added Net: Name=NetK1_CellSelectModule45_1
Added Net: Name=NetK1_CellSelectModule46_1
Added Net: Name=NetK1_CellSelectModule47_1
Added Net: Name=NetK1_CellSelectModule48_1
Added Net: Name=V+
Added Class: Name=CellSelectModule1
Added Class: Name=CellSelectModule2
Added Class: Name=CellSelectModule3
Added Class: Name=CellSelectModule4
Added Class: Name=CellSelectModule5
Added Class: Name=CellSelectModule6
Added Class: Name=CellSelectModule7
Added Class: Name=CellSelectModule8
Added Class: Name=CellSelectModule9
Added Class: Name=CellSelectModule10
Added Class: Name=CellSelectModule11
Added Class: Name=CellSelectModule12
Added Class: Name=CellSelectModule13
Added Class: Name=CellSelectModule14
Added Class: Name=CellSelectModule15
Added Class: Name=CellSelectModule16
Added Class: Name=CellSelectModule17
Added Class: Name=CellSelectModule18
Added Class: Name=CellSelectModule19
Added Class: Name=CellSelectModule20
Added Class: Name=CellSelectModule21
Added Class: Name=CellSelectModule22
Added Class: Name=CellSelectModule23
Added Class: Name=CellSelectModule24
Added Class: Name=CellSelectModule25
Added Class: Name=CellSelectModule26
Added Class: Name=CellSelectModule27
Added Class: Name=CellSelectModule28
Added Class: Name=CellSelectModule29
Added Class: Name=CellSelectModule30
Added Class: Name=CellSelectModule31
Added Class: Name=CellSelectModule32
Added Class: Name=CellSelectModule33
Added Class: Name=CellSelectModule34
Added Class: Name=CellSelectModule35
Added Class: Name=CellSelectModule36
Added Class: Name=CellSelectModule37
Added Class: Name=CellSelectModule38
Added Class: Name=CellSelectModule39
Added Class: Name=CellSelectModule40
Added Class: Name=CellSelectModule41
Added Class: Name=CellSelectModule42
Added Class: Name=CellSelectModule43
Added Class: Name=CellSelectModule44
Added Class: Name=CellSelectModule45
Added Class: Name=CellSelectModule46
Added Class: Name=CellSelectModule47
Added Class: Name=CellSelectModule48
Added Class: Name=CellVoltageControl
Added Class: Name=CellSelectModule
Added Room: Name=CellSelectModule1
Added Room: Name=CellSelectModule2
Added Room: Name=CellSelectModule3
Added Room: Name=CellSelectModule4
Added Room: Name=CellSelectModule5
Added Room: Name=CellSelectModule6
Added Room: Name=CellSelectModule7
Added Room: Name=CellSelectModule8
Added Room: Name=CellSelectModule9
Added Room: Name=CellSelectModule10
Added Room: Name=CellSelectModule11
Added Room: Name=CellSelectModule12
Added Room: Name=CellSelectModule13
Added Room: Name=CellSelectModule14
Added Room: Name=CellSelectModule15
Added Room: Name=CellSelectModule16
Added Room: Name=CellSelectModule17
Added Room: Name=CellSelectModule18
Added Room: Name=CellSelectModule19
Added Room: Name=CellSelectModule20
Added Room: Name=CellSelectModule21
Added Room: Name=CellSelectModule22
Added Room: Name=CellSelectModule23
Added Room: Name=CellSelectModule24
Added Room: Name=CellSelectModule25
Added Room: Name=CellSelectModule26
Added Room: Name=CellSelectModule27
Added Room: Name=CellSelectModule28
Added Room: Name=CellSelectModule29
Added Room: Name=CellSelectModule30
Added Room: Name=CellSelectModule31
Added Room: Name=CellSelectModule32
Added Room: Name=CellSelectModule33
Added Room: Name=CellSelectModule34
Added Room: Name=CellSelectModule35
Added Room: Name=CellSelectModule36
Added Room: Name=CellSelectModule37
Added Room: Name=CellSelectModule38
Added Room: Name=CellSelectModule39
Added Room: Name=CellSelectModule40
Added Room: Name=CellSelectModule41
Added Room: Name=CellSelectModule42
Added Room: Name=CellSelectModule43
Added Room: Name=CellSelectModule44
Added Room: Name=CellSelectModule45
Added Room: Name=CellSelectModule46
Added Room: Name=CellSelectModule47
Added Room: Name=CellSelectModule48
Added Room: Name=CellVoltageControl
