Added Pin To Net: NetName=Alert_M1 Pin=D1_PowerModuleCell_M1-1
Added Pin To Net: NetName=NetD1_PowerModuleCell_M1_2 Pin=D1_PowerModuleCell_M1-2
Added Pin To Net: NetName=Alert_M2 Pin=D1_PowerModuleCell_M2-1
Added Pin To Net: NetName=NetD1_PowerModuleCell_M2_2 Pin=D1_PowerModuleCell_M2-2
Added Pin To Net: NetName=Alert_M3 Pin=D1_PowerModuleCell_M3-1
Added Pin To Net: NetName=NetD1_PowerModuleCell_M3_2 Pin=D1_PowerModuleCell_M3-2
Added Pin To Net: NetName=Alert_M4 Pin=D1_PowerModuleCell_M4-1
Added Pin To Net: NetName=NetD1_PowerModuleCell_M4_2 Pin=D1_PowerModuleCell_M4-2
Added Pin To Net: NetName=Shunt_L_PowerModuleCell_M1 Pin=J4-1
Added Pin To Net: NetName=Shunt_L_PowerModuleCell_M1 Pin=J4-2
Added Pin To Net: NetName=Shunt_L_PowerModuleCell_M1 Pin=J4-3
Added Pin To Net: NetName=Shunt_L_PowerModuleCell_M1 Pin=J4-4
Added Pin To Net: NetName=ProcessedParam_M1 Pin=P18_PowerModuleCell_M1-1
Added Pin To Net: NetName=ProcessedParam_M2 Pin=P18_PowerModuleCell_M2-1
Added Pin To Net: NetName=ProcessedParam_M3 Pin=P18_PowerModuleCell_M3-1
Added Pin To Net: NetName=ProcessedParam_M4 Pin=P18_PowerModuleCell_M4-1
Added Pin To Net: NetName=NetP19_PowerModuleCell_M1_1 Pin=P19_PowerModuleCell_M1-1
Added Pin To Net: NetName=NetP19_PowerModuleCell_M2_1 Pin=P19_PowerModuleCell_M2-1
Added Pin To Net: NetName=NetP19_PowerModuleCell_M3_1 Pin=P19_PowerModuleCell_M3-1
Added Pin To Net: NetName=NetP19_PowerModuleCell_M4_1 Pin=P19_PowerModuleCell_M4-1
Added Pin To Net: NetName=RefParam_M1 Pin=P20_PowerModuleCell_M1-1
Added Pin To Net: NetName=RefParam_M2 Pin=P20_PowerModuleCell_M2-1
Added Pin To Net: NetName=RefParam_M3 Pin=P20_PowerModuleCell_M3-1
Added Pin To Net: NetName=RefParam_M4 Pin=P20_PowerModuleCell_M4-1
Added Pin To Net: NetName=CurrentSignal_M1 Pin=P21_PowerModuleCell_M1-1
Added Pin To Net: NetName=CurrentSignal_M2 Pin=P21_PowerModuleCell_M2-1
Added Pin To Net: NetName=CurrentSignal_M3 Pin=P21_PowerModuleCell_M3-1
Added Pin To Net: NetName=CurrentSignal_M4 Pin=P21_PowerModuleCell_M4-1
Added Pin To Net: NetName=Load Pin=Q1_PowerModuleCell_M1-1
Added Pin To Net: NetName=Load Pin=Q1_PowerModuleCell_M1-2
Added Pin To Net: NetName=Load Pin=Q1_PowerModuleCell_M1-3
Added Pin To Net: NetName=Shunt_H_PowerModuleCell_M1 Pin=Q1_PowerModuleCell_M1-4
Added Pin To Net: NetName=Shunt_H_PowerModuleCell_M1 Pin=Q1_PowerModuleCell_M1-5
Added Pin To Net: NetName=Shunt_H_PowerModuleCell_M1 Pin=Q1_PowerModuleCell_M1-6
Added Pin To Net: NetName=Shunt_H_PowerModuleCell_M1 Pin=Q1_PowerModuleCell_M1-7
Added Pin To Net: NetName=Shunt_H_PowerModuleCell_M1 Pin=Q1_PowerModuleCell_M1-8
Added Pin To Net: NetName=Shunt_H_PowerModuleCell_M1 Pin=Q1_PowerModuleCell_M1-9
Added Pin To Net: NetName=Shunt_H_PowerModuleCell_M1 Pin=Q1_PowerModuleCell_M1-10
Added Pin To Net: NetName=Shunt_H_PowerModuleCell_M1 Pin=Q1_PowerModuleCell_M1-11
Added Pin To Net: NetName=NetQ1_PowerModuleCell_M1_12 Pin=Q1_PowerModuleCell_M1-12
Added Pin To Net: NetName=Load Pin=Q1_PowerModuleCell_M1-13
Added Pin To Net: NetName=Load Pin=Q1_PowerModuleCell_M1-14
Added Pin To Net: NetName=Load Pin=Q1_PowerModuleCell_M1-15
Added Pin To Net: NetName=Load Pin=Q1_PowerModuleCell_M2-1
Added Pin To Net: NetName=Load Pin=Q1_PowerModuleCell_M2-2
Added Pin To Net: NetName=Load Pin=Q1_PowerModuleCell_M2-3
Added Pin To Net: NetName=Shunt_H_PowerModuleCell_M2 Pin=Q1_PowerModuleCell_M2-4
Added Pin To Net: NetName=Shunt_H_PowerModuleCell_M2 Pin=Q1_PowerModuleCell_M2-5
Added Pin To Net: NetName=Shunt_H_PowerModuleCell_M2 Pin=Q1_PowerModuleCell_M2-6
Added Pin To Net: NetName=Shunt_H_PowerModuleCell_M2 Pin=Q1_PowerModuleCell_M2-7
Added Pin To Net: NetName=Shunt_H_PowerModuleCell_M2 Pin=Q1_PowerModuleCell_M2-8
Added Pin To Net: NetName=Shunt_H_PowerModuleCell_M2 Pin=Q1_PowerModuleCell_M2-9
Added Pin To Net: NetName=Shunt_H_PowerModuleCell_M2 Pin=Q1_PowerModuleCell_M2-10
Added Pin To Net: NetName=Shunt_H_PowerModuleCell_M2 Pin=Q1_PowerModuleCell_M2-11
Added Pin To Net: NetName=NetQ1_PowerModuleCell_M2_12 Pin=Q1_PowerModuleCell_M2-12
Added Pin To Net: NetName=Load Pin=Q1_PowerModuleCell_M2-13
Added Pin To Net: NetName=Load Pin=Q1_PowerModuleCell_M2-14
Added Pin To Net: NetName=Load Pin=Q1_PowerModuleCell_M2-15
Added Pin To Net: NetName=Load Pin=Q1_PowerModuleCell_M3-1
Added Pin To Net: NetName=Load Pin=Q1_PowerModuleCell_M3-2
Added Pin To Net: NetName=Load Pin=Q1_PowerModuleCell_M3-3
Added Pin To Net: NetName=Shunt_H_PowerModuleCell_M3 Pin=Q1_PowerModuleCell_M3-4
Added Pin To Net: NetName=Shunt_H_PowerModuleCell_M3 Pin=Q1_PowerModuleCell_M3-5
Added Pin To Net: NetName=Shunt_H_PowerModuleCell_M3 Pin=Q1_PowerModuleCell_M3-6
Added Pin To Net: NetName=Shunt_H_PowerModuleCell_M3 Pin=Q1_PowerModuleCell_M3-7
Added Pin To Net: NetName=Shunt_H_PowerModuleCell_M3 Pin=Q1_PowerModuleCell_M3-8
Added Pin To Net: NetName=Shunt_H_PowerModuleCell_M3 Pin=Q1_PowerModuleCell_M3-9
Added Pin To Net: NetName=Shunt_H_PowerModuleCell_M3 Pin=Q1_PowerModuleCell_M3-10
Added Pin To Net: NetName=Shunt_H_PowerModuleCell_M3 Pin=Q1_PowerModuleCell_M3-11
Added Pin To Net: NetName=NetQ1_PowerModuleCell_M3_12 Pin=Q1_PowerModuleCell_M3-12
Added Pin To Net: NetName=Load Pin=Q1_PowerModuleCell_M3-13
Added Pin To Net: NetName=Load Pin=Q1_PowerModuleCell_M3-14
Added Pin To Net: NetName=Load Pin=Q1_PowerModuleCell_M3-15
Added Pin To Net: NetName=Load Pin=Q1_PowerModuleCell_M4-1
Added Pin To Net: NetName=Load Pin=Q1_PowerModuleCell_M4-2
Added Pin To Net: NetName=Load Pin=Q1_PowerModuleCell_M4-3
Added Pin To Net: NetName=Shunt_H_PowerModuleCell_M4 Pin=Q1_PowerModuleCell_M4-4
Added Pin To Net: NetName=Shunt_H_PowerModuleCell_M4 Pin=Q1_PowerModuleCell_M4-5
Added Pin To Net: NetName=Shunt_H_PowerModuleCell_M4 Pin=Q1_PowerModuleCell_M4-6
Added Pin To Net: NetName=Shunt_H_PowerModuleCell_M4 Pin=Q1_PowerModuleCell_M4-7
Added Pin To Net: NetName=Shunt_H_PowerModuleCell_M4 Pin=Q1_PowerModuleCell_M4-8
Added Pin To Net: NetName=Shunt_H_PowerModuleCell_M4 Pin=Q1_PowerModuleCell_M4-9
Added Pin To Net: NetName=Shunt_H_PowerModuleCell_M4 Pin=Q1_PowerModuleCell_M4-10
Added Pin To Net: NetName=Shunt_H_PowerModuleCell_M4 Pin=Q1_PowerModuleCell_M4-11
Added Pin To Net: NetName=NetQ1_PowerModuleCell_M4_12 Pin=Q1_PowerModuleCell_M4-12
Added Pin To Net: NetName=Load Pin=Q1_PowerModuleCell_M4-13
Added Pin To Net: NetName=Load Pin=Q1_PowerModuleCell_M4-14
Added Pin To Net: NetName=Load Pin=Q1_PowerModuleCell_M4-15
Added Pin To Net: NetName=ProcessedParam_M1 Pin=R10_PowerModuleCell_M1-1
Added Pin To Net: NetName=NetR10_PowerModuleCell_M1_2 Pin=R10_PowerModuleCell_M1-2
Added Pin To Net: NetName=ProcessedParam_M2 Pin=R10_PowerModuleCell_M2-1
Added Pin To Net: NetName=NetR10_PowerModuleCell_M2_2 Pin=R10_PowerModuleCell_M2-2
Added Pin To Net: NetName=ProcessedParam_M3 Pin=R10_PowerModuleCell_M3-1
Added Pin To Net: NetName=NetR10_PowerModuleCell_M3_2 Pin=R10_PowerModuleCell_M3-2
Added Pin To Net: NetName=ProcessedParam_M4 Pin=R10_PowerModuleCell_M4-1
Added Pin To Net: NetName=NetR10_PowerModuleCell_M4_2 Pin=R10_PowerModuleCell_M4-2
Added Pin To Net: NetName=NetP19_PowerModuleCell_M1_1 Pin=R11_PowerModuleCell_M1-1
Added Pin To Net: NetName=NetQ1_PowerModuleCell_M1_12 Pin=R11_PowerModuleCell_M1-2
Added Pin To Net: NetName=NetP19_PowerModuleCell_M2_1 Pin=R11_PowerModuleCell_M2-1
Added Pin To Net: NetName=NetQ1_PowerModuleCell_M2_12 Pin=R11_PowerModuleCell_M2-2
Added Pin To Net: NetName=NetP19_PowerModuleCell_M3_1 Pin=R11_PowerModuleCell_M3-1
Added Pin To Net: NetName=NetQ1_PowerModuleCell_M3_12 Pin=R11_PowerModuleCell_M3-2
Added Pin To Net: NetName=NetP19_PowerModuleCell_M4_1 Pin=R11_PowerModuleCell_M4-1
Added Pin To Net: NetName=NetQ1_PowerModuleCell_M4_12 Pin=R11_PowerModuleCell_M4-2
Added Pin To Net: NetName=RefParam_M1 Pin=R12_PowerModuleCell_M1-1
Added Pin To Net: NetName=NetR12_PowerModuleCell_M1_2 Pin=R12_PowerModuleCell_M1-2
Added Pin To Net: NetName=RefParam_M2 Pin=R12_PowerModuleCell_M2-1
Added Pin To Net: NetName=NetR12_PowerModuleCell_M2_2 Pin=R12_PowerModuleCell_M2-2
Added Pin To Net: NetName=RefParam_M3 Pin=R12_PowerModuleCell_M3-1
Added Pin To Net: NetName=NetR12_PowerModuleCell_M3_2 Pin=R12_PowerModuleCell_M3-2
Added Pin To Net: NetName=RefParam_M4 Pin=R12_PowerModuleCell_M4-1
Added Pin To Net: NetName=NetR12_PowerModuleCell_M4_2 Pin=R12_PowerModuleCell_M4-2
Added Pin To Net: NetName=Shunt_H_PowerModuleCell_M1 Pin=R13_PowerModuleCell_M1-1
Added Pin To Net: NetName=Shunt_L_PowerModuleCell_M1 Pin=R13_PowerModuleCell_M1-2
Added Pin To Net: NetName=Shunt_H_PowerModuleCell_M2 Pin=R13_PowerModuleCell_M2-1
Added Pin To Net: NetName=Shunt_L_PowerModuleCell_M1 Pin=R13_PowerModuleCell_M2-2
Added Pin To Net: NetName=Shunt_H_PowerModuleCell_M3 Pin=R13_PowerModuleCell_M3-1
Added Pin To Net: NetName=Shunt_L_PowerModuleCell_M1 Pin=R13_PowerModuleCell_M3-2
Added Pin To Net: NetName=Shunt_H_PowerModuleCell_M4 Pin=R13_PowerModuleCell_M4-1
Added Pin To Net: NetName=Shunt_L_PowerModuleCell_M1 Pin=R13_PowerModuleCell_M4-2
Added Pin To Net: NetName=NetR14_PowerModuleCell_M1_1 Pin=R14_PowerModuleCell_M1-1
Added Pin To Net: NetName=NetR14_PowerModuleCell_M1_2 Pin=R14_PowerModuleCell_M1-2
Added Pin To Net: NetName=NetR14_PowerModuleCell_M2_1 Pin=R14_PowerModuleCell_M2-1
Added Pin To Net: NetName=NetR14_PowerModuleCell_M2_2 Pin=R14_PowerModuleCell_M2-2
Added Pin To Net: NetName=NetR14_PowerModuleCell_M3_1 Pin=R14_PowerModuleCell_M3-1
Added Pin To Net: NetName=NetR14_PowerModuleCell_M3_2 Pin=R14_PowerModuleCell_M3-2
Added Pin To Net: NetName=NetR14_PowerModuleCell_M4_1 Pin=R14_PowerModuleCell_M4-1
Added Pin To Net: NetName=NetR14_PowerModuleCell_M4_2 Pin=R14_PowerModuleCell_M4-2
Added Pin To Net: NetName=NetR14_PowerModuleCell_M1_1 Pin=R15_PowerModuleCell_M1-1
Added Pin To Net: NetName=NetR15_PowerModuleCell_M1_2 Pin=R15_PowerModuleCell_M1-2
Added Pin To Net: NetName=NetR14_PowerModuleCell_M2_1 Pin=R15_PowerModuleCell_M2-1
Added Pin To Net: NetName=NetR15_PowerModuleCell_M2_2 Pin=R15_PowerModuleCell_M2-2
Added Pin To Net: NetName=NetR14_PowerModuleCell_M3_1 Pin=R15_PowerModuleCell_M3-1
Added Pin To Net: NetName=NetR15_PowerModuleCell_M3_2 Pin=R15_PowerModuleCell_M3-2
Added Pin To Net: NetName=NetR14_PowerModuleCell_M4_1 Pin=R15_PowerModuleCell_M4-1
Added Pin To Net: NetName=NetR15_PowerModuleCell_M4_2 Pin=R15_PowerModuleCell_M4-2
Added Pin To Net: NetName=NetR16_PowerModuleCell_M1_1 Pin=R16_PowerModuleCell_M1-1
Added Pin To Net: NetName=NetR14_PowerModuleCell_M1_2 Pin=R16_PowerModuleCell_M1-2
Added Pin To Net: NetName=NetR16_PowerModuleCell_M2_1 Pin=R16_PowerModuleCell_M2-1
Added Pin To Net: NetName=NetR14_PowerModuleCell_M2_2 Pin=R16_PowerModuleCell_M2-2
Added Pin To Net: NetName=NetR16_PowerModuleCell_M3_1 Pin=R16_PowerModuleCell_M3-1
Added Pin To Net: NetName=NetR14_PowerModuleCell_M3_2 Pin=R16_PowerModuleCell_M3-2
Added Pin To Net: NetName=NetR16_PowerModuleCell_M4_1 Pin=R16_PowerModuleCell_M4-1
Added Pin To Net: NetName=NetR14_PowerModuleCell_M4_2 Pin=R16_PowerModuleCell_M4-2
Added Pin To Net: NetName=NetR17_PowerModuleCell_M1_1 Pin=R17_PowerModuleCell_M1-1
Added Pin To Net: NetName=NetR16_PowerModuleCell_M1_1 Pin=R17_PowerModuleCell_M1-2
Added Pin To Net: NetName=NetR17_PowerModuleCell_M2_1 Pin=R17_PowerModuleCell_M2-1
Added Pin To Net: NetName=NetR16_PowerModuleCell_M2_1 Pin=R17_PowerModuleCell_M2-2
Added Pin To Net: NetName=NetR17_PowerModuleCell_M3_1 Pin=R17_PowerModuleCell_M3-1
Added Pin To Net: NetName=NetR16_PowerModuleCell_M3_1 Pin=R17_PowerModuleCell_M3-2
Added Pin To Net: NetName=NetR17_PowerModuleCell_M4_1 Pin=R17_PowerModuleCell_M4-1
Added Pin To Net: NetName=NetR16_PowerModuleCell_M4_1 Pin=R17_PowerModuleCell_M4-2
Added Pin To Net: NetName=NetR15_PowerModuleCell_M1_2 Pin=R18_PowerModuleCell_M1-1
Added Pin To Net: NetName=CurrentSignal_M1 Pin=R18_PowerModuleCell_M1-2
Added Pin To Net: NetName=NetR15_PowerModuleCell_M2_2 Pin=R18_PowerModuleCell_M2-1
Added Pin To Net: NetName=CurrentSignal_M2 Pin=R18_PowerModuleCell_M2-2
Added Pin To Net: NetName=NetR15_PowerModuleCell_M3_2 Pin=R18_PowerModuleCell_M3-1
Added Pin To Net: NetName=CurrentSignal_M3 Pin=R18_PowerModuleCell_M3-2
Added Pin To Net: NetName=NetR15_PowerModuleCell_M4_2 Pin=R18_PowerModuleCell_M4-1
Added Pin To Net: NetName=CurrentSignal_M4 Pin=R18_PowerModuleCell_M4-2
Added Pin To Net: NetName=NetR19_PowerModuleCell_M1_1 Pin=R19_PowerModuleCell_M1-1
Added Pin To Net: NetName=NetR17_PowerModuleCell_M1_1 Pin=R19_PowerModuleCell_M1-2
Added Pin To Net: NetName=NetR19_PowerModuleCell_M2_1 Pin=R19_PowerModuleCell_M2-1
Added Pin To Net: NetName=NetR17_PowerModuleCell_M2_1 Pin=R19_PowerModuleCell_M2-2
Added Pin To Net: NetName=NetR19_PowerModuleCell_M3_1 Pin=R19_PowerModuleCell_M3-1
Added Pin To Net: NetName=NetR17_PowerModuleCell_M3_1 Pin=R19_PowerModuleCell_M3-2
Added Pin To Net: NetName=NetR19_PowerModuleCell_M4_1 Pin=R19_PowerModuleCell_M4-1
Added Pin To Net: NetName=NetR17_PowerModuleCell_M4_1 Pin=R19_PowerModuleCell_M4-2
Added Pin To Net: NetName=NetR20_PowerModuleCell_M1_1 Pin=R20_PowerModuleCell_M1-1
Added Pin To Net: NetName=NetR19_PowerModuleCell_M1_1 Pin=R20_PowerModuleCell_M1-2
Added Pin To Net: NetName=NetR20_PowerModuleCell_M2_1 Pin=R20_PowerModuleCell_M2-1
Added Pin To Net: NetName=NetR19_PowerModuleCell_M2_1 Pin=R20_PowerModuleCell_M2-2
Added Pin To Net: NetName=NetR20_PowerModuleCell_M3_1 Pin=R20_PowerModuleCell_M3-1
Added Pin To Net: NetName=NetR19_PowerModuleCell_M3_1 Pin=R20_PowerModuleCell_M3-2
Added Pin To Net: NetName=NetR20_PowerModuleCell_M4_1 Pin=R20_PowerModuleCell_M4-1
Added Pin To Net: NetName=NetR19_PowerModuleCell_M4_1 Pin=R20_PowerModuleCell_M4-2
Added Pin To Net: NetName=NetR20_PowerModuleCell_M1_1 Pin=R21_PowerModuleCell_M1-1
Added Pin To Net: NetName=Shunt_L_PowerModuleCell_M1 Pin=R21_PowerModuleCell_M1-2
Added Pin To Net: NetName=NetR20_PowerModuleCell_M2_1 Pin=R21_PowerModuleCell_M2-1
Added Pin To Net: NetName=Shunt_L_PowerModuleCell_M1 Pin=R21_PowerModuleCell_M2-2
Added Pin To Net: NetName=NetR20_PowerModuleCell_M3_1 Pin=R21_PowerModuleCell_M3-1
Added Pin To Net: NetName=Shunt_L_PowerModuleCell_M1 Pin=R21_PowerModuleCell_M3-2
Added Pin To Net: NetName=NetR20_PowerModuleCell_M4_1 Pin=R21_PowerModuleCell_M4-1
Added Pin To Net: NetName=Shunt_L_PowerModuleCell_M1 Pin=R21_PowerModuleCell_M4-2
Added Pin To Net: NetName=Alert_M1 Pin=R22_PowerModuleCell_M1-1
Added Pin To Net: NetName=Vcc Pin=R22_PowerModuleCell_M1-2
Added Pin To Net: NetName=Alert_M2 Pin=R22_PowerModuleCell_M2-1
Added Pin To Net: NetName=Vcc Pin=R22_PowerModuleCell_M2-2
Added Pin To Net: NetName=Alert_M3 Pin=R22_PowerModuleCell_M3-1
Added Pin To Net: NetName=Vcc Pin=R22_PowerModuleCell_M3-2
Added Pin To Net: NetName=Alert_M4 Pin=R22_PowerModuleCell_M4-1
Added Pin To Net: NetName=Vcc Pin=R22_PowerModuleCell_M4-2
Added Pin To Net: NetName=NetD1_PowerModuleCell_M1_2 Pin=R27_PowerModuleCell_M1-1
Added Pin To Net: NetName=Vcc Pin=R27_PowerModuleCell_M1-2
Added Pin To Net: NetName=NetD1_PowerModuleCell_M2_2 Pin=R27_PowerModuleCell_M2-1
Added Pin To Net: NetName=Vcc Pin=R27_PowerModuleCell_M2-2
Added Pin To Net: NetName=NetD1_PowerModuleCell_M3_2 Pin=R27_PowerModuleCell_M3-1
Added Pin To Net: NetName=Vcc Pin=R27_PowerModuleCell_M3-2
Added Pin To Net: NetName=NetD1_PowerModuleCell_M4_2 Pin=R27_PowerModuleCell_M4-1
Added Pin To Net: NetName=Vcc Pin=R27_PowerModuleCell_M4-2
Added Pin To Net: NetName=NetR15_PowerModuleCell_M1_2 Pin=U1_PowerModuleCell_M1-1
Added Pin To Net: NetName=NetR14_PowerModuleCell_M1_1 Pin=U1_PowerModuleCell_M1-2
Added Pin To Net: NetName=NetR20_PowerModuleCell_M1_1 Pin=U1_PowerModuleCell_M1-3
Added Pin To Net: NetName=Vcc_F Pin=U1_PowerModuleCell_M1-4
Added Pin To Net: NetName=NetR12_PowerModuleCell_M1_2 Pin=U1_PowerModuleCell_M1-5
Added Pin To Net: NetName=NetR10_PowerModuleCell_M1_2 Pin=U1_PowerModuleCell_M1-6
Added Pin To Net: NetName=NetP19_PowerModuleCell_M1_1 Pin=U1_PowerModuleCell_M1-7
Added Pin To Net: NetName=NetR19_PowerModuleCell_M1_1 Pin=U1_PowerModuleCell_M1-8
Added Pin To Net: NetName=NetR17_PowerModuleCell_M1_1 Pin=U1_PowerModuleCell_M1-9
Added Pin To Net: NetName=Shunt_H_PowerModuleCell_M1 Pin=U1_PowerModuleCell_M1-10
Added Pin To Net: NetName=Shunt_L_PowerModuleCell_M1 Pin=U1_PowerModuleCell_M1-11
Added Pin To Net: NetName=Shunt_L_PowerModuleCell_M1 Pin=U1_PowerModuleCell_M1-12
Added Pin To Net: NetName=NetR16_PowerModuleCell_M1_1 Pin=U1_PowerModuleCell_M1-13
Added Pin To Net: NetName=NetR14_PowerModuleCell_M1_2 Pin=U1_PowerModuleCell_M1-14
Added Pin To Net: NetName=NetR15_PowerModuleCell_M2_2 Pin=U1_PowerModuleCell_M2-1
Added Pin To Net: NetName=NetR14_PowerModuleCell_M2_1 Pin=U1_PowerModuleCell_M2-2
Added Pin To Net: NetName=NetR20_PowerModuleCell_M2_1 Pin=U1_PowerModuleCell_M2-3
Added Pin To Net: NetName=Vcc_F Pin=U1_PowerModuleCell_M2-4
Added Pin To Net: NetName=NetR12_PowerModuleCell_M2_2 Pin=U1_PowerModuleCell_M2-5
Added Pin To Net: NetName=NetR10_PowerModuleCell_M2_2 Pin=U1_PowerModuleCell_M2-6
Added Pin To Net: NetName=NetP19_PowerModuleCell_M2_1 Pin=U1_PowerModuleCell_M2-7
Added Pin To Net: NetName=NetR19_PowerModuleCell_M2_1 Pin=U1_PowerModuleCell_M2-8
Added Pin To Net: NetName=NetR17_PowerModuleCell_M2_1 Pin=U1_PowerModuleCell_M2-9
Added Pin To Net: NetName=Shunt_H_PowerModuleCell_M2 Pin=U1_PowerModuleCell_M2-10
Added Pin To Net: NetName=Shunt_L_PowerModuleCell_M1 Pin=U1_PowerModuleCell_M2-11
Added Pin To Net: NetName=Shunt_L_PowerModuleCell_M1 Pin=U1_PowerModuleCell_M2-12
Added Pin To Net: NetName=NetR16_PowerModuleCell_M2_1 Pin=U1_PowerModuleCell_M2-13
Added Pin To Net: NetName=NetR14_PowerModuleCell_M2_2 Pin=U1_PowerModuleCell_M2-14
Added Pin To Net: NetName=NetR15_PowerModuleCell_M3_2 Pin=U1_PowerModuleCell_M3-1
Added Pin To Net: NetName=NetR14_PowerModuleCell_M3_1 Pin=U1_PowerModuleCell_M3-2
Added Pin To Net: NetName=NetR20_PowerModuleCell_M3_1 Pin=U1_PowerModuleCell_M3-3
Added Pin To Net: NetName=Vcc_F Pin=U1_PowerModuleCell_M3-4
Added Pin To Net: NetName=NetR12_PowerModuleCell_M3_2 Pin=U1_PowerModuleCell_M3-5
Added Pin To Net: NetName=NetR10_PowerModuleCell_M3_2 Pin=U1_PowerModuleCell_M3-6
Added Pin To Net: NetName=NetP19_PowerModuleCell_M3_1 Pin=U1_PowerModuleCell_M3-7
Added Pin To Net: NetName=NetR19_PowerModuleCell_M3_1 Pin=U1_PowerModuleCell_M3-8
Added Pin To Net: NetName=NetR17_PowerModuleCell_M3_1 Pin=U1_PowerModuleCell_M3-9
Added Pin To Net: NetName=Shunt_H_PowerModuleCell_M3 Pin=U1_PowerModuleCell_M3-10
Added Pin To Net: NetName=Shunt_L_PowerModuleCell_M1 Pin=U1_PowerModuleCell_M3-11
Added Pin To Net: NetName=Shunt_L_PowerModuleCell_M1 Pin=U1_PowerModuleCell_M3-12
Added Pin To Net: NetName=NetR16_PowerModuleCell_M3_1 Pin=U1_PowerModuleCell_M3-13
Added Pin To Net: NetName=NetR14_PowerModuleCell_M3_2 Pin=U1_PowerModuleCell_M3-14
Added Pin To Net: NetName=NetR15_PowerModuleCell_M4_2 Pin=U1_PowerModuleCell_M4-1
Added Pin To Net: NetName=NetR14_PowerModuleCell_M4_1 Pin=U1_PowerModuleCell_M4-2
Added Pin To Net: NetName=NetR20_PowerModuleCell_M4_1 Pin=U1_PowerModuleCell_M4-3
Added Pin To Net: NetName=Vcc_F Pin=U1_PowerModuleCell_M4-4
Added Pin To Net: NetName=NetR12_PowerModuleCell_M4_2 Pin=U1_PowerModuleCell_M4-5
Added Pin To Net: NetName=NetR10_PowerModuleCell_M4_2 Pin=U1_PowerModuleCell_M4-6
Added Pin To Net: NetName=NetP19_PowerModuleCell_M4_1 Pin=U1_PowerModuleCell_M4-7
Added Pin To Net: NetName=NetR19_PowerModuleCell_M4_1 Pin=U1_PowerModuleCell_M4-8
Added Pin To Net: NetName=NetR17_PowerModuleCell_M4_1 Pin=U1_PowerModuleCell_M4-9
Added Pin To Net: NetName=Shunt_H_PowerModuleCell_M4 Pin=U1_PowerModuleCell_M4-10
Added Pin To Net: NetName=Shunt_L_PowerModuleCell_M1 Pin=U1_PowerModuleCell_M4-11
Added Pin To Net: NetName=Shunt_L_PowerModuleCell_M1 Pin=U1_PowerModuleCell_M4-12
Added Pin To Net: NetName=NetR16_PowerModuleCell_M4_1 Pin=U1_PowerModuleCell_M4-13
Added Pin To Net: NetName=NetR14_PowerModuleCell_M4_2 Pin=U1_PowerModuleCell_M4-14
Added Pin To Net: NetName=I2C2_SDA Pin=U3_PowerModuleCell_M1-A1
Added Pin To Net: NetName=I2C2_SCL Pin=U3_PowerModuleCell_M1-A2
Added Pin To Net: NetName=Vcc Pin=U3_PowerModuleCell_M1-B1
Added Pin To Net: NetName=Shunt_L_PowerModuleCell_M1 Pin=U3_PowerModuleCell_M1-B2
Added Pin To Net: NetName=Shunt_L_PowerModuleCell_M1 Pin=U3_PowerModuleCell_M1-C1
Added Pin To Net: NetName=Alert_M1 Pin=U3_PowerModuleCell_M1-C2
Added Pin To Net: NetName=I2C2_SDA Pin=U3_PowerModuleCell_M2-A1
Added Pin To Net: NetName=I2C2_SCL Pin=U3_PowerModuleCell_M2-A2
Added Pin To Net: NetName=Vcc Pin=U3_PowerModuleCell_M2-B1
Added Pin To Net: NetName=Shunt_L_PowerModuleCell_M1 Pin=U3_PowerModuleCell_M2-B2
Added Pin To Net: NetName=Vcc Pin=U3_PowerModuleCell_M2-C1
Added Pin To Net: NetName=Alert_M2 Pin=U3_PowerModuleCell_M2-C2
Added Pin To Net: NetName=I2C2_SDA Pin=U3_PowerModuleCell_M3-A1
Added Pin To Net: NetName=I2C2_SCL Pin=U3_PowerModuleCell_M3-A2
Added Pin To Net: NetName=Vcc Pin=U3_PowerModuleCell_M3-B1
Added Pin To Net: NetName=Shunt_L_PowerModuleCell_M1 Pin=U3_PowerModuleCell_M3-B2
Added Pin To Net: NetName=I2C2_SDA Pin=U3_PowerModuleCell_M3-C1
Added Pin To Net: NetName=Alert_M3 Pin=U3_PowerModuleCell_M3-C2
Added Pin To Net: NetName=I2C2_SDA Pin=U3_PowerModuleCell_M4-A1
Added Pin To Net: NetName=I2C2_SCL Pin=U3_PowerModuleCell_M4-A2
Added Pin To Net: NetName=Vcc Pin=U3_PowerModuleCell_M4-B1
Added Pin To Net: NetName=Shunt_L_PowerModuleCell_M1 Pin=U3_PowerModuleCell_M4-B2
Added Pin To Net: NetName=I2C2_SCL Pin=U3_PowerModuleCell_M4-C1
Added Pin To Net: NetName=Alert_M4 Pin=U3_PowerModuleCell_M4-C2
Added Member To Class: ClassName=PowerModuleCell_M1 Member=Component D1_PowerModuleCell_M1 (D1) 150060RS75000
Added Member To Class: ClassName=PowerModuleCell_M2 Member=Component D1_PowerModuleCell_M2 (D1) 150060RS75000
Added Member To Class: ClassName=PowerModuleCell_M3 Member=Component D1_PowerModuleCell_M3 (D1) 150060RS75000
Added Member To Class: ClassName=PowerModuleCell_M4 Member=Component D1_PowerModuleCell_M4 (D1) 150060RS75000
Added Member To Class: ClassName=PowerModule Member=Component J4 43045-0400
Added Member To Class: ClassName=PowerModuleCell_M1 Member=Component P18_PowerModuleCell_M1 (P18) 61300111121
Added Member To Class: ClassName=PowerModuleCell_M2 Member=Component P18_PowerModuleCell_M2 (P18) 61300111121
Added Member To Class: ClassName=PowerModuleCell_M3 Member=Component P18_PowerModuleCell_M3 (P18) 61300111121
Added Member To Class: ClassName=PowerModuleCell_M4 Member=Component P18_PowerModuleCell_M4 (P18) 61300111121
Added Member To Class: ClassName=PowerModuleCell_M1 Member=Component P19_PowerModuleCell_M1 (P19) 61300111121
Added Member To Class: ClassName=PowerModuleCell_M2 Member=Component P19_PowerModuleCell_M2 (P19) 61300111121
Added Member To Class: ClassName=PowerModuleCell_M3 Member=Component P19_PowerModuleCell_M3 (P19) 61300111121
Added Member To Class: ClassName=PowerModuleCell_M4 Member=Component P19_PowerModuleCell_M4 (P19) 61300111121
Added Member To Class: ClassName=PowerModuleCell_M1 Member=Component P20_PowerModuleCell_M1 (P20) 61300111121
Added Member To Class: ClassName=PowerModuleCell_M2 Member=Component P20_PowerModuleCell_M2 (P20) 61300111121
Added Member To Class: ClassName=PowerModuleCell_M3 Member=Component P20_PowerModuleCell_M3 (P20) 61300111121
Added Member To Class: ClassName=PowerModuleCell_M4 Member=Component P20_PowerModuleCell_M4 (P20) 61300111121
Added Member To Class: ClassName=PowerModuleCell_M1 Member=Component P21_PowerModuleCell_M1 (P21) 61300111121
Added Member To Class: ClassName=PowerModuleCell_M2 Member=Component P21_PowerModuleCell_M2 (P21) 61300111121
Added Member To Class: ClassName=PowerModuleCell_M3 Member=Component P21_PowerModuleCell_M3 (P21) 61300111121
Added Member To Class: ClassName=PowerModuleCell_M4 Member=Component P21_PowerModuleCell_M4 (P21) 61300111121
Added Member To Class: ClassName=PowerModuleCell_M1 Member=Component Q1_PowerModuleCell_M1 (Q1) IRF7779L2TRPBF
Added Member To Class: ClassName=PowerModuleCell_M2 Member=Component Q1_PowerModuleCell_M2 (Q1) IRF7779L2TRPBF
Added Member To Class: ClassName=PowerModuleCell_M3 Member=Component Q1_PowerModuleCell_M3 (Q1) IRF7779L2TRPBF
Added Member To Class: ClassName=PowerModuleCell_M4 Member=Component Q1_PowerModuleCell_M4 (Q1) IRF7779L2TRPBF
Added Member To Class: ClassName=PowerModuleCell_M1 Member=Component R10_PowerModuleCell_M1 (R10) 1K 1%, 0402
Added Member To Class: ClassName=PowerModuleCell_M2 Member=Component R10_PowerModuleCell_M2 (R10) 1K 1%, 0402
Added Member To Class: ClassName=PowerModuleCell_M3 Member=Component R10_PowerModuleCell_M3 (R10) 1K 1%, 0402
Added Member To Class: ClassName=PowerModuleCell_M4 Member=Component R10_PowerModuleCell_M4 (R10) 1K 1%, 0402
Added Member To Class: ClassName=PowerModuleCell_M1 Member=Component R11_PowerModuleCell_M1 (R11) 1K 1%, 0402
Added Member To Class: ClassName=PowerModuleCell_M2 Member=Component R11_PowerModuleCell_M2 (R11) 1K 1%, 0402
Added Member To Class: ClassName=PowerModuleCell_M3 Member=Component R11_PowerModuleCell_M3 (R11) 1K 1%, 0402
Added Member To Class: ClassName=PowerModuleCell_M4 Member=Component R11_PowerModuleCell_M4 (R11) 1K 1%, 0402
Added Member To Class: ClassName=PowerModuleCell_M1 Member=Component R12_PowerModuleCell_M1 (R12) 1K 1%, 0402
Added Member To Class: ClassName=PowerModuleCell_M2 Member=Component R12_PowerModuleCell_M2 (R12) 1K 1%, 0402
Added Member To Class: ClassName=PowerModuleCell_M3 Member=Component R12_PowerModuleCell_M3 (R12) 1K 1%, 0402
Added Member To Class: ClassName=PowerModuleCell_M4 Member=Component R12_PowerModuleCell_M4 (R12) 1K 1%, 0402
Added Member To Class: ClassName=PowerModuleCell_M1 Member=Component R13_PowerModuleCell_M1 (R13) 10m 1%, 2818
Added Member To Class: ClassName=PowerModuleCell_M2 Member=Component R13_PowerModuleCell_M2 (R13) 10m 1%, 2818
Added Member To Class: ClassName=PowerModuleCell_M3 Member=Component R13_PowerModuleCell_M3 (R13) 10m 1%, 2818
Added Member To Class: ClassName=PowerModuleCell_M4 Member=Component R13_PowerModuleCell_M4 (R13) 10m 1%, 2818
Added Member To Class: ClassName=PowerModuleCell_M1 Member=Component R14_PowerModuleCell_M1 (R14) 300 1%, 0402
Added Member To Class: ClassName=PowerModuleCell_M2 Member=Component R14_PowerModuleCell_M2 (R14) 300 1%, 0402
Added Member To Class: ClassName=PowerModuleCell_M3 Member=Component R14_PowerModuleCell_M3 (R14) 300 1%, 0402
Added Member To Class: ClassName=PowerModuleCell_M4 Member=Component R14_PowerModuleCell_M4 (R14) 300 1%, 0402
Added Member To Class: ClassName=PowerModuleCell_M1 Member=Component R15_PowerModuleCell_M1 (R15) 1K 1%, 0402
Added Member To Class: ClassName=PowerModuleCell_M2 Member=Component R15_PowerModuleCell_M2 (R15) 1K 1%, 0402
Added Member To Class: ClassName=PowerModuleCell_M3 Member=Component R15_PowerModuleCell_M3 (R15) 1K 1%, 0402
Added Member To Class: ClassName=PowerModuleCell_M4 Member=Component R15_PowerModuleCell_M4 (R15) 1K 1%, 0402
Added Member To Class: ClassName=PowerModuleCell_M1 Member=Component R16_PowerModuleCell_M1 (R16) 100 1%, 0402
Added Member To Class: ClassName=PowerModuleCell_M2 Member=Component R16_PowerModuleCell_M2 (R16) 100 1%, 0402
Added Member To Class: ClassName=PowerModuleCell_M3 Member=Component R16_PowerModuleCell_M3 (R16) 100 1%, 0402
Added Member To Class: ClassName=PowerModuleCell_M4 Member=Component R16_PowerModuleCell_M4 (R16) 100 1%, 0402
Added Member To Class: ClassName=PowerModuleCell_M1 Member=Component R17_PowerModuleCell_M1 (R17) 100 1%, 0402
Added Member To Class: ClassName=PowerModuleCell_M2 Member=Component R17_PowerModuleCell_M2 (R17) 100 1%, 0402
Added Member To Class: ClassName=PowerModuleCell_M3 Member=Component R17_PowerModuleCell_M3 (R17) 100 1%, 0402
Added Member To Class: ClassName=PowerModuleCell_M4 Member=Component R17_PowerModuleCell_M4 (R17) 100 1%, 0402
Added Member To Class: ClassName=PowerModuleCell_M1 Member=Component R18_PowerModuleCell_M1 (R18) 1K 1%, 0402
Added Member To Class: ClassName=PowerModuleCell_M2 Member=Component R18_PowerModuleCell_M2 (R18) 1K 1%, 0402
Added Member To Class: ClassName=PowerModuleCell_M3 Member=Component R18_PowerModuleCell_M3 (R18) 1K 1%, 0402
Added Member To Class: ClassName=PowerModuleCell_M4 Member=Component R18_PowerModuleCell_M4 (R18) 1K 1%, 0402
Added Member To Class: ClassName=PowerModuleCell_M1 Member=Component R19_PowerModuleCell_M1 (R19) 100 1%, 0402
Added Member To Class: ClassName=PowerModuleCell_M2 Member=Component R19_PowerModuleCell_M2 (R19) 100 1%, 0402
Added Member To Class: ClassName=PowerModuleCell_M3 Member=Component R19_PowerModuleCell_M3 (R19) 100 1%, 0402
Added Member To Class: ClassName=PowerModuleCell_M4 Member=Component R19_PowerModuleCell_M4 (R19) 100 1%, 0402
Added Member To Class: ClassName=PowerModuleCell_M1 Member=Component R20_PowerModuleCell_M1 (R20) 300 1%, 0402
Added Member To Class: ClassName=PowerModuleCell_M2 Member=Component R20_PowerModuleCell_M2 (R20) 300 1%, 0402
Added Member To Class: ClassName=PowerModuleCell_M3 Member=Component R20_PowerModuleCell_M3 (R20) 300 1%, 0402
Added Member To Class: ClassName=PowerModuleCell_M4 Member=Component R20_PowerModuleCell_M4 (R20) 300 1%, 0402
Added Member To Class: ClassName=PowerModuleCell_M1 Member=Component R21_PowerModuleCell_M1 (R21) 1K 1%, 0402
Added Member To Class: ClassName=PowerModuleCell_M2 Member=Component R21_PowerModuleCell_M2 (R21) 1K 1%, 0402
Added Member To Class: ClassName=PowerModuleCell_M3 Member=Component R21_PowerModuleCell_M3 (R21) 1K 1%, 0402
Added Member To Class: ClassName=PowerModuleCell_M4 Member=Component R21_PowerModuleCell_M4 (R21) 1K 1%, 0402
Added Member To Class: ClassName=PowerModuleCell_M1 Member=Component R22_PowerModuleCell_M1 (R22) 4K7 1%, 0402
Added Member To Class: ClassName=PowerModuleCell_M2 Member=Component R22_PowerModuleCell_M2 (R22) 4K7 1%, 0402
Added Member To Class: ClassName=PowerModuleCell_M3 Member=Component R22_PowerModuleCell_M3 (R22) 4K7 1%, 0402
Added Member To Class: ClassName=PowerModuleCell_M4 Member=Component R22_PowerModuleCell_M4 (R22) 4K7 1%, 0402
Added Member To Class: ClassName=PowerModuleCell_M1 Member=Component R27_PowerModuleCell_M1 (R27) 47 1%, 0402
Added Member To Class: ClassName=PowerModuleCell_M2 Member=Component R27_PowerModuleCell_M2 (R27) 47 1%, 0402
Added Member To Class: ClassName=PowerModuleCell_M3 Member=Component R27_PowerModuleCell_M3 (R27) 47 1%, 0402
Added Member To Class: ClassName=PowerModuleCell_M4 Member=Component R27_PowerModuleCell_M4 (R27) 47 1%, 0402
Added Member To Class: ClassName=PowerModuleCell_M1 Member=Component U1_PowerModuleCell_M1 (U1A) LM324DR2G
Added Member To Class: ClassName=PowerModuleCell_M2 Member=Component U1_PowerModuleCell_M2 (U1A) LM324DR2G
Added Member To Class: ClassName=PowerModuleCell_M3 Member=Component U1_PowerModuleCell_M3 (U1A) LM324DR2G
Added Member To Class: ClassName=PowerModuleCell_M4 Member=Component U1_PowerModuleCell_M4 (U1A) LM324DR2G
Added Member To Class: ClassName=PowerModuleCell_M1 Member=Component U3_PowerModuleCell_M1 (U3) TMP117MAIYBGR
Added Member To Class: ClassName=PowerModuleCell_M2 Member=Component U3_PowerModuleCell_M2 (U3) TMP117MAIYBGR
Added Member To Class: ClassName=PowerModuleCell_M3 Member=Component U3_PowerModuleCell_M3 (U3) TMP117MAIYBGR
Added Member To Class: ClassName=PowerModuleCell_M4 Member=Component U3_PowerModuleCell_M4 (U3) TMP117MAIYBGR
