Change Component Designator: OldDesignator=C15_PowerModuleCell_M1 NewDesignator=C16_PowerModuleCell_M1
Change Component Designator: OldDesignator=C15_PowerModuleCell_M2 NewDesignator=C16_PowerModuleCell_M2
Change Component Designator: OldDesignator=C15_PowerModuleCell_M3 NewDesignator=C16_PowerModuleCell_M3
Change Component Designator: OldDesignator=C15_PowerModuleCell_M4 NewDesignator=C16_PowerModuleCell_M4
Change Component Designator: OldDesignator=C16_PowerModuleCell_M1 NewDesignator=C17_PowerModuleCell_M1
Change Component Designator: OldDesignator=C16_PowerModuleCell_M2 NewDesignator=C17_PowerModuleCell_M2
Change Component Designator: OldDesignator=C16_PowerModuleCell_M3 NewDesignator=C17_PowerModuleCell_M3
Change Component Designator: OldDesignator=C16_PowerModuleCell_M4 NewDesignator=C17_PowerModuleCell_M4
Change Component Designator: OldDesignator=C17 NewDesignator=C18
Change Component Designator: OldDesignator=C18 NewDesignator=C19
Change Component Designator: OldDesignator=C19 NewDesignator=C20
Change Component Designator: OldDesignator=C20 NewDesignator=C21
Change Component Designator: OldDesignator=C21 NewDesignator=C22
Change Component Designator: OldDesignator=C22 NewDesignator=C23
Change Component Designator: OldDesignator=C23 NewDesignator=C24
Change Component Designator: OldDesignator=C24 NewDesignator=C25
Change Component Designator: OldDesignator=C25 NewDesignator=C26
Change Component Designator: OldDesignator=C26 NewDesignator=C27
Change Component Designator: OldDesignator=C27 NewDesignator=C28
Change Component Designator: OldDesignator=C28_Amplifier_K-51 NewDesignator=C29_Amplifier_K-51
Change Component Designator: OldDesignator=C28_Amplifier_K-52 NewDesignator=C29_Amplifier_K-52
Change Component Designator: OldDesignator=C29_Amplifier_K-51 NewDesignator=C30_Amplifier_K-51
Change Component Designator: OldDesignator=C29_Amplifier_K-52 NewDesignator=C30_Amplifier_K-52
Change Component Designator: OldDesignator=C30_Amplifier_K-51 NewDesignator=C31_Amplifier_K-51
Change Component Designator: OldDesignator=C30_Amplifier_K-52 NewDesignator=C31_Amplifier_K-52
Change Component Designator: OldDesignator=C31_Amplifier_K-51 NewDesignator=C32_Amplifier_K-51
Change Component Designator: OldDesignator=C31_Amplifier_K-52 NewDesignator=C32_Amplifier_K-52
Change Component Designator: OldDesignator=C32_Amplifier_K-51 NewDesignator=C33_Amplifier_K-51
Change Component Designator: OldDesignator=C32_Amplifier_K-52 NewDesignator=C33_Amplifier_K-52
Change Component Designator: OldDesignator=C33_Amplifier_K-51 NewDesignator=C34_Amplifier_K-51
Change Component Designator: OldDesignator=C33_Amplifier_K-52 NewDesignator=C34_Amplifier_K-52
Change Component Designator: OldDesignator=C34_Amplifier_K-51 NewDesignator=C35_Amplifier_K-51
Change Component Designator: OldDesignator=C34_Amplifier_K-52 NewDesignator=C35_Amplifier_K-52
Change Component Designator: OldDesignator=C35_Amplifier_K-51 NewDesignator=C36_Amplifier_K-51
Change Component Designator: OldDesignator=C35_Amplifier_K-52 NewDesignator=C36_Amplifier_K-52
Change Component Designator: OldDesignator=C36_Amplifier_K-51 NewDesignator=C37_Amplifier_K-51
Change Component Designator: OldDesignator=C36_Amplifier_K-52 NewDesignator=C37_Amplifier_K-52
Change Component Designator: OldDesignator=C37 NewDesignator=C38
Change Component Designator: OldDesignator=C38 NewDesignator=C39
Added Component: Designator=C15_PowerModuleCell_M1(CAPC2012X88N)
Add component (AddParameter): Name = "Arrow Part Number"; Value = "C0805C104M5RAC"; VariantName = "[No Variations]"
Add component (AddParameter): Name = "Arrow Price/Stock"; Value = "https://www.arrow.com/en/products/c0805c104m5rac/kemet-corporation?utm_currency=USD&region=nac"; VariantName = "[No Variations]"
Add component (AddParameter): Name = "Datasheet Link"; Value = "https://connect.kemet.com:7667/gateway/IntelliData-ComponentDocumentation/1.0/download/specsheet/C0805C104M5RAC%7bBULK%7d"; VariantName = "[No Variations]"
Add component (AddParameter): Name = "Height"; Value = "0.88mm"; VariantName = "[No Variations]"
Add component (AddParameter): Name = "Manufacturer_Name"; Value = "KEMET"; VariantName = "[No Variations]"
Add component (AddParameter): Name = "Manufacturer_Part_Number"; Value = "C0805C104M5RAC"; VariantName = "[No Variations]"
Add component (AddParameter): Name = "Mouser Part Number"; Value = "80-C0805C104M5RAC"; VariantName = "[No Variations]"
Add component (AddParameter): Name = "Mouser Price/Stock"; Value = "https://www.mouser.co.uk/ProductDetail/KEMET/C0805C104M5RAC?qs=VOOUd%252Bza08rWzt4y8eXMuQ%3D%3D"; VariantName = "[No Variations]"
Added Component: Designator=C15_PowerModuleCell_M2(CAPC2012X88N)
Add component (AddParameter): Name = "Arrow Part Number"; Value = "C0805C104M5RAC"; VariantName = "[No Variations]"
Add component (AddParameter): Name = "Arrow Price/Stock"; Value = "https://www.arrow.com/en/products/c0805c104m5rac/kemet-corporation?utm_currency=USD&region=nac"; VariantName = "[No Variations]"
Add component (AddParameter): Name = "Datasheet Link"; Value = "https://connect.kemet.com:7667/gateway/IntelliData-ComponentDocumentation/1.0/download/specsheet/C0805C104M5RAC%7bBULK%7d"; VariantName = "[No Variations]"
Add component (AddParameter): Name = "Height"; Value = "0.88mm"; VariantName = "[No Variations]"
Add component (AddParameter): Name = "Manufacturer_Name"; Value = "KEMET"; VariantName = "[No Variations]"
Add component (AddParameter): Name = "Manufacturer_Part_Number"; Value = "C0805C104M5RAC"; VariantName = "[No Variations]"
Add component (AddParameter): Name = "Mouser Part Number"; Value = "80-C0805C104M5RAC"; VariantName = "[No Variations]"
Add component (AddParameter): Name = "Mouser Price/Stock"; Value = "https://www.mouser.co.uk/ProductDetail/KEMET/C0805C104M5RAC?qs=VOOUd%252Bza08rWzt4y8eXMuQ%3D%3D"; VariantName = "[No Variations]"
Added Component: Designator=C15_PowerModuleCell_M3(CAPC2012X88N)
Add component (AddParameter): Name = "Arrow Part Number"; Value = "C0805C104M5RAC"; VariantName = "[No Variations]"
Add component (AddParameter): Name = "Arrow Price/Stock"; Value = "https://www.arrow.com/en/products/c0805c104m5rac/kemet-corporation?utm_currency=USD&region=nac"; VariantName = "[No Variations]"
Add component (AddParameter): Name = "Datasheet Link"; Value = "https://connect.kemet.com:7667/gateway/IntelliData-ComponentDocumentation/1.0/download/specsheet/C0805C104M5RAC%7bBULK%7d"; VariantName = "[No Variations]"
Add component (AddParameter): Name = "Height"; Value = "0.88mm"; VariantName = "[No Variations]"
Add component (AddParameter): Name = "Manufacturer_Name"; Value = "KEMET"; VariantName = "[No Variations]"
Add component (AddParameter): Name = "Manufacturer_Part_Number"; Value = "C0805C104M5RAC"; VariantName = "[No Variations]"
Add component (AddParameter): Name = "Mouser Part Number"; Value = "80-C0805C104M5RAC"; VariantName = "[No Variations]"
Add component (AddParameter): Name = "Mouser Price/Stock"; Value = "https://www.mouser.co.uk/ProductDetail/KEMET/C0805C104M5RAC?qs=VOOUd%252Bza08rWzt4y8eXMuQ%3D%3D"; VariantName = "[No Variations]"
Added Component: Designator=C15_PowerModuleCell_M4(CAPC2012X88N)
Add component (AddParameter): Name = "Arrow Part Number"; Value = "C0805C104M5RAC"; VariantName = "[No Variations]"
Add component (AddParameter): Name = "Arrow Price/Stock"; Value = "https://www.arrow.com/en/products/c0805c104m5rac/kemet-corporation?utm_currency=USD&region=nac"; VariantName = "[No Variations]"
Add component (AddParameter): Name = "Datasheet Link"; Value = "https://connect.kemet.com:7667/gateway/IntelliData-ComponentDocumentation/1.0/download/specsheet/C0805C104M5RAC%7bBULK%7d"; VariantName = "[No Variations]"
Add component (AddParameter): Name = "Height"; Value = "0.88mm"; VariantName = "[No Variations]"
Add component (AddParameter): Name = "Manufacturer_Name"; Value = "KEMET"; VariantName = "[No Variations]"
Add component (AddParameter): Name = "Manufacturer_Part_Number"; Value = "C0805C104M5RAC"; VariantName = "[No Variations]"
Add component (AddParameter): Name = "Mouser Part Number"; Value = "80-C0805C104M5RAC"; VariantName = "[No Variations]"
Add component (AddParameter): Name = "Mouser Price/Stock"; Value = "https://www.mouser.co.uk/ProductDetail/KEMET/C0805C104M5RAC?qs=VOOUd%252Bza08rWzt4y8eXMuQ%3D%3D"; VariantName = "[No Variations]"
Added Pin To Net: NetName=GND_2 Pin=C15_PowerModuleCell_M1-1
Added Pin To Net: NetName=Vcc_2 Pin=C15_PowerModuleCell_M1-2
Added Pin To Net: NetName=GND_2 Pin=C15_PowerModuleCell_M2-1
Added Pin To Net: NetName=Vcc_2 Pin=C15_PowerModuleCell_M2-2
Added Pin To Net: NetName=GND_2 Pin=C15_PowerModuleCell_M3-1
Added Pin To Net: NetName=Vcc_2 Pin=C15_PowerModuleCell_M3-2
Added Pin To Net: NetName=GND_2 Pin=C15_PowerModuleCell_M4-1
Added Pin To Net: NetName=Vcc_2 Pin=C15_PowerModuleCell_M4-2
Change Net Name : Old Net Name=NetC30_Amplifier_K-51_2 New Net Name=NetC31_Amplifier_K-51_2
Change Net Name : Old Net Name=NetC30_Amplifier_K-52_2 New Net Name=NetC31_Amplifier_K-52_2
Change Net Name : Old Net Name=NetC32_Amplifier_K-51_2 New Net Name=NetC33_Amplifier_K-51_2
Change Net Name : Old Net Name=NetC32_Amplifier_K-52_2 New Net Name=NetC33_Amplifier_K-52_2
Change Net Name : Old Net Name=NetC34_Amplifier_K-51_2 New Net Name=NetC35_Amplifier_K-51_2
Change Net Name : Old Net Name=NetC34_Amplifier_K-52_2 New Net Name=NetC35_Amplifier_K-52_2
Change Net Name : Old Net Name=NetC36_Amplifier_K-51_2 New Net Name=NetC37_Amplifier_K-51_2
Change Net Name : Old Net Name=NetC36_Amplifier_K-52_2 New Net Name=NetC37_Amplifier_K-52_2
Added Member To Class: ClassName=PowerModuleCell_M1 Member=Component C17_PowerModuleCell_M1 (C17) 100nF, 50v, X7R, 0402
Added Member To Class: ClassName=PowerModuleCell_M2 Member=Component C17_PowerModuleCell_M2 (C17) 100nF, 50v, X7R, 0402
Added Member To Class: ClassName=PowerModuleCell_M3 Member=Component C17_PowerModuleCell_M3 (C17) 100nF, 50v, X7R, 0402
Added Member To Class: ClassName=PowerModuleCell_M4 Member=Component C17_PowerModuleCell_M4 (C17) 100nF, 50v, X7R, 0402
Added Member To Class: ClassName=PowerModuleCell_M1 Member=Component D10_PowerModuleCell_M1 (D10) 150060RS75000
Added Member To Class: ClassName=PowerModuleCell_M4 Member=Component D10_PowerModuleCell_M4 (D10) 150060RS75000
Added Member To Class: ClassName=PowerModuleCell_M1 Member=Component Q1_PowerModuleCell_M1 (Q1) IRF7779L2TRPBF
Added Member To Class: ClassName=PowerModuleCell_M2 Member=Component Q1_PowerModuleCell_M2 (Q1) IRF7779L2TRPBF
Added Member To Class: ClassName=PowerModuleCell_M3 Member=Component Q1_PowerModuleCell_M3 (Q1) IRF7779L2TRPBF
Added Member To Class: ClassName=PowerModuleCell_M4 Member=Component Q1_PowerModuleCell_M4 (Q1) IRF7779L2TRPBF
Added Member To Class: ClassName=PowerModuleCell_M1 Member=Component U1_PowerModuleCell_M1 (U1A) LM324DR2G
Added Member To Class: ClassName=PowerModuleCell_M4 Member=Component U1_PowerModuleCell_M4 (U1A) LM324DR2G
Added Member To Class: ClassName=PowerModuleCell_M1 Member=Component U2_PowerModuleCell_M1 (U2) TMP117MAIYBGR
Added Member To Class: ClassName=PowerModuleCell_M2 Member=Component U2_PowerModuleCell_M2 (U2) TMP117MAIYBGR
Added Member To Class: ClassName=PowerModuleCell_M3 Member=Component U2_PowerModuleCell_M3 (U2) TMP117MAIYBGR
Added Member To Class: ClassName=PowerModuleCell_M4 Member=Component U2_PowerModuleCell_M4 (U2) TMP117MAIYBGR
Added Room: Name=PowerModule
Added Room: Name=PowerModuleCell_M1
Added Room: Name=PowerModuleCell_M2
Added Room: Name=PowerModuleCell_M3
Added Room: Name=PowerModuleCell_M4
