Removed Pin From Net: NetName=ISO_ALERT-MISO Pin=P1-2
Removed Pin From Net: NetName=ISO_ALERT-MOSI Pin=P1-4
Removed Pin From Net: NetName=ISO_USART_RX Pin=P1-6
Removed Pin From Net: NetName=ISO_USART_TX Pin=P1-8
Removed Pin From Net: NetName=GND_1 Pin=P1-10
Removed Pin From Net: NetName=ISO_ALERT-MISO Pin=P2-2
Removed Pin From Net: NetName=ISO_ALERT-MOSI Pin=P2-4
Removed Pin From Net: NetName=ISO_USART_RX Pin=P2-6
Removed Pin From Net: NetName=ISO_USART_TX Pin=P2-8
Removed Pin From Net: NetName=GND_1 Pin=P2-10
Added Pin To Net: NetName=GND_1 Pin=P1-2
Added Pin To Net: NetName=ISO_ALERT-MISO Pin=P1-4
Added Pin To Net: NetName=ISO_ALERT-MOSI Pin=P1-6
Added Pin To Net: NetName=ISO_USART_RX Pin=P1-8
Added Pin To Net: NetName=ISO_USART_TX Pin=P1-10
Added Pin To Net: NetName=GND_1 Pin=P2-2
Added Pin To Net: NetName=ISO_ALERT-MISO Pin=P2-4
Added Pin To Net: NetName=ISO_ALERT-MOSI Pin=P2-6
Added Pin To Net: NetName=ISO_USART_RX Pin=P2-8
Added Pin To Net: NetName=ISO_USART_TX Pin=P2-10
