Removed Pin From Net: NetName=Vcc_2 Pin=C12-2
Removed Pin From Net: NetName=Vcc_2 Pin=C13-2
Change Component Designator: OldDesignator=C6 NewDesignator=C8
Change Component Designator: OldDesignator=C7 NewDesignator=C9
Change Component Designator: OldDesignator=C8 NewDesignator=C10
Change Component Designator: OldDesignator=C9 NewDesignator=C11
Change Component Designator: OldDesignator=C10 NewDesignator=C12
Change Component Designator: OldDesignator=C11 NewDesignator=C13
Change Component Designator: OldDesignator=C12 NewDesignator=C6
Change Component Designator: OldDesignator=C13 NewDesignator=C7
Change Component Designator: OldDesignator=C25 NewDesignator=C21
Change Component Designator: OldDesignator=C26 NewDesignator=C22
Change Component Designator: OldDesignator=C27 NewDesignator=C23
Change Component Designator: OldDesignator=C28 NewDesignator=C24
Change Component Designator: OldDesignator=C29 NewDesignator=C25
Change Component Designator: OldDesignator=C30 NewDesignator=C26
Change Component Designator: OldDesignator=C31 NewDesignator=C27
Change Component Designator: OldDesignator=C32 NewDesignator=C28
Change Component Designator: OldDesignator=C33 NewDesignator=C29
Change Component Designator: OldDesignator=C34 NewDesignator=C30
Change Component Designator: OldDesignator=C35 NewDesignator=C31
Change Component Designator: OldDesignator=J2 NewDesignator=J3
Change Component Designator: OldDesignator=J3 NewDesignator=J4
Change Component Designator: OldDesignator=J4 NewDesignator=J23
Change Component Designator: OldDesignator=J5 NewDesignator=J24
Change Component Designator: OldDesignator=J6 NewDesignator=J19
Change Component Designator: OldDesignator=J7 NewDesignator=J20
Change Component Designator: OldDesignator=J8 NewDesignator=J7
Change Component Designator: OldDesignator=J9 NewDesignator=J8
Change Component Designator: OldDesignator=J10 NewDesignator=J9
Change Component Designator: OldDesignator=J11 NewDesignator=J10
Change Component Designator: OldDesignator=J12 NewDesignator=J15
Change Component Designator: OldDesignator=J13 NewDesignator=J16
Change Component Designator: OldDesignator=J14 NewDesignator=J17
Change Component Designator: OldDesignator=J15 NewDesignator=J18
Change Component Designator: OldDesignator=J16 NewDesignator=J5
Change Component Designator: OldDesignator=J17 NewDesignator=J6
Change Component Designator: OldDesignator=J18 NewDesignator=J11
Change Component Designator: OldDesignator=J19 NewDesignator=J12
Change Component Designator: OldDesignator=J20 NewDesignator=J21
Change Component Designator: OldDesignator=J21 NewDesignator=J22
Change Component Designator: OldDesignator=J22 NewDesignator=J13
Change Component Designator: OldDesignator=J23 NewDesignator=J14
Change Component Designator: OldDesignator=J24 NewDesignator=J25
Change Component Designator: OldDesignator=J25 NewDesignator=J26
Change Component Designator: OldDesignator=J26 NewDesignator=J29
Change Component Designator: OldDesignator=J27 NewDesignator=J30
Change Component Designator: OldDesignator=J28 NewDesignator=J31
Change Component Designator: OldDesignator=J29 NewDesignator=J32
Change Component Designator: OldDesignator=J30 NewDesignator=J27
Change Component Designator: OldDesignator=J31 NewDesignator=J28
Change Component Designator: OldDesignator=J32 NewDesignator=J33
Change Component Designator: OldDesignator=J33 NewDesignator=J34
Change Component Designator: OldDesignator=J34 NewDesignator=J35
Change Component Designator: OldDesignator=J35 NewDesignator=J36
Change Component Designator: OldDesignator=J36 NewDesignator=J37
Change Component Designator: OldDesignator=J37 NewDesignator=J38
Change Component Designator: OldDesignator=J38 NewDesignator=J39
Change Component Designator: OldDesignator=J39 NewDesignator=J40
Change Component Designator: OldDesignator=J40_PowerModuleCell_M1 NewDesignator=J41_PowerModuleCell_M1
Change Component Designator: OldDesignator=J40_PowerModuleCell_M2 NewDesignator=J41_PowerModuleCell_M2
Change Component Designator: OldDesignator=J40_PowerModuleCell_M3 NewDesignator=J41_PowerModuleCell_M3
Change Component Designator: OldDesignator=J40_PowerModuleCell_M4 NewDesignator=J41_PowerModuleCell_M4
Change Component Designator: OldDesignator=J41_PowerModuleCell_M1 NewDesignator=J42_PowerModuleCell_M1
Change Component Designator: OldDesignator=J41_PowerModuleCell_M2 NewDesignator=J42_PowerModuleCell_M2
Change Component Designator: OldDesignator=J41_PowerModuleCell_M3 NewDesignator=J42_PowerModuleCell_M3
Change Component Designator: OldDesignator=J41_PowerModuleCell_M4 NewDesignator=J42_PowerModuleCell_M4
Change Component Designator: OldDesignator=J42_PowerModuleCell_M1 NewDesignator=J43_PowerModuleCell_M1
Change Component Designator: OldDesignator=J42_PowerModuleCell_M2 NewDesignator=J43_PowerModuleCell_M2
Change Component Designator: OldDesignator=J42_PowerModuleCell_M3 NewDesignator=J43_PowerModuleCell_M3
Change Component Designator: OldDesignator=J42_PowerModuleCell_M4 NewDesignator=J43_PowerModuleCell_M4
Change Component Designator: OldDesignator=J43_PowerModuleCell_M1 NewDesignator=J44_PowerModuleCell_M1
Change Component Designator: OldDesignator=J43_PowerModuleCell_M2 NewDesignator=J44_PowerModuleCell_M2
Change Component Designator: OldDesignator=J43_PowerModuleCell_M3 NewDesignator=J44_PowerModuleCell_M3
Change Component Designator: OldDesignator=J43_PowerModuleCell_M4 NewDesignator=J44_PowerModuleCell_M4
Change Component Designator: OldDesignator=R35_Opto1 NewDesignator=R31_Opto1
Change Component Designator: OldDesignator=R35_Opto2 NewDesignator=R31_Opto2
Change Component Designator: OldDesignator=R36_Opto1 NewDesignator=R32_Opto1
Change Component Designator: OldDesignator=R36_Opto2 NewDesignator=R32_Opto2
Added Component: Designator=J2(61300411821)
Added Pin To Net: NetName=3V3_F Pin=C6-2
Added Pin To Net: NetName=3V3_F Pin=C7-2
Add Pin To Net: Unknown Pin: Pin J2-1
Add Pin To Net: Unknown Pin: Pin J2-3
Added Pin To Net: NetName=ISO_12V Pin=J24-1
Added Net: Name=USART_RX
Added Net: Name=USART_TX
Added Member To Class: ClassName=PowerModule Member=Component J40 TestPad
