Added Component: Designator=C1_PowerModuleCell_M1(FP-GRM188-0_1-e0_2_0_5-MFG)
Added Component: Designator=C1_PowerModuleCell_M2(FP-GRM188-0_1-e0_2_0_5-MFG)
Added Component: Designator=C1_PowerModuleCell_M3(FP-GRM188-0_1-e0_2_0_5-MFG)
Added Component: Designator=C1_PowerModuleCell_M4(FP-GRM188-0_1-e0_2_0_5-MFG)
Added Component: Designator=C2_PowerModuleCell_M1(FP-GCM188-0_1-IPC_B)
Added Component: Designator=C2_PowerModuleCell_M2(FP-GCM188-0_1-IPC_B)
Added Component: Designator=C2_PowerModuleCell_M3(FP-GCM188-0_1-IPC_B)
Added Component: Designator=C2_PowerModuleCell_M4(FP-GCM188-0_1-IPC_B)
Added Component: Designator=L1_PowerModuleCell_M1(WE-PD_7345)
Added Component: Designator=L1_PowerModuleCell_M2(WE-PD_7345)
Added Component: Designator=L1_PowerModuleCell_M3(WE-PD_7345)
Added Component: Designator=L1_PowerModuleCell_M4(WE-PD_7345)
Added Component: Designator=Q1_PowerModuleCell_M1(FP-MG-WDSON-11-MFG)
Added Component: Designator=Q1_PowerModuleCell_M2(FP-MG-WDSON-11-MFG)
Added Component: Designator=Q1_PowerModuleCell_M3(FP-MG-WDSON-11-MFG)
Added Component: Designator=Q1_PowerModuleCell_M4(FP-MG-WDSON-11-MFG)
Added Component: Designator=R1_PowerModuleCell_M1(RESC1005X40X25NL05T05)
Added Component: Designator=R1_PowerModuleCell_M2(RESC1005X40X25NL05T05)
Added Component: Designator=R1_PowerModuleCell_M3(RESC1005X40X25NL05T05)
Added Component: Designator=R1_PowerModuleCell_M4(RESC1005X40X25NL05T05)
Added Component: Designator=R2_PowerModuleCell_M1(RESC1005X40X25NL05T05)
Added Component: Designator=R2_PowerModuleCell_M2(RESC1005X40X25NL05T05)
Added Component: Designator=R2_PowerModuleCell_M3(RESC1005X40X25NL05T05)
Added Component: Designator=R2_PowerModuleCell_M4(RESC1005X40X25NL05T05)
Added Component: Designator=R3_PowerModuleCell_M1(RESC1005X40X25NL05T05)
Added Component: Designator=R3_PowerModuleCell_M2(RESC1005X40X25NL05T05)
Added Component: Designator=R3_PowerModuleCell_M3(RESC1005X40X25NL05T05)
Added Component: Designator=R3_PowerModuleCell_M4(RESC1005X40X25NL05T05)
Added Component: Designator=R4_PowerModuleCell_M1(FP-CSS2H-5930K-1L00F-MFG)
Added Component: Designator=R4_PowerModuleCell_M2(FP-CSS2H-5930K-1L00F-MFG)
Added Component: Designator=R4_PowerModuleCell_M3(FP-CSS2H-5930K-1L00F-MFG)
Added Component: Designator=R4_PowerModuleCell_M4(FP-CSS2H-5930K-1L00F-MFG)
Added Component: Designator=R5_ShuntAmp1(FP-ERJ2RK-IPC_A)
Added Component: Designator=R5_ShuntAmp2(FP-ERJ2RK-IPC_A)
Added Component: Designator=R5_ShuntAmp3(FP-ERJ2RK-IPC_A)
Added Component: Designator=R5_ShuntAmp4(FP-ERJ2RK-IPC_A)
Added Component: Designator=R6_ShuntAmp1(RESC1005X40X25NL05T05)
Added Component: Designator=R6_ShuntAmp2(RESC1005X40X25NL05T05)
Added Component: Designator=R6_ShuntAmp3(RESC1005X40X25NL05T05)
Added Component: Designator=R6_ShuntAmp4(RESC1005X40X25NL05T05)
Added Component: Designator=R7_ShuntAmp1(RESC1005X40X25LL05T05)
Added Component: Designator=R7_ShuntAmp2(RESC1005X40X25LL05T05)
Added Component: Designator=R7_ShuntAmp3(RESC1005X40X25LL05T05)
Added Component: Designator=R7_ShuntAmp4(RESC1005X40X25LL05T05)
Added Component: Designator=R8_ShuntAmp1(RESC1005X40X25LL05T05)
Added Component: Designator=R8_ShuntAmp2(RESC1005X40X25LL05T05)
Added Component: Designator=R8_ShuntAmp3(RESC1005X40X25LL05T05)
Added Component: Designator=R8_ShuntAmp4(RESC1005X40X25LL05T05)
Added Component: Designator=R9_ShuntAmp1(RESC1005X40X25NL05T05)
Added Component: Designator=R9_ShuntAmp2(RESC1005X40X25NL05T05)
Added Component: Designator=R9_ShuntAmp3(RESC1005X40X25NL05T05)
Added Component: Designator=R9_ShuntAmp4(RESC1005X40X25NL05T05)
Added Component: Designator=R10_ShuntAmp1(RESC1005X40X25LL05T05)
Added Component: Designator=R10_ShuntAmp2(RESC1005X40X25LL05T05)
Added Component: Designator=R10_ShuntAmp3(RESC1005X40X25LL05T05)
Added Component: Designator=R10_ShuntAmp4(RESC1005X40X25LL05T05)
Added Component: Designator=R11_ShuntAmp1(FP-ERJ2RK-IPC_A)
Added Component: Designator=R11_ShuntAmp2(FP-ERJ2RK-IPC_A)
Added Component: Designator=R11_ShuntAmp3(FP-ERJ2RK-IPC_A)
Added Component: Designator=R11_ShuntAmp4(FP-ERJ2RK-IPC_A)
Added Component: Designator=R12_ShuntAmp1(RESC1005X40X25NL05T05)
Added Component: Designator=R12_ShuntAmp2(RESC1005X40X25NL05T05)
Added Component: Designator=R12_ShuntAmp3(RESC1005X40X25NL05T05)
Added Component: Designator=R12_ShuntAmp4(RESC1005X40X25NL05T05)
Added Component: Designator=R13_Temp1(RESC1005X40X25LL05T05)
Added Component: Designator=R13_Temp2(RESC1005X40X25LL05T05)
Added Component: Designator=R13_Temp3(RESC1005X40X25LL05T05)
Added Component: Designator=R13_Temp4(RESC1005X40X25LL05T05)
Added Component: Designator=R14_Temp1(RESC1005X40X25LL05T05)
Added Component: Designator=R14_Temp2(RESC1005X40X25LL05T05)
Added Component: Designator=R14_Temp3(RESC1005X40X25LL05T05)
Added Component: Designator=R14_Temp4(RESC1005X40X25LL05T05)
Added Component: Designator=R15_Temp1(RESC1005X40X25LL05T05)
Added Component: Designator=R15_Temp2(RESC1005X40X25LL05T05)
Added Component: Designator=R15_Temp3(RESC1005X40X25LL05T05)
Added Component: Designator=R15_Temp4(RESC1005X40X25LL05T05)
Added Component: Designator=U1_PowerModuleCell_M1(ONSC-SOIC-14-751A-03_V)
Added Component: Designator=U1_PowerModuleCell_M2(ONSC-SOIC-14-751A-03_V)
Added Component: Designator=U1_PowerModuleCell_M3(ONSC-SOIC-14-751A-03_V)
Added Component: Designator=U1_PowerModuleCell_M4(ONSC-SOIC-14-751A-03_V)
Added Component: Designator=U1_ShuntAmp1(ONSC-SOIC-14-751A-03_V)
Added Component: Designator=U1_ShuntAmp2(ONSC-SOIC-14-751A-03_V)
Added Component: Designator=U1_ShuntAmp3(ONSC-SOIC-14-751A-03_V)
Added Component: Designator=U1_ShuntAmp4(ONSC-SOIC-14-751A-03_V)
Added Component: Designator=U2_Temp1(FP-YBG0006-MFG)
Added Component: Designator=U2_Temp2(FP-YBG0006-MFG)
Added Component: Designator=U2_Temp3(FP-YBG0006-MFG)
Added Component: Designator=U2_Temp4(FP-YBG0006-MFG)
Added Net: Name=CurrentSignal_M1
Added Net: Name=CurrentSignal_M2
Added Net: Name=CurrentSignal_M3
Added Net: Name=CurrentSignal_M4
Added Net: Name=Load
Added Net: Name=NetQ1_PowerModuleCell_M1_12
Added Net: Name=NetQ1_PowerModuleCell_M2_12
Added Net: Name=NetQ1_PowerModuleCell_M3_12
Added Net: Name=NetQ1_PowerModuleCell_M4_12
Added Net: Name=NetR1_PowerModuleCell_M1_2
Added Net: Name=NetR1_PowerModuleCell_M2_2
Added Net: Name=NetR1_PowerModuleCell_M3_2
Added Net: Name=NetR1_PowerModuleCell_M4_2
Added Net: Name=NetR2_PowerModuleCell_M1_1
Added Net: Name=NetR2_PowerModuleCell_M2_1
Added Net: Name=NetR2_PowerModuleCell_M3_1
Added Net: Name=NetR2_PowerModuleCell_M4_1
Added Net: Name=NetR3_PowerModuleCell_M1_2
Added Net: Name=NetR3_PowerModuleCell_M2_2
Added Net: Name=NetR3_PowerModuleCell_M3_2
Added Net: Name=NetR3_PowerModuleCell_M4_2
Added Net: Name=NetR5_ShuntAmp1_1
Added Net: Name=NetR5_ShuntAmp1_2
Added Net: Name=NetR5_ShuntAmp2_1
Added Net: Name=NetR5_ShuntAmp2_2
Added Net: Name=NetR5_ShuntAmp3_1
Added Net: Name=NetR5_ShuntAmp3_2
Added Net: Name=NetR5_ShuntAmp4_1
Added Net: Name=NetR5_ShuntAmp4_2
Added Net: Name=NetR6_ShuntAmp1_2
Added Net: Name=NetR6_ShuntAmp2_2
Added Net: Name=NetR6_ShuntAmp3_2
Added Net: Name=NetR6_ShuntAmp4_2
Added Net: Name=NetR7_ShuntAmp1_1
Added Net: Name=NetR7_ShuntAmp2_1
Added Net: Name=NetR7_ShuntAmp3_1
Added Net: Name=NetR7_ShuntAmp4_1
Added Net: Name=NetR8_ShuntAmp1_1
Added Net: Name=NetR8_ShuntAmp2_1
Added Net: Name=NetR8_ShuntAmp3_1
Added Net: Name=NetR8_ShuntAmp4_1
Added Net: Name=NetR10_ShuntAmp1_1
Added Net: Name=NetR10_ShuntAmp2_1
Added Net: Name=NetR10_ShuntAmp3_1
Added Net: Name=NetR10_ShuntAmp4_1
Added Net: Name=NetR11_ShuntAmp1_1
Added Net: Name=NetR11_ShuntAmp2_1
Added Net: Name=NetR11_ShuntAmp3_1
Added Net: Name=NetR11_ShuntAmp4_1
Added Net: Name=NetR15_Temp1_1
Added Net: Name=NetR15_Temp2_1
Added Net: Name=NetR15_Temp3_1
Added Net: Name=NetR15_Temp4_1
Added Net: Name=NetU2_Temp1_C1
Added Net: Name=NetU2_Temp2_C1
Added Net: Name=NetU2_Temp3_C1
Added Net: Name=NetU2_Temp4_C1
Added Net: Name=ProcessedParam_M1
Added Net: Name=ProcessedParam_M2
Added Net: Name=ProcessedParam_M3
Added Net: Name=ProcessedParam_M4
Added Net: Name=RefParam_M1
Added Net: Name=RefParam_M2
Added Net: Name=RefParam_M3
Added Net: Name=RefParam_M4
Added Net: Name=SCL
Added Net: Name=SDA
Added Net: Name=Shunt_H_PowerModuleCell_M1
Added Net: Name=Shunt_H_PowerModuleCell_M2
Added Net: Name=Shunt_H_PowerModuleCell_M3
Added Net: Name=Shunt_H_PowerModuleCell_M4
Added Net: Name=Shunt_L_PowerModuleCell_M1
Added Net: Name=Vcc_F
Added Net: Name=Vcc
Added Class: Name=PowerModuleCell_M1
Added Class: Name=PowerModuleCell_M2
Added Class: Name=PowerModuleCell_M3
Added Class: Name=PowerModuleCell_M4
Added Class: Name=ShuntAmp1
Added Class: Name=ShuntAmp2
Added Class: Name=ShuntAmp3
Added Class: Name=ShuntAmp4
Added Class: Name=Temp1
Added Class: Name=Temp2
Added Class: Name=Temp3
Added Class: Name=Temp4
Added Class: Name=DiffAmp_K-10
Added Class: Name=PowerModuleCell
Added Class: Name=TempSensor
