Removed Pin From Net: NetName=ALERT-MOSI Pin=IC1-D5
Change Component Designator: OldDesignator=J1 NewDesignator=J2
Change Component Designator: OldDesignator=J2 NewDesignator=J3
Change Component Designator: OldDesignator=J3 NewDesignator=J4
Change Component Designator: OldDesignator=J4 NewDesignator=J5
Change Component Designator: OldDesignator=J5 NewDesignator=J6
Change Component Designator: OldDesignator=J6 NewDesignator=J7
Change Component Designator: OldDesignator=J7 NewDesignator=J8
Change Component Designator: OldDesignator=J8 NewDesignator=J9
Change Component Designator: OldDesignator=J9 NewDesignator=J10
Change Component Designator: OldDesignator=J10 NewDesignator=J11
Change Component Designator: OldDesignator=J11 NewDesignator=J12
Change Component Designator: OldDesignator=J12 NewDesignator=J13
Change Component Designator: OldDesignator=J13 NewDesignator=J14
Change Component Designator: OldDesignator=J14 NewDesignator=J15
Change Component Designator: OldDesignator=J15 NewDesignator=J16
Change Component Designator: OldDesignator=J16 NewDesignator=J17
Change Component Designator: OldDesignator=J17 NewDesignator=J18
Change Component Designator: OldDesignator=J18 NewDesignator=J19
Change Component Designator: OldDesignator=J19 NewDesignator=J20
Change Component Designator: OldDesignator=J20 NewDesignator=J21
Change Component Designator: OldDesignator=J21 NewDesignator=J22
Change Component Designator: OldDesignator=J22 NewDesignator=J23
Change Component Designator: OldDesignator=J23 NewDesignator=J24
Change Component Designator: OldDesignator=J24 NewDesignator=J25
Change Component Designator: OldDesignator=J25 NewDesignator=J26
Change Component Designator: OldDesignator=J26 NewDesignator=J27
Change Component Designator: OldDesignator=J27 NewDesignator=J28
Change Component Designator: OldDesignator=J28 NewDesignator=J29
Change Component Designator: OldDesignator=J29 NewDesignator=J30
Change Component Designator: OldDesignator=J30 NewDesignator=J31
Change Component Designator: OldDesignator=J31_PowerModuleCell_M1 NewDesignator=J32_PowerModuleCell_M1
Change Component Designator: OldDesignator=J31_PowerModuleCell_M2 NewDesignator=J32_PowerModuleCell_M2
Change Component Designator: OldDesignator=J31_PowerModuleCell_M3 NewDesignator=J32_PowerModuleCell_M3
Change Component Designator: OldDesignator=J31_PowerModuleCell_M4 NewDesignator=J32_PowerModuleCell_M4
Change Component Designator: OldDesignator=J32_PowerModuleCell_M1 NewDesignator=J33_PowerModuleCell_M1
Change Component Designator: OldDesignator=J32_PowerModuleCell_M2 NewDesignator=J33_PowerModuleCell_M2
Change Component Designator: OldDesignator=J32_PowerModuleCell_M3 NewDesignator=J33_PowerModuleCell_M3
Change Component Designator: OldDesignator=J32_PowerModuleCell_M4 NewDesignator=J33_PowerModuleCell_M4
Change Component Designator: OldDesignator=J33_Amplifier_K-51 NewDesignator=J34_Amplifier_K-51
Change Component Designator: OldDesignator=J33_Amplifier_K-52 NewDesignator=J34_Amplifier_K-52
Change Component Designator: OldDesignator=J34_Amplifier_K-51 NewDesignator=J35_Amplifier_K-51
Change Component Designator: OldDesignator=J34_Amplifier_K-52 NewDesignator=J35_Amplifier_K-52
Change Component Designator: OldDesignator=J35_Amplifier_K-51 NewDesignator=J36_Amplifier_K-51
Change Component Designator: OldDesignator=J35_Amplifier_K-52 NewDesignator=J36_Amplifier_K-52
Change Component Designator: OldDesignator=J36_Amplifier_K-51 NewDesignator=J37_Amplifier_K-51
Change Component Designator: OldDesignator=J36_Amplifier_K-52 NewDesignator=J37_Amplifier_K-52
Change Component Designator: OldDesignator=J37_Amplifier_K-51 NewDesignator=J38_Amplifier_K-51
Change Component Designator: OldDesignator=J37_Amplifier_K-52 NewDesignator=J38_Amplifier_K-52
Change Component Designator: OldDesignator=J38_Amplifier_K-51 NewDesignator=J39_Amplifier_K-51
Change Component Designator: OldDesignator=J38_Amplifier_K-52 NewDesignator=J39_Amplifier_K-52
Change Component Designator: OldDesignator=J39_Amplifier_K-51 NewDesignator=J40_Amplifier_K-51
Change Component Designator: OldDesignator=J39_Amplifier_K-52 NewDesignator=J40_Amplifier_K-52
Change Component Designator: OldDesignator=J40_Amplifier_K-51 NewDesignator=J41_Amplifier_K-51
Change Component Designator: OldDesignator=J40_Amplifier_K-52 NewDesignator=J41_Amplifier_K-52
Change Component Designator: OldDesignator=J41_Amplifier_K-51 NewDesignator=J42_Amplifier_K-51
Change Component Designator: OldDesignator=J41_Amplifier_K-52 NewDesignator=J42_Amplifier_K-52
Change Component Designator: OldDesignator=J42_Amplifier_K-51 NewDesignator=J43_Amplifier_K-51
Change Component Designator: OldDesignator=J42_Amplifier_K-52 NewDesignator=J43_Amplifier_K-52
Change Component Designator: OldDesignator=J43_Amplifier_K-51 NewDesignator=J44_Amplifier_K-51
Change Component Designator: OldDesignator=J43_Amplifier_K-52 NewDesignator=J44_Amplifier_K-52
Change Component Designator: OldDesignator=J44_Amplifier_K-51 NewDesignator=J45_Amplifier_K-51
Change Component Designator: OldDesignator=J44_Amplifier_K-52 NewDesignator=J45_Amplifier_K-52
Change Component Designator: OldDesignator=R3 NewDesignator=R12
Change Component Designator: OldDesignator=R4 NewDesignator=R3
Change Component Designator: OldDesignator=R5 NewDesignator=R4
Change Component Designator: OldDesignator=R6 NewDesignator=R5
Change Component Designator: OldDesignator=R7 NewDesignator=R6
Change Component Designator: OldDesignator=R8 NewDesignator=R7
Change Component Designator: OldDesignator=R9 NewDesignator=R8
Change Component Designator: OldDesignator=R10 NewDesignator=R9
Change Component Designator: OldDesignator=R11 NewDesignator=R10
Change Component Designator: OldDesignator=R12 NewDesignator=R11
Change Component Designator: OldDesignator=R14 NewDesignator=R15
Change Component Designator: OldDesignator=R15 NewDesignator=R16
Change Component Designator: OldDesignator=R16 NewDesignator=R14
Added Component: Designator=C40(CAPC2012X145N)
Add component (AddParameter): Name = "Arrow Part Number"; Value = "GRM21BR61H475ME51L"; VariantName = "[No Variations]"
Add component (AddParameter): Name = "Arrow Price/Stock"; Value = "https://www.arrow.com/en/products/grm21br61h475me51l/murata-manufacturing?region=nac"; VariantName = "[No Variations]"
Add component (AddParameter): Name = "Datasheet Link"; Value = "https://search.murata.co.jp/Ceramy/image/img/A01X/G101/ENG/GRM21BR61H475ME51-01A.pdf"; VariantName = "[No Variations]"
Add component (AddParameter): Name = "Height"; Value = "1.45mm"; VariantName = "[No Variations]"
Add component (AddParameter): Name = "Manufacturer_Name"; Value = "Murata Electronics"; VariantName = "[No Variations]"
Add component (AddParameter): Name = "Manufacturer_Part_Number"; Value = "GRM21BR61H475ME51L"; VariantName = "[No Variations]"
Add component (AddParameter): Name = "Mouser Part Number"; Value = "81-GRM21BR61H475M51L"; VariantName = "[No Variations]"
Add component (AddParameter): Name = "Mouser Price/Stock"; Value = "https://www.mouser.co.uk/ProductDetail/Murata-Electronics/GRM21BR61H475ME51L?qs=eeBpzGFlv%252B%2Fg0wAeHy0eJw%3D%3D"; VariantName = "[No Variations]"
Added Component: Designator=C41(CAPC2012X145N)
Add component (AddParameter): Name = "Arrow Part Number"; Value = "GRM21BR61H475ME51L"; VariantName = "[No Variations]"
Add component (AddParameter): Name = "Arrow Price/Stock"; Value = "https://www.arrow.com/en/products/grm21br61h475me51l/murata-manufacturing?region=nac"; VariantName = "[No Variations]"
Add component (AddParameter): Name = "Datasheet Link"; Value = "https://search.murata.co.jp/Ceramy/image/img/A01X/G101/ENG/GRM21BR61H475ME51-01A.pdf"; VariantName = "[No Variations]"
Add component (AddParameter): Name = "Height"; Value = "1.45mm"; VariantName = "[No Variations]"
Add component (AddParameter): Name = "Manufacturer_Name"; Value = "Murata Electronics"; VariantName = "[No Variations]"
Add component (AddParameter): Name = "Manufacturer_Part_Number"; Value = "GRM21BR61H475ME51L"; VariantName = "[No Variations]"
Add component (AddParameter): Name = "Mouser Part Number"; Value = "81-GRM21BR61H475M51L"; VariantName = "[No Variations]"
Add component (AddParameter): Name = "Mouser Price/Stock"; Value = "https://www.mouser.co.uk/ProductDetail/Murata-Electronics/GRM21BR61H475ME51L?qs=eeBpzGFlv%252B%2Fg0wAeHy0eJw%3D%3D"; VariantName = "[No Variations]"
Added Component: Designator=IC3(BGA6C40P2X3_80X120X59)
Add component (AddParameter): Name = "Arrow Part Number"; Value = ""; VariantName = "[No Variations]"
Add component (AddParameter): Name = "Arrow Price/Stock"; Value = ""; VariantName = "[No Variations]"
Add component (AddParameter): Name = "Datasheet Link"; Value = "https://toshiba.semicon-storage.com/info/docget.jsp?did=59174&prodName=TCK402G"; VariantName = "[No Variations]"
Add component (AddParameter): Name = "Height"; Value = "0.59mm"; VariantName = "[No Variations]"
Add component (AddParameter): Name = "Manufacturer_Name"; Value = "Toshiba"; VariantName = "[No Variations]"
Add component (AddParameter): Name = "Manufacturer_Part_Number"; Value = "TCK402G"; VariantName = "[No Variations]"
Add component (AddParameter): Name = "Mouser Part Number"; Value = ""; VariantName = "[No Variations]"
Add component (AddParameter): Name = "Mouser Price/Stock"; Value = ""; VariantName = "[No Variations]"
Added Component: Designator=J1(1725656)
Add component (AddParameter): Name = "Arrow Part Number"; Value = "1725656"; VariantName = "[No Variations]"
Add component (AddParameter): Name = "Arrow Price/Stock"; Value = "https://www.arrow.com/en/products/1725656/phoenix-contact?utm_currency=USD&region=nac"; VariantName = "[No Variations]"
Add component (AddParameter): Name = "Datasheet Link"; Value = "https://www.phoenixcontact.com/online/portal/us/?uri=pxc-oc-itemdetail:pid=1725656&library=usen&pcck=P-11-01-05&tab=1&selectedCategory=ALL"; VariantName = "[No Variations]"
Add component (AddParameter): Name = "Height"; Value = "8.65mm"; VariantName = "[No Variations]"
Add component (AddParameter): Name = "Manufacturer_Name"; Value = "Phoenix Contact"; VariantName = "[No Variations]"
Add component (AddParameter): Name = "Manufacturer_Part_Number"; Value = "1725656"; VariantName = "[No Variations]"
Add component (AddParameter): Name = "Mouser Part Number"; Value = "651-1725656"; VariantName = "[No Variations]"
Add component (AddParameter): Name = "Mouser Price/Stock"; Value = "https://www.mouser.co.uk/ProductDetail/Phoenix-Contact/1725656?qs=Ul7CXFMnlWWQeccayYbRmw%3D%3D"; VariantName = "[No Variations]"
Added Component: Designator=Q3(SOTFL50P160X60-6N)
Add component (AddParameter): Name = "Arrow Part Number"; Value = ""; VariantName = "[No Variations]"
Add component (AddParameter): Name = "Arrow Price/Stock"; Value = ""; VariantName = "[No Variations]"
Add component (AddParameter): Name = "Datasheet Link"; Value = "https://www.vishay.com/docs/71435/71435.pdf"; VariantName = "[No Variations]"
Add component (AddParameter): Name = "Height"; Value = "0.6mm"; VariantName = "[No Variations]"
Add component (AddParameter): Name = "Manufacturer_Name"; Value = "Vishay"; VariantName = "[No Variations]"
Add component (AddParameter): Name = "Manufacturer_Part_Number"; Value = "SI1029X-T1-GE3"; VariantName = "[No Variations]"
Add component (AddParameter): Name = "Mouser Part Number"; Value = "781-SI1029X-T1-GE3"; VariantName = "[No Variations]"
Add component (AddParameter): Name = "Mouser Price/Stock"; Value = "https://www.mouser.co.uk/ProductDetail/Vishay-Semiconductors/SI1029X-T1-GE3?qs=tWM4QuTcS4WFBF4Fada7Qg%3D%3D"; VariantName = "[No Variations]"
Added Pin To Net: NetName=GND_2 Pin=C40-1
Added Pin To Net: NetName=20V Pin=C40-2
Added Pin To Net: NetName=GND_2 Pin=C41-1
Added Pin To Net: NetName=ALERT-MOSI Pin=IC1-E7
Added Pin To Net: NetName=20V Pin=IC3-A2
Added Pin To Net: NetName=GND_2 Pin=IC3-B2
Added Pin To Net: NetName=GND_2 Pin=J1-2
Added Pin To Net: NetName=20V Pin=Q3-3
Change Net Name : Old Net Name=20V New Net Name=Vin
Added Pin To Net: NetName=cFan-PWM Pin=IC1-D5
Added Pin To Net: NetName=cFan-PWM Pin=IC3-C2
Added Net: Name=cFan-PWM
Added Pin To Net: NetName=Gate Pin=IC3-A1
Added Pin To Net: NetName=Gate Pin=Q3-2
Added Pin To Net: NetName=Gate Pin=Q3-5
Added Net: Name=Gate
Added Pin To Net: NetName=Source Pin=IC3-B1
Added Pin To Net: NetName=Source Pin=Q3-1
Added Pin To Net: NetName=Source Pin=Q3-4
Added Net: Name=Source
Added Pin To Net: NetName=Vout Pin=C41-2
Added Pin To Net: NetName=Vout Pin=IC3-C1
Added Pin To Net: NetName=Vout Pin=J1-1
Added Pin To Net: NetName=Vout Pin=Q3-6
Added Net: Name=Vout
Added Class: Name=FanDriver
Added Member To Class: ClassName=PowerModule Member=Component J31 TestPad
Added Room: Name=FanDriver
Added Room: Name=PowerModule
Added Room: Name=PowerModuleCell_M1
Added Room: Name=PowerModuleCell_M2
Added Room: Name=PowerModuleCell_M3
Added Room: Name=PowerModuleCell_M4
