Change Component Footprint: Designator=P1 Old Footprint=61300111121 New Footprint=61300111121
Change Component Footprint: Designator=P2 Old Footprint=61300111121 New Footprint=61300111121
Change Component Footprint: Designator=P3 Old Footprint=61300111121 New Footprint=61300111121
Change Component Footprint: Designator=P4 Old Footprint=61300111121 New Footprint=61300111121
Change Component Footprint: Designator=P5 Old Footprint=61300111121 New Footprint=61300111121
Change Component Footprint: Designator=P6 Old Footprint=61300111121 New Footprint=61300111121
Change Component Footprint: Designator=P7 Old Footprint=61300111121 New Footprint=61300111121
Change Component Footprint: Designator=P8 Old Footprint=61300111121 New Footprint=61300111121
Change Component Footprint: Designator=P9 Old Footprint=61300111121 New Footprint=61300111121
Change Component Footprint: Designator=P10 Old Footprint=61300111121 New Footprint=61300111121
Change Component Footprint: Designator=P11 Old Footprint=61300111121 New Footprint=61300111121
Change Component Footprint: Designator=P12 Old Footprint=61300111121 New Footprint=61300111121
Change Component Footprint: Designator=P13 Old Footprint=61300111121 New Footprint=61300111121
Change Component Footprint: Designator=P14 Old Footprint=61300111121 New Footprint=61300111121
Change Component Footprint: Designator=P15 Old Footprint=61300111121 New Footprint=61300111121
Change Component Footprint: Designator=P16 Old Footprint=61300111121 New Footprint=61300111121
Change Component Footprint: Designator=P17 Old Footprint=61300111121 New Footprint=61300111121
Change Component Footprint: Designator=P18_PowerModuleCell_M1 Old Footprint=61300111121 New Footprint=61300111121
Change Component Footprint: Designator=P18_PowerModuleCell_M2 Old Footprint=61300111121 New Footprint=61300111121
Change Component Footprint: Designator=P18_PowerModuleCell_M3 Old Footprint=61300111121 New Footprint=61300111121
Change Component Footprint: Designator=P18_PowerModuleCell_M4 Old Footprint=61300111121 New Footprint=61300111121
Change Component Footprint: Designator=P19_PowerModuleCell_M1 Old Footprint=61300111121 New Footprint=61300111121
Change Component Footprint: Designator=P19_PowerModuleCell_M2 Old Footprint=61300111121 New Footprint=61300111121
Change Component Footprint: Designator=P19_PowerModuleCell_M3 Old Footprint=61300111121 New Footprint=61300111121
Change Component Footprint: Designator=P19_PowerModuleCell_M4 Old Footprint=61300111121 New Footprint=61300111121
Change Component Footprint: Designator=P20_PowerModuleCell_M1 Old Footprint=61300111121 New Footprint=61300111121
Change Component Footprint: Designator=P20_PowerModuleCell_M2 Old Footprint=61300111121 New Footprint=61300111121
Change Component Footprint: Designator=P20_PowerModuleCell_M3 Old Footprint=61300111121 New Footprint=61300111121
Change Component Footprint: Designator=P20_PowerModuleCell_M4 Old Footprint=61300111121 New Footprint=61300111121
Change Component Footprint: Designator=P21_PowerModuleCell_M1 Old Footprint=61300111121 New Footprint=61300111121
Change Component Footprint: Designator=P21_PowerModuleCell_M2 Old Footprint=61300111121 New Footprint=61300111121
Change Component Footprint: Designator=P21_PowerModuleCell_M3 Old Footprint=61300111121 New Footprint=61300111121
Change Component Footprint: Designator=P21_PowerModuleCell_M4 Old Footprint=61300111121 New Footprint=61300111121
Added Pin To Net: NetName=ProcessedParam_M1 Pin=R10_PowerModuleCell_M1-1
Added Pin To Net: NetName=NetR10_PowerModuleCell_M1_2 Pin=R10_PowerModuleCell_M1-2
Added Pin To Net: NetName=NetP19_PowerModuleCell_M1_1 Pin=R11_PowerModuleCell_M1-1
Added Pin To Net: NetName=NetQ1_PowerModuleCell_M1_12 Pin=R11_PowerModuleCell_M1-2
Added Pin To Net: NetName=RefParam_M1 Pin=R12_PowerModuleCell_M1-1
Added Pin To Net: NetName=NetR12_PowerModuleCell_M1_2 Pin=R12_PowerModuleCell_M1-2
Added Pin To Net: NetName=NetR14_PowerModuleCell_M1_1 Pin=R14_PowerModuleCell_M1-1
Added Pin To Net: NetName=NetR14_PowerModuleCell_M1_2 Pin=R14_PowerModuleCell_M1-2
Added Pin To Net: NetName=NetR14_PowerModuleCell_M1_1 Pin=R15_PowerModuleCell_M1-1
Added Pin To Net: NetName=NetR15_PowerModuleCell_M1_2 Pin=R15_PowerModuleCell_M1-2
Added Pin To Net: NetName=NetR16_PowerModuleCell_M1_1 Pin=R16_PowerModuleCell_M1-1
Added Pin To Net: NetName=NetR14_PowerModuleCell_M1_2 Pin=R16_PowerModuleCell_M1-2
Added Pin To Net: NetName=NetR17_PowerModuleCell_M1_1 Pin=R17_PowerModuleCell_M1-1
Added Pin To Net: NetName=NetR16_PowerModuleCell_M1_1 Pin=R17_PowerModuleCell_M1-2
Added Pin To Net: NetName=NetR15_PowerModuleCell_M1_2 Pin=R18_PowerModuleCell_M1-1
Added Pin To Net: NetName=CurrentSignal_M1 Pin=R18_PowerModuleCell_M1-2
Added Pin To Net: NetName=NetR19_PowerModuleCell_M1_1 Pin=R19_PowerModuleCell_M1-1
Added Pin To Net: NetName=NetR17_PowerModuleCell_M1_1 Pin=R19_PowerModuleCell_M1-2
Added Pin To Net: NetName=NetR20_PowerModuleCell_M1_1 Pin=R20_PowerModuleCell_M1-1
Added Pin To Net: NetName=NetR19_PowerModuleCell_M1_1 Pin=R20_PowerModuleCell_M1-2
Added Pin To Net: NetName=NetR20_PowerModuleCell_M1_1 Pin=R21_PowerModuleCell_M1-1
Added Pin To Net: NetName=Shunt_L_PowerModuleCell_M1 Pin=R21_PowerModuleCell_M1-2
Added Pin To Net: NetName=NetR15_PowerModuleCell_M1_2 Pin=U1_PowerModuleCell_M1-1
Added Pin To Net: NetName=NetR14_PowerModuleCell_M1_1 Pin=U1_PowerModuleCell_M1-2
Added Pin To Net: NetName=NetR20_PowerModuleCell_M1_1 Pin=U1_PowerModuleCell_M1-3
Added Pin To Net: NetName=Vcc_F Pin=U1_PowerModuleCell_M1-4
Added Pin To Net: NetName=NetR12_PowerModuleCell_M1_2 Pin=U1_PowerModuleCell_M1-5
Added Pin To Net: NetName=NetR10_PowerModuleCell_M1_2 Pin=U1_PowerModuleCell_M1-6
Added Pin To Net: NetName=NetP19_PowerModuleCell_M1_1 Pin=U1_PowerModuleCell_M1-7
Added Pin To Net: NetName=NetR19_PowerModuleCell_M1_1 Pin=U1_PowerModuleCell_M1-8
Added Pin To Net: NetName=NetR17_PowerModuleCell_M1_1 Pin=U1_PowerModuleCell_M1-9
Added Pin To Net: NetName=Shunt_H_PowerModuleCell_M1 Pin=U1_PowerModuleCell_M1-10
Added Pin To Net: NetName=Shunt_L_PowerModuleCell_M1 Pin=U1_PowerModuleCell_M1-11
Added Pin To Net: NetName=Shunt_L_PowerModuleCell_M1 Pin=U1_PowerModuleCell_M1-12
Added Pin To Net: NetName=NetR16_PowerModuleCell_M1_1 Pin=U1_PowerModuleCell_M1-13
Added Pin To Net: NetName=NetR14_PowerModuleCell_M1_2 Pin=U1_PowerModuleCell_M1-14
Added Member To Class: ClassName=PowerModuleCell_M1 Member=Component R10_PowerModuleCell_M1 (R10) 1K 1%, 0402
Added Member To Class: ClassName=PowerModuleCell_M1 Member=Component R11_PowerModuleCell_M1 (R11) 1K 1%, 0402
Added Member To Class: ClassName=PowerModuleCell_M1 Member=Component R12_PowerModuleCell_M1 (R12) 1K 1%, 0402
Added Member To Class: ClassName=PowerModuleCell_M1 Member=Component R14_PowerModuleCell_M1 (R14) 300 1%, 0402
Added Member To Class: ClassName=PowerModuleCell_M1 Member=Component R15_PowerModuleCell_M1 (R15) 1K 1%, 0402
Added Member To Class: ClassName=PowerModuleCell_M1 Member=Component R16_PowerModuleCell_M1 (R16) 100 1%, 0402
Added Member To Class: ClassName=PowerModuleCell_M1 Member=Component R17_PowerModuleCell_M1 (R17) 100 1%, 0402
Added Member To Class: ClassName=PowerModuleCell_M1 Member=Component R18_PowerModuleCell_M1 (R18) 1K 1%, 0402
Added Member To Class: ClassName=PowerModuleCell_M1 Member=Component R19_PowerModuleCell_M1 (R19) 100 1%, 0402
Added Member To Class: ClassName=PowerModuleCell_M1 Member=Component R20_PowerModuleCell_M1 (R20) 300 1%, 0402
Added Member To Class: ClassName=PowerModuleCell_M1 Member=Component R21_PowerModuleCell_M1 (R21) 1K 1%, 0402
Added Member To Class: ClassName=PowerModuleCell_M1 Member=Component U1_PowerModuleCell_M1 (U1A) LM324DR2G
Added Room: Name=PowerModule
