Removed Pin From Net: NetName=20V Pin=J24-1
Removed Pin From Net: NetName=Vcc Pin=R18_PowerModuleCell_M1-2
Removed Pin From Net: NetName=Vcc Pin=R18_PowerModuleCell_M2-2
Removed Pin From Net: NetName=Vcc Pin=R18_PowerModuleCell_M3-2
Removed Pin From Net: NetName=Vcc Pin=R18_PowerModuleCell_M4-2
Removed Pin From Net: NetName=Vcc Pin=R20_PowerModuleCell_M1-2
Removed Pin From Net: NetName=Vcc Pin=R20_PowerModuleCell_M2-2
Removed Pin From Net: NetName=Vcc Pin=R20_PowerModuleCell_M3-2
Removed Pin From Net: NetName=Vcc Pin=R20_PowerModuleCell_M4-2
Removed Member From Class: ClassName=PowerModule Member=D5
Change Component Designator: OldDesignator=C2 NewDesignator=C6
Change Component Designator: OldDesignator=C3 NewDesignator=C2
Change Component Designator: OldDesignator=C4 NewDesignator=C3
Change Component Designator: OldDesignator=C5 NewDesignator=C4
Change Component Designator: OldDesignator=C6 NewDesignator=C5
Change Component Designator: OldDesignator=D1 NewDesignator=D3
Change Component Designator: OldDesignator=D2 NewDesignator=D4
Change Component Designator: OldDesignator=D3_PowerModuleCell_M1 NewDesignator=D5_PowerModuleCell_M1
Change Component Designator: OldDesignator=D3_PowerModuleCell_M2 NewDesignator=D5_PowerModuleCell_M2
Change Component Designator: OldDesignator=D3_PowerModuleCell_M3 NewDesignator=D5_PowerModuleCell_M3
Change Component Designator: OldDesignator=D3_PowerModuleCell_M4 NewDesignator=D5_PowerModuleCell_M4
Change Component Designator: OldDesignator=D4 NewDesignator=D1
Change Component Designator: OldDesignator=D5 NewDesignator=D2
Change Component Designator: OldDesignator=J31 NewDesignator=J33
Change Component Designator: OldDesignator=J32 NewDesignator=J34
Change Component Designator: OldDesignator=J33 NewDesignator=J35
Change Component Designator: OldDesignator=J34 NewDesignator=J36
Change Component Designator: OldDesignator=J35 NewDesignator=J37
Change Component Designator: OldDesignator=J36 NewDesignator=J38
Change Component Designator: OldDesignator=J37_PowerModuleCell_M1 NewDesignator=J39_PowerModuleCell_M1
Change Component Designator: OldDesignator=J37_PowerModuleCell_M2 NewDesignator=J39_PowerModuleCell_M2
Change Component Designator: OldDesignator=J37_PowerModuleCell_M3 NewDesignator=J39_PowerModuleCell_M3
Change Component Designator: OldDesignator=J37_PowerModuleCell_M4 NewDesignator=J39_PowerModuleCell_M4
Change Component Designator: OldDesignator=J38_PowerModuleCell_M1 NewDesignator=J40_PowerModuleCell_M1
Change Component Designator: OldDesignator=J38_PowerModuleCell_M2 NewDesignator=J40_PowerModuleCell_M2
Change Component Designator: OldDesignator=J38_PowerModuleCell_M3 NewDesignator=J40_PowerModuleCell_M3
Change Component Designator: OldDesignator=J38_PowerModuleCell_M4 NewDesignator=J40_PowerModuleCell_M4
Change Component Designator: OldDesignator=J39_PowerModuleCell_M1 NewDesignator=J41_PowerModuleCell_M1
Change Component Designator: OldDesignator=J39_PowerModuleCell_M2 NewDesignator=J41_PowerModuleCell_M2
Change Component Designator: OldDesignator=J39_PowerModuleCell_M3 NewDesignator=J41_PowerModuleCell_M3
Change Component Designator: OldDesignator=J39_PowerModuleCell_M4 NewDesignator=J41_PowerModuleCell_M4
Change Component Designator: OldDesignator=J40_PowerModuleCell_M1 NewDesignator=J42_PowerModuleCell_M1
Change Component Designator: OldDesignator=J40_PowerModuleCell_M2 NewDesignator=J42_PowerModuleCell_M2
Change Component Designator: OldDesignator=J40_PowerModuleCell_M3 NewDesignator=J42_PowerModuleCell_M3
Change Component Designator: OldDesignator=J40_PowerModuleCell_M4 NewDesignator=J42_PowerModuleCell_M4
Change Component Designator: OldDesignator=R9 NewDesignator=R3
Change Component Designator: OldDesignator=R10 NewDesignator=R4
Change Component Designator: OldDesignator=R11 NewDesignator=R5
Change Component Designator: OldDesignator=R12 NewDesignator=R6
Change Component Designator: OldDesignator=R13 NewDesignator=R9
Change Component Designator: OldDesignator=R14 NewDesignator=R10
Change Component Designator: OldDesignator=R15 NewDesignator=R11
Change Component Designator: OldDesignator=R16 NewDesignator=R7
Change Component Designator: OldDesignator=R17 NewDesignator=R8
Change Component Designator: OldDesignator=R18_PowerModuleCell_M1 NewDesignator=R12_PowerModuleCell_M1
Change Component Designator: OldDesignator=R18_PowerModuleCell_M2 NewDesignator=R12_PowerModuleCell_M2
Change Component Designator: OldDesignator=R18_PowerModuleCell_M3 NewDesignator=R12_PowerModuleCell_M3
Change Component Designator: OldDesignator=R18_PowerModuleCell_M4 NewDesignator=R12_PowerModuleCell_M4
Change Component Designator: OldDesignator=R19_PowerModuleCell_M1 NewDesignator=R13_PowerModuleCell_M1
Change Component Designator: OldDesignator=R19_PowerModuleCell_M2 NewDesignator=R13_PowerModuleCell_M2
Change Component Designator: OldDesignator=R19_PowerModuleCell_M3 NewDesignator=R13_PowerModuleCell_M3
Change Component Designator: OldDesignator=R19_PowerModuleCell_M4 NewDesignator=R13_PowerModuleCell_M4
Change Component Designator: OldDesignator=R20_PowerModuleCell_M1 NewDesignator=R14_PowerModuleCell_M1
Change Component Designator: OldDesignator=R20_PowerModuleCell_M2 NewDesignator=R14_PowerModuleCell_M2
Change Component Designator: OldDesignator=R20_PowerModuleCell_M3 NewDesignator=R14_PowerModuleCell_M3
Change Component Designator: OldDesignator=R20_PowerModuleCell_M4 NewDesignator=R14_PowerModuleCell_M4
Change Component Designator: OldDesignator=R21_PowerModuleCell_M1 NewDesignator=R15_PowerModuleCell_M1
Change Component Designator: OldDesignator=R21_PowerModuleCell_M2 NewDesignator=R15_PowerModuleCell_M2
Change Component Designator: OldDesignator=R21_PowerModuleCell_M3 NewDesignator=R15_PowerModuleCell_M3
Change Component Designator: OldDesignator=R21_PowerModuleCell_M4 NewDesignator=R15_PowerModuleCell_M4
Change Component Designator: OldDesignator=R22_PowerModuleCell_M1 NewDesignator=R16_PowerModuleCell_M1
Change Component Designator: OldDesignator=R22_PowerModuleCell_M2 NewDesignator=R16_PowerModuleCell_M2
Change Component Designator: OldDesignator=R22_PowerModuleCell_M3 NewDesignator=R16_PowerModuleCell_M3
Change Component Designator: OldDesignator=R22_PowerModuleCell_M4 NewDesignator=R16_PowerModuleCell_M4
Change Component Designator: OldDesignator=R23_PowerModuleCell_M1 NewDesignator=R17_PowerModuleCell_M1
Change Component Designator: OldDesignator=R23_PowerModuleCell_M2 NewDesignator=R17_PowerModuleCell_M2
Change Component Designator: OldDesignator=R23_PowerModuleCell_M3 NewDesignator=R17_PowerModuleCell_M3
Change Component Designator: OldDesignator=R23_PowerModuleCell_M4 NewDesignator=R17_PowerModuleCell_M4
Change Component Designator: OldDesignator=R24_PowerModuleCell_M1 NewDesignator=R18_PowerModuleCell_M1
Change Component Designator: OldDesignator=R24_PowerModuleCell_M2 NewDesignator=R18_PowerModuleCell_M2
Change Component Designator: OldDesignator=R24_PowerModuleCell_M3 NewDesignator=R18_PowerModuleCell_M3
Change Component Designator: OldDesignator=R24_PowerModuleCell_M4 NewDesignator=R18_PowerModuleCell_M4
Change Component Designator: OldDesignator=R25_PowerModuleCell_M1 NewDesignator=R19_PowerModuleCell_M1
Change Component Designator: OldDesignator=R25_PowerModuleCell_M2 NewDesignator=R19_PowerModuleCell_M2
Change Component Designator: OldDesignator=R25_PowerModuleCell_M3 NewDesignator=R19_PowerModuleCell_M3
Change Component Designator: OldDesignator=R25_PowerModuleCell_M4 NewDesignator=R19_PowerModuleCell_M4
Change Component Designator: OldDesignator=R26_PowerModuleCell_M1 NewDesignator=R20_PowerModuleCell_M1
Change Component Designator: OldDesignator=R26_PowerModuleCell_M2 NewDesignator=R20_PowerModuleCell_M2
Change Component Designator: OldDesignator=R26_PowerModuleCell_M3 NewDesignator=R20_PowerModuleCell_M3
Change Component Designator: OldDesignator=R26_PowerModuleCell_M4 NewDesignator=R20_PowerModuleCell_M4
Change Component Designator: OldDesignator=R27_PowerModuleCell_M1 NewDesignator=R21_PowerModuleCell_M1
Change Component Designator: OldDesignator=R27_PowerModuleCell_M2 NewDesignator=R21_PowerModuleCell_M2
Change Component Designator: OldDesignator=R27_PowerModuleCell_M3 NewDesignator=R21_PowerModuleCell_M3
Change Component Designator: OldDesignator=R27_PowerModuleCell_M4 NewDesignator=R21_PowerModuleCell_M4
Change Component Designator: OldDesignator=R28_PowerModuleCell_M1 NewDesignator=R22_PowerModuleCell_M1
Change Component Designator: OldDesignator=R28_PowerModuleCell_M2 NewDesignator=R22_PowerModuleCell_M2
Change Component Designator: OldDesignator=R28_PowerModuleCell_M3 NewDesignator=R22_PowerModuleCell_M3
Change Component Designator: OldDesignator=R28_PowerModuleCell_M4 NewDesignator=R22_PowerModuleCell_M4
Change Component Designator: OldDesignator=R29_PowerModuleCell_M1 NewDesignator=R23_PowerModuleCell_M1
Change Component Designator: OldDesignator=R29_PowerModuleCell_M2 NewDesignator=R23_PowerModuleCell_M2
Change Component Designator: OldDesignator=R29_PowerModuleCell_M3 NewDesignator=R23_PowerModuleCell_M3
Change Component Designator: OldDesignator=R29_PowerModuleCell_M4 NewDesignator=R23_PowerModuleCell_M4
Change Component Designator: OldDesignator=R30_PowerModuleCell_M1 NewDesignator=R24_PowerModuleCell_M1
Change Component Designator: OldDesignator=R30_PowerModuleCell_M2 NewDesignator=R24_PowerModuleCell_M2
Change Component Designator: OldDesignator=R30_PowerModuleCell_M3 NewDesignator=R24_PowerModuleCell_M3
Change Component Designator: OldDesignator=R30_PowerModuleCell_M4 NewDesignator=R24_PowerModuleCell_M4
Change Component Designator: OldDesignator=R31_PowerModuleCell_M1 NewDesignator=R25_PowerModuleCell_M1
Change Component Designator: OldDesignator=R31_PowerModuleCell_M2 NewDesignator=R25_PowerModuleCell_M2
Change Component Designator: OldDesignator=R31_PowerModuleCell_M3 NewDesignator=R25_PowerModuleCell_M3
Change Component Designator: OldDesignator=R31_PowerModuleCell_M4 NewDesignator=R25_PowerModuleCell_M4
Change Component Designator: OldDesignator=R32_PowerModuleCell_M1 NewDesignator=R26_PowerModuleCell_M1
Change Component Designator: OldDesignator=R32_PowerModuleCell_M2 NewDesignator=R26_PowerModuleCell_M2
Change Component Designator: OldDesignator=R32_PowerModuleCell_M3 NewDesignator=R26_PowerModuleCell_M3
Change Component Designator: OldDesignator=R32_PowerModuleCell_M4 NewDesignator=R26_PowerModuleCell_M4
Change Component Designator: OldDesignator=R33_PowerModuleCell_M1 NewDesignator=R27_PowerModuleCell_M1
Change Component Designator: OldDesignator=R33_PowerModuleCell_M2 NewDesignator=R27_PowerModuleCell_M2
Change Component Designator: OldDesignator=R33_PowerModuleCell_M3 NewDesignator=R27_PowerModuleCell_M3
Change Component Designator: OldDesignator=R33_PowerModuleCell_M4 NewDesignator=R27_PowerModuleCell_M4
Change Component Designator: OldDesignator=R34_PowerModuleCell_M1 NewDesignator=R28_PowerModuleCell_M1
Change Component Designator: OldDesignator=R34_PowerModuleCell_M2 NewDesignator=R28_PowerModuleCell_M2
Change Component Designator: OldDesignator=R34_PowerModuleCell_M3 NewDesignator=R28_PowerModuleCell_M3
Change Component Designator: OldDesignator=R34_PowerModuleCell_M4 NewDesignator=R28_PowerModuleCell_M4
Change Component Designator: OldDesignator=R35_PowerModuleCell_M1 NewDesignator=R29_PowerModuleCell_M1
Change Component Designator: OldDesignator=R35_PowerModuleCell_M2 NewDesignator=R29_PowerModuleCell_M2
Change Component Designator: OldDesignator=R35_PowerModuleCell_M3 NewDesignator=R29_PowerModuleCell_M3
Change Component Designator: OldDesignator=R35_PowerModuleCell_M4 NewDesignator=R29_PowerModuleCell_M4
Change Component Designator: OldDesignator=R40 NewDesignator=R1
Change Component Designator: OldDesignator=R41 NewDesignator=R2
Change Component Designator: OldDesignator=U3 NewDesignator=U2
Change Component Designator: OldDesignator=U4 NewDesignator=U3
Change Component Designator: OldDesignator=U5_PowerModuleCell_M1 NewDesignator=U4_PowerModuleCell_M1
Change Component Designator: OldDesignator=U5_PowerModuleCell_M2 NewDesignator=U4_PowerModuleCell_M2
Change Component Designator: OldDesignator=U5_PowerModuleCell_M3 NewDesignator=U4_PowerModuleCell_M3
Change Component Designator: OldDesignator=U5_PowerModuleCell_M4 NewDesignator=U4_PowerModuleCell_M4
Added Component: Designator=J31(TestPad)
Add component (AddParameter): Name = "Arrow Part Number"; Value = ""; VariantName = "[No Variations]"
Add component (AddParameter): Name = "Arrow Price/Stock"; Value = ""; VariantName = "[No Variations]"
Add component (AddParameter): Name = "Datasheet Link"; Value = "https://katalog.we-online.de/em/datasheet/6130xx11121.pdf"; VariantName = "[No Variations]"
Add component (AddParameter): Name = "Height"; Value = "8.89mm"; VariantName = "[No Variations]"
Add component (AddParameter): Name = "Manufacturer_Name"; Value = "Wurth Elektronik"; VariantName = "[No Variations]"
Add component (AddParameter): Name = "Manufacturer_Part_Number"; Value = "61300111121"; VariantName = "[No Variations]"
Add component (AddParameter): Name = "Mouser Part Number"; Value = "710-61300111121"; VariantName = "[No Variations]"
Add component (AddParameter): Name = "Mouser Price/Stock"; Value = "https://www.mouser.co.uk/ProductDetail/Wurth-Elektronik/61300111121?qs=PhR8RmCirEaRH5Ck%252B2lRLQ%3D%3D"; VariantName = "[No Variations]"
Added Component: Designator=J32(TestPad)
Add component (AddParameter): Name = "Arrow Part Number"; Value = ""; VariantName = "[No Variations]"
Add component (AddParameter): Name = "Arrow Price/Stock"; Value = ""; VariantName = "[No Variations]"
Add component (AddParameter): Name = "Datasheet Link"; Value = "https://katalog.we-online.de/em/datasheet/6130xx11121.pdf"; VariantName = "[No Variations]"
Add component (AddParameter): Name = "Height"; Value = "8.89mm"; VariantName = "[No Variations]"
Add component (AddParameter): Name = "Manufacturer_Name"; Value = "Wurth Elektronik"; VariantName = "[No Variations]"
Add component (AddParameter): Name = "Manufacturer_Part_Number"; Value = "61300111121"; VariantName = "[No Variations]"
Add component (AddParameter): Name = "Mouser Part Number"; Value = "710-61300111121"; VariantName = "[No Variations]"
Add component (AddParameter): Name = "Mouser Price/Stock"; Value = "https://www.mouser.co.uk/ProductDetail/Wurth-Elektronik/61300111121?qs=PhR8RmCirEaRH5Ck%252B2lRLQ%3D%3D"; VariantName = "[No Variations]"
Added Pin To Net: NetName=20V_F Pin=C10_PowerModuleCell_M1-1
Added Pin To Net: NetName=20V_F Pin=C10_PowerModuleCell_M2-1
Added Pin To Net: NetName=20V_F Pin=C10_PowerModuleCell_M3-1
Added Pin To Net: NetName=20V_F Pin=C10_PowerModuleCell_M4-1
Added Pin To Net: NetName=20V_F Pin=J24-1
Added Pin To Net: NetName=3V3_F Pin=J30-1
Added Pin To Net: NetName=GND Pin=J31-1
Added Pin To Net: NetName=GND Pin=J32-1
Added Pin To Net: NetName=3V3 Pin=R12_PowerModuleCell_M1-2
Added Pin To Net: NetName=3V3 Pin=R12_PowerModuleCell_M2-2
Added Pin To Net: NetName=3V3 Pin=R12_PowerModuleCell_M3-2
Added Pin To Net: NetName=3V3 Pin=R12_PowerModuleCell_M4-2
Added Pin To Net: NetName=3V3 Pin=R14_PowerModuleCell_M1-2
Added Pin To Net: NetName=3V3 Pin=R14_PowerModuleCell_M2-2
Added Pin To Net: NetName=3V3 Pin=R14_PowerModuleCell_M3-2
Added Pin To Net: NetName=3V3 Pin=R14_PowerModuleCell_M4-2
Change Net Name : Old Net Name=NetC5_2 New Net Name=NetC4_2
Change Net Name : Old Net Name=NetD1_2 New Net Name=NetD3_2
Change Net Name : Old Net Name=NetD2_2 New Net Name=NetD4_2
Change Net Name : Old Net Name=NetD3_PowerModuleCell_M1_2 New Net Name=NetD5_PowerModuleCell_M1_2
Change Net Name : Old Net Name=NetD3_PowerModuleCell_M2_2 New Net Name=NetD5_PowerModuleCell_M2_2
Change Net Name : Old Net Name=NetD3_PowerModuleCell_M3_2 New Net Name=NetD5_PowerModuleCell_M3_2
Change Net Name : Old Net Name=NetD3_PowerModuleCell_M4_2 New Net Name=NetD5_PowerModuleCell_M4_2
Change Net Name : Old Net Name=NetD4_2 New Net Name=NetD1_2
Change Net Name : Old Net Name=NetD5_2 New Net Name=NetD2_2
Change Net Name : Old Net Name=NetR12_2 New Net Name=NetR6_2
Change Net Name : Old Net Name=NetR19_PowerModuleCell_M1_2 New Net Name=NetR13_PowerModuleCell_M1_2
Change Net Name : Old Net Name=NetR19_PowerModuleCell_M2_2 New Net Name=NetR13_PowerModuleCell_M2_2
Change Net Name : Old Net Name=NetR19_PowerModuleCell_M3_2 New Net Name=NetR13_PowerModuleCell_M3_2
Change Net Name : Old Net Name=NetR19_PowerModuleCell_M4_2 New Net Name=NetR13_PowerModuleCell_M4_2
Change Net Name : Old Net Name=NetR22_PowerModuleCell_M1_2 New Net Name=NetR16_PowerModuleCell_M1_2
Change Net Name : Old Net Name=NetR22_PowerModuleCell_M2_2 New Net Name=NetR16_PowerModuleCell_M2_2
Change Net Name : Old Net Name=NetR22_PowerModuleCell_M3_2 New Net Name=NetR16_PowerModuleCell_M3_2
Change Net Name : Old Net Name=NetR22_PowerModuleCell_M4_2 New Net Name=NetR16_PowerModuleCell_M4_2
Change Net Name : Old Net Name=NetR26_PowerModuleCell_M1_1 New Net Name=NetR20_PowerModuleCell_M1_1
Change Net Name : Old Net Name=NetR26_PowerModuleCell_M1_2 New Net Name=NetR20_PowerModuleCell_M1_2
Change Net Name : Old Net Name=NetR26_PowerModuleCell_M2_1 New Net Name=NetR20_PowerModuleCell_M2_1
Change Net Name : Old Net Name=NetR26_PowerModuleCell_M2_2 New Net Name=NetR20_PowerModuleCell_M2_2
Change Net Name : Old Net Name=NetR26_PowerModuleCell_M3_1 New Net Name=NetR20_PowerModuleCell_M3_1
Change Net Name : Old Net Name=NetR26_PowerModuleCell_M3_2 New Net Name=NetR20_PowerModuleCell_M3_2
Change Net Name : Old Net Name=NetR26_PowerModuleCell_M4_1 New Net Name=NetR20_PowerModuleCell_M4_1
Change Net Name : Old Net Name=NetR26_PowerModuleCell_M4_2 New Net Name=NetR20_PowerModuleCell_M4_2
Change Net Name : Old Net Name=NetR27_PowerModuleCell_M1_2 New Net Name=NetR21_PowerModuleCell_M1_2
Change Net Name : Old Net Name=NetR27_PowerModuleCell_M2_2 New Net Name=NetR21_PowerModuleCell_M2_2
Change Net Name : Old Net Name=NetR27_PowerModuleCell_M3_2 New Net Name=NetR21_PowerModuleCell_M3_2
Change Net Name : Old Net Name=NetR27_PowerModuleCell_M4_2 New Net Name=NetR21_PowerModuleCell_M4_2
Change Net Name : Old Net Name=NetR28_PowerModuleCell_M1_1 New Net Name=NetR22_PowerModuleCell_M1_1
Change Net Name : Old Net Name=NetR28_PowerModuleCell_M2_1 New Net Name=NetR22_PowerModuleCell_M2_1
Change Net Name : Old Net Name=NetR28_PowerModuleCell_M3_1 New Net Name=NetR22_PowerModuleCell_M3_1
Change Net Name : Old Net Name=NetR28_PowerModuleCell_M4_1 New Net Name=NetR22_PowerModuleCell_M4_1
Change Net Name : Old Net Name=NetR29_PowerModuleCell_M1_1 New Net Name=NetR23_PowerModuleCell_M1_1
Change Net Name : Old Net Name=NetR29_PowerModuleCell_M2_1 New Net Name=NetR23_PowerModuleCell_M2_1
Change Net Name : Old Net Name=NetR29_PowerModuleCell_M3_1 New Net Name=NetR23_PowerModuleCell_M3_1
Change Net Name : Old Net Name=NetR29_PowerModuleCell_M4_1 New Net Name=NetR23_PowerModuleCell_M4_1
Change Net Name : Old Net Name=NetR33_PowerModuleCell_M1_1 New Net Name=NetR27_PowerModuleCell_M1_1
Change Net Name : Old Net Name=NetR33_PowerModuleCell_M2_1 New Net Name=NetR27_PowerModuleCell_M2_1
Change Net Name : Old Net Name=NetR33_PowerModuleCell_M3_1 New Net Name=NetR27_PowerModuleCell_M3_1
Change Net Name : Old Net Name=NetR33_PowerModuleCell_M4_1 New Net Name=NetR27_PowerModuleCell_M4_1
Change Net Name : Old Net Name=NetR34_PowerModuleCell_M1_1 New Net Name=NetR28_PowerModuleCell_M1_1
Change Net Name : Old Net Name=NetR34_PowerModuleCell_M2_1 New Net Name=NetR28_PowerModuleCell_M2_1
Change Net Name : Old Net Name=NetR34_PowerModuleCell_M3_1 New Net Name=NetR28_PowerModuleCell_M3_1
Change Net Name : Old Net Name=NetR34_PowerModuleCell_M4_1 New Net Name=NetR28_PowerModuleCell_M4_1
Added Member To Class: ClassName=PowerModule Member=Component D3 150060RS75000
Added Member To Class: ClassName=PowerModule Member=Component J37 TestPad
Added Member To Class: ClassName=PowerModule Member=Component J38 TestPad
