Removed Pin From Net: NetName=GND_1 Pin=C24-1
Removed Pin From Net: NetName=Vcc_1 Pin=C24-2
Removed Pin From Net: NetName=GND_1 Pin=C25-1
Removed Pin From Net: NetName=Vcc_1 Pin=C25-2
Removed Pin From Net: NetName=GND_1 Pin=C26-1
Removed Pin From Net: NetName=Vcc_1 Pin=C26-2
Removed Pin From Net: NetName=GND_1 Pin=C27-1
Removed Pin From Net: NetName=Vcc_1 Pin=C27-2
Removed Member From Class: ClassName=ISO_Signals Member=C24
Removed Member From Class: ClassName=ISO_Signals Member=C25
Removed Member From Class: ClassName=ISO_Signals Member=C26
Removed Member From Class: ClassName=ISO_Signals Member=C27
Change Component Footprint: Designator=R36_Opto1 Old Footprint=FP-ERJ2RK-MFG New Footprint=FP-ERJ2RK-MFG
Change Component Footprint: Designator=R36_Opto2 Old Footprint=FP-ERJ2RK-MFG New Footprint=FP-ERJ2RK-MFG
Change Component Footprint: Designator=D2 Old Footprint=WL-SMCW_0603_150060xx75000 New Footprint=WL-SMCW_0603_150060xx75000
Change Component Designator: OldDesignator=C6_PowerModuleCell_M1 NewDesignator=C14_PowerModuleCell_M1
Change Component Designator: OldDesignator=C6_PowerModuleCell_M2 NewDesignator=C14_PowerModuleCell_M2
Change Component Designator: OldDesignator=C6_PowerModuleCell_M3 NewDesignator=C14_PowerModuleCell_M3
Change Component Designator: OldDesignator=C6_PowerModuleCell_M4 NewDesignator=C14_PowerModuleCell_M4
Change Component Designator: OldDesignator=C7_PowerModuleCell_M1 NewDesignator=C15_PowerModuleCell_M1
Change Component Designator: OldDesignator=C7_PowerModuleCell_M2 NewDesignator=C15_PowerModuleCell_M2
Change Component Designator: OldDesignator=C7_PowerModuleCell_M3 NewDesignator=C15_PowerModuleCell_M3
Change Component Designator: OldDesignator=C7_PowerModuleCell_M4 NewDesignator=C15_PowerModuleCell_M4
Change Component Designator: OldDesignator=C8_PowerModuleCell_M1 NewDesignator=C16_PowerModuleCell_M1
Change Component Designator: OldDesignator=C8_PowerModuleCell_M2 NewDesignator=C16_PowerModuleCell_M2
Change Component Designator: OldDesignator=C8_PowerModuleCell_M3 NewDesignator=C16_PowerModuleCell_M3
Change Component Designator: OldDesignator=C8_PowerModuleCell_M4 NewDesignator=C16_PowerModuleCell_M4
Change Component Designator: OldDesignator=C9_PowerModuleCell_M1 NewDesignator=C17_PowerModuleCell_M1
Change Component Designator: OldDesignator=C9_PowerModuleCell_M2 NewDesignator=C17_PowerModuleCell_M2
Change Component Designator: OldDesignator=C9_PowerModuleCell_M3 NewDesignator=C17_PowerModuleCell_M3
Change Component Designator: OldDesignator=C9_PowerModuleCell_M4 NewDesignator=C17_PowerModuleCell_M4
Change Component Designator: OldDesignator=C10_PowerModuleCell_M1 NewDesignator=C18_PowerModuleCell_M1
Change Component Designator: OldDesignator=C10_PowerModuleCell_M2 NewDesignator=C18_PowerModuleCell_M2
Change Component Designator: OldDesignator=C10_PowerModuleCell_M3 NewDesignator=C18_PowerModuleCell_M3
Change Component Designator: OldDesignator=C10_PowerModuleCell_M4 NewDesignator=C18_PowerModuleCell_M4
Change Component Designator: OldDesignator=C11_PowerModuleCell_M1 NewDesignator=C19_PowerModuleCell_M1
Change Component Designator: OldDesignator=C11_PowerModuleCell_M2 NewDesignator=C19_PowerModuleCell_M2
Change Component Designator: OldDesignator=C11_PowerModuleCell_M3 NewDesignator=C19_PowerModuleCell_M3
Change Component Designator: OldDesignator=C11_PowerModuleCell_M4 NewDesignator=C19_PowerModuleCell_M4
Change Component Designator: OldDesignator=C12_PowerModuleCell_M1 NewDesignator=C20_PowerModuleCell_M1
Change Component Designator: OldDesignator=C12_PowerModuleCell_M2 NewDesignator=C20_PowerModuleCell_M2
Change Component Designator: OldDesignator=C12_PowerModuleCell_M3 NewDesignator=C20_PowerModuleCell_M3
Change Component Designator: OldDesignator=C12_PowerModuleCell_M4 NewDesignator=C20_PowerModuleCell_M4
Change Component Designator: OldDesignator=C17 NewDesignator=C25
Change Component Designator: OldDesignator=C18 NewDesignator=C26
Change Component Designator: OldDesignator=C19 NewDesignator=C27
Change Component Designator: OldDesignator=C20 NewDesignator=C28
Change Component Designator: OldDesignator=C21 NewDesignator=C29
Change Component Designator: OldDesignator=C22 NewDesignator=C30
Change Component Designator: OldDesignator=C23 NewDesignator=C31
Added Component: Designator=C6(CAPC2012X88N)
Add component (AddParameter): Name = "Arrow Part Number"; Value = "C0805C104M5RAC"; VariantName = "[No Variations]"
Add component (AddParameter): Name = "Arrow Price/Stock"; Value = "https://www.arrow.com/en/products/c0805c104m5rac/kemet-corporation?utm_currency=USD&region=nac"; VariantName = "[No Variations]"
Add component (AddParameter): Name = "Datasheet Link"; Value = "https://connect.kemet.com:7667/gateway/IntelliData-ComponentDocumentation/1.0/download/specsheet/C0805C104M5RAC%7bBULK%7d"; VariantName = "[No Variations]"
Add component (AddParameter): Name = "Height"; Value = "0.88mm"; VariantName = "[No Variations]"
Add component (AddParameter): Name = "Manufacturer_Name"; Value = "KEMET"; VariantName = "[No Variations]"
Add component (AddParameter): Name = "Manufacturer_Part_Number"; Value = "C0805C104M5RAC"; VariantName = "[No Variations]"
Add component (AddParameter): Name = "Mouser Part Number"; Value = "80-C0805C104M5RAC"; VariantName = "[No Variations]"
Add component (AddParameter): Name = "Mouser Price/Stock"; Value = "https://www.mouser.co.uk/ProductDetail/KEMET/C0805C104M5RAC?qs=VOOUd%252Bza08rWzt4y8eXMuQ%3D%3D"; VariantName = "[No Variations]"
Added Component: Designator=C7(CAPC2012X145N)
Add component (AddParameter): Name = "Arrow Part Number"; Value = "GRM21BR61H475ME51L"; VariantName = "[No Variations]"
Add component (AddParameter): Name = "Arrow Price/Stock"; Value = "https://www.arrow.com/en/products/grm21br61h475me51l/murata-manufacturing?region=nac"; VariantName = "[No Variations]"
Add component (AddParameter): Name = "Datasheet Link"; Value = "https://search.murata.co.jp/Ceramy/image/img/A01X/G101/ENG/GRM21BR61H475ME51-01A.pdf"; VariantName = "[No Variations]"
Add component (AddParameter): Name = "Height"; Value = "1.45mm"; VariantName = "[No Variations]"
Add component (AddParameter): Name = "Manufacturer_Name"; Value = "Murata Electronics"; VariantName = "[No Variations]"
Add component (AddParameter): Name = "Manufacturer_Part_Number"; Value = "GRM21BR61H475ME51L"; VariantName = "[No Variations]"
Add component (AddParameter): Name = "Mouser Part Number"; Value = "81-GRM21BR61H475M51L"; VariantName = "[No Variations]"
Add component (AddParameter): Name = "Mouser Price/Stock"; Value = "https://www.mouser.co.uk/ProductDetail/Murata-Electronics/GRM21BR61H475ME51L?qs=eeBpzGFlv%252B%2Fg0wAeHy0eJw%3D%3D"; VariantName = "[No Variations]"
Added Component: Designator=C8(CAPC2012X88N)
Add component (AddParameter): Name = "Arrow Part Number"; Value = "C0805C104M5RAC"; VariantName = "[No Variations]"
Add component (AddParameter): Name = "Arrow Price/Stock"; Value = "https://www.arrow.com/en/products/c0805c104m5rac/kemet-corporation?utm_currency=USD&region=nac"; VariantName = "[No Variations]"
Add component (AddParameter): Name = "Datasheet Link"; Value = "https://connect.kemet.com:7667/gateway/IntelliData-ComponentDocumentation/1.0/download/specsheet/C0805C104M5RAC%7bBULK%7d"; VariantName = "[No Variations]"
Add component (AddParameter): Name = "Height"; Value = "0.88mm"; VariantName = "[No Variations]"
Add component (AddParameter): Name = "Manufacturer_Name"; Value = "KEMET"; VariantName = "[No Variations]"
Add component (AddParameter): Name = "Manufacturer_Part_Number"; Value = "C0805C104M5RAC"; VariantName = "[No Variations]"
Add component (AddParameter): Name = "Mouser Part Number"; Value = "80-C0805C104M5RAC"; VariantName = "[No Variations]"
Add component (AddParameter): Name = "Mouser Price/Stock"; Value = "https://www.mouser.co.uk/ProductDetail/KEMET/C0805C104M5RAC?qs=VOOUd%252Bza08rWzt4y8eXMuQ%3D%3D"; VariantName = "[No Variations]"
Added Component: Designator=C9(CAPC2012X145N)
Add component (AddParameter): Name = "Arrow Part Number"; Value = "GRM21BR61H475ME51L"; VariantName = "[No Variations]"
Add component (AddParameter): Name = "Arrow Price/Stock"; Value = "https://www.arrow.com/en/products/grm21br61h475me51l/murata-manufacturing?region=nac"; VariantName = "[No Variations]"
Add component (AddParameter): Name = "Datasheet Link"; Value = "https://search.murata.co.jp/Ceramy/image/img/A01X/G101/ENG/GRM21BR61H475ME51-01A.pdf"; VariantName = "[No Variations]"
Add component (AddParameter): Name = "Height"; Value = "1.45mm"; VariantName = "[No Variations]"
Add component (AddParameter): Name = "Manufacturer_Name"; Value = "Murata Electronics"; VariantName = "[No Variations]"
Add component (AddParameter): Name = "Manufacturer_Part_Number"; Value = "GRM21BR61H475ME51L"; VariantName = "[No Variations]"
Add component (AddParameter): Name = "Mouser Part Number"; Value = "81-GRM21BR61H475M51L"; VariantName = "[No Variations]"
Add component (AddParameter): Name = "Mouser Price/Stock"; Value = "https://www.mouser.co.uk/ProductDetail/Murata-Electronics/GRM21BR61H475ME51L?qs=eeBpzGFlv%252B%2Fg0wAeHy0eJw%3D%3D"; VariantName = "[No Variations]"
Added Component: Designator=C10(CAPC2012X88N)
Add component (AddParameter): Name = "Arrow Part Number"; Value = "C0805C104M5RAC"; VariantName = "[No Variations]"
Add component (AddParameter): Name = "Arrow Price/Stock"; Value = "https://www.arrow.com/en/products/c0805c104m5rac/kemet-corporation?utm_currency=USD&region=nac"; VariantName = "[No Variations]"
Add component (AddParameter): Name = "Datasheet Link"; Value = "https://connect.kemet.com:7667/gateway/IntelliData-ComponentDocumentation/1.0/download/specsheet/C0805C104M5RAC%7bBULK%7d"; VariantName = "[No Variations]"
Add component (AddParameter): Name = "Height"; Value = "0.88mm"; VariantName = "[No Variations]"
Add component (AddParameter): Name = "Manufacturer_Name"; Value = "KEMET"; VariantName = "[No Variations]"
Add component (AddParameter): Name = "Manufacturer_Part_Number"; Value = "C0805C104M5RAC"; VariantName = "[No Variations]"
Add component (AddParameter): Name = "Mouser Part Number"; Value = "80-C0805C104M5RAC"; VariantName = "[No Variations]"
Add component (AddParameter): Name = "Mouser Price/Stock"; Value = "https://www.mouser.co.uk/ProductDetail/KEMET/C0805C104M5RAC?qs=VOOUd%252Bza08rWzt4y8eXMuQ%3D%3D"; VariantName = "[No Variations]"
Added Component: Designator=C11(GRM15x)
Add component (AddParameter): Name = "Arrow Part Number"; Value = "GRM155R61H105KE05J"; VariantName = "[No Variations]"
Add component (AddParameter): Name = "Arrow Price/Stock"; Value = "https://www.arrow.com/en/products/grm155r61h105ke05j/murata-manufacturing?region=nac"; VariantName = "[No Variations]"
Add component (AddParameter): Name = "Datasheet Link"; Value = "https://search.murata.co.jp/Ceramy/image/img/A01X/G101/ENG/GRM155R61H105KE05-01A.pdf"; VariantName = "[No Variations]"
Add component (AddParameter): Name = "Height"; Value = "0.33mm"; VariantName = "[No Variations]"
Add component (AddParameter): Name = "Manufacturer_Name"; Value = "Murata Electronics"; VariantName = "[No Variations]"
Add component (AddParameter): Name = "Manufacturer_Part_Number"; Value = "GRM155R61H105KE05J"; VariantName = "[No Variations]"
Add component (AddParameter): Name = "Mouser Part Number"; Value = "81-GRM155R61H105KE5J"; VariantName = "[No Variations]"
Add component (AddParameter): Name = "Mouser Price/Stock"; Value = "https://www.mouser.co.uk/ProductDetail/Murata-Electronics/GRM155R61H105KE05J?qs=d0WKAl%252BL4KZilUxqJ3m7lA%3D%3D"; VariantName = "[No Variations]"
Added Component: Designator=C12(CAPC1608X87N)
Add component (AddParameter): Name = "Arrow Part Number"; Value = "C0603C103J5RAC"; VariantName = "[No Variations]"
Add component (AddParameter): Name = "Arrow Price/Stock"; Value = "https://www.arrow.com/en/products/c0603c103j5rac/kemet-corporation?region=nac"; VariantName = "[No Variations]"
Add component (AddParameter): Name = "Datasheet Link"; Value = "https://www.kemet.com/specsheet/C0603C103J5RAC%7BBULK%7D"; VariantName = "[No Variations]"
Add component (AddParameter): Name = "Height"; Value = "0.87mm"; VariantName = "[No Variations]"
Add component (AddParameter): Name = "Manufacturer_Name"; Value = "KEMET"; VariantName = "[No Variations]"
Add component (AddParameter): Name = "Manufacturer_Part_Number"; Value = "C0603C103J5RAC"; VariantName = "[No Variations]"
Add component (AddParameter): Name = "Mouser Part Number"; Value = "80-C0603C103J5RAC"; VariantName = "[No Variations]"
Add component (AddParameter): Name = "Mouser Price/Stock"; Value = "https://www.mouser.co.uk/ProductDetail/KEMET/C0603C103J5RAC?qs=Zjfhvh7dXTOjKlZBdCXdvg%3D%3D"; VariantName = "[No Variations]"
Added Component: Designator=C13(GRM15x)
Add component (AddParameter): Name = "Arrow Part Number"; Value = "GRM155R61H105KE05J"; VariantName = "[No Variations]"
Add component (AddParameter): Name = "Arrow Price/Stock"; Value = "https://www.arrow.com/en/products/grm155r61h105ke05j/murata-manufacturing?region=nac"; VariantName = "[No Variations]"
Add component (AddParameter): Name = "Datasheet Link"; Value = "https://search.murata.co.jp/Ceramy/image/img/A01X/G101/ENG/GRM155R61H105KE05-01A.pdf"; VariantName = "[No Variations]"
Add component (AddParameter): Name = "Height"; Value = "0.33mm"; VariantName = "[No Variations]"
Add component (AddParameter): Name = "Manufacturer_Name"; Value = "Murata Electronics"; VariantName = "[No Variations]"
Add component (AddParameter): Name = "Manufacturer_Part_Number"; Value = "GRM155R61H105KE05J"; VariantName = "[No Variations]"
Add component (AddParameter): Name = "Mouser Part Number"; Value = "81-GRM155R61H105KE5J"; VariantName = "[No Variations]"
Add component (AddParameter): Name = "Mouser Price/Stock"; Value = "https://www.mouser.co.uk/ProductDetail/Murata-Electronics/GRM155R61H105KE05J?qs=d0WKAl%252BL4KZilUxqJ3m7lA%3D%3D"; VariantName = "[No Variations]"
Added Component: Designator=C32(CAPC2012X88N)
Add component (AddParameter): Name = "Arrow Part Number"; Value = "C0805C104M5RAC"; VariantName = "[No Variations]"
Add component (AddParameter): Name = "Arrow Price/Stock"; Value = "https://www.arrow.com/en/products/c0805c104m5rac/kemet-corporation?utm_currency=USD&region=nac"; VariantName = "[No Variations]"
Add component (AddParameter): Name = "Datasheet Link"; Value = "https://connect.kemet.com:7667/gateway/IntelliData-ComponentDocumentation/1.0/download/specsheet/C0805C104M5RAC%7bBULK%7d"; VariantName = "[No Variations]"
Add component (AddParameter): Name = "Height"; Value = "0.88mm"; VariantName = "[No Variations]"
Add component (AddParameter): Name = "Manufacturer_Name"; Value = "KEMET"; VariantName = "[No Variations]"
Add component (AddParameter): Name = "Manufacturer_Part_Number"; Value = "C0805C104M5RAC"; VariantName = "[No Variations]"
Add component (AddParameter): Name = "Mouser Part Number"; Value = "80-C0805C104M5RAC"; VariantName = "[No Variations]"
Add component (AddParameter): Name = "Mouser Price/Stock"; Value = "https://www.mouser.co.uk/ProductDetail/KEMET/C0805C104M5RAC?qs=VOOUd%252Bza08rWzt4y8eXMuQ%3D%3D"; VariantName = "[No Variations]"
Added Component: Designator=C33(CAPC1608X87N)
Add component (AddParameter): Name = "Arrow Part Number"; Value = "C0603C103J5RAC"; VariantName = "[No Variations]"
Add component (AddParameter): Name = "Arrow Price/Stock"; Value = "https://www.arrow.com/en/products/c0603c103j5rac/kemet-corporation?region=nac"; VariantName = "[No Variations]"
Add component (AddParameter): Name = "Datasheet Link"; Value = "https://www.kemet.com/specsheet/C0603C103J5RAC%7BBULK%7D"; VariantName = "[No Variations]"
Add component (AddParameter): Name = "Height"; Value = "0.87mm"; VariantName = "[No Variations]"
Add component (AddParameter): Name = "Manufacturer_Name"; Value = "KEMET"; VariantName = "[No Variations]"
Add component (AddParameter): Name = "Manufacturer_Part_Number"; Value = "C0603C103J5RAC"; VariantName = "[No Variations]"
Add component (AddParameter): Name = "Mouser Part Number"; Value = "80-C0603C103J5RAC"; VariantName = "[No Variations]"
Add component (AddParameter): Name = "Mouser Price/Stock"; Value = "https://www.mouser.co.uk/ProductDetail/KEMET/C0603C103J5RAC?qs=Zjfhvh7dXTOjKlZBdCXdvg%3D%3D"; VariantName = "[No Variations]"
Added Component: Designator=C34(CAPC1608X87N)
Add component (AddParameter): Name = "Arrow Part Number"; Value = "C0603C103J5RAC"; VariantName = "[No Variations]"
Add component (AddParameter): Name = "Arrow Price/Stock"; Value = "https://www.arrow.com/en/products/c0603c103j5rac/kemet-corporation?region=nac"; VariantName = "[No Variations]"
Add component (AddParameter): Name = "Datasheet Link"; Value = "https://www.kemet.com/specsheet/C0603C103J5RAC%7BBULK%7D"; VariantName = "[No Variations]"
Add component (AddParameter): Name = "Height"; Value = "0.87mm"; VariantName = "[No Variations]"
Add component (AddParameter): Name = "Manufacturer_Name"; Value = "KEMET"; VariantName = "[No Variations]"
Add component (AddParameter): Name = "Manufacturer_Part_Number"; Value = "C0603C103J5RAC"; VariantName = "[No Variations]"
Add component (AddParameter): Name = "Mouser Part Number"; Value = "80-C0603C103J5RAC"; VariantName = "[No Variations]"
Add component (AddParameter): Name = "Mouser Price/Stock"; Value = "https://www.mouser.co.uk/ProductDetail/KEMET/C0603C103J5RAC?qs=Zjfhvh7dXTOjKlZBdCXdvg%3D%3D"; VariantName = "[No Variations]"
Added Component: Designator=C35(CAPC2012X88N)
Add component (AddParameter): Name = "Arrow Part Number"; Value = "C0805C104M5RAC"; VariantName = "[No Variations]"
Add component (AddParameter): Name = "Arrow Price/Stock"; Value = "https://www.arrow.com/en/products/c0805c104m5rac/kemet-corporation?utm_currency=USD&region=nac"; VariantName = "[No Variations]"
Add component (AddParameter): Name = "Datasheet Link"; Value = "https://connect.kemet.com:7667/gateway/IntelliData-ComponentDocumentation/1.0/download/specsheet/C0805C104M5RAC%7bBULK%7d"; VariantName = "[No Variations]"
Add component (AddParameter): Name = "Height"; Value = "0.88mm"; VariantName = "[No Variations]"
Add component (AddParameter): Name = "Manufacturer_Name"; Value = "KEMET"; VariantName = "[No Variations]"
Add component (AddParameter): Name = "Manufacturer_Part_Number"; Value = "C0805C104M5RAC"; VariantName = "[No Variations]"
Add component (AddParameter): Name = "Mouser Part Number"; Value = "80-C0805C104M5RAC"; VariantName = "[No Variations]"
Add component (AddParameter): Name = "Mouser Price/Stock"; Value = "https://www.mouser.co.uk/ProductDetail/KEMET/C0805C104M5RAC?qs=VOOUd%252Bza08rWzt4y8eXMuQ%3D%3D"; VariantName = "[No Variations]"
Added Pin To Net: NetName=2V048 Pin=C10-2
Added Pin To Net: NetName=2V048 Pin=C11-2
Added Pin To Net: NetName=GND_2 Pin=C12-1
Added Pin To Net: NetName=Vcc_2 Pin=C12-2
Added Pin To Net: NetName=GND_2 Pin=C13-1
Added Pin To Net: NetName=Vcc_2 Pin=C13-2
Added Pin To Net: NetName=GND_1 Pin=C32-1
Added Pin To Net: NetName=Vcc_1 Pin=C32-2
Added Pin To Net: NetName=GND_1 Pin=C33-1
Added Pin To Net: NetName=Vcc_1 Pin=C33-2
Added Pin To Net: NetName=GND_1 Pin=C34-1
Added Pin To Net: NetName=Vcc_1 Pin=C34-2
Added Pin To Net: NetName=GND_1 Pin=C35-1
Added Pin To Net: NetName=Vcc_1 Pin=C35-2
Change Net Name : Old Net Name=NetC8_PowerModuleCell_M1_1 New Net Name=NetC16_PowerModuleCell_M1_1
Change Net Name : Old Net Name=NetC8_PowerModuleCell_M2_1 New Net Name=NetC16_PowerModuleCell_M2_1
Change Net Name : Old Net Name=NetC8_PowerModuleCell_M3_1 New Net Name=NetC16_PowerModuleCell_M3_1
Change Net Name : Old Net Name=NetC8_PowerModuleCell_M4_1 New Net Name=NetC16_PowerModuleCell_M4_1
Change Net Name : Old Net Name=NetC11_PowerModuleCell_M1_1 New Net Name=NetC19_PowerModuleCell_M1_1
Change Net Name : Old Net Name=NetC11_PowerModuleCell_M2_1 New Net Name=NetC19_PowerModuleCell_M2_1
Change Net Name : Old Net Name=NetC11_PowerModuleCell_M3_1 New Net Name=NetC19_PowerModuleCell_M3_1
Change Net Name : Old Net Name=NetC11_PowerModuleCell_M4_1 New Net Name=NetC19_PowerModuleCell_M4_1
Added Pin To Net: NetName=Vdd_1 Pin=IC1-A7
Added Net: Name=Vdd_1
Added Pin To Net: NetName=Vdd_2 Pin=IC1-G1
Added Net: Name=Vdd_2
Added Pin To Net: NetName=Vdda Pin=IC1-G3
Added Net: Name=Vdda
Added Pin To Net: NetName=Vss_1 Pin=IC1-A6
Added Net: Name=Vss_1
Added Pin To Net: NetName=Vss_2 Pin=IC1-G2
Added Net: Name=Vss_2
Added Pin To Net: NetName=Vssa Pin=IC1-G4
Added Net: Name=Vssa
Added Member To Class: ClassName=PowerModule Member=Component C2 220nF 25V, X7R, 0603
Added Member To Class: ClassName=PowerModule Member=Component C3 2.2uF, 25V, X5R, 0603
Added Member To Class: ClassName=PowerModule Member=Component C4 220nF 25V, X7R, 0603
Added Member To Class: ClassName=PowerModule Member=Component C5 100nF, 25v, X5R, 0402
Added Member To Class: ClassName=PowerModule Member=Component C6 100nF, 50v, X7R, 0402
Added Member To Class: ClassName=PowerModule Member=Component C7 GRM21BR61H475ME51L
Added Member To Class: ClassName=PowerModule Member=Component C8 100nF, 50v, X7R, 0402
Added Member To Class: ClassName=PowerModule Member=Component C9 GRM21BR61H475ME51L
Added Member To Class: ClassName=PowerModule Member=Component C10 100nF, 50v, X7R, 0402
Added Member To Class: ClassName=PowerModule Member=Component C11 1uF, 50V, X5R, 0402
Added Member To Class: ClassName=PowerModule Member=Component C12 10nF, 50V, X7R, 06023
Added Member To Class: ClassName=PowerModule Member=Component C13 1uF, 50V, X5R, 0402
Added Member To Class: ClassName=PowerModuleCell_M1 Member=Component C18_PowerModuleCell_M1 (C18) 220nF 50V, X5R, 0402
Added Member To Class: ClassName=PowerModuleCell_M2 Member=Component C18_PowerModuleCell_M2 (C18) 220nF 50V, X5R, 0402
Added Member To Class: ClassName=PowerModuleCell_M3 Member=Component C18_PowerModuleCell_M3 (C18) 220nF 50V, X5R, 0402
Added Member To Class: ClassName=PowerModuleCell_M1 Member=Component C19_PowerModuleCell_M1 (C19) 220nF 50V, X5R, 0402
Added Member To Class: ClassName=PowerModuleCell_M2 Member=Component C20_PowerModuleCell_M2 (C20) 100nF, 25v, X5R, 0402
Added Member To Class: ClassName=PowerModuleCell_M3 Member=Component C20_PowerModuleCell_M3 (C20) 100nF, 25v, X5R, 0402
Added Member To Class: ClassName=PowerModuleCell_M4 Member=Component C20_PowerModuleCell_M4 (C20) 100nF, 25v, X5R, 0402
Added Member To Class: ClassName=ISO_Signals Member=Component C32 100nF, 50v, X7R, 0402
Added Member To Class: ClassName=ISO_Signals Member=Component C33 10nF, 50V, X7R, 06023
Added Member To Class: ClassName=ISO_Signals Member=Component C34 10nF, 50V, X7R, 06023
Added Member To Class: ClassName=ISO_Signals Member=Component C35 100nF, 50v, X7R, 0402
Added Member To Class: ClassName=PowerModule Member=Component D2 150060RS75000
Added Member To Class: ClassName=PowerModule Member=Component D3 150060RS75000
Added Member To Class: ClassName=PowerModule Member=Component R1 10K 5%, 0402
Added Member To Class: ClassName=PowerModule Member=Component R2 2K 1%, 0402
Added Member To Class: ClassName=PowerModule Member=Component R3 4K7 1%, 0402
Added Member To Class: ClassName=PowerModule Member=Component R6 47 1%, 0402
Added Member To Class: ClassName=PowerModule Member=Component R9 511 1%, 0402
Added Member To Class: ClassName=PowerModule Member=Component R11 4K7 1%, 0402
Added Member To Class: ClassName=PowerModuleCell_M1 Member=Component R13_PowerModuleCell_M1 (R13) 47 1%, 0402
Added Member To Class: ClassName=PowerModuleCell_M1 Member=Component R14_PowerModuleCell_M1 (R14) 1K 1%, 0402
Added Member To Class: ClassName=PowerModuleCell_M2 Member=Component R14_PowerModuleCell_M2 (R14) 1K 1%, 0402
Added Member To Class: ClassName=PowerModuleCell_M3 Member=Component R14_PowerModuleCell_M3 (R14) 1K 1%, 0402
Added Member To Class: ClassName=PowerModuleCell_M4 Member=Component R14_PowerModuleCell_M4 (R14) 1K 1%, 0402
Added Member To Class: ClassName=PowerModuleCell_M1 Member=Component R15_PowerModuleCell_M1 (R15) 4K7 1%, 0402
Added Member To Class: ClassName=PowerModuleCell_M2 Member=Component R15_PowerModuleCell_M2 (R15) 4K7 1%, 0402
Added Member To Class: ClassName=PowerModuleCell_M4 Member=Component R15_PowerModuleCell_M4 (R15) 4K7 1%, 0402
Added Member To Class: ClassName=PowerModuleCell_M3 Member=Component R16_PowerModuleCell_M3 (R16) 1K 1%, 0402
Added Member To Class: ClassName=PowerModuleCell_M1 Member=Component R17_PowerModuleCell_M1 (R17) 1K 1%, 0402
Added Member To Class: ClassName=PowerModuleCell_M2 Member=Component R17_PowerModuleCell_M2 (R17) 1K 1%, 0402
Added Member To Class: ClassName=PowerModuleCell_M4 Member=Component R17_PowerModuleCell_M4 (R17) 1K 1%, 0402
Added Member To Class: ClassName=PowerModuleCell_M2 Member=Component R18_PowerModuleCell_M2 (R18) 10m 1%, 2818
Added Member To Class: ClassName=PowerModuleCell_M3 Member=Component R18_PowerModuleCell_M3 (R18) 10m 1%, 2818
Added Member To Class: ClassName=PowerModuleCell_M4 Member=Component R18_PowerModuleCell_M4 (R18) 10m 1%, 2818
Added Member To Class: ClassName=PowerModuleCell_M1 Member=Component R19_PowerModuleCell_M1 (R19) 4K7 1%, 0402
Added Member To Class: ClassName=PowerModuleCell_M3 Member=Component R19_PowerModuleCell_M3 (R19) 4K7 1%, 0402
Added Member To Class: ClassName=PowerModuleCell_M1 Member=Component R20_PowerModuleCell_M1 (R20) 4K7 1%, 0402
Added Member To Class: ClassName=PowerModuleCell_M2 Member=Component R20_PowerModuleCell_M2 (R20) 4K7 1%, 0402
Added Member To Class: ClassName=PowerModuleCell_M3 Member=Component R20_PowerModuleCell_M3 (R20) 4K7 1%, 0402
Added Member To Class: ClassName=PowerModuleCell_M4 Member=Component R20_PowerModuleCell_M4 (R20) 4K7 1%, 0402
Added Member To Class: ClassName=PowerModuleCell_M2 Member=Component R21_PowerModuleCell_M2 (R21) 300 1%, 0402
Added Member To Class: ClassName=PowerModuleCell_M4 Member=Component R21_PowerModuleCell_M4 (R21) 300 1%, 0402
Added Member To Class: ClassName=PowerModuleCell_M1 Member=Component R22_PowerModuleCell_M1 (R22) 1K 1%, 0402
Added Member To Class: ClassName=PowerModuleCell_M3 Member=Component R22_PowerModuleCell_M3 (R22) 1K 1%, 0402
Added Member To Class: ClassName=PowerModuleCell_M1 Member=Component R23_PowerModuleCell_M1 (R23) 100 1%, 0402
Added Member To Class: ClassName=PowerModuleCell_M2 Member=Component R23_PowerModuleCell_M2 (R23) 100 1%, 0402
Added Member To Class: ClassName=PowerModuleCell_M4 Member=Component R23_PowerModuleCell_M4 (R23) 100 1%, 0402
Added Member To Class: ClassName=PowerModuleCell_M3 Member=Component R24_PowerModuleCell_M3 (R24) 100 1%, 0402
Added Member To Class: ClassName=PowerModuleCell_M2 Member=Component R25_PowerModuleCell_M2 (R25) 1K 1%, 0402
Added Member To Class: ClassName=PowerModuleCell_M4 Member=Component R25_PowerModuleCell_M4 (R25) 1K 1%, 0402
Added Member To Class: ClassName=PowerModuleCell_M1 Member=Component R26_PowerModuleCell_M1 (R26) 4K7 1%, 0402
Added Member To Class: ClassName=PowerModuleCell_M2 Member=Component R26_PowerModuleCell_M2 (R26) 4K7 1%, 0402
Added Member To Class: ClassName=PowerModuleCell_M3 Member=Component R26_PowerModuleCell_M3 (R26) 4K7 1%, 0402
Added Member To Class: ClassName=PowerModuleCell_M4 Member=Component R26_PowerModuleCell_M4 (R26) 4K7 1%, 0402
Added Member To Class: ClassName=PowerModuleCell_M1 Member=Component R27_PowerModuleCell_M1 (R27) 4K7 1%, 0402
Added Member To Class: ClassName=PowerModuleCell_M2 Member=Component R27_PowerModuleCell_M2 (R27) 4K7 1%, 0402
Added Member To Class: ClassName=PowerModuleCell_M3 Member=Component R27_PowerModuleCell_M3 (R27) 4K7 1%, 0402
Added Member To Class: ClassName=PowerModuleCell_M4 Member=Component R27_PowerModuleCell_M4 (R27) 4K7 1%, 0402
Added Member To Class: ClassName=PowerModuleCell_M3 Member=Component R28_PowerModuleCell_M3 (R28) 100 1%, 0402
Added Member To Class: ClassName=PowerModuleCell_M1 Member=Component R29_PowerModuleCell_M1 (R29) 300 1%, 0402
Added Member To Class: ClassName=PowerModuleCell_M2 Member=Component R29_PowerModuleCell_M2 (R29) 300 1%, 0402
Added Member To Class: ClassName=PowerModuleCell_M4 Member=Component R29_PowerModuleCell_M4 (R29) 300 1%, 0402
Added Member To Class: ClassName=PowerModule Member=Component U2 LM4132AMF-2.5/NOPB
