Removed Pin From Net: NetName=SWDIO Pin=J3-1
Removed Pin From Net: NetName=USART2_RX Pin=J4-1
Removed Pin From Net: NetName=SWCLK Pin=J5-1
Removed Pin From Net: NetName=USART2_TX Pin=J6-1
Change Component Designator: OldDesignator=J7 NewDesignator=J3
Change Component Designator: OldDesignator=J8 NewDesignator=J4
Change Component Designator: OldDesignator=J9 NewDesignator=J5
Change Component Designator: OldDesignator=J10 NewDesignator=J6
Change Component Designator: OldDesignator=J11 NewDesignator=J7
Change Component Designator: OldDesignator=J12 NewDesignator=J8
Change Component Designator: OldDesignator=J13 NewDesignator=J9
Change Component Designator: OldDesignator=J14 NewDesignator=J10
Change Component Designator: OldDesignator=J15 NewDesignator=J11
Change Component Designator: OldDesignator=J16 NewDesignator=J12
Change Component Designator: OldDesignator=J17 NewDesignator=J13
Change Component Designator: OldDesignator=J18 NewDesignator=J14
Change Component Designator: OldDesignator=J19 NewDesignator=J15
Change Component Designator: OldDesignator=J20 NewDesignator=J16
Change Component Designator: OldDesignator=J21 NewDesignator=J17
Change Component Designator: OldDesignator=J22 NewDesignator=J18
Change Component Designator: OldDesignator=J23 NewDesignator=J19
Change Component Designator: OldDesignator=J24 NewDesignator=J20
Change Component Designator: OldDesignator=J25 NewDesignator=J21
Change Component Designator: OldDesignator=J26 NewDesignator=J22
Change Component Designator: OldDesignator=J27 NewDesignator=J23
Change Component Designator: OldDesignator=J28 NewDesignator=J24
Change Component Designator: OldDesignator=J29 NewDesignator=J25
Change Component Designator: OldDesignator=J30 NewDesignator=J26
Change Component Designator: OldDesignator=J31 NewDesignator=J27
Change Component Designator: OldDesignator=J32 NewDesignator=J28
Change Component Designator: OldDesignator=J33 NewDesignator=J29
Change Component Designator: OldDesignator=J34 NewDesignator=J30
Change Component Designator: OldDesignator=J35 NewDesignator=J31
Change Component Designator: OldDesignator=J36 NewDesignator=J32
Change Component Designator: OldDesignator=J37 NewDesignator=J33
Change Component Designator: OldDesignator=J38 NewDesignator=J34
Change Component Designator: OldDesignator=J39 NewDesignator=J35
Change Component Designator: OldDesignator=J40_PowerModuleCell_M1 NewDesignator=J36_PowerModuleCell_M1
Change Component Designator: OldDesignator=J40_PowerModuleCell_M2 NewDesignator=J36_PowerModuleCell_M2
Change Component Designator: OldDesignator=J40_PowerModuleCell_M3 NewDesignator=J36_PowerModuleCell_M3
Change Component Designator: OldDesignator=J40_PowerModuleCell_M4 NewDesignator=J36_PowerModuleCell_M4
Change Component Designator: OldDesignator=J41_PowerModuleCell_M1 NewDesignator=J37_PowerModuleCell_M1
Change Component Designator: OldDesignator=J41_PowerModuleCell_M2 NewDesignator=J37_PowerModuleCell_M2
Change Component Designator: OldDesignator=J41_PowerModuleCell_M3 NewDesignator=J37_PowerModuleCell_M3
Change Component Designator: OldDesignator=J41_PowerModuleCell_M4 NewDesignator=J37_PowerModuleCell_M4
Change Component Designator: OldDesignator=J42_PowerModuleCell_M1 NewDesignator=J38_PowerModuleCell_M1
Change Component Designator: OldDesignator=J42_PowerModuleCell_M2 NewDesignator=J38_PowerModuleCell_M2
Change Component Designator: OldDesignator=J42_PowerModuleCell_M3 NewDesignator=J38_PowerModuleCell_M3
Change Component Designator: OldDesignator=J42_PowerModuleCell_M4 NewDesignator=J38_PowerModuleCell_M4
Change Component Designator: OldDesignator=J43_PowerModuleCell_M1 NewDesignator=J39_PowerModuleCell_M1
Change Component Designator: OldDesignator=J43_PowerModuleCell_M2 NewDesignator=J39_PowerModuleCell_M2
Change Component Designator: OldDesignator=J43_PowerModuleCell_M3 NewDesignator=J39_PowerModuleCell_M3
Change Component Designator: OldDesignator=J43_PowerModuleCell_M4 NewDesignator=J39_PowerModuleCell_M4
Added Member To Class: ClassName=PowerModule Member=Component J28 TestPad
Added Member To Class: ClassName=PowerModule Member=Component J30 TestPad
Added Member To Class: ClassName=PowerModule Member=Component J31 TestPad
