Change Component Footprint: Designator=J1 Old Footprint=61300411821 New Footprint=61300411821
Change Component Footprint: Designator=R? Old Footprint=FP-ERJ2RK-MFG New Footprint=FP-ERJ2RK-MFG
Change Component Footprint: Designator=D? Old Footprint=WL-SMCW_0603_150060xx75000 New Footprint=WL-SMCW_0603_150060xx75000
Change Component Footprint: Designator=D? Old Footprint=WL-SMCW_0603_150060xx75000 New Footprint=WL-SMCW_0603_150060xx75000
Change Component Designator: OldDesignator=D? NewDesignator=D4
Change Component Designator: OldDesignator=D? NewDesignator=D5
Change Component Designator: OldDesignator=R? NewDesignator=R40
Change Component Designator: OldDesignator=R? NewDesignator=R41
Change Net Name : Old Net Name=NetD?_2 New Net Name=NetD4_2
Added Pin To Net: NetName=NetD5_2 Pin=D5-2
Added Pin To Net: NetName=NetD5_2 Pin=R41-1
Added Net: Name=NetD5_2
Added Member To Class: ClassName=PowerModule Member=Component D5 150060RS75000
Added Member To Class: ClassName=PowerModule Member=Component J1 61300411821
Added Member To Class: ClassName=PowerModule Member=Component J3 61300411821
Added Member To Class: ClassName=PowerModule Member=Component J4 TestPad
Added Member To Class: ClassName=PowerModule Member=Component J5 TestPad
Added Member To Class: ClassName=PowerModule Member=Component J6 TestPad
Added Member To Class: ClassName=PowerModule Member=Component J7 43045-0802
Added Member To Class: ClassName=PowerModule Member=Component J8 43045-0802
Added Member To Class: ClassName=PowerModule Member=Component J13 TestPad
Added Member To Class: ClassName=PowerModule Member=Component J15 TestPad
Added Member To Class: ClassName=PowerModule Member=Component J17 TestPad
Added Member To Class: ClassName=PowerModule Member=Component J19 43045-0400
Added Member To Class: ClassName=PowerModule Member=Component J21 TestPad
Added Member To Class: ClassName=PowerModule Member=Component J25 TestPad
Added Member To Class: ClassName=PowerModule Member=Component J27 TestPad
Added Member To Class: ClassName=PowerModule Member=Component J28 TestPad
Added Member To Class: ClassName=PowerModule Member=Component J29 TestPad
Added Member To Class: ClassName=PowerModule Member=Component J31 TestPad
Added Member To Class: ClassName=PowerModule Member=Component J33 TestPad
Added Member To Class: ClassName=PowerModule Member=Component J35 TestPad
Added Member To Class: ClassName=PowerModuleCell_M1 Member=Component J37_PowerModuleCell_M1 (J37) TestPad
Added Member To Class: ClassName=PowerModuleCell_M2 Member=Component J37_PowerModuleCell_M2 (J37) TestPad
Added Member To Class: ClassName=PowerModuleCell_M3 Member=Component J37_PowerModuleCell_M3 (J37) TestPad
Added Member To Class: ClassName=PowerModuleCell_M4 Member=Component J37_PowerModuleCell_M4 (J37) TestPad
Added Member To Class: ClassName=PowerModuleCell_M1 Member=Component J38_PowerModuleCell_M1 (J38) TestPad
Added Member To Class: ClassName=PowerModuleCell_M2 Member=Component J38_PowerModuleCell_M2 (J38) TestPad
Added Member To Class: ClassName=PowerModuleCell_M3 Member=Component J38_PowerModuleCell_M3 (J38) TestPad
Added Member To Class: ClassName=PowerModuleCell_M4 Member=Component J38_PowerModuleCell_M4 (J38) TestPad
Added Member To Class: ClassName=PowerModuleCell_M1 Member=Component J39_PowerModuleCell_M1 (J39) TestPad
Added Member To Class: ClassName=PowerModuleCell_M2 Member=Component J39_PowerModuleCell_M2 (J39) TestPad
Added Member To Class: ClassName=PowerModuleCell_M3 Member=Component J39_PowerModuleCell_M3 (J39) TestPad
Added Member To Class: ClassName=PowerModuleCell_M4 Member=Component J39_PowerModuleCell_M4 (J39) TestPad
Added Member To Class: ClassName=PowerModule Member=Component R41 47 1%, 0402
