Removed Pin From Net: NetName=USART2_RX Pin=IC1-A1
Removed Pin From Net: NetName=PC11 Pin=IC1-A2
Removed Pin From Net: NetName=USART2_TX Pin=IC1-A3
Removed Pin From Net: NetName=RefParam_M1 Pin=IC1-A4
Removed Pin From Net: NetName=SYS_PWR_DET Pin=IC1-A5
Removed Pin From Net: NetName=GND_2 Pin=IC1-A6
Removed Pin From Net: NetName=Vcc_2 Pin=IC1-A7
Removed Pin From Net: NetName=USB_DP Pin=IC1-B1
Removed Pin From Net: NetName=SWDIO Pin=IC1-B2
Removed Pin From Net: NetName=SWCLK Pin=IC1-B3
Removed Pin From Net: NetName=ProcessedParam_M1 Pin=IC1-B4
Removed Pin From Net: NetName=I2C1_SCL Pin=IC1-B5
Removed Pin From Net: NetName=I2C1_SDA Pin=IC1-B6
Removed Pin From Net: NetName=VBAT Pin=IC1-B7
Removed Pin From Net: NetName=USB_DM Pin=IC1-C1
Removed Pin From Net: NetName=RefParam_M2 Pin=IC1-C2
Removed Pin From Net: NetName=ProcessedParam_M2 Pin=IC1-C3
Removed Pin From Net: NetName=RefParam_M3 Pin=IC1-C4
Removed Pin From Net: NetName=PC13 Pin=IC1-C5
Removed Pin From Net: NetName=NRST Pin=IC1-C6
Removed Pin From Net: NetName=LSE_RTC Pin=IC1-C7
Removed Pin From Net: NetName=ALERT-MISO Pin=IC1-D1
Removed Pin From Net: NetName=I2C2_SDA Pin=IC1-D2
Removed Pin From Net: NetName=SPI2-MISO Pin=IC1-D3
Removed Pin From Net: NetName=I2C2_SCL Pin=IC1-D4
Removed Pin From Net: NetName=cFan-PWM Pin=IC1-D5
Removed Pin From Net: NetName=CurrentSignal_M1 Pin=IC1-D6
Removed Pin From Net: NetName=PC15 Pin=IC1-D7
Removed Pin From Net: NetName=SPI2-MOSI Pin=IC1-E1
Removed Pin From Net: NetName=SPI2-SCK Pin=IC1-E2
Removed Pin From Net: NetName=ProcessedParam_M3 Pin=IC1-E3
Removed Pin From Net: NetName=RefParam_M4 Pin=IC1-E4
Removed Pin From Net: NetName=PA4 Pin=IC1-E5
Removed Pin From Net: NetName=PF1 Pin=IC1-E6
Removed Pin From Net: NetName=ALERT-MOSI Pin=IC1-E7
Removed Pin From Net: NetName=ProcessedParam_M4 Pin=IC1-F2
Removed Pin From Net: NetName=2V5 Pin=IC1-F3
Removed Pin From Net: NetName=Alert_M1 Pin=IC1-F4
Removed Pin From Net: NetName=Alert_M2 Pin=IC1-F5
Removed Pin From Net: NetName=CurrentSignal_M2 Pin=IC1-F6
Removed Pin From Net: NetName=CurrentSignal_M3 Pin=IC1-F7
Removed Pin From Net: NetName=Vcc_2 Pin=IC1-G1
Removed Pin From Net: NetName=GND_2 Pin=IC1-G2
Removed Pin From Net: NetName=3V3_F Pin=IC1-G3
Removed Pin From Net: NetName=GND_2 Pin=IC1-G4
Removed Pin From Net: NetName=Alert_M3 Pin=IC1-G5
Removed Pin From Net: NetName=Alert_M4 Pin=IC1-G6
Removed Pin From Net: NetName=CurrentSignal_M4 Pin=IC1-G7
Change Component Footprint: Designator=IC1 Old Footprint=BGA49C40P7X7_313X315X59 New Footprint=QFN50P700X700X65-49N-D
Change Component Comment : Designator=IC1 Old Comment=STM32G431CBY6TR New Comment=STM32G431CBU6
Change Component Designator: OldDesignator=C12 NewDesignator=C14
Change Component Designator: OldDesignator=C13 NewDesignator=C15
Change Component Designator: OldDesignator=C14_PowerModuleCell_M1 NewDesignator=C16_PowerModuleCell_M1
Change Component Designator: OldDesignator=C14_PowerModuleCell_M2 NewDesignator=C16_PowerModuleCell_M2
Change Component Designator: OldDesignator=C14_PowerModuleCell_M3 NewDesignator=C16_PowerModuleCell_M3
Change Component Designator: OldDesignator=C14_PowerModuleCell_M4 NewDesignator=C16_PowerModuleCell_M4
Change Component Designator: OldDesignator=C15_PowerModuleCell_M1 NewDesignator=C17_PowerModuleCell_M1
Change Component Designator: OldDesignator=C15_PowerModuleCell_M2 NewDesignator=C17_PowerModuleCell_M2
Change Component Designator: OldDesignator=C15_PowerModuleCell_M3 NewDesignator=C17_PowerModuleCell_M3
Change Component Designator: OldDesignator=C15_PowerModuleCell_M4 NewDesignator=C17_PowerModuleCell_M4
Change Component Designator: OldDesignator=C16_PowerModuleCell_M1 NewDesignator=C18_PowerModuleCell_M1
Change Component Designator: OldDesignator=C16_PowerModuleCell_M2 NewDesignator=C18_PowerModuleCell_M2
Change Component Designator: OldDesignator=C16_PowerModuleCell_M3 NewDesignator=C18_PowerModuleCell_M3
Change Component Designator: OldDesignator=C16_PowerModuleCell_M4 NewDesignator=C18_PowerModuleCell_M4
Change Component Designator: OldDesignator=C17_PowerModuleCell_M1 NewDesignator=C19_PowerModuleCell_M1
Change Component Designator: OldDesignator=C17_PowerModuleCell_M2 NewDesignator=C19_PowerModuleCell_M2
Change Component Designator: OldDesignator=C17_PowerModuleCell_M3 NewDesignator=C19_PowerModuleCell_M3
Change Component Designator: OldDesignator=C17_PowerModuleCell_M4 NewDesignator=C19_PowerModuleCell_M4
Change Component Designator: OldDesignator=C18 NewDesignator=C20
Change Component Designator: OldDesignator=C19 NewDesignator=C21
Change Component Designator: OldDesignator=C20 NewDesignator=C22
Change Component Designator: OldDesignator=C21 NewDesignator=C23
Change Component Designator: OldDesignator=C22 NewDesignator=C24
Change Component Designator: OldDesignator=C23 NewDesignator=C25
Change Component Designator: OldDesignator=C24 NewDesignator=C26
Change Component Designator: OldDesignator=C25 NewDesignator=C27
Change Component Designator: OldDesignator=C26 NewDesignator=C28
Change Component Designator: OldDesignator=C27 NewDesignator=C29
Change Component Designator: OldDesignator=C28 NewDesignator=C30
Change Component Designator: OldDesignator=C29_Amplifier_K-51 NewDesignator=C31_Amplifier_K-51
Change Component Designator: OldDesignator=C29_Amplifier_K-52 NewDesignator=C31_Amplifier_K-52
Change Component Designator: OldDesignator=C30_Amplifier_K-51 NewDesignator=C32_Amplifier_K-51
Change Component Designator: OldDesignator=C30_Amplifier_K-52 NewDesignator=C32_Amplifier_K-52
Change Component Designator: OldDesignator=C31_Amplifier_K-51 NewDesignator=C33_Amplifier_K-51
Change Component Designator: OldDesignator=C31_Amplifier_K-52 NewDesignator=C33_Amplifier_K-52
Change Component Designator: OldDesignator=C32_Amplifier_K-51 NewDesignator=C34_Amplifier_K-51
Change Component Designator: OldDesignator=C32_Amplifier_K-52 NewDesignator=C34_Amplifier_K-52
Change Component Designator: OldDesignator=C33_Amplifier_K-51 NewDesignator=C35_Amplifier_K-51
Change Component Designator: OldDesignator=C33_Amplifier_K-52 NewDesignator=C35_Amplifier_K-52
Change Component Designator: OldDesignator=C34_Amplifier_K-51 NewDesignator=C36_Amplifier_K-51
Change Component Designator: OldDesignator=C34_Amplifier_K-52 NewDesignator=C36_Amplifier_K-52
Change Component Designator: OldDesignator=C35_Amplifier_K-51 NewDesignator=C37_Amplifier_K-51
Change Component Designator: OldDesignator=C35_Amplifier_K-52 NewDesignator=C37_Amplifier_K-52
Change Component Designator: OldDesignator=C36_Amplifier_K-51 NewDesignator=C38_Amplifier_K-51
Change Component Designator: OldDesignator=C36_Amplifier_K-52 NewDesignator=C38_Amplifier_K-52
Change Component Designator: OldDesignator=C37_Amplifier_K-51 NewDesignator=C39_Amplifier_K-51
Change Component Designator: OldDesignator=C37_Amplifier_K-52 NewDesignator=C39_Amplifier_K-52
Change Component Designator: OldDesignator=C38 NewDesignator=C40
Change Component Designator: OldDesignator=C39 NewDesignator=C41
Change Component Designator: OldDesignator=C40 NewDesignator=C42
Change Component Designator: OldDesignator=C41 NewDesignator=C43
Change component parameters: Designator = "IC1" ("IC1"); Footprint = "BGA49C40P7X7_313X315X59"; UniqueID = "\QHQOKJSF" ("\QHQOKJSF")
Change component parameters (AddParameter): Name = "Arrow Part Number"; Value = "STM32G431CBU6"; VariantName = "[No Variations]"
Change component parameters (AddParameter): Name = "Arrow Price/Stock"; Value = "https://www.arrow.com/en/products/stm32g431cbu6/stmicroelectronics?utm_currency=USD&region=nac"; VariantName = "[No Variations]"
Change component parameters (AddParameter): Name = "Datasheet Link"; Value = "https://www.st.com/resource/en/datasheet/stm32g431cb.pdf"; VariantName = "[No Variations]"
Change component parameters (AddParameter): Name = "Height"; Value = "0.65mm"; VariantName = "[No Variations]"
Change component parameters (AddParameter): Name = "Manufacturer_Name"; Value = "STMicroelectronics"; VariantName = "[No Variations]"
Change component parameters (AddParameter): Name = "Manufacturer_Part_Number"; Value = "STM32G431CBU6"; VariantName = "[No Variations]"
Change component parameters (AddParameter): Name = "Mouser Part Number"; Value = "511-STM32G431CBU6"; VariantName = "[No Variations]"
Change component parameters (AddParameter): Name = "Mouser Price/Stock"; Value = "https://www.mouser.co.uk/ProductDetail/STMicroelectronics/STM32G431CBU6?qs=T3oQrply3y%252B0hTuSHQ7oqA%3D%3D"; VariantName = "[No Variations]"
Added Component: Designator=C12(CAPC2012X88N)
Add component (AddParameter): Name = "Arrow Part Number"; Value = "C0805C104M5RAC"; VariantName = "[No Variations]"
Add component (AddParameter): Name = "Arrow Price/Stock"; Value = "https://www.arrow.com/en/products/c0805c104m5rac/kemet-corporation?utm_currency=USD&region=nac"; VariantName = "[No Variations]"
Add component (AddParameter): Name = "Datasheet Link"; Value = "https://connect.kemet.com:7667/gateway/IntelliData-ComponentDocumentation/1.0/download/specsheet/C0805C104M5RAC%7bBULK%7d"; VariantName = "[No Variations]"
Add component (AddParameter): Name = "Height"; Value = "0.88mm"; VariantName = "[No Variations]"
Add component (AddParameter): Name = "Manufacturer_Name"; Value = "KEMET"; VariantName = "[No Variations]"
Add component (AddParameter): Name = "Manufacturer_Part_Number"; Value = "C0805C104M5RAC"; VariantName = "[No Variations]"
Add component (AddParameter): Name = "Mouser Part Number"; Value = "80-C0805C104M5RAC"; VariantName = "[No Variations]"
Add component (AddParameter): Name = "Mouser Price/Stock"; Value = "https://www.mouser.co.uk/ProductDetail/KEMET/C0805C104M5RAC?qs=VOOUd%252Bza08rWzt4y8eXMuQ%3D%3D"; VariantName = "[No Variations]"
Added Component: Designator=C13(CAPC2012X145N)
Add component (AddParameter): Name = "Arrow Part Number"; Value = "GRM21BR61H475ME51L"; VariantName = "[No Variations]"
Add component (AddParameter): Name = "Arrow Price/Stock"; Value = "https://www.arrow.com/en/products/grm21br61h475me51l/murata-manufacturing?region=nac"; VariantName = "[No Variations]"
Add component (AddParameter): Name = "Datasheet Link"; Value = "https://search.murata.co.jp/Ceramy/image/img/A01X/G101/ENG/GRM21BR61H475ME51-01A.pdf"; VariantName = "[No Variations]"
Add component (AddParameter): Name = "Height"; Value = "1.45mm"; VariantName = "[No Variations]"
Add component (AddParameter): Name = "Manufacturer_Name"; Value = "Murata Electronics"; VariantName = "[No Variations]"
Add component (AddParameter): Name = "Manufacturer_Part_Number"; Value = "GRM21BR61H475ME51L"; VariantName = "[No Variations]"
Add component (AddParameter): Name = "Mouser Part Number"; Value = "81-GRM21BR61H475M51L"; VariantName = "[No Variations]"
Add component (AddParameter): Name = "Mouser Price/Stock"; Value = "https://www.mouser.co.uk/ProductDetail/Murata-Electronics/GRM21BR61H475ME51L?qs=eeBpzGFlv%252B%2Fg0wAeHy0eJw%3D%3D"; VariantName = "[No Variations]"
Added Component: Designator=Y2(FP-TXO-2016-MFG)
Add component (AddParameter): Name = "Automotive"; Value = "No"; VariantName = "[No Variations]"
Add component (AddParameter): Name = "Category"; Value = "Crys"; VariantName = "[No Variations]"
Add component (AddParameter): Name = "ComponentLink2Description"; Value = "Datasheet"; VariantName = "[No Variations]"
Add component (AddParameter): Name = "ComponentLink2URL"; Value = "https://ecsxtal.com/store/pdf/ECS-TXO-2016.pdf"; VariantName = "[No Variations]"
Add component (AddParameter): Name = "Device Class L1"; Value = "Passive Components"; VariantName = "[No Variations]"
Add component (AddParameter): Name = "Device Class L2"; Value = "Crystals / Oscillators"; VariantName = "[No Variations]"
Add component (AddParameter): Name = "Device Class L3"; Value = "Oscillators"; VariantName = "[No Variations]"
Add component (AddParameter): Name = "Digikey Description"; Value = "XTAL OSC TCXO 16MHZ 3.3V SMD"; VariantName = "[No Variations]"
Add component (AddParameter): Name = "Frequency"; Value = "16MHz"; VariantName = "[No Variations]"
Add component (AddParameter): Name = "Height"; Value = "0.8mm"; VariantName = "[No Variations]"
Add component (AddParameter): Name = "Lead Free"; Value = "Yes"; VariantName = "[No Variations]"
Add component (AddParameter): Name = "Load Capacitance"; Value = "15pF"; VariantName = "[No Variations]"
Add component (AddParameter): Name = "Manufacturer"; Value = "ECS"; VariantName = "[No Variations]"
Add component (AddParameter): Name = "Manufacturer Part Number"; Value = "ECS-TXO-2016-33-160-TR"; VariantName = "[No Variations]"
Add component (AddParameter): Name = "Max Supply Current"; Value = "7mA"; VariantName = "[No Variations]"
Add component (AddParameter): Name = "Max Supply Voltage"; Value = "3.63V"; VariantName = "[No Variations]"
Add component (AddParameter): Name = "Min Supply Voltage"; Value = "2.97V"; VariantName = "[No Variations]"
Add component (AddParameter): Name = "Octopart"; Value = "https://octopart.com/ecs-txo-2016-33-160-tr-ecs+international-102811109"; VariantName = "[No Variations]"
Add component (AddParameter): Name = "Package"; Value = "TXO-2016"; VariantName = "[No Variations]"
Add component (AddParameter): Name = "RoHS"; Value = "TRUE"; VariantName = "[No Variations]"
Add component (AddParameter): Name = "Series"; Value = "TXO-2016"; VariantName = "[No Variations]"
Add component (AddParameter): Name = "Stability"; Value = "2ppm"; VariantName = "[No Variations]"
Add component (AddParameter): Name = "Temperature"; Value = "-40°C to +85°C"; VariantName = "[No Variations]"
Add component (AddParameter): Name = "Temperature Range High"; Value = "+85°C"; VariantName = "[No Variations]"
Add component (AddParameter): Name = "Temperature Range Low"; Value = "-40°C"; VariantName = "[No Variations]"
Added Pin To Net: NetName=GND_2 Pin=C12-1
Added Pin To Net: NetName=Vcc_2 Pin=C12-2
Added Pin To Net: NetName=GND_2 Pin=C13-1
Added Pin To Net: NetName=Vcc_2 Pin=C13-2
Added Pin To Net: NetName=VBAT Pin=IC1-1
Added Pin To Net: NetName=PC13 Pin=IC1-2
Added Pin To Net: NetName=LSE_RTC Pin=IC1-3
Added Pin To Net: NetName=PC15 Pin=IC1-4
Added Pin To Net: NetName=PF1 Pin=IC1-6
Added Pin To Net: NetName=NRST Pin=IC1-7
Added Pin To Net: NetName=CurrentSignal_M3 Pin=IC1-8
Added Pin To Net: NetName=CurrentSignal_M1 Pin=IC1-9
Added Pin To Net: NetName=CurrentSignal_M2 Pin=IC1-10
Added Pin To Net: NetName=CurrentSignal_M4 Pin=IC1-11
Added Pin To Net: NetName=PA4 Pin=IC1-12
Added Pin To Net: NetName=Alert_M2 Pin=IC1-13
Added Pin To Net: NetName=Alert_M4 Pin=IC1-14
Added Pin To Net: NetName=cFan-PWM Pin=IC1-15
Added Pin To Net: NetName=I2C2_SCL Pin=IC1-16
Added Pin To Net: NetName=Alert_M3 Pin=IC1-17
Added Pin To Net: NetName=RefParam_M4 Pin=IC1-18
Added Pin To Net: NetName=Alert_M1 Pin=IC1-19
Added Pin To Net: NetName=2V5 Pin=IC1-20
Added Pin To Net: NetName=3V3_F Pin=IC1-21
Added Pin To Net: NetName=ProcessedParam_M4 Pin=IC1-22
Added Pin To Net: NetName=Vcc_2 Pin=IC1-23
Added Pin To Net: NetName=ProcessedParam_M3 Pin=IC1-24
Added Pin To Net: NetName=ALERT-MOSI Pin=IC1-25
Added Pin To Net: NetName=SPI2-SCK Pin=IC1-26
Added Pin To Net: NetName=SPI2-MISO Pin=IC1-27
Added Pin To Net: NetName=SPI2-MOSI Pin=IC1-28
Added Pin To Net: NetName=ALERT-MISO Pin=IC1-29
Added Pin To Net: NetName=I2C2_SDA Pin=IC1-30
Added Pin To Net: NetName=ProcessedParam_M2 Pin=IC1-31
Added Pin To Net: NetName=RefParam_M2 Pin=IC1-32
Added Pin To Net: NetName=USB_DM Pin=IC1-33
Added Pin To Net: NetName=USB_DP Pin=IC1-34
Added Pin To Net: NetName=Vcc_2 Pin=IC1-35
Added Pin To Net: NetName=SWDIO Pin=IC1-36
Added Pin To Net: NetName=SWCLK Pin=IC1-37
Added Pin To Net: NetName=USART2_RX Pin=IC1-38
Added Pin To Net: NetName=PC11 Pin=IC1-40
Added Pin To Net: NetName=USART2_TX Pin=IC1-41
Added Pin To Net: NetName=ProcessedParam_M1 Pin=IC1-42
Added Pin To Net: NetName=RefParam_M1 Pin=IC1-43
Added Pin To Net: NetName=RefParam_M3 Pin=IC1-44
Added Pin To Net: NetName=SYS_PWR_DET Pin=IC1-45
Added Pin To Net: NetName=I2C1_SCL Pin=IC1-46
Added Pin To Net: NetName=I2C1_SDA Pin=IC1-47
Added Pin To Net: NetName=Vcc_2 Pin=IC1-48
Added Pin To Net: NetName=GND_2 Pin=IC1-49
Added Pin To Net: NetName=Vcc Pin=Y2-1
Added Pin To Net: NetName=GND_2 Pin=Y2-2
Added Pin To Net: NetName=Vcc Pin=Y2-4
Change Net Name : Old Net Name=NetC14_PowerModuleCell_M1_1 New Net Name=NetC16_PowerModuleCell_M1_1
Change Net Name : Old Net Name=NetC14_PowerModuleCell_M1_2 New Net Name=NetC16_PowerModuleCell_M1_2
Change Net Name : Old Net Name=NetC14_PowerModuleCell_M2_1 New Net Name=NetC16_PowerModuleCell_M2_1
Change Net Name : Old Net Name=NetC14_PowerModuleCell_M2_2 New Net Name=NetC16_PowerModuleCell_M2_2
Change Net Name : Old Net Name=NetC14_PowerModuleCell_M3_1 New Net Name=NetC16_PowerModuleCell_M3_1
Change Net Name : Old Net Name=NetC14_PowerModuleCell_M3_2 New Net Name=NetC16_PowerModuleCell_M3_2
Change Net Name : Old Net Name=NetC14_PowerModuleCell_M4_1 New Net Name=NetC16_PowerModuleCell_M4_1
Change Net Name : Old Net Name=NetC14_PowerModuleCell_M4_2 New Net Name=NetC16_PowerModuleCell_M4_2
Change Net Name : Old Net Name=NetC31_Amplifier_K-51_2 New Net Name=NetC33_Amplifier_K-51_2
Change Net Name : Old Net Name=NetC31_Amplifier_K-52_2 New Net Name=NetC33_Amplifier_K-52_2
Change Net Name : Old Net Name=NetC33_Amplifier_K-51_2 New Net Name=NetC35_Amplifier_K-51_2
Change Net Name : Old Net Name=NetC33_Amplifier_K-52_2 New Net Name=NetC35_Amplifier_K-52_2
Change Net Name : Old Net Name=NetC35_Amplifier_K-51_2 New Net Name=NetC37_Amplifier_K-51_2
Change Net Name : Old Net Name=NetC35_Amplifier_K-52_2 New Net Name=NetC37_Amplifier_K-52_2
Change Net Name : Old Net Name=NetC37_Amplifier_K-51_2 New Net Name=NetC39_Amplifier_K-51_2
Change Net Name : Old Net Name=NetC37_Amplifier_K-52_2 New Net Name=NetC39_Amplifier_K-52_2
Added Pin To Net: NetName=HSE Pin=IC1-5
Added Net: Name=HSE
Added Pin To Net: NetName=PC10 Pin=IC1-39
Added Pin To Net: NetName=PC10 Pin=J17-1
Added Net: Name=PC10
Added Member To Class: ClassName=PowerModule Member=Component C14 100nF, 50v, X7R, 0402
Added Member To Class: ClassName=PowerModule Member=Component C15 1uF, 50V, X5R, 0402
Added Member To Class: ClassName=PowerModule Member=Component Y2 ECS-TXO-2016-33-160-TR
Added Room: Name=20V_Isolator
Added Room: Name=Amplifier_K-51
Added Room: Name=Amplifier_K-52
Added Room: Name=FanDriver
Added Room: Name=LDO_3V3
Added Room: Name=PowerModule
Added Room: Name=PowerModuleCell_M1
Added Room: Name=PowerModuleCell_M2
Added Room: Name=PowerModuleCell_M3
Added Room: Name=PowerModuleCell_M4
Added Room: Name=Vref-2v5
