Added Component: Designator=R22_PowerModuleCell_M1(RESC1005X40X25LL05T05)
Added Component: Designator=R22_PowerModuleCell_M2(RESC1005X40X25LL05T05)
Added Component: Designator=R22_PowerModuleCell_M3(RESC1005X40X25LL05T05)
Added Component: Designator=R22_PowerModuleCell_M4(RESC1005X40X25LL05T05)
Added Component: Designator=U3_PowerModuleCell_M1(FP-YBG0006-MFG)
Added Component: Designator=U3_PowerModuleCell_M2(FP-YBG0006-MFG)
Added Component: Designator=U3_PowerModuleCell_M3(FP-YBG0006-MFG)
Added Component: Designator=U3_PowerModuleCell_M4(FP-YBG0006-MFG)
Add Pin To Net: Unknown Pin: Pin R22_PowerModuleCell_M1-1
Add Pin To Net: Unknown Pin: Pin R22_PowerModuleCell_M1-2
Add Pin To Net: Unknown Pin: Pin R22_PowerModuleCell_M2-1
Add Pin To Net: Unknown Pin: Pin R22_PowerModuleCell_M2-2
Add Pin To Net: Unknown Pin: Pin R22_PowerModuleCell_M3-1
Add Pin To Net: Unknown Pin: Pin R22_PowerModuleCell_M3-2
Add Pin To Net: Unknown Pin: Pin R22_PowerModuleCell_M4-1
Add Pin To Net: Unknown Pin: Pin R22_PowerModuleCell_M4-2
Add Pin To Net: Unknown Pin: Pin U3_PowerModuleCell_M1-A1
Add Pin To Net: Unknown Pin: Pin U3_PowerModuleCell_M1-A2
Add Pin To Net: Unknown Pin: Pin U3_PowerModuleCell_M1-B1
Add Pin To Net: Unknown Pin: Pin U3_PowerModuleCell_M1-B2
Add Pin To Net: Unknown Pin: Pin U3_PowerModuleCell_M1-C1
Add Pin To Net: Unknown Pin: Pin U3_PowerModuleCell_M1-C2
Add Pin To Net: Unknown Pin: Pin U3_PowerModuleCell_M2-A1
Add Pin To Net: Unknown Pin: Pin U3_PowerModuleCell_M2-A2
Add Pin To Net: Unknown Pin: Pin U3_PowerModuleCell_M2-B1
Add Pin To Net: Unknown Pin: Pin U3_PowerModuleCell_M2-B2
Add Pin To Net: Unknown Pin: Pin U3_PowerModuleCell_M2-C1
Add Pin To Net: Unknown Pin: Pin U3_PowerModuleCell_M2-C2
Add Pin To Net: Unknown Pin: Pin U3_PowerModuleCell_M3-A1
Add Pin To Net: Unknown Pin: Pin U3_PowerModuleCell_M3-A2
Add Pin To Net: Unknown Pin: Pin U3_PowerModuleCell_M3-B1
Add Pin To Net: Unknown Pin: Pin U3_PowerModuleCell_M3-B2
Add Pin To Net: Unknown Pin: Pin U3_PowerModuleCell_M3-C1
Add Pin To Net: Unknown Pin: Pin U3_PowerModuleCell_M3-C2
Add Pin To Net: Unknown Pin: Pin U3_PowerModuleCell_M4-A1
Add Pin To Net: Unknown Pin: Pin U3_PowerModuleCell_M4-A2
Add Pin To Net: Unknown Pin: Pin U3_PowerModuleCell_M4-B1
Add Pin To Net: Unknown Pin: Pin U3_PowerModuleCell_M4-B2
Add Pin To Net: Unknown Pin: Pin U3_PowerModuleCell_M4-C1
Add Pin To Net: Unknown Pin: Pin U3_PowerModuleCell_M4-C2
Add Class Member: Failed to add class member : Component R22_PowerModuleCell_M1 (R22) 4K7 1%, 0402
Add Class Member: Failed to add class member : Component R22_PowerModuleCell_M2 (R22) 4K7 1%, 0402
Add Class Member: Failed to add class member : Component R22_PowerModuleCell_M3 (R22) 4K7 1%, 0402
Add Class Member: Failed to add class member : Component R22_PowerModuleCell_M4 (R22) 4K7 1%, 0402
Add Class Member: Failed to add class member : Component U3_PowerModuleCell_M1 (U3) TMP117MAIYBGR
Add Class Member: Failed to add class member : Component U3_PowerModuleCell_M2 (U3) TMP117MAIYBGR
Add Class Member: Failed to add class member : Component U3_PowerModuleCell_M3 (U3) TMP117MAIYBGR
Add Class Member: Failed to add class member : Component U3_PowerModuleCell_M4 (U3) TMP117MAIYBGR
Added Room: Name=PowerModuleCell_M1
Added Room: Name=PowerModuleCell_M2
Added Room: Name=PowerModuleCell_M3
Added Room: Name=PowerModuleCell_M4
