Change Component Designator: OldDesignator=J5 NewDesignator=J6
Change Component Designator: OldDesignator=J6 NewDesignator=J7
Change Component Designator: OldDesignator=J7 NewDesignator=J8
Change Component Designator: OldDesignator=J8 NewDesignator=J9
Change Component Designator: OldDesignator=J9 NewDesignator=J10
Change Component Designator: OldDesignator=J10 NewDesignator=J11
Change Component Designator: OldDesignator=J11 NewDesignator=J12
Change Component Designator: OldDesignator=J12 NewDesignator=J13
Change Component Designator: OldDesignator=J13 NewDesignator=J14
Change Component Designator: OldDesignator=J14 NewDesignator=J15
Change Component Designator: OldDesignator=J15 NewDesignator=J16
Change Component Designator: OldDesignator=J16 NewDesignator=J17
Change Component Designator: OldDesignator=J17 NewDesignator=J18
Change Component Designator: OldDesignator=J18 NewDesignator=J19
Change Component Designator: OldDesignator=J19 NewDesignator=J20
Change Component Designator: OldDesignator=J20 NewDesignator=J21
Change Component Designator: OldDesignator=J21 NewDesignator=J22
Change Component Designator: OldDesignator=J22 NewDesignator=J23
Change Component Designator: OldDesignator=J23 NewDesignator=J24
Change Component Designator: OldDesignator=J24 NewDesignator=J25
Change Component Designator: OldDesignator=J25 NewDesignator=J26
Change Component Designator: OldDesignator=J26 NewDesignator=J27
Change Component Designator: OldDesignator=J27 NewDesignator=J28
Change Component Designator: OldDesignator=J28 NewDesignator=J29
Change Component Designator: OldDesignator=J29 NewDesignator=J30
Change Component Designator: OldDesignator=J30 NewDesignator=J31
Change Component Designator: OldDesignator=J31 NewDesignator=J32
Change Component Designator: OldDesignator=J32 NewDesignator=J33
Change Component Designator: OldDesignator=J33 NewDesignator=J34
Change Component Designator: OldDesignator=J34 NewDesignator=J35
Change Component Designator: OldDesignator=J35 NewDesignator=J36
Change Component Designator: OldDesignator=J36 NewDesignator=J37
Change Component Designator: OldDesignator=J37 NewDesignator=J38
Change Component Designator: OldDesignator=J38 NewDesignator=J39
Change Component Designator: OldDesignator=J39_PowerModuleCell_M1 NewDesignator=J40_PowerModuleCell_M1
Change Component Designator: OldDesignator=J39_PowerModuleCell_M2 NewDesignator=J40_PowerModuleCell_M2
Change Component Designator: OldDesignator=J39_PowerModuleCell_M3 NewDesignator=J40_PowerModuleCell_M3
Change Component Designator: OldDesignator=J39_PowerModuleCell_M4 NewDesignator=J40_PowerModuleCell_M4
Change Component Designator: OldDesignator=J40_PowerModuleCell_M1 NewDesignator=J41_PowerModuleCell_M1
Change Component Designator: OldDesignator=J40_PowerModuleCell_M2 NewDesignator=J41_PowerModuleCell_M2
Change Component Designator: OldDesignator=J40_PowerModuleCell_M3 NewDesignator=J41_PowerModuleCell_M3
Change Component Designator: OldDesignator=J40_PowerModuleCell_M4 NewDesignator=J41_PowerModuleCell_M4
Change Component Designator: OldDesignator=J41_PowerModuleCell_M1 NewDesignator=J42_PowerModuleCell_M1
Change Component Designator: OldDesignator=J41_PowerModuleCell_M2 NewDesignator=J42_PowerModuleCell_M2
Change Component Designator: OldDesignator=J41_PowerModuleCell_M3 NewDesignator=J42_PowerModuleCell_M3
Change Component Designator: OldDesignator=J41_PowerModuleCell_M4 NewDesignator=J42_PowerModuleCell_M4
Change Component Designator: OldDesignator=J42_PowerModuleCell_M1 NewDesignator=J43_PowerModuleCell_M1
Change Component Designator: OldDesignator=J42_PowerModuleCell_M2 NewDesignator=J43_PowerModuleCell_M2
Change Component Designator: OldDesignator=J42_PowerModuleCell_M3 NewDesignator=J43_PowerModuleCell_M3
Change Component Designator: OldDesignator=J42_PowerModuleCell_M4 NewDesignator=J43_PowerModuleCell_M4
Added Component: Designator=J5(TestPad)
Add component (AddParameter): Name = "Arrow Part Number"; Value = ""; VariantName = "[No Variations]"
Add component (AddParameter): Name = "Arrow Price/Stock"; Value = ""; VariantName = "[No Variations]"
Add component (AddParameter): Name = "Datasheet Link"; Value = "https://katalog.we-online.de/em/datasheet/6130xx11121.pdf"; VariantName = "[No Variations]"
Add component (AddParameter): Name = "Height"; Value = "8.89mm"; VariantName = "[No Variations]"
Add component (AddParameter): Name = "Manufacturer_Name"; Value = "Wurth Elektronik"; VariantName = "[No Variations]"
Add component (AddParameter): Name = "Manufacturer_Part_Number"; Value = "61300111121"; VariantName = "[No Variations]"
Add component (AddParameter): Name = "Mouser Part Number"; Value = "710-61300111121"; VariantName = "[No Variations]"
Add component (AddParameter): Name = "Mouser Price/Stock"; Value = "https://www.mouser.co.uk/ProductDetail/Wurth-Elektronik/61300111121?qs=PhR8RmCirEaRH5Ck%252B2lRLQ%3D%3D"; VariantName = "[No Variations]"
Added Member To Class: ClassName=PowerModule Member=Component J39 TestPad
