Change Component Footprint: Designator=L1 Old Footprint=WE-PD_7345 New Footprint=WE-PD_7345
Change Component Footprint: Designator=L2_PowerModuleCell_M2 Old Footprint=WE-PD_7345 New Footprint=WE-PD_7345
Change Component Footprint: Designator=L2_PowerModuleCell_M3 Old Footprint=WE-PD_7345 New Footprint=WE-PD_7345
Change Component Footprint: Designator=L2_PowerModuleCell_M4 Old Footprint=WE-PD_7345 New Footprint=WE-PD_7345
Added Pin To Net: NetName=Vcc_F Pin=L1-1
Added Pin To Net: NetName=Vcc Pin=L1-2
Added Pin To Net: NetName=Vcc_F Pin=L2_PowerModuleCell_M2-1
Added Pin To Net: NetName=Vcc Pin=L2_PowerModuleCell_M2-2
Added Pin To Net: NetName=Vcc_F Pin=L2_PowerModuleCell_M3-1
Added Pin To Net: NetName=Vcc Pin=L2_PowerModuleCell_M3-2
Added Pin To Net: NetName=Vcc_F Pin=L2_PowerModuleCell_M4-1
Added Pin To Net: NetName=Vcc Pin=L2_PowerModuleCell_M4-2
Added Member To Class: ClassName=PowerModule Member=Component C1 1uF, 25V, X7R, 0402
Added Member To Class: ClassName=PowerModule Member=Component C2 100nF, 25v, X5R, 0402
Added Member To Class: ClassName=PowerModule Member=Component C3 100nF, 25v, X5R, 0402
Added Member To Class: ClassName=PowerModule Member=Component C4 1uF, 25V, X7R, 0402
Added Member To Class: ClassName=PowerModule Member=Component C5 100nF, 25v, X5R, 0402
Added Member To Class: ClassName=PowerModule Member=Component C6 2.2uF, 25V, X5R, 0603
Added Member To Class: ClassName=PowerModule Member=Component C7 220nF 25V, X7R, 0603
Added Member To Class: ClassName=PowerModuleCell_M2 Member=Component C8_PowerModuleCell_M2 (C8) 2.2uF, 25V, X5R, 0603
Added Member To Class: ClassName=PowerModuleCell_M3 Member=Component C8_PowerModuleCell_M3 (C8) 2.2uF, 25V, X5R, 0603
Added Member To Class: ClassName=PowerModuleCell_M4 Member=Component C8_PowerModuleCell_M4 (C8) 2.2uF, 25V, X5R, 0603
Added Member To Class: ClassName=PowerModuleCell_M2 Member=Component C9_PowerModuleCell_M2 (C9) 220nF 25V, X7R, 0603
Added Member To Class: ClassName=PowerModuleCell_M3 Member=Component C9_PowerModuleCell_M3 (C9) 220nF 25V, X7R, 0603
Added Member To Class: ClassName=PowerModuleCell_M4 Member=Component C9_PowerModuleCell_M4 (C9) 220nF 25V, X7R, 0603
Added Member To Class: ClassName=PowerModule Member=Component IC1 STM32G431CBY6TR
Added Member To Class: ClassName=PowerModule Member=Component J1 87759-1050
Added Member To Class: ClassName=PowerModule Member=Component J2 87759-1050
Added Member To Class: ClassName=PowerModule Member=Component L1 39 µH, 1A
Added Member To Class: ClassName=PowerModuleCell_M2 Member=Component L2_PowerModuleCell_M2 (L2) 39 µH, 1A
Added Member To Class: ClassName=PowerModuleCell_M3 Member=Component L2_PowerModuleCell_M3 (L2) 39 µH, 1A
Added Member To Class: ClassName=PowerModuleCell_M4 Member=Component L2_PowerModuleCell_M4 (L2) 39 µH, 1A
Added Member To Class: ClassName=PowerModuleCell_M2 Member=Component Load+1_PowerModuleCell_M2 (Load+1) 5001
Added Member To Class: ClassName=PowerModuleCell_M3 Member=Component Load+1_PowerModuleCell_M3 (Load+1) 5001
Added Member To Class: ClassName=PowerModuleCell_M4 Member=Component Load+1_PowerModuleCell_M4 (Load+1) 5001
Added Member To Class: ClassName=PowerModuleCell_M2 Member=Component Load-1_PowerModuleCell_M2 (Load-1) 5001
Added Member To Class: ClassName=PowerModuleCell_M3 Member=Component Load-1_PowerModuleCell_M3 (Load-1) 5001
Added Member To Class: ClassName=PowerModuleCell_M4 Member=Component Load-1_PowerModuleCell_M4 (Load-1) 5001
Added Member To Class: ClassName=PowerModuleCell_M2 Member=Component Q1_PowerModuleCell_M2 (Q1) IRF7779L2TRPBF
Added Member To Class: ClassName=PowerModuleCell_M3 Member=Component Q1_PowerModuleCell_M3 (Q1) IRF7779L2TRPBF
Added Member To Class: ClassName=PowerModuleCell_M4 Member=Component Q1_PowerModuleCell_M4 (Q1) IRF7779L2TRPBF
Added Member To Class: ClassName=PowerModule Member=Component R9 10K 5%, 0402
Added Member To Class: ClassName=PowerModuleCell_M2 Member=Component R10_PowerModuleCell_M2 (R10) 1K 1%, 0402
Added Member To Class: ClassName=PowerModuleCell_M3 Member=Component R10_PowerModuleCell_M3 (R10) 1K 1%, 0402
Added Member To Class: ClassName=PowerModuleCell_M4 Member=Component R10_PowerModuleCell_M4 (R10) 1K 1%, 0402
Added Member To Class: ClassName=PowerModuleCell_M2 Member=Component R11_PowerModuleCell_M2 (R11) 1K 1%, 0402
Added Member To Class: ClassName=PowerModuleCell_M3 Member=Component R11_PowerModuleCell_M3 (R11) 1K 1%, 0402
Added Member To Class: ClassName=PowerModuleCell_M4 Member=Component R11_PowerModuleCell_M4 (R11) 1K 1%, 0402
Added Member To Class: ClassName=PowerModuleCell_M2 Member=Component R12_PowerModuleCell_M2 (R12) 1K 1%, 0402
Added Member To Class: ClassName=PowerModuleCell_M3 Member=Component R12_PowerModuleCell_M3 (R12) 1K 1%, 0402
Added Member To Class: ClassName=PowerModuleCell_M4 Member=Component R12_PowerModuleCell_M4 (R12) 1K 1%, 0402
Added Member To Class: ClassName=PowerModuleCell_M2 Member=Component R13_PowerModuleCell_M2 (R13) 10m 1%, 2818
Added Member To Class: ClassName=PowerModuleCell_M3 Member=Component R13_PowerModuleCell_M3 (R13) 10m 1%, 2818
Added Member To Class: ClassName=PowerModuleCell_M4 Member=Component R13_PowerModuleCell_M4 (R13) 10m 1%, 2818
Added Member To Class: ClassName=PowerModuleCell_M2 Member=Component R14_PowerModuleCell_M2 (R14) 300 1%, 0402
Added Member To Class: ClassName=PowerModuleCell_M3 Member=Component R14_PowerModuleCell_M3 (R14) 300 1%, 0402
Added Member To Class: ClassName=PowerModuleCell_M4 Member=Component R14_PowerModuleCell_M4 (R14) 300 1%, 0402
Added Member To Class: ClassName=PowerModuleCell_M2 Member=Component R15_PowerModuleCell_M2 (R15) 1K 1%, 0402
Added Member To Class: ClassName=PowerModuleCell_M3 Member=Component R15_PowerModuleCell_M3 (R15) 1K 1%, 0402
Added Member To Class: ClassName=PowerModuleCell_M4 Member=Component R15_PowerModuleCell_M4 (R15) 1K 1%, 0402
Added Member To Class: ClassName=PowerModuleCell_M2 Member=Component R16_PowerModuleCell_M2 (R16) 100 1%, 0402
Added Member To Class: ClassName=PowerModuleCell_M3 Member=Component R16_PowerModuleCell_M3 (R16) 100 1%, 0402
Added Member To Class: ClassName=PowerModuleCell_M4 Member=Component R16_PowerModuleCell_M4 (R16) 100 1%, 0402
Added Member To Class: ClassName=PowerModuleCell_M2 Member=Component R17_PowerModuleCell_M2 (R17) 100 1%, 0402
Added Member To Class: ClassName=PowerModuleCell_M3 Member=Component R17_PowerModuleCell_M3 (R17) 100 1%, 0402
Added Member To Class: ClassName=PowerModuleCell_M4 Member=Component R17_PowerModuleCell_M4 (R17) 100 1%, 0402
Added Member To Class: ClassName=PowerModuleCell_M2 Member=Component R18_PowerModuleCell_M2 (R18) 1K 1%, 0402
Added Member To Class: ClassName=PowerModuleCell_M3 Member=Component R18_PowerModuleCell_M3 (R18) 1K 1%, 0402
Added Member To Class: ClassName=PowerModuleCell_M4 Member=Component R18_PowerModuleCell_M4 (R18) 1K 1%, 0402
Added Member To Class: ClassName=PowerModuleCell_M2 Member=Component R19_PowerModuleCell_M2 (R19) 100 1%, 0402
Added Member To Class: ClassName=PowerModuleCell_M3 Member=Component R19_PowerModuleCell_M3 (R19) 100 1%, 0402
Added Member To Class: ClassName=PowerModuleCell_M4 Member=Component R19_PowerModuleCell_M4 (R19) 100 1%, 0402
Added Member To Class: ClassName=PowerModuleCell_M2 Member=Component R20_PowerModuleCell_M2 (R20) 300 1%, 0402
Added Member To Class: ClassName=PowerModuleCell_M3 Member=Component R20_PowerModuleCell_M3 (R20) 300 1%, 0402
Added Member To Class: ClassName=PowerModuleCell_M4 Member=Component R20_PowerModuleCell_M4 (R20) 300 1%, 0402
Added Member To Class: ClassName=PowerModuleCell_M2 Member=Component R21_PowerModuleCell_M2 (R21) 1K 1%, 0402
Added Member To Class: ClassName=PowerModuleCell_M3 Member=Component R21_PowerModuleCell_M3 (R21) 1K 1%, 0402
Added Member To Class: ClassName=PowerModuleCell_M4 Member=Component R21_PowerModuleCell_M4 (R21) 1K 1%, 0402
Added Member To Class: ClassName=PowerModuleCell_M2 Member=Component R22_PowerModuleCell_M2 (R22) 4K7 1%, 0402
Added Member To Class: ClassName=PowerModuleCell_M3 Member=Component R22_PowerModuleCell_M3 (R22) 4K7 1%, 0402
Added Member To Class: ClassName=PowerModuleCell_M4 Member=Component R22_PowerModuleCell_M4 (R22) 4K7 1%, 0402
Added Member To Class: ClassName=PowerModule Member=Component SW1 PTS645SM43SMTR92LFS
Added Member To Class: ClassName=PowerModuleCell_M2 Member=Component U1_PowerModuleCell_M2 (U1A) LM324DR2G
Added Member To Class: ClassName=PowerModuleCell_M3 Member=Component U1_PowerModuleCell_M3 (U1A) LM324DR2G
Added Member To Class: ClassName=PowerModuleCell_M4 Member=Component U1_PowerModuleCell_M4 (U1A) LM324DR2G
Added Member To Class: ClassName=PowerModule Member=Component U2 TC1262-3.3VDBTR
Added Member To Class: ClassName=PowerModuleCell_M2 Member=Component U3_PowerModuleCell_M2 (U3) TMP117MAIYBGR
Added Member To Class: ClassName=PowerModuleCell_M3 Member=Component U3_PowerModuleCell_M3 (U3) TMP117MAIYBGR
Added Member To Class: ClassName=PowerModuleCell_M4 Member=Component U3_PowerModuleCell_M4 (U3) TMP117MAIYBGR
Added Member To Class: ClassName=PowerModule Member=Component U4 LM4132AMF-2.5/NOPB
Added Member To Class: ClassName=PowerModule Member=Component Y1 SIT1552AC-JE-DCC-32.768D
Added Member To Class: ClassName=PowerModule Member=Component Y2 ECS-TXO-2016-33-160-TR
Change Room Name: Old Name=PowerModuleCell_M_1 New Name=PowerModuleCell_M1
