Change Component Designator: Old Designator=C2 New Designator=C6
Change Component Designator: Old Designator=C3 New Designator=C2
Change Component Designator: Old Designator=C4 New Designator=C3
Change Component Designator: Old Designator=C5 New Designator=C4
Change Component Designator: Old Designator=C6 New Designator=C5
Change Component Designator: Old Designator=D1 New Designator=D3
Change Component Designator: Old Designator=D2 New Designator=D4
Change Component Designator: Old Designator=D4 New Designator=D1
Change Component Designator: Old Designator=D5 New Designator=D2
Change Component Designator: Old Designator=J31 New Designator=J33
Change Component Designator: Old Designator=J32 New Designator=J34
Change Component Designator: Old Designator=J33 New Designator=J35
Change Component Designator: Old Designator=J34 New Designator=J36
Change Component Designator: Old Designator=J35 New Designator=J37
Change Component Designator: Old Designator=J36 New Designator=J38
Change Component Designator: Old Designator=J? New Designator=J31
Change Component Designator: Old Designator=J? New Designator=J32
Change Component Designator: Old Designator=R9 New Designator=R3
Change Component Designator: Old Designator=R10 New Designator=R4
Change Component Designator: Old Designator=R11 New Designator=R5
Change Component Designator: Old Designator=R12 New Designator=R6
Change Component Designator: Old Designator=R13 New Designator=R9
Change Component Designator: Old Designator=R14 New Designator=R10
Change Component Designator: Old Designator=R15 New Designator=R11
Change Component Designator: Old Designator=R16 New Designator=R7
Change Component Designator: Old Designator=R17 New Designator=R8
Change Component Designator: Old Designator=R40 New Designator=R1
Change Component Designator: Old Designator=R41 New Designator=R2
Change Component Designator: Old Designator=U3 New Designator=U2
Change Component Designator: Old Designator=U4 New Designator=U3
