Change Component Designator: Old Designator=D2 New Designator=D1
Change Component Designator: Old Designator=D3 New Designator=D2
Change Component Designator: Old Designator=J1 New Designator=J3
Change Component Designator: Old Designator=J3 New Designator=J5
Change Component Designator: Old Designator=J5 New Designator=J4
Change Component Designator: Old Designator=J35 New Designator=J1
Change Component Designator: Old Designator=J35 New Designator=J1
Change Component Designator: Old Designator=J36 New Designator=J2
Change Component Designator: Old Designator=J36 New Designator=J2
Change Component Designator: Old Designator=P2 New Designator=P3
Change Component Designator: Old Designator=P3 New Designator=P4
Change Component Designator: Old Designator=P4 New Designator=P5
Change Component Designator: Old Designator=P5 New Designator=P6
Change Component Designator: Old Designator=P6 New Designator=P8
Change Component Designator: Old Designator=P7 New Designator=P9
Change Component Designator: Old Designator=P8 New Designator=P10
Change Component Designator: Old Designator=P9 New Designator=P11
Change Component Designator: Old Designator=P10 New Designator=P12
Change Component Designator: Old Designator=P11 New Designator=P13
Change Component Designator: Old Designator=P12 New Designator=P14
Change Component Designator: Old Designator=P13 New Designator=P15
Change Component Designator: Old Designator=P14 New Designator=P16
Change Component Designator: Old Designator=P15 New Designator=P17
Change Component Designator: Old Designator=P16 New Designator=P18
Change Component Designator: Old Designator=P17 New Designator=P19
Change Component Designator: Old Designator=P22 New Designator=P20
Change Component Designator: Old Designator=P23 New Designator=P21
Change Component Designator: Old Designator=P24 New Designator=P22
Change Component Designator: Old Designator=P25 New Designator=P23
Change Component Designator: Old Designator=P26 New Designator=P24
Change Component Designator: Old Designator=P27 New Designator=P25
Change Component Designator: Old Designator=P28 New Designator=P26
Change Component Designator: Old Designator=P29 New Designator=P27
Change Component Designator: Old Designator=P30 New Designator=P2
Change Component Designator: Old Designator=P31 New Designator=P7
Change Component Designator: Old Designator=R9 New Designator=R12
Change Component Designator: Old Designator=R23 New Designator=R11
Change Component Designator: Old Designator=R24 New Designator=R13
Change Component Designator: Old Designator=R25 New Designator=R14
Change Component Designator: Old Designator=R26 New Designator=R15
Change Component Designator: Old Designator=R28 New Designator=R16
Change Component Designator: Old Designator=R29 New Designator=R17
Change Component Designator: Old Designator=R30 New Designator=R9
Change Component Designator: Old Designator=R31 New Designator=R10
Change Component Designator: Old Designator=U2 New Designator=U3
