Removed Pin From Net: NetName=I2C1_SDA Pin=J15-1
Removed Pin From Net: NetName=I2C2_SDA Pin=J16-1
Removed Pin From Net: NetName=I2C1_SCL Pin=J17-1
Removed Pin From Net: NetName=I2C2_SCL Pin=J18-1
Removed Pin From Net: NetName=SPI2-MOSI Pin=J19-1
Removed Pin From Net: NetName=SPI2-MISO Pin=J20-1
Removed Pin From Net: NetName=SPI2-SCK Pin=J23-1
Removed Pin From Net: NetName=Vcc_2 Pin=J31-1
Removed Pin From Net: NetName=Vcc_2 Pin=J32-1
Removed Pin From Net: NetName=GND_2 Pin=J33-1
Removed Pin From Net: NetName=GND_2 Pin=J34-1
Removed Pin From Net: NetName=GND_2 Pin=J35-1
Removed Pin From Net: NetName=GND_1 Pin=J36-1
Removed Member From Class: ClassName=PowerModule Member=J33
Removed Member From Class: ClassName=PowerModule Member=J34
Removed Member From Class: ClassName=PowerModule Member=J35
Removed Member From Class: ClassName=PowerModule Member=J36
Removed Member From Class: ClassName=PowerModule Member=J37
Removed Member From Class: ClassName=PowerModule Member=J38
Removed Member From Class: ClassName=PowerModule Member=J39
Removed Member From Class: ClassName=PowerModule Member=J40
Change Component Designator: OldDesignator=J1 NewDesignator=J5
Change Component Designator: OldDesignator=J2 NewDesignator=J6
Change Component Designator: OldDesignator=J3 NewDesignator=J12
Change Component Designator: OldDesignator=J4 NewDesignator=J11
Change Component Designator: OldDesignator=J5 NewDesignator=J13
Change Component Designator: OldDesignator=J6 NewDesignator=J14
Change Component Designator: OldDesignator=J11 NewDesignator=J15
Change Component Designator: OldDesignator=J12 NewDesignator=J16
Change Component Designator: OldDesignator=J13 NewDesignator=J19
Change Component Designator: OldDesignator=J14 NewDesignator=J20
Change Component Designator: OldDesignator=J21 NewDesignator=J17
Change Component Designator: OldDesignator=J22 NewDesignator=J18
Change Component Designator: OldDesignator=J24 NewDesignator=J22
Change Component Designator: OldDesignator=J25 NewDesignator=J23
Change Component Designator: OldDesignator=J26 NewDesignator=J24
Change Component Designator: OldDesignator=J27 NewDesignator=J25
Change Component Designator: OldDesignator=J28 NewDesignator=J26
Change Component Designator: OldDesignator=J29 NewDesignator=J27
Change Component Designator: OldDesignator=J30 NewDesignator=J28
Change Component Designator: OldDesignator=J37 NewDesignator=J29
Change Component Designator: OldDesignator=J38 NewDesignator=J30
Change Component Designator: OldDesignator=J39 NewDesignator=J31
Change Component Designator: OldDesignator=J40 NewDesignator=J32
Change Component Designator: OldDesignator=J41_PowerModuleCell_M1 NewDesignator=J33_PowerModuleCell_M1
Change Component Designator: OldDesignator=J41_PowerModuleCell_M2 NewDesignator=J33_PowerModuleCell_M2
Change Component Designator: OldDesignator=J41_PowerModuleCell_M3 NewDesignator=J33_PowerModuleCell_M3
Change Component Designator: OldDesignator=J41_PowerModuleCell_M4 NewDesignator=J33_PowerModuleCell_M4
Change Component Designator: OldDesignator=J42_PowerModuleCell_M1 NewDesignator=J34_PowerModuleCell_M1
Change Component Designator: OldDesignator=J42_PowerModuleCell_M2 NewDesignator=J34_PowerModuleCell_M2
Change Component Designator: OldDesignator=J42_PowerModuleCell_M3 NewDesignator=J34_PowerModuleCell_M3
Change Component Designator: OldDesignator=J42_PowerModuleCell_M4 NewDesignator=J34_PowerModuleCell_M4
Change Component Designator: OldDesignator=J43_Amplifier_K-51 NewDesignator=J35_Amplifier_K-51
Change Component Designator: OldDesignator=J43_Amplifier_K-52 NewDesignator=J35_Amplifier_K-52
Change Component Designator: OldDesignator=J44_Amplifier_K-51 NewDesignator=J36_Amplifier_K-51
Change Component Designator: OldDesignator=J44_Amplifier_K-52 NewDesignator=J36_Amplifier_K-52
Change Component Designator: OldDesignator=J45_Amplifier_K-51 NewDesignator=J37_Amplifier_K-51
Change Component Designator: OldDesignator=J45_Amplifier_K-52 NewDesignator=J37_Amplifier_K-52
Change Component Designator: OldDesignator=J46_Amplifier_K-51 NewDesignator=J38_Amplifier_K-51
Change Component Designator: OldDesignator=J46_Amplifier_K-52 NewDesignator=J38_Amplifier_K-52
Change Component Designator: OldDesignator=J47_Amplifier_K-51 NewDesignator=J39_Amplifier_K-51
Change Component Designator: OldDesignator=J47_Amplifier_K-52 NewDesignator=J39_Amplifier_K-52
Change Component Designator: OldDesignator=J48_Amplifier_K-51 NewDesignator=J40_Amplifier_K-51
Change Component Designator: OldDesignator=J48_Amplifier_K-52 NewDesignator=J40_Amplifier_K-52
Change Component Designator: OldDesignator=J49_Amplifier_K-51 NewDesignator=J41_Amplifier_K-51
Change Component Designator: OldDesignator=J49_Amplifier_K-52 NewDesignator=J41_Amplifier_K-52
Change Component Designator: OldDesignator=J50_Amplifier_K-51 NewDesignator=J42_Amplifier_K-51
Change Component Designator: OldDesignator=J50_Amplifier_K-52 NewDesignator=J42_Amplifier_K-52
Change Component Designator: OldDesignator=J51_Amplifier_K-51 NewDesignator=J43_Amplifier_K-51
Change Component Designator: OldDesignator=J51_Amplifier_K-52 NewDesignator=J43_Amplifier_K-52
Change Component Designator: OldDesignator=J52_Amplifier_K-51 NewDesignator=J44_Amplifier_K-51
Change Component Designator: OldDesignator=J52_Amplifier_K-52 NewDesignator=J44_Amplifier_K-52
Change Component Designator: OldDesignator=J53_Amplifier_K-51 NewDesignator=J45_Amplifier_K-51
Change Component Designator: OldDesignator=J53_Amplifier_K-52 NewDesignator=J45_Amplifier_K-52
Change Component Designator: OldDesignator=J54_Amplifier_K-51 NewDesignator=J46_Amplifier_K-51
Change Component Designator: OldDesignator=J54_Amplifier_K-52 NewDesignator=J46_Amplifier_K-52
Added Component: Designator=J1(61300411821)
Add component (AddParameter): Name = "Contact Resistance"; Value = "20m?"; VariantName = "[No Variations]"
Add component (AddParameter): Name = "Current Rating"; Value = "3A"; VariantName = "[No Variations]"
Add component (AddParameter): Name = "Gender"; Value = "Female"; VariantName = "[No Variations]"
Add component (AddParameter): Name = "Lead Pitch"; Value = "2.54mm"; VariantName = "[No Variations]"
Add component (AddParameter): Name = "NexarPartId"; Value = "61924712"; VariantName = "[No Variations]"
Add component (AddParameter): Name = "Number of Pins"; Value = "4"; VariantName = "[No Variations]"
Add component (AddParameter): Name = "Operating Supply Voltage"; Value = "250V"; VariantName = "[No Variations]"
Add component (AddParameter): Name = "Orientation"; Value = "Vertical"; VariantName = "[No Variations]"
Add component (AddParameter): Name = "RoHS"; Value = "Non-Compliant"; VariantName = "[No Variations]"
Added Component: Designator=J2(61300411821)
Add component (AddParameter): Name = "Contact Resistance"; Value = "20m?"; VariantName = "[No Variations]"
Add component (AddParameter): Name = "Current Rating"; Value = "3A"; VariantName = "[No Variations]"
Add component (AddParameter): Name = "Gender"; Value = "Female"; VariantName = "[No Variations]"
Add component (AddParameter): Name = "Lead Pitch"; Value = "2.54mm"; VariantName = "[No Variations]"
Add component (AddParameter): Name = "NexarPartId"; Value = "61924712"; VariantName = "[No Variations]"
Add component (AddParameter): Name = "Number of Pins"; Value = "4"; VariantName = "[No Variations]"
Add component (AddParameter): Name = "Operating Supply Voltage"; Value = "250V"; VariantName = "[No Variations]"
Add component (AddParameter): Name = "Orientation"; Value = "Vertical"; VariantName = "[No Variations]"
Add component (AddParameter): Name = "RoHS"; Value = "Non-Compliant"; VariantName = "[No Variations]"
Added Component: Designator=J3(61300411821)
Add component (AddParameter): Name = "Contact Resistance"; Value = "20m?"; VariantName = "[No Variations]"
Add component (AddParameter): Name = "Current Rating"; Value = "3A"; VariantName = "[No Variations]"
Add component (AddParameter): Name = "Gender"; Value = "Female"; VariantName = "[No Variations]"
Add component (AddParameter): Name = "Lead Pitch"; Value = "2.54mm"; VariantName = "[No Variations]"
Add component (AddParameter): Name = "NexarPartId"; Value = "61924712"; VariantName = "[No Variations]"
Add component (AddParameter): Name = "Number of Pins"; Value = "4"; VariantName = "[No Variations]"
Add component (AddParameter): Name = "Operating Supply Voltage"; Value = "250V"; VariantName = "[No Variations]"
Add component (AddParameter): Name = "Orientation"; Value = "Vertical"; VariantName = "[No Variations]"
Add component (AddParameter): Name = "RoHS"; Value = "Non-Compliant"; VariantName = "[No Variations]"
Added Component: Designator=J4(61300411821)
Add component (AddParameter): Name = "Contact Resistance"; Value = "20m?"; VariantName = "[No Variations]"
Add component (AddParameter): Name = "Current Rating"; Value = "3A"; VariantName = "[No Variations]"
Add component (AddParameter): Name = "Gender"; Value = "Female"; VariantName = "[No Variations]"
Add component (AddParameter): Name = "Lead Pitch"; Value = "2.54mm"; VariantName = "[No Variations]"
Add component (AddParameter): Name = "NexarPartId"; Value = "61924712"; VariantName = "[No Variations]"
Add component (AddParameter): Name = "Number of Pins"; Value = "4"; VariantName = "[No Variations]"
Add component (AddParameter): Name = "Operating Supply Voltage"; Value = "250V"; VariantName = "[No Variations]"
Add component (AddParameter): Name = "Orientation"; Value = "Vertical"; VariantName = "[No Variations]"
Add component (AddParameter): Name = "RoHS"; Value = "Non-Compliant"; VariantName = "[No Variations]"
Added Component: Designator=J21(TestPad)
Add component (AddParameter): Name = "Arrow Part Number"; Value = ""; VariantName = "[No Variations]"
Add component (AddParameter): Name = "Arrow Price/Stock"; Value = ""; VariantName = "[No Variations]"
Add component (AddParameter): Name = "Datasheet Link"; Value = "https://katalog.we-online.de/em/datasheet/6130xx11121.pdf"; VariantName = "[No Variations]"
Add component (AddParameter): Name = "Height"; Value = "8.89mm"; VariantName = "[No Variations]"
Add component (AddParameter): Name = "Manufacturer_Name"; Value = "Wurth Elektronik"; VariantName = "[No Variations]"
Add component (AddParameter): Name = "Manufacturer_Part_Number"; Value = "61300111121"; VariantName = "[No Variations]"
Add component (AddParameter): Name = "Mouser Part Number"; Value = "710-61300111121"; VariantName = "[No Variations]"
Add component (AddParameter): Name = "Mouser Price/Stock"; Value = "https://www.mouser.co.uk/ProductDetail/Wurth-Elektronik/61300111121?qs=PhR8RmCirEaRH5Ck%252B2lRLQ%3D%3D"; VariantName = "[No Variations]"
Added Pin To Net: NetName=SPI2-MOSI Pin=J1-1
Added Pin To Net: NetName=SPI2-MISO Pin=J1-2
Added Pin To Net: NetName=SPI2-SCK Pin=J1-3
Added Pin To Net: NetName=GND_2 Pin=J1-4
Added Pin To Net: NetName=GND_1 Pin=J2-1
Added Pin To Net: NetName=ISO_I2C_SCL Pin=J2-2
Added Pin To Net: NetName=Vcc_1 Pin=J2-3
Added Pin To Net: NetName=ISO_I2C_SDA Pin=J2-4
Added Pin To Net: NetName=I2C1_SDA Pin=J3-1
Added Pin To Net: NetName=Vcc Pin=J3-2
Added Pin To Net: NetName=I2C1_SCL Pin=J3-3
Added Pin To Net: NetName=GND_2 Pin=J3-4
Added Pin To Net: NetName=GND_2 Pin=J4-1
Added Pin To Net: NetName=I2C2_SCL Pin=J4-2
Added Pin To Net: NetName=Vcc Pin=J4-3
Added Pin To Net: NetName=I2C2_SDA Pin=J4-4
Added Member To Class: ClassName=Amplifier_K-51 Member=Component J37_Amplifier_K-51 (J37) TestPad
Added Member To Class: ClassName=Amplifier_K-52 Member=Component J37_Amplifier_K-52 (J37) TestPad
Added Member To Class: ClassName=Amplifier_K-52 Member=Component J38_Amplifier_K-52 (J38) TestPad
Added Member To Class: ClassName=Amplifier_K-51 Member=Component J39_Amplifier_K-51 (J39) TestPad
Added Member To Class: ClassName=Amplifier_K-52 Member=Component J39_Amplifier_K-52 (J39) TestPad
Added Member To Class: ClassName=Amplifier_K-51 Member=Component J40_Amplifier_K-51 (J40) TestPad
Added Member To Class: ClassName=Amplifier_K-52 Member=Component J40_Amplifier_K-52 (J40) TestPad
Added Member To Class: ClassName=Amplifier_K-51 Member=Component J41_Amplifier_K-51 (J41) TestPad
Added Member To Class: ClassName=Amplifier_K-51 Member=Component J42_Amplifier_K-51 (J42) TestPad
