Removed Member From Class: ClassName=PowerModule Member=U3
Added Component: Designator=IC?(BGA49C40P7X7_313X315X59)
Add component (AddParameter): Name = "Arrow Part Number"; Value = "STM32G431CBY6TR"; VariantName = "[No Variations]"
Add component (AddParameter): Name = "Arrow Price/Stock"; Value = "https://www.arrow.com/en/products/stm32g431cby6tr/stmicroelectronics?utm_currency=USD&region=nac"; VariantName = "[No Variations]"
Add component (AddParameter): Name = "Datasheet Link"; Value = "https://www.mouser.de/datasheet/2/389/dm00507199-1799366.pdf"; VariantName = "[No Variations]"
Add component (AddParameter): Name = "Height"; Value = "0.59mm"; VariantName = "[No Variations]"
Add component (AddParameter): Name = "Manufacturer_Name"; Value = "STMicroelectronics"; VariantName = "[No Variations]"
Add component (AddParameter): Name = "Manufacturer_Part_Number"; Value = "STM32G431CBY6TR"; VariantName = "[No Variations]"
Add component (AddParameter): Name = "Mouser Part Number"; Value = "511-STM32G431CBY6TR"; VariantName = "[No Variations]"
Add component (AddParameter): Name = "Mouser Price/Stock"; Value = "https://www.mouser.co.uk/ProductDetail/STMicroelectronics/STM32G431CBY6TR?qs=%252B6g0mu59x7LlQ7aZtJ8LeQ%3D%3D"; VariantName = "[No Variations]"
Added Component: Designator=U5_PowerModuleCell_M1(ONSC-SOIC-14-751A-03_V)
Added Component: Designator=U5_PowerModuleCell_M2(ONSC-SOIC-14-751A-03_V)
Added Component: Designator=U5_PowerModuleCell_M3(ONSC-SOIC-14-751A-03_V)
Added Component: Designator=U5_PowerModuleCell_M4(ONSC-SOIC-14-751A-03_V)
Add Pin To Net: Unknown Pin: Pin U5_PowerModuleCell_M1-4
Add Pin To Net: Unknown Pin: Pin U5_PowerModuleCell_M1-4
Add Pin To Net: Unknown Pin: Pin U5_PowerModuleCell_M1-5
Add Pin To Net: Unknown Pin: Pin U5_PowerModuleCell_M1-6
Add Pin To Net: Unknown Pin: Pin U5_PowerModuleCell_M1-7
Add Pin To Net: Unknown Pin: Pin U5_PowerModuleCell_M1-8
Add Pin To Net: Unknown Pin: Pin U5_PowerModuleCell_M1-9
Add Pin To Net: Unknown Pin: Pin U5_PowerModuleCell_M1-10
Add Pin To Net: Unknown Pin: Pin U5_PowerModuleCell_M1-11
Add Pin To Net: Unknown Pin: Pin U5_PowerModuleCell_M1-11
Add Pin To Net: Unknown Pin: Pin U5_PowerModuleCell_M1-12
Add Pin To Net: Unknown Pin: Pin U5_PowerModuleCell_M1-13
Add Pin To Net: Unknown Pin: Pin U5_PowerModuleCell_M1-14
Add Pin To Net: Unknown Pin: Pin U5_PowerModuleCell_M2-4
Add Pin To Net: Unknown Pin: Pin U5_PowerModuleCell_M2-4
Add Pin To Net: Unknown Pin: Pin U5_PowerModuleCell_M2-5
Add Pin To Net: Unknown Pin: Pin U5_PowerModuleCell_M2-6
Add Pin To Net: Unknown Pin: Pin U5_PowerModuleCell_M2-7
Add Pin To Net: Unknown Pin: Pin U5_PowerModuleCell_M2-8
Add Pin To Net: Unknown Pin: Pin U5_PowerModuleCell_M2-9
Add Pin To Net: Unknown Pin: Pin U5_PowerModuleCell_M2-10
Add Pin To Net: Unknown Pin: Pin U5_PowerModuleCell_M2-11
Add Pin To Net: Unknown Pin: Pin U5_PowerModuleCell_M2-11
Add Pin To Net: Unknown Pin: Pin U5_PowerModuleCell_M2-12
Add Pin To Net: Unknown Pin: Pin U5_PowerModuleCell_M2-13
Add Pin To Net: Unknown Pin: Pin U5_PowerModuleCell_M2-14
Add Pin To Net: Unknown Pin: Pin U5_PowerModuleCell_M3-4
Add Pin To Net: Unknown Pin: Pin U5_PowerModuleCell_M3-4
Add Pin To Net: Unknown Pin: Pin U5_PowerModuleCell_M3-5
Add Pin To Net: Unknown Pin: Pin U5_PowerModuleCell_M3-6
Add Pin To Net: Unknown Pin: Pin U5_PowerModuleCell_M3-7
Add Pin To Net: Unknown Pin: Pin U5_PowerModuleCell_M3-8
Add Pin To Net: Unknown Pin: Pin U5_PowerModuleCell_M3-9
Add Pin To Net: Unknown Pin: Pin U5_PowerModuleCell_M3-10
Add Pin To Net: Unknown Pin: Pin U5_PowerModuleCell_M3-11
Add Pin To Net: Unknown Pin: Pin U5_PowerModuleCell_M3-11
Add Pin To Net: Unknown Pin: Pin U5_PowerModuleCell_M3-12
Add Pin To Net: Unknown Pin: Pin U5_PowerModuleCell_M3-13
Add Pin To Net: Unknown Pin: Pin U5_PowerModuleCell_M3-14
Add Pin To Net: Unknown Pin: Pin U5_PowerModuleCell_M4-4
Add Pin To Net: Unknown Pin: Pin U5_PowerModuleCell_M4-4
Add Pin To Net: Unknown Pin: Pin U5_PowerModuleCell_M4-5
Add Pin To Net: Unknown Pin: Pin U5_PowerModuleCell_M4-6
Add Pin To Net: Unknown Pin: Pin U5_PowerModuleCell_M4-7
Add Pin To Net: Unknown Pin: Pin U5_PowerModuleCell_M4-8
Add Pin To Net: Unknown Pin: Pin U5_PowerModuleCell_M4-9
Add Pin To Net: Unknown Pin: Pin U5_PowerModuleCell_M4-10
Add Pin To Net: Unknown Pin: Pin U5_PowerModuleCell_M4-11
Add Pin To Net: Unknown Pin: Pin U5_PowerModuleCell_M4-11
Add Pin To Net: Unknown Pin: Pin U5_PowerModuleCell_M4-12
Add Pin To Net: Unknown Pin: Pin U5_PowerModuleCell_M4-13
Add Pin To Net: Unknown Pin: Pin U5_PowerModuleCell_M4-14
Added Member To Class: ClassName=PowerModule Member=Component IC? STM32G431CBY6TR
Add Class Member: Failed to add class member : Component U5_PowerModuleCell_M1 (U5A) LM324DR2G
Add Class Member: Failed to add class member : Component U5_PowerModuleCell_M2 (U5A) LM324DR2G
Add Class Member: Failed to add class member : Component U5_PowerModuleCell_M3 (U5A) LM324DR2G
Add Class Member: Failed to add class member : Component U5_PowerModuleCell_M4 (U5A) LM324DR2G
