Removed Pin From Net: NetName=NonInvAmp_PowerModuleCell_M1 Pin=R22_PowerModuleCell_M1-1
Removed Pin From Net: NetName=NonInvAmp_PowerModuleCell_M2 Pin=R22_PowerModuleCell_M2-1
Removed Pin From Net: NetName=NonInvAmp_PowerModuleCell_M3 Pin=R22_PowerModuleCell_M3-1
Removed Pin From Net: NetName=NonInvAmp_PowerModuleCell_M4 Pin=R22_PowerModuleCell_M4-1
Removed Member From Class: ClassName=20V_Isolator Member=C27
Removed Member From Class: ClassName=LDO_3V3 Member=C31
Removed Member From Class: ClassName=20V_Isolator Member=C32
Removed Member From Class: ClassName=LDO_3V3 Member=C32
Removed Member From Class: ClassName=Vref-2v5 Member=C44
Removed Member From Class: ClassName=Vref-2v5 Member=C45
Change Component Designator: OldDesignator=R23_PowerModuleCell_M1 NewDesignator=R22_PowerModuleCell_M1
Change Component Designator: OldDesignator=R23_PowerModuleCell_M2 NewDesignator=R22_PowerModuleCell_M2
Change Component Designator: OldDesignator=R23_PowerModuleCell_M3 NewDesignator=R22_PowerModuleCell_M3
Change Component Designator: OldDesignator=R23_PowerModuleCell_M4 NewDesignator=R22_PowerModuleCell_M4
Change Component Designator: OldDesignator=R24_PowerModuleCell_M1 NewDesignator=R23_PowerModuleCell_M1
Change Component Designator: OldDesignator=R24_PowerModuleCell_M2 NewDesignator=R23_PowerModuleCell_M2
Change Component Designator: OldDesignator=R24_PowerModuleCell_M3 NewDesignator=R23_PowerModuleCell_M3
Change Component Designator: OldDesignator=R24_PowerModuleCell_M4 NewDesignator=R23_PowerModuleCell_M4
Change Component Designator: OldDesignator=R25_PowerModuleCell_M1 NewDesignator=R24_PowerModuleCell_M1
Change Component Designator: OldDesignator=R25_PowerModuleCell_M2 NewDesignator=R24_PowerModuleCell_M2
Change Component Designator: OldDesignator=R25_PowerModuleCell_M3 NewDesignator=R24_PowerModuleCell_M3
Change Component Designator: OldDesignator=R25_PowerModuleCell_M4 NewDesignator=R24_PowerModuleCell_M4
Change Component Designator: OldDesignator=R26_PowerModuleCell_M1 NewDesignator=R25_PowerModuleCell_M1
Change Component Designator: OldDesignator=R26_PowerModuleCell_M2 NewDesignator=R25_PowerModuleCell_M2
Change Component Designator: OldDesignator=R26_PowerModuleCell_M3 NewDesignator=R25_PowerModuleCell_M3
Change Component Designator: OldDesignator=R26_PowerModuleCell_M4 NewDesignator=R25_PowerModuleCell_M4
Change Component Designator: OldDesignator=R27_PowerModuleCell_M1 NewDesignator=R26_PowerModuleCell_M1
Change Component Designator: OldDesignator=R27_PowerModuleCell_M2 NewDesignator=R26_PowerModuleCell_M2
Change Component Designator: OldDesignator=R27_PowerModuleCell_M3 NewDesignator=R26_PowerModuleCell_M3
Change Component Designator: OldDesignator=R27_PowerModuleCell_M4 NewDesignator=R26_PowerModuleCell_M4
Change Component Designator: OldDesignator=R28_PowerModuleCell_M1 NewDesignator=R27_PowerModuleCell_M1
Change Component Designator: OldDesignator=R28_PowerModuleCell_M2 NewDesignator=R27_PowerModuleCell_M2
Change Component Designator: OldDesignator=R28_PowerModuleCell_M3 NewDesignator=R27_PowerModuleCell_M3
Change Component Designator: OldDesignator=R28_PowerModuleCell_M4 NewDesignator=R27_PowerModuleCell_M4
Change Component Designator: OldDesignator=R29_PowerModuleCell_M1 NewDesignator=R28_PowerModuleCell_M1
Change Component Designator: OldDesignator=R29_PowerModuleCell_M2 NewDesignator=R28_PowerModuleCell_M2
Change Component Designator: OldDesignator=R29_PowerModuleCell_M3 NewDesignator=R28_PowerModuleCell_M3
Change Component Designator: OldDesignator=R29_PowerModuleCell_M4 NewDesignator=R28_PowerModuleCell_M4
Change Component Designator: OldDesignator=R30_PowerModuleCell_M1 NewDesignator=R29_PowerModuleCell_M1
Change Component Designator: OldDesignator=R30_PowerModuleCell_M2 NewDesignator=R29_PowerModuleCell_M2
Change Component Designator: OldDesignator=R30_PowerModuleCell_M3 NewDesignator=R29_PowerModuleCell_M3
Change Component Designator: OldDesignator=R30_PowerModuleCell_M4 NewDesignator=R29_PowerModuleCell_M4
Change Component Designator: OldDesignator=R31_PowerModuleCell_M1 NewDesignator=R30_PowerModuleCell_M1
Change Component Designator: OldDesignator=R31_PowerModuleCell_M2 NewDesignator=R30_PowerModuleCell_M2
Change Component Designator: OldDesignator=R31_PowerModuleCell_M3 NewDesignator=R30_PowerModuleCell_M3
Change Component Designator: OldDesignator=R31_PowerModuleCell_M4 NewDesignator=R30_PowerModuleCell_M4
Change Component Designator: OldDesignator=R32_PowerModuleCell_M1 NewDesignator=R31_PowerModuleCell_M1
Change Component Designator: OldDesignator=R32_PowerModuleCell_M2 NewDesignator=R31_PowerModuleCell_M2
Change Component Designator: OldDesignator=R32_PowerModuleCell_M3 NewDesignator=R31_PowerModuleCell_M3
Change Component Designator: OldDesignator=R32_PowerModuleCell_M4 NewDesignator=R31_PowerModuleCell_M4
Change Component Designator: OldDesignator=R33_PowerModuleCell_M1 NewDesignator=R32_PowerModuleCell_M1
Change Component Designator: OldDesignator=R33_PowerModuleCell_M2 NewDesignator=R32_PowerModuleCell_M2
Change Component Designator: OldDesignator=R33_PowerModuleCell_M3 NewDesignator=R32_PowerModuleCell_M3
Change Component Designator: OldDesignator=R33_PowerModuleCell_M4 NewDesignator=R32_PowerModuleCell_M4
Change Component Designator: OldDesignator=R34_Opto1 NewDesignator=R33_Opto1
Change Component Designator: OldDesignator=R34_Opto2 NewDesignator=R33_Opto2
Change Component Designator: OldDesignator=R35_Opto1 NewDesignator=R34_Opto1
Change Component Designator: OldDesignator=R35_Opto2 NewDesignator=R34_Opto2
Added Pin To Net: NetName=NonInvAmp_PowerModuleCell_M1 Pin=U1_PowerModuleCell_M1-5
Added Pin To Net: NetName=NonInvAmp_PowerModuleCell_M2 Pin=U1_PowerModuleCell_M2-5
Added Pin To Net: NetName=NonInvAmp_PowerModuleCell_M3 Pin=U1_PowerModuleCell_M3-5
Added Pin To Net: NetName=NonInvAmp_PowerModuleCell_M4 Pin=U1_PowerModuleCell_M4-5
Change Net Name : Old Net Name=NetR24_PowerModuleCell_M1_1 New Net Name=NetR23_PowerModuleCell_M1_1
Change Net Name : Old Net Name=NetR24_PowerModuleCell_M1_2 New Net Name=NetR23_PowerModuleCell_M1_2
Change Net Name : Old Net Name=NetR24_PowerModuleCell_M2_1 New Net Name=NetR23_PowerModuleCell_M2_1
Change Net Name : Old Net Name=NetR24_PowerModuleCell_M2_2 New Net Name=NetR23_PowerModuleCell_M2_2
Change Net Name : Old Net Name=NetR24_PowerModuleCell_M3_1 New Net Name=NetR23_PowerModuleCell_M3_1
Change Net Name : Old Net Name=NetR24_PowerModuleCell_M3_2 New Net Name=NetR23_PowerModuleCell_M3_2
Change Net Name : Old Net Name=NetR24_PowerModuleCell_M4_1 New Net Name=NetR23_PowerModuleCell_M4_1
Change Net Name : Old Net Name=NetR24_PowerModuleCell_M4_2 New Net Name=NetR23_PowerModuleCell_M4_2
Change Net Name : Old Net Name=NetR25_PowerModuleCell_M1_2 New Net Name=NetR24_PowerModuleCell_M1_2
Change Net Name : Old Net Name=NetR25_PowerModuleCell_M2_2 New Net Name=NetR24_PowerModuleCell_M2_2
Change Net Name : Old Net Name=NetR25_PowerModuleCell_M3_2 New Net Name=NetR24_PowerModuleCell_M3_2
Change Net Name : Old Net Name=NetR25_PowerModuleCell_M4_2 New Net Name=NetR24_PowerModuleCell_M4_2
Change Net Name : Old Net Name=NetR26_PowerModuleCell_M1_1 New Net Name=NetR25_PowerModuleCell_M1_1
Change Net Name : Old Net Name=NetR26_PowerModuleCell_M2_1 New Net Name=NetR25_PowerModuleCell_M2_1
Change Net Name : Old Net Name=NetR26_PowerModuleCell_M3_1 New Net Name=NetR25_PowerModuleCell_M3_1
Change Net Name : Old Net Name=NetR26_PowerModuleCell_M4_1 New Net Name=NetR25_PowerModuleCell_M4_1
Change Net Name : Old Net Name=NetR27_PowerModuleCell_M1_1 New Net Name=NetR26_PowerModuleCell_M1_1
Change Net Name : Old Net Name=NetR27_PowerModuleCell_M2_1 New Net Name=NetR26_PowerModuleCell_M2_1
Change Net Name : Old Net Name=NetR27_PowerModuleCell_M3_1 New Net Name=NetR26_PowerModuleCell_M3_1
Change Net Name : Old Net Name=NetR27_PowerModuleCell_M4_1 New Net Name=NetR26_PowerModuleCell_M4_1
Change Net Name : Old Net Name=NetR31_PowerModuleCell_M1_1 New Net Name=NetR30_PowerModuleCell_M1_1
Change Net Name : Old Net Name=NetR31_PowerModuleCell_M2_1 New Net Name=NetR30_PowerModuleCell_M2_1
Change Net Name : Old Net Name=NetR31_PowerModuleCell_M3_1 New Net Name=NetR30_PowerModuleCell_M3_1
Change Net Name : Old Net Name=NetR31_PowerModuleCell_M4_1 New Net Name=NetR30_PowerModuleCell_M4_1
Change Net Name : Old Net Name=NetR32_PowerModuleCell_M1_1 New Net Name=NetR31_PowerModuleCell_M1_1
Change Net Name : Old Net Name=NetR32_PowerModuleCell_M2_1 New Net Name=NetR31_PowerModuleCell_M2_1
Change Net Name : Old Net Name=NetR32_PowerModuleCell_M3_1 New Net Name=NetR31_PowerModuleCell_M3_1
Change Net Name : Old Net Name=NetR32_PowerModuleCell_M4_1 New Net Name=NetR31_PowerModuleCell_M4_1
Added Member To Class: ClassName=20V_Isolator Member=Component C22 4.7uF, 25V, X5S, 0805
Added Member To Class: ClassName=20V_Isolator Member=Component C23 10uF, 50V, 10%, 2917
Added Member To Class: ClassName=20V_Isolator Member=Component C24 1uF, 50V, X5R, 0402
Added Member To Class: ClassName=LDO_3V3 Member=Component C25 1uF, 50V, X5R, 0402
Added Member To Class: ClassName=LDO_3V3 Member=Component C26 100nF, 50v, X7R, 0402
Added Member To Class: ClassName=LDO_3V3 Member=Component C28 1uF, 50V, X5R, 0402
Added Member To Class: ClassName=ISO_Signals Member=Component C29 100nF, 50v, X7R, 0402
Added Member To Class: ClassName=ISO_Signals Member=Component C30 10nF, 50V, X7R, 06023
Added Member To Class: ClassName=Vref-2v5 Member=Component C42 10uF, 50V, X5R, 1206
Added Member To Class: ClassName=Vref-2v5 Member=Component C43 4.7uF, 50V, X5R, 0805
Added Member To Class: ClassName=PowerModuleCell_M1 Member=Component R29_PowerModuleCell_M1 (R29) 1K 1%, 0402
Added Member To Class: ClassName=PowerModuleCell_M2 Member=Component R29_PowerModuleCell_M2 (R29) 1K 1%, 0402
Added Member To Class: ClassName=PowerModuleCell_M3 Member=Component R29_PowerModuleCell_M3 (R29) 1K 1%, 0402
Added Member To Class: ClassName=PowerModuleCell_M4 Member=Component R29_PowerModuleCell_M4 (R29) 1K 1%, 0402
Added Member To Class: ClassName=PowerModuleCell_M1 Member=Component R30_PowerModuleCell_M1 (R30) 100 1%, 0402
Added Member To Class: ClassName=PowerModuleCell_M2 Member=Component R30_PowerModuleCell_M2 (R30) 100 1%, 0402
Added Member To Class: ClassName=PowerModuleCell_M3 Member=Component R30_PowerModuleCell_M3 (R30) 100 1%, 0402
Added Member To Class: ClassName=PowerModuleCell_M4 Member=Component R30_PowerModuleCell_M4 (R30) 100 1%, 0402
