Removed Pin From Net: NetName=Gate_PowerModuleCell_M1 Pin=R15_PowerModuleCell_M1-1
Removed Pin From Net: NetName=Gate_PowerModuleCell_M2 Pin=R15_PowerModuleCell_M2-1
Removed Pin From Net: NetName=Gate_PowerModuleCell_M3 Pin=R15_PowerModuleCell_M3-1
Removed Pin From Net: NetName=Gate_PowerModuleCell_M4 Pin=R15_PowerModuleCell_M4-1
Removed Pin From Net: NetName=Gate_PowerModuleCell_M1 Pin=U1_PowerModuleCell_M1-7
Removed Pin From Net: NetName=Gate_PowerModuleCell_M2 Pin=U1_PowerModuleCell_M2-7
Removed Pin From Net: NetName=Gate_PowerModuleCell_M3 Pin=U1_PowerModuleCell_M3-7
Removed Pin From Net: NetName=Gate_PowerModuleCell_M4 Pin=U1_PowerModuleCell_M4-7
Added Pin To Net: NetName=Gate_PowerModuleCell_M1 Pin=Q1_PowerModuleCell_M1-12
Added Pin To Net: NetName=Gate_PowerModuleCell_M2 Pin=Q1_PowerModuleCell_M2-12
Added Pin To Net: NetName=Gate_PowerModuleCell_M3 Pin=Q1_PowerModuleCell_M3-12
Added Pin To Net: NetName=Gate_PowerModuleCell_M4 Pin=Q1_PowerModuleCell_M4-12
Added Pin To Net: NetName=Gate_PowerModuleCell_M1 Pin=R15_PowerModuleCell_M1-2
Added Pin To Net: NetName=Gate_PowerModuleCell_M2 Pin=R15_PowerModuleCell_M2-2
Added Pin To Net: NetName=Gate_PowerModuleCell_M3 Pin=R15_PowerModuleCell_M3-2
Added Pin To Net: NetName=Gate_PowerModuleCell_M4 Pin=R15_PowerModuleCell_M4-2
Added Pin To Net: NetName=NetR15_PowerModuleCell_M1_1 Pin=R15_PowerModuleCell_M1-1
Added Pin To Net: NetName=NetR15_PowerModuleCell_M1_1 Pin=U1_PowerModuleCell_M1-7
Added Net: Name=NetR15_PowerModuleCell_M1_1
Added Pin To Net: NetName=NetR15_PowerModuleCell_M2_1 Pin=R15_PowerModuleCell_M2-1
Added Pin To Net: NetName=NetR15_PowerModuleCell_M2_1 Pin=U1_PowerModuleCell_M2-7
Added Net: Name=NetR15_PowerModuleCell_M2_1
Added Pin To Net: NetName=NetR15_PowerModuleCell_M3_1 Pin=R15_PowerModuleCell_M3-1
Added Pin To Net: NetName=NetR15_PowerModuleCell_M3_1 Pin=U1_PowerModuleCell_M3-7
Added Net: Name=NetR15_PowerModuleCell_M3_1
Added Pin To Net: NetName=NetR15_PowerModuleCell_M4_1 Pin=R15_PowerModuleCell_M4-1
Added Pin To Net: NetName=NetR15_PowerModuleCell_M4_1 Pin=U1_PowerModuleCell_M4-7
Added Net: Name=NetR15_PowerModuleCell_M4_1
Added Member To Class: ClassName=PowerModule Member=Component J5 TestPad
Added Member To Class: ClassName=PowerModule Member=Component J6 TestPad
Added Member To Class: ClassName=PowerModule Member=Component J9 43045-0802
Added Member To Class: ClassName=PowerModule Member=Component J10 43045-0400
Added Member To Class: ClassName=PowerModule Member=Component J11 43045-0400
Added Member To Class: ClassName=PowerModule Member=Component J12 TestPad
Added Member To Class: ClassName=PowerModule Member=Component J14 TestPad
Added Member To Class: ClassName=PowerModule Member=Component J16 TestPad
Added Member To Class: ClassName=PowerModule Member=Component J18 TestPad
Added Member To Class: ClassName=PowerModule Member=Component J20 43045-0400
Added Member To Class: ClassName=PowerModule Member=Component J22 TestPad
Added Member To Class: ClassName=PowerModule Member=Component J23 TestPad
Added Member To Class: ClassName=PowerModule Member=Component J24 TestPad
Added Member To Class: ClassName=PowerModule Member=Component J26 TestPad
Added Member To Class: ClassName=PowerModule Member=Component J27 TestPad
Added Member To Class: ClassName=PowerModule Member=Component J28 TestPad
Added Member To Class: ClassName=PowerModule Member=Component J30 TestPad
Added Member To Class: ClassName=PowerModule Member=Component J32 TestPad
Added Member To Class: ClassName=PowerModule Member=Component J33 TestPad
Added Member To Class: ClassName=PowerModule Member=Component J34 TestPad
Added Member To Class: ClassName=PowerModule Member=Component J36 TestPad
Added Member To Class: ClassName=PowerModule Member=Component J38 TestPad
Added Member To Class: ClassName=PowerModuleCell_M1 Member=Component J40_PowerModuleCell_M1 (J40) TestPad
Added Member To Class: ClassName=PowerModuleCell_M2 Member=Component J40_PowerModuleCell_M2 (J40) TestPad
Added Member To Class: ClassName=PowerModuleCell_M3 Member=Component J40_PowerModuleCell_M3 (J40) TestPad
Added Member To Class: ClassName=PowerModuleCell_M4 Member=Component J40_PowerModuleCell_M4 (J40) TestPad
Added Member To Class: ClassName=PowerModuleCell_M1 Member=Component J41_PowerModuleCell_M1 (J41) TestPad
Added Member To Class: ClassName=PowerModuleCell_M2 Member=Component J41_PowerModuleCell_M2 (J41) TestPad
Added Member To Class: ClassName=PowerModuleCell_M3 Member=Component J41_PowerModuleCell_M3 (J41) TestPad
Added Member To Class: ClassName=PowerModuleCell_M4 Member=Component J41_PowerModuleCell_M4 (J41) TestPad
Added Member To Class: ClassName=PowerModuleCell_M1 Member=Component J42_PowerModuleCell_M1 (J42) TestPad
Added Member To Class: ClassName=PowerModuleCell_M2 Member=Component J42_PowerModuleCell_M2 (J42) TestPad
Added Member To Class: ClassName=PowerModuleCell_M3 Member=Component J42_PowerModuleCell_M3 (J42) TestPad
Added Member To Class: ClassName=PowerModuleCell_M4 Member=Component J42_PowerModuleCell_M4 (J42) TestPad
