Change Component Designator: OldDesignator=J12 NewDesignator=J16
Change Component Designator: OldDesignator=J13 NewDesignator=J17
Change Component Designator: OldDesignator=J14 NewDesignator=J18
Change Component Designator: OldDesignator=J15 NewDesignator=J19
Change Component Designator: OldDesignator=J16 NewDesignator=J20
Change Component Designator: OldDesignator=J17 NewDesignator=J21
Change Component Designator: OldDesignator=J18 NewDesignator=J22
Change Component Designator: OldDesignator=J19 NewDesignator=J23
Change Component Designator: OldDesignator=J20 NewDesignator=J26
Change Component Designator: OldDesignator=J21 NewDesignator=J27
Change Component Designator: OldDesignator=J22 NewDesignator=J28
Change Component Designator: OldDesignator=J23 NewDesignator=J29
Change Component Designator: OldDesignator=J24 NewDesignator=J30
Change Component Designator: OldDesignator=J25 NewDesignator=J31
Change Component Designator: OldDesignator=J26 NewDesignator=J12
Change Component Designator: OldDesignator=J27 NewDesignator=J13
Change Component Designator: OldDesignator=J28 NewDesignator=J14
Change Component Designator: OldDesignator=J29 NewDesignator=J32
Change Component Designator: OldDesignator=J30 NewDesignator=J33
Change Component Designator: OldDesignator=J31 NewDesignator=J34
Change Component Designator: OldDesignator=J32 NewDesignator=J35
Change Component Designator: OldDesignator=J33 NewDesignator=J24
Change Component Designator: OldDesignator=J34_PowerModuleCell_M1 NewDesignator=J36_PowerModuleCell_M1
Change Component Designator: OldDesignator=J34_PowerModuleCell_M2 NewDesignator=J36_PowerModuleCell_M2
Change Component Designator: OldDesignator=J34_PowerModuleCell_M3 NewDesignator=J36_PowerModuleCell_M3
Change Component Designator: OldDesignator=J34_PowerModuleCell_M4 NewDesignator=J36_PowerModuleCell_M4
Change Component Designator: OldDesignator=J35_PowerModuleCell_M1 NewDesignator=J37_PowerModuleCell_M1
Change Component Designator: OldDesignator=J35_PowerModuleCell_M2 NewDesignator=J37_PowerModuleCell_M2
Change Component Designator: OldDesignator=J35_PowerModuleCell_M3 NewDesignator=J37_PowerModuleCell_M3
Change Component Designator: OldDesignator=J35_PowerModuleCell_M4 NewDesignator=J37_PowerModuleCell_M4
Change Component Designator: OldDesignator=J36_PowerModuleCell_M1 NewDesignator=J38_PowerModuleCell_M1
Change Component Designator: OldDesignator=J36_PowerModuleCell_M2 NewDesignator=J38_PowerModuleCell_M2
Change Component Designator: OldDesignator=J36_PowerModuleCell_M3 NewDesignator=J38_PowerModuleCell_M3
Change Component Designator: OldDesignator=J36_PowerModuleCell_M4 NewDesignator=J38_PowerModuleCell_M4
Change Component Designator: OldDesignator=J37_PowerModuleCell_M1 NewDesignator=J39_PowerModuleCell_M1
Change Component Designator: OldDesignator=J37_PowerModuleCell_M2 NewDesignator=J39_PowerModuleCell_M2
Change Component Designator: OldDesignator=J37_PowerModuleCell_M3 NewDesignator=J39_PowerModuleCell_M3
Change Component Designator: OldDesignator=J37_PowerModuleCell_M4 NewDesignator=J39_PowerModuleCell_M4
Added Component: Designator=J15(FP-43045-0400-MFG)
Add component (AddParameter): Name = "Automotive"; Value = "No"; VariantName = "[No Variations]"
Add component (AddParameter): Name = "Category"; Value = "Conn"; VariantName = "[No Variations]"
Add component (AddParameter): Name = "ComponentLink2Description"; Value = "Datasheet"; VariantName = "[No Variations]"
Add component (AddParameter): Name = "ComponentLink2URL"; Value = "https://www.molex.com/webdocs/datasheets/pdf/en-us/0430450400_PCB_HEADERS.pdf"; VariantName = "[No Variations]"
Add component (AddParameter): Name = "Conn Gender"; Value = "Male"; VariantName = "[No Variations]"
Add component (AddParameter): Name = "Conn Orientation"; Value = "Right Angle"; VariantName = "[No Variations]"
Add component (AddParameter): Name = "Contact Material"; Value = "Tin,Nickel"; VariantName = "[No Variations]"
Add component (AddParameter): Name = "Current Rating"; Value = "8.5A"; VariantName = "[No Variations]"
Add component (AddParameter): Name = "Device Class L1"; Value = "Connectors"; VariantName = "[No Variations]"
Add component (AddParameter): Name = "Device Class L2"; Value = "Headers and Wire Housings"; VariantName = "[No Variations]"
Add component (AddParameter): Name = "Device Class L3"; Value = "unset"; VariantName = "[No Variations]"
Add component (AddParameter): Name = "Digikey Description"; Value = "CONN HEADER R/A 4POS 3MM"; VariantName = "[No Variations]"
Add component (AddParameter): Name = "Footprint Url"; Value = "https://www.molex.com/pdm_docs/sd/430450400_sd.pdf"; VariantName = "[No Variations]"
Add component (AddParameter): Name = "Height"; Value = "9.27mm"; VariantName = "[No Variations]"
Add component (AddParameter): Name = "Is Female"; Value = "yes"; VariantName = "[No Variations]"
Add component (AddParameter): Name = "Lead Free"; Value = "Yes"; VariantName = "[No Variations]"
Add component (AddParameter): Name = "Manufacturer"; Value = "Molex"; VariantName = "[No Variations]"
Add component (AddParameter): Name = "Manufacturer Part Number"; Value = "43045-0400"; VariantName = "[No Variations]"
Add component (AddParameter): Name = "Number Of Contacts"; Value = "4"; VariantName = "[No Variations]"
Add component (AddParameter): Name = "Number Of Rows"; Value = "2"; VariantName = "[No Variations]"
Add component (AddParameter): Name = "Octopart"; Value = "https://octopart.com/43045-0400-molex-287063"; VariantName = "[No Variations]"
Add component (AddParameter): Name = "Package"; Value = "43045-0400"; VariantName = "[No Variations]"
Add component (AddParameter): Name = "Pitch"; Value = "3mm"; VariantName = "[No Variations]"
Add component (AddParameter): Name = "RoHS"; Value = "TRUE"; VariantName = "[No Variations]"
Add component (AddParameter): Name = "Temperature"; Value = "-40°C to +105°C"; VariantName = "[No Variations]"
Add component (AddParameter): Name = "Temperature Range High"; Value = "+105°C"; VariantName = "[No Variations]"
Add component (AddParameter): Name = "Temperature Range Low"; Value = "-40°C"; VariantName = "[No Variations]"
Add component (AddParameter): Name = "Voltage Rating"; Value = "600V"; VariantName = "[No Variations]"
Added Component: Designator=J25(FP-43045-0400-MFG)
Add component (AddParameter): Name = "Automotive"; Value = "No"; VariantName = "[No Variations]"
Add component (AddParameter): Name = "Category"; Value = "Conn"; VariantName = "[No Variations]"
Add component (AddParameter): Name = "ComponentLink2Description"; Value = "Datasheet"; VariantName = "[No Variations]"
Add component (AddParameter): Name = "ComponentLink2URL"; Value = "https://www.molex.com/webdocs/datasheets/pdf/en-us/0430450400_PCB_HEADERS.pdf"; VariantName = "[No Variations]"
Add component (AddParameter): Name = "Conn Gender"; Value = "Male"; VariantName = "[No Variations]"
Add component (AddParameter): Name = "Conn Orientation"; Value = "Right Angle"; VariantName = "[No Variations]"
Add component (AddParameter): Name = "Contact Material"; Value = "Tin,Nickel"; VariantName = "[No Variations]"
Add component (AddParameter): Name = "Current Rating"; Value = "8.5A"; VariantName = "[No Variations]"
Add component (AddParameter): Name = "Device Class L1"; Value = "Connectors"; VariantName = "[No Variations]"
Add component (AddParameter): Name = "Device Class L2"; Value = "Headers and Wire Housings"; VariantName = "[No Variations]"
Add component (AddParameter): Name = "Device Class L3"; Value = "unset"; VariantName = "[No Variations]"
Add component (AddParameter): Name = "Digikey Description"; Value = "CONN HEADER R/A 4POS 3MM"; VariantName = "[No Variations]"
Add component (AddParameter): Name = "Footprint Url"; Value = "https://www.molex.com/pdm_docs/sd/430450400_sd.pdf"; VariantName = "[No Variations]"
Add component (AddParameter): Name = "Height"; Value = "9.27mm"; VariantName = "[No Variations]"
Add component (AddParameter): Name = "Is Female"; Value = "yes"; VariantName = "[No Variations]"
Add component (AddParameter): Name = "Lead Free"; Value = "Yes"; VariantName = "[No Variations]"
Add component (AddParameter): Name = "Manufacturer"; Value = "Molex"; VariantName = "[No Variations]"
Add component (AddParameter): Name = "Manufacturer Part Number"; Value = "43045-0400"; VariantName = "[No Variations]"
Add component (AddParameter): Name = "Number Of Contacts"; Value = "4"; VariantName = "[No Variations]"
Add component (AddParameter): Name = "Number Of Rows"; Value = "2"; VariantName = "[No Variations]"
Add component (AddParameter): Name = "Octopart"; Value = "https://octopart.com/43045-0400-molex-287063"; VariantName = "[No Variations]"
Add component (AddParameter): Name = "Package"; Value = "43045-0400"; VariantName = "[No Variations]"
Add component (AddParameter): Name = "Pitch"; Value = "3mm"; VariantName = "[No Variations]"
Add component (AddParameter): Name = "RoHS"; Value = "TRUE"; VariantName = "[No Variations]"
Add component (AddParameter): Name = "Temperature"; Value = "-40°C to +105°C"; VariantName = "[No Variations]"
Add component (AddParameter): Name = "Temperature Range High"; Value = "+105°C"; VariantName = "[No Variations]"
Add component (AddParameter): Name = "Temperature Range Low"; Value = "-40°C"; VariantName = "[No Variations]"
Add component (AddParameter): Name = "Voltage Rating"; Value = "600V"; VariantName = "[No Variations]"
Added Pin To Net: NetName=GND Pin=J15-1
Added Pin To Net: NetName=GND Pin=J15-2
Added Pin To Net: NetName=GND Pin=J15-3
Added Pin To Net: NetName=GND Pin=J15-4
Added Pin To Net: NetName=GND Pin=J25-1
Added Pin To Net: NetName=GND Pin=J25-2
Added Pin To Net: NetName=GND Pin=J25-3
Added Pin To Net: NetName=GND Pin=J25-4
Added Member To Class: ClassName=PowerModule Member=Component J34 TestPad
Added Member To Class: ClassName=PowerModule Member=Component J35 TestPad
