Removed Pin From Net: NetName=CurrentSignal_M1 Pin=P28_PowerModuleCell_M1-1
Removed Pin From Net: NetName=NonInvAmp_PowerModuleCell_M1 Pin=P28_PowerModuleCell_M1-2
Removed Pin From Net: NetName=InvAmp_PowerModuleCell_M1 Pin=P28_PowerModuleCell_M1-3
Removed Pin From Net: NetName=Gate_PowerModuleCell_M1 Pin=P28_PowerModuleCell_M1-4
Removed Pin From Net: NetName=CurrentSignal_M2 Pin=P28_PowerModuleCell_M2-1
Removed Pin From Net: NetName=NonInvAmp_PowerModuleCell_M2 Pin=P28_PowerModuleCell_M2-2
Removed Pin From Net: NetName=InvAmp_PowerModuleCell_M2 Pin=P28_PowerModuleCell_M2-3
Removed Pin From Net: NetName=Gate_PowerModuleCell_M2 Pin=P28_PowerModuleCell_M2-4
Removed Pin From Net: NetName=CurrentSignal_M3 Pin=P28_PowerModuleCell_M3-1
Removed Pin From Net: NetName=NonInvAmp_PowerModuleCell_M3 Pin=P28_PowerModuleCell_M3-2
Removed Pin From Net: NetName=InvAmp_PowerModuleCell_M3 Pin=P28_PowerModuleCell_M3-3
Removed Pin From Net: NetName=Gate_PowerModuleCell_M3 Pin=P28_PowerModuleCell_M3-4
Removed Pin From Net: NetName=CurrentSignal_M4 Pin=P28_PowerModuleCell_M4-1
Removed Pin From Net: NetName=NonInvAmp_PowerModuleCell_M4 Pin=P28_PowerModuleCell_M4-2
Removed Pin From Net: NetName=InvAmp_PowerModuleCell_M4 Pin=P28_PowerModuleCell_M4-3
Removed Pin From Net: NetName=Gate_PowerModuleCell_M4 Pin=P28_PowerModuleCell_M4-4
Removed Member From Class: ClassName=PowerModuleCell_M1 Member=P28_PowerModuleCell_M1
Removed Member From Class: ClassName=PowerModuleCell_M2 Member=P28_PowerModuleCell_M2
Removed Member From Class: ClassName=PowerModuleCell_M3 Member=P28_PowerModuleCell_M3
Removed Member From Class: ClassName=PowerModuleCell_M4 Member=P28_PowerModuleCell_M4
Added Component: Designator=J6_PowerModuleCell_M1(TestPad)
Add component (AddParameter): Name = "Arrow Part Number"; Value = ""; VariantName = "[No Variations]"
Add component (AddParameter): Name = "Arrow Price/Stock"; Value = ""; VariantName = "[No Variations]"
Add component (AddParameter): Name = "Datasheet Link"; Value = "https://katalog.we-online.de/em/datasheet/6130xx11121.pdf"; VariantName = "[No Variations]"
Add component (AddParameter): Name = "Height"; Value = "8.89mm"; VariantName = "[No Variations]"
Add component (AddParameter): Name = "Manufacturer_Name"; Value = "Wurth Elektronik"; VariantName = "[No Variations]"
Add component (AddParameter): Name = "Manufacturer_Part_Number"; Value = "61300111121"; VariantName = "[No Variations]"
Add component (AddParameter): Name = "Mouser Part Number"; Value = "710-61300111121"; VariantName = "[No Variations]"
Add component (AddParameter): Name = "Mouser Price/Stock"; Value = "https://www.mouser.co.uk/ProductDetail/Wurth-Elektronik/61300111121?qs=PhR8RmCirEaRH5Ck%252B2lRLQ%3D%3D"; VariantName = "[No Variations]"
Added Component: Designator=J6_PowerModuleCell_M2(TestPad)
Add component (AddParameter): Name = "Arrow Part Number"; Value = ""; VariantName = "[No Variations]"
Add component (AddParameter): Name = "Arrow Price/Stock"; Value = ""; VariantName = "[No Variations]"
Add component (AddParameter): Name = "Datasheet Link"; Value = "https://katalog.we-online.de/em/datasheet/6130xx11121.pdf"; VariantName = "[No Variations]"
Add component (AddParameter): Name = "Height"; Value = "8.89mm"; VariantName = "[No Variations]"
Add component (AddParameter): Name = "Manufacturer_Name"; Value = "Wurth Elektronik"; VariantName = "[No Variations]"
Add component (AddParameter): Name = "Manufacturer_Part_Number"; Value = "61300111121"; VariantName = "[No Variations]"
Add component (AddParameter): Name = "Mouser Part Number"; Value = "710-61300111121"; VariantName = "[No Variations]"
Add component (AddParameter): Name = "Mouser Price/Stock"; Value = "https://www.mouser.co.uk/ProductDetail/Wurth-Elektronik/61300111121?qs=PhR8RmCirEaRH5Ck%252B2lRLQ%3D%3D"; VariantName = "[No Variations]"
Added Component: Designator=J6_PowerModuleCell_M3(TestPad)
Add component (AddParameter): Name = "Arrow Part Number"; Value = ""; VariantName = "[No Variations]"
Add component (AddParameter): Name = "Arrow Price/Stock"; Value = ""; VariantName = "[No Variations]"
Add component (AddParameter): Name = "Datasheet Link"; Value = "https://katalog.we-online.de/em/datasheet/6130xx11121.pdf"; VariantName = "[No Variations]"
Add component (AddParameter): Name = "Height"; Value = "8.89mm"; VariantName = "[No Variations]"
Add component (AddParameter): Name = "Manufacturer_Name"; Value = "Wurth Elektronik"; VariantName = "[No Variations]"
Add component (AddParameter): Name = "Manufacturer_Part_Number"; Value = "61300111121"; VariantName = "[No Variations]"
Add component (AddParameter): Name = "Mouser Part Number"; Value = "710-61300111121"; VariantName = "[No Variations]"
Add component (AddParameter): Name = "Mouser Price/Stock"; Value = "https://www.mouser.co.uk/ProductDetail/Wurth-Elektronik/61300111121?qs=PhR8RmCirEaRH5Ck%252B2lRLQ%3D%3D"; VariantName = "[No Variations]"
Added Component: Designator=J6_PowerModuleCell_M4(TestPad)
Add component (AddParameter): Name = "Arrow Part Number"; Value = ""; VariantName = "[No Variations]"
Add component (AddParameter): Name = "Arrow Price/Stock"; Value = ""; VariantName = "[No Variations]"
Add component (AddParameter): Name = "Datasheet Link"; Value = "https://katalog.we-online.de/em/datasheet/6130xx11121.pdf"; VariantName = "[No Variations]"
Add component (AddParameter): Name = "Height"; Value = "8.89mm"; VariantName = "[No Variations]"
Add component (AddParameter): Name = "Manufacturer_Name"; Value = "Wurth Elektronik"; VariantName = "[No Variations]"
Add component (AddParameter): Name = "Manufacturer_Part_Number"; Value = "61300111121"; VariantName = "[No Variations]"
Add component (AddParameter): Name = "Mouser Part Number"; Value = "710-61300111121"; VariantName = "[No Variations]"
Add component (AddParameter): Name = "Mouser Price/Stock"; Value = "https://www.mouser.co.uk/ProductDetail/Wurth-Elektronik/61300111121?qs=PhR8RmCirEaRH5Ck%252B2lRLQ%3D%3D"; VariantName = "[No Variations]"
Added Component: Designator=J7_PowerModuleCell_M1(TestPad)
Add component (AddParameter): Name = "Arrow Part Number"; Value = ""; VariantName = "[No Variations]"
Add component (AddParameter): Name = "Arrow Price/Stock"; Value = ""; VariantName = "[No Variations]"
Add component (AddParameter): Name = "Datasheet Link"; Value = "https://katalog.we-online.de/em/datasheet/6130xx11121.pdf"; VariantName = "[No Variations]"
Add component (AddParameter): Name = "Height"; Value = "8.89mm"; VariantName = "[No Variations]"
Add component (AddParameter): Name = "Manufacturer_Name"; Value = "Wurth Elektronik"; VariantName = "[No Variations]"
Add component (AddParameter): Name = "Manufacturer_Part_Number"; Value = "61300111121"; VariantName = "[No Variations]"
Add component (AddParameter): Name = "Mouser Part Number"; Value = "710-61300111121"; VariantName = "[No Variations]"
Add component (AddParameter): Name = "Mouser Price/Stock"; Value = "https://www.mouser.co.uk/ProductDetail/Wurth-Elektronik/61300111121?qs=PhR8RmCirEaRH5Ck%252B2lRLQ%3D%3D"; VariantName = "[No Variations]"
Added Component: Designator=J7_PowerModuleCell_M2(TestPad)
Add component (AddParameter): Name = "Arrow Part Number"; Value = ""; VariantName = "[No Variations]"
Add component (AddParameter): Name = "Arrow Price/Stock"; Value = ""; VariantName = "[No Variations]"
Add component (AddParameter): Name = "Datasheet Link"; Value = "https://katalog.we-online.de/em/datasheet/6130xx11121.pdf"; VariantName = "[No Variations]"
Add component (AddParameter): Name = "Height"; Value = "8.89mm"; VariantName = "[No Variations]"
Add component (AddParameter): Name = "Manufacturer_Name"; Value = "Wurth Elektronik"; VariantName = "[No Variations]"
Add component (AddParameter): Name = "Manufacturer_Part_Number"; Value = "61300111121"; VariantName = "[No Variations]"
Add component (AddParameter): Name = "Mouser Part Number"; Value = "710-61300111121"; VariantName = "[No Variations]"
Add component (AddParameter): Name = "Mouser Price/Stock"; Value = "https://www.mouser.co.uk/ProductDetail/Wurth-Elektronik/61300111121?qs=PhR8RmCirEaRH5Ck%252B2lRLQ%3D%3D"; VariantName = "[No Variations]"
Added Component: Designator=J7_PowerModuleCell_M3(TestPad)
Add component (AddParameter): Name = "Arrow Part Number"; Value = ""; VariantName = "[No Variations]"
Add component (AddParameter): Name = "Arrow Price/Stock"; Value = ""; VariantName = "[No Variations]"
Add component (AddParameter): Name = "Datasheet Link"; Value = "https://katalog.we-online.de/em/datasheet/6130xx11121.pdf"; VariantName = "[No Variations]"
Add component (AddParameter): Name = "Height"; Value = "8.89mm"; VariantName = "[No Variations]"
Add component (AddParameter): Name = "Manufacturer_Name"; Value = "Wurth Elektronik"; VariantName = "[No Variations]"
Add component (AddParameter): Name = "Manufacturer_Part_Number"; Value = "61300111121"; VariantName = "[No Variations]"
Add component (AddParameter): Name = "Mouser Part Number"; Value = "710-61300111121"; VariantName = "[No Variations]"
Add component (AddParameter): Name = "Mouser Price/Stock"; Value = "https://www.mouser.co.uk/ProductDetail/Wurth-Elektronik/61300111121?qs=PhR8RmCirEaRH5Ck%252B2lRLQ%3D%3D"; VariantName = "[No Variations]"
Added Component: Designator=J7_PowerModuleCell_M4(TestPad)
Add component (AddParameter): Name = "Arrow Part Number"; Value = ""; VariantName = "[No Variations]"
Add component (AddParameter): Name = "Arrow Price/Stock"; Value = ""; VariantName = "[No Variations]"
Add component (AddParameter): Name = "Datasheet Link"; Value = "https://katalog.we-online.de/em/datasheet/6130xx11121.pdf"; VariantName = "[No Variations]"
Add component (AddParameter): Name = "Height"; Value = "8.89mm"; VariantName = "[No Variations]"
Add component (AddParameter): Name = "Manufacturer_Name"; Value = "Wurth Elektronik"; VariantName = "[No Variations]"
Add component (AddParameter): Name = "Manufacturer_Part_Number"; Value = "61300111121"; VariantName = "[No Variations]"
Add component (AddParameter): Name = "Mouser Part Number"; Value = "710-61300111121"; VariantName = "[No Variations]"
Add component (AddParameter): Name = "Mouser Price/Stock"; Value = "https://www.mouser.co.uk/ProductDetail/Wurth-Elektronik/61300111121?qs=PhR8RmCirEaRH5Ck%252B2lRLQ%3D%3D"; VariantName = "[No Variations]"
Added Component: Designator=J8_PowerModuleCell_M1(TestPad)
Add component (AddParameter): Name = "Arrow Part Number"; Value = ""; VariantName = "[No Variations]"
Add component (AddParameter): Name = "Arrow Price/Stock"; Value = ""; VariantName = "[No Variations]"
Add component (AddParameter): Name = "Datasheet Link"; Value = "https://katalog.we-online.de/em/datasheet/6130xx11121.pdf"; VariantName = "[No Variations]"
Add component (AddParameter): Name = "Height"; Value = "8.89mm"; VariantName = "[No Variations]"
Add component (AddParameter): Name = "Manufacturer_Name"; Value = "Wurth Elektronik"; VariantName = "[No Variations]"
Add component (AddParameter): Name = "Manufacturer_Part_Number"; Value = "61300111121"; VariantName = "[No Variations]"
Add component (AddParameter): Name = "Mouser Part Number"; Value = "710-61300111121"; VariantName = "[No Variations]"
Add component (AddParameter): Name = "Mouser Price/Stock"; Value = "https://www.mouser.co.uk/ProductDetail/Wurth-Elektronik/61300111121?qs=PhR8RmCirEaRH5Ck%252B2lRLQ%3D%3D"; VariantName = "[No Variations]"
Added Component: Designator=J8_PowerModuleCell_M2(TestPad)
Add component (AddParameter): Name = "Arrow Part Number"; Value = ""; VariantName = "[No Variations]"
Add component (AddParameter): Name = "Arrow Price/Stock"; Value = ""; VariantName = "[No Variations]"
Add component (AddParameter): Name = "Datasheet Link"; Value = "https://katalog.we-online.de/em/datasheet/6130xx11121.pdf"; VariantName = "[No Variations]"
Add component (AddParameter): Name = "Height"; Value = "8.89mm"; VariantName = "[No Variations]"
Add component (AddParameter): Name = "Manufacturer_Name"; Value = "Wurth Elektronik"; VariantName = "[No Variations]"
Add component (AddParameter): Name = "Manufacturer_Part_Number"; Value = "61300111121"; VariantName = "[No Variations]"
Add component (AddParameter): Name = "Mouser Part Number"; Value = "710-61300111121"; VariantName = "[No Variations]"
Add component (AddParameter): Name = "Mouser Price/Stock"; Value = "https://www.mouser.co.uk/ProductDetail/Wurth-Elektronik/61300111121?qs=PhR8RmCirEaRH5Ck%252B2lRLQ%3D%3D"; VariantName = "[No Variations]"
Added Component: Designator=J8_PowerModuleCell_M3(TestPad)
Add component (AddParameter): Name = "Arrow Part Number"; Value = ""; VariantName = "[No Variations]"
Add component (AddParameter): Name = "Arrow Price/Stock"; Value = ""; VariantName = "[No Variations]"
Add component (AddParameter): Name = "Datasheet Link"; Value = "https://katalog.we-online.de/em/datasheet/6130xx11121.pdf"; VariantName = "[No Variations]"
Add component (AddParameter): Name = "Height"; Value = "8.89mm"; VariantName = "[No Variations]"
Add component (AddParameter): Name = "Manufacturer_Name"; Value = "Wurth Elektronik"; VariantName = "[No Variations]"
Add component (AddParameter): Name = "Manufacturer_Part_Number"; Value = "61300111121"; VariantName = "[No Variations]"
Add component (AddParameter): Name = "Mouser Part Number"; Value = "710-61300111121"; VariantName = "[No Variations]"
Add component (AddParameter): Name = "Mouser Price/Stock"; Value = "https://www.mouser.co.uk/ProductDetail/Wurth-Elektronik/61300111121?qs=PhR8RmCirEaRH5Ck%252B2lRLQ%3D%3D"; VariantName = "[No Variations]"
Added Component: Designator=J8_PowerModuleCell_M4(TestPad)
Add component (AddParameter): Name = "Arrow Part Number"; Value = ""; VariantName = "[No Variations]"
Add component (AddParameter): Name = "Arrow Price/Stock"; Value = ""; VariantName = "[No Variations]"
Add component (AddParameter): Name = "Datasheet Link"; Value = "https://katalog.we-online.de/em/datasheet/6130xx11121.pdf"; VariantName = "[No Variations]"
Add component (AddParameter): Name = "Height"; Value = "8.89mm"; VariantName = "[No Variations]"
Add component (AddParameter): Name = "Manufacturer_Name"; Value = "Wurth Elektronik"; VariantName = "[No Variations]"
Add component (AddParameter): Name = "Manufacturer_Part_Number"; Value = "61300111121"; VariantName = "[No Variations]"
Add component (AddParameter): Name = "Mouser Part Number"; Value = "710-61300111121"; VariantName = "[No Variations]"
Add component (AddParameter): Name = "Mouser Price/Stock"; Value = "https://www.mouser.co.uk/ProductDetail/Wurth-Elektronik/61300111121?qs=PhR8RmCirEaRH5Ck%252B2lRLQ%3D%3D"; VariantName = "[No Variations]"
Added Component: Designator=J9_PowerModuleCell_M1(TestPad)
Add component (AddParameter): Name = "Arrow Part Number"; Value = ""; VariantName = "[No Variations]"
Add component (AddParameter): Name = "Arrow Price/Stock"; Value = ""; VariantName = "[No Variations]"
Add component (AddParameter): Name = "Datasheet Link"; Value = "https://katalog.we-online.de/em/datasheet/6130xx11121.pdf"; VariantName = "[No Variations]"
Add component (AddParameter): Name = "Height"; Value = "8.89mm"; VariantName = "[No Variations]"
Add component (AddParameter): Name = "Manufacturer_Name"; Value = "Wurth Elektronik"; VariantName = "[No Variations]"
Add component (AddParameter): Name = "Manufacturer_Part_Number"; Value = "61300111121"; VariantName = "[No Variations]"
Add component (AddParameter): Name = "Mouser Part Number"; Value = "710-61300111121"; VariantName = "[No Variations]"
Add component (AddParameter): Name = "Mouser Price/Stock"; Value = "https://www.mouser.co.uk/ProductDetail/Wurth-Elektronik/61300111121?qs=PhR8RmCirEaRH5Ck%252B2lRLQ%3D%3D"; VariantName = "[No Variations]"
Added Component: Designator=J9_PowerModuleCell_M2(TestPad)
Add component (AddParameter): Name = "Arrow Part Number"; Value = ""; VariantName = "[No Variations]"
Add component (AddParameter): Name = "Arrow Price/Stock"; Value = ""; VariantName = "[No Variations]"
Add component (AddParameter): Name = "Datasheet Link"; Value = "https://katalog.we-online.de/em/datasheet/6130xx11121.pdf"; VariantName = "[No Variations]"
Add component (AddParameter): Name = "Height"; Value = "8.89mm"; VariantName = "[No Variations]"
Add component (AddParameter): Name = "Manufacturer_Name"; Value = "Wurth Elektronik"; VariantName = "[No Variations]"
Add component (AddParameter): Name = "Manufacturer_Part_Number"; Value = "61300111121"; VariantName = "[No Variations]"
Add component (AddParameter): Name = "Mouser Part Number"; Value = "710-61300111121"; VariantName = "[No Variations]"
Add component (AddParameter): Name = "Mouser Price/Stock"; Value = "https://www.mouser.co.uk/ProductDetail/Wurth-Elektronik/61300111121?qs=PhR8RmCirEaRH5Ck%252B2lRLQ%3D%3D"; VariantName = "[No Variations]"
Added Component: Designator=J9_PowerModuleCell_M3(TestPad)
Add component (AddParameter): Name = "Arrow Part Number"; Value = ""; VariantName = "[No Variations]"
Add component (AddParameter): Name = "Arrow Price/Stock"; Value = ""; VariantName = "[No Variations]"
Add component (AddParameter): Name = "Datasheet Link"; Value = "https://katalog.we-online.de/em/datasheet/6130xx11121.pdf"; VariantName = "[No Variations]"
Add component (AddParameter): Name = "Height"; Value = "8.89mm"; VariantName = "[No Variations]"
Add component (AddParameter): Name = "Manufacturer_Name"; Value = "Wurth Elektronik"; VariantName = "[No Variations]"
Add component (AddParameter): Name = "Manufacturer_Part_Number"; Value = "61300111121"; VariantName = "[No Variations]"
Add component (AddParameter): Name = "Mouser Part Number"; Value = "710-61300111121"; VariantName = "[No Variations]"
Add component (AddParameter): Name = "Mouser Price/Stock"; Value = "https://www.mouser.co.uk/ProductDetail/Wurth-Elektronik/61300111121?qs=PhR8RmCirEaRH5Ck%252B2lRLQ%3D%3D"; VariantName = "[No Variations]"
Added Component: Designator=J9_PowerModuleCell_M4(TestPad)
Add component (AddParameter): Name = "Arrow Part Number"; Value = ""; VariantName = "[No Variations]"
Add component (AddParameter): Name = "Arrow Price/Stock"; Value = ""; VariantName = "[No Variations]"
Add component (AddParameter): Name = "Datasheet Link"; Value = "https://katalog.we-online.de/em/datasheet/6130xx11121.pdf"; VariantName = "[No Variations]"
Add component (AddParameter): Name = "Height"; Value = "8.89mm"; VariantName = "[No Variations]"
Add component (AddParameter): Name = "Manufacturer_Name"; Value = "Wurth Elektronik"; VariantName = "[No Variations]"
Add component (AddParameter): Name = "Manufacturer_Part_Number"; Value = "61300111121"; VariantName = "[No Variations]"
Add component (AddParameter): Name = "Mouser Part Number"; Value = "710-61300111121"; VariantName = "[No Variations]"
Add component (AddParameter): Name = "Mouser Price/Stock"; Value = "https://www.mouser.co.uk/ProductDetail/Wurth-Elektronik/61300111121?qs=PhR8RmCirEaRH5Ck%252B2lRLQ%3D%3D"; VariantName = "[No Variations]"
Added Pin To Net: NetName=Gate_PowerModuleCell_M1 Pin=J6_PowerModuleCell_M1-1
Added Pin To Net: NetName=Gate_PowerModuleCell_M2 Pin=J6_PowerModuleCell_M2-1
Added Pin To Net: NetName=Gate_PowerModuleCell_M3 Pin=J6_PowerModuleCell_M3-1
Added Pin To Net: NetName=Gate_PowerModuleCell_M4 Pin=J6_PowerModuleCell_M4-1
Added Pin To Net: NetName=InvAmp_PowerModuleCell_M1 Pin=J7_PowerModuleCell_M1-1
Added Pin To Net: NetName=InvAmp_PowerModuleCell_M2 Pin=J7_PowerModuleCell_M2-1
Added Pin To Net: NetName=InvAmp_PowerModuleCell_M3 Pin=J7_PowerModuleCell_M3-1
Added Pin To Net: NetName=InvAmp_PowerModuleCell_M4 Pin=J7_PowerModuleCell_M4-1
Added Pin To Net: NetName=CurrentSignal_M1 Pin=J8_PowerModuleCell_M1-1
Added Pin To Net: NetName=CurrentSignal_M2 Pin=J8_PowerModuleCell_M2-1
Added Pin To Net: NetName=CurrentSignal_M3 Pin=J8_PowerModuleCell_M3-1
Added Pin To Net: NetName=CurrentSignal_M4 Pin=J8_PowerModuleCell_M4-1
Added Pin To Net: NetName=NonInvAmp_PowerModuleCell_M1 Pin=J9_PowerModuleCell_M1-1
Added Pin To Net: NetName=NonInvAmp_PowerModuleCell_M2 Pin=J9_PowerModuleCell_M2-1
Added Pin To Net: NetName=NonInvAmp_PowerModuleCell_M3 Pin=J9_PowerModuleCell_M3-1
Added Pin To Net: NetName=NonInvAmp_PowerModuleCell_M4 Pin=J9_PowerModuleCell_M4-1
Added Member To Class: ClassName=PowerModuleCell_M1 Member=Component C10_PowerModuleCell_M1 (C10) 220nF 25V, X7R, 0603
Added Member To Class: ClassName=PowerModuleCell_M1 Member=Component J6_PowerModuleCell_M1 (J6) TestPad
Added Member To Class: ClassName=PowerModuleCell_M2 Member=Component J6_PowerModuleCell_M2 (J6) TestPad
Added Member To Class: ClassName=PowerModuleCell_M3 Member=Component J6_PowerModuleCell_M3 (J6) TestPad
Added Member To Class: ClassName=PowerModuleCell_M4 Member=Component J6_PowerModuleCell_M4 (J6) TestPad
Added Member To Class: ClassName=PowerModuleCell_M1 Member=Component J7_PowerModuleCell_M1 (J7) TestPad
Added Member To Class: ClassName=PowerModuleCell_M2 Member=Component J7_PowerModuleCell_M2 (J7) TestPad
Added Member To Class: ClassName=PowerModuleCell_M3 Member=Component J7_PowerModuleCell_M3 (J7) TestPad
Added Member To Class: ClassName=PowerModuleCell_M4 Member=Component J7_PowerModuleCell_M4 (J7) TestPad
Added Member To Class: ClassName=PowerModuleCell_M1 Member=Component J8_PowerModuleCell_M1 (J8) TestPad
Added Member To Class: ClassName=PowerModuleCell_M2 Member=Component J8_PowerModuleCell_M2 (J8) TestPad
Added Member To Class: ClassName=PowerModuleCell_M3 Member=Component J8_PowerModuleCell_M3 (J8) TestPad
Added Member To Class: ClassName=PowerModuleCell_M4 Member=Component J8_PowerModuleCell_M4 (J8) TestPad
Added Member To Class: ClassName=PowerModuleCell_M1 Member=Component J9_PowerModuleCell_M1 (J9) TestPad
Added Member To Class: ClassName=PowerModuleCell_M2 Member=Component J9_PowerModuleCell_M2 (J9) TestPad
Added Member To Class: ClassName=PowerModuleCell_M3 Member=Component J9_PowerModuleCell_M3 (J9) TestPad
Added Member To Class: ClassName=PowerModuleCell_M4 Member=Component J9_PowerModuleCell_M4 (J9) TestPad
