Change Component Footprint: Designator=R4_PowerModuleCell_M2 Old Footprint=FP-CSS2H-5930K-1L00F-MFG New Footprint=FP-CSS2H-5930K-1L00F-MFG
Change Component Footprint: Designator=R4_PowerModuleCell_M3 Old Footprint=FP-CSS2H-5930K-1L00F-MFG New Footprint=FP-CSS2H-5930K-1L00F-MFG
Change Component Footprint: Designator=R4_PowerModuleCell_M4 Old Footprint=FP-CSS2H-5930K-1L00F-MFG New Footprint=FP-CSS2H-5930K-1L00F-MFG
Change Component Footprint: Designator=L1_PowerModuleCell_M2 Old Footprint=WE-PD_7345 New Footprint=WE-PD_7345
Change Component Footprint: Designator=L1_PowerModuleCell_M3 Old Footprint=WE-PD_7345 New Footprint=WE-PD_7345
Change Component Footprint: Designator=L1_PowerModuleCell_M4 Old Footprint=WE-PD_7345 New Footprint=WE-PD_7345
Change Component Comment : Designator=R4_PowerModuleCell_M1 Old Comment=0u1, 1%, 5930 New Comment=1m, 1%, 5930
Change Component Comment : Designator=R4_PowerModuleCell_M2 Old Comment=0u1, 1%, 5930 New Comment=1m, 1%, 5930
Change Component Comment : Designator=R4_PowerModuleCell_M3 Old Comment=0u1, 1%, 5930 New Comment=1m, 1%, 5930
Change Component Comment : Designator=R4_PowerModuleCell_M4 Old Comment=0u1, 1%, 5930 New Comment=1m, 1%, 5930
Added Component: Designator=C8(FP-GRM188-0_1-e0_2_0_5-MFG)
Add component (AddParameter): Name = "Capacitance"; Value = "2.2uF"; VariantName = "[No Variations]"
Add component (AddParameter): Name = "Case Code (Imperial)"; Value = "0603"; VariantName = "[No Variations]"
Add component (AddParameter): Name = "Case Code (Metric)"; Value = "1608"; VariantName = "[No Variations]"
Add component (AddParameter): Name = "Case/Package"; Value = "0603"; VariantName = "[No Variations]"
Add component (AddParameter): Name = "Depth"; Value = "0.8mm"; VariantName = "[No Variations]"
Add component (AddParameter): Name = "Dielectric"; Value = "X5R"; VariantName = "[No Variations]"
Add component (AddParameter): Name = "Height"; Value = "0.8mm"; VariantName = "[No Variations]"
Add component (AddParameter): Name = "Lead Free"; Value = "Lead Free"; VariantName = "[No Variations]"
Add component (AddParameter): Name = "Length"; Value = "1.6mm"; VariantName = "[No Variations]"
Add component (AddParameter): Name = "Material"; Value = "Ceramic"; VariantName = "[No Variations]"
Add component (AddParameter): Name = "Max Operating Temperature"; Value = "85°C"; VariantName = "[No Variations]"
Add component (AddParameter): Name = "Min Operating Temperature"; Value = "-55°C"; VariantName = "[No Variations]"
Add component (AddParameter): Name = "Mount"; Value = "Surface Mount"; VariantName = "[No Variations]"
Add component (AddParameter): Name = "Number of Pins"; Value = "2"; VariantName = "[No Variations]"
Add component (AddParameter): Name = "Package Quantity"; Value = "4000"; VariantName = "[No Variations]"
Add component (AddParameter): Name = "Packaging"; Value = "Tape and Reel"; VariantName = "[No Variations]"
Add component (AddParameter): Name = "Radiation Hardening"; Value = "No"; VariantName = "[No Variations]"
Add component (AddParameter): Name = "REACH SVHC"; Value = "No SVHC"; VariantName = "[No Variations]"
Add component (AddParameter): Name = "Resistor Type"; Value = "Ceramic"; VariantName = "[No Variations]"
Add component (AddParameter): Name = "Termination"; Value = "SMD/SMT"; VariantName = "[No Variations]"
Add component (AddParameter): Name = "Thickness"; Value = "0.035inch"; VariantName = "[No Variations]"
Add component (AddParameter): Name = "Tolerance"; Value = "10%"; VariantName = "[No Variations]"
Add component (AddParameter): Name = "Voltage"; Value = "25V"; VariantName = "[No Variations]"
Add component (AddParameter): Name = "Voltage Rating"; Value = "25V"; VariantName = "[No Variations]"
Add component (AddParameter): Name = "Voltage Rating (DC)"; Value = "25V"; VariantName = "[No Variations]"
Add component (AddParameter): Name = "Weight"; Value = "0.000222oz"; VariantName = "[No Variations]"
Add component (AddParameter): Name = "Width"; Value = "0.8mm"; VariantName = "[No Variations]"
Added Component: Designator=C9(FP-GCM188-0_1-IPC_B)
Add component (AddParameter): Name = "Capacitance"; Value = "220nF"; VariantName = "[No Variations]"
Add component (AddParameter): Name = "Case Code (Imperial)"; Value = "0603"; VariantName = "[No Variations]"
Add component (AddParameter): Name = "Case Code (Metric)"; Value = "1608"; VariantName = "[No Variations]"
Add component (AddParameter): Name = "Case/Package"; Value = "0603"; VariantName = "[No Variations]"
Add component (AddParameter): Name = "Depth"; Value = "0.8mm"; VariantName = "[No Variations]"
Add component (AddParameter): Name = "Dielectric"; Value = "X7R"; VariantName = "[No Variations]"
Add component (AddParameter): Name = "Height"; Value = "0.8mm"; VariantName = "[No Variations]"
Add component (AddParameter): Name = "Lead Free"; Value = "Lead Free"; VariantName = "[No Variations]"
Add component (AddParameter): Name = "Length"; Value = "1.6mm"; VariantName = "[No Variations]"
Add component (AddParameter): Name = "Max Operating Temperature"; Value = "125°C"; VariantName = "[No Variations]"
Add component (AddParameter): Name = "Min Operating Temperature"; Value = "-55°C"; VariantName = "[No Variations]"
Add component (AddParameter): Name = "Mount"; Value = "Surface Mount"; VariantName = "[No Variations]"
Add component (AddParameter): Name = "Package Quantity"; Value = "1"; VariantName = "[No Variations]"
Add component (AddParameter): Name = "Packaging"; Value = "Tape and Reel"; VariantName = "[No Variations]"
Add component (AddParameter): Name = "Radiation Hardening"; Value = "No"; VariantName = "[No Variations]"
Add component (AddParameter): Name = "Ratings"; Value = "AEC-Q200"; VariantName = "[No Variations]"
Add component (AddParameter): Name = "Termination"; Value = "SMD/SMT"; VariantName = "[No Variations]"
Add component (AddParameter): Name = "Thickness"; Value = "0.035inch"; VariantName = "[No Variations]"
Add component (AddParameter): Name = "Tolerance"; Value = "10%"; VariantName = "[No Variations]"
Add component (AddParameter): Name = "Voltage"; Value = "25V"; VariantName = "[No Variations]"
Add component (AddParameter): Name = "Voltage Rating"; Value = "25V"; VariantName = "[No Variations]"
Add component (AddParameter): Name = "Voltage Rating (DC)"; Value = "25V"; VariantName = "[No Variations]"
Add component (AddParameter): Name = "Width"; Value = "0.031inch"; VariantName = "[No Variations]"
Added Component: Designator=L2(WE-PD_7345)
Add component (AddParameter): Name = "Ambient Temperature Range High"; Value = "85°C"; VariantName = "[No Variations]"
Add component (AddParameter): Name = "Ambient Temperature Range Low"; Value = "-40°C"; VariantName = "[No Variations]"
Add component (AddParameter): Name = "Current Rating"; Value = "1.11A"; VariantName = "[No Variations]"
Add component (AddParameter): Name = "DC Resistance (DCR)"; Value = "145m?"; VariantName = "[No Variations]"
Add component (AddParameter): Name = "Depth"; Value = "7.3mm"; VariantName = "[No Variations]"
Add component (AddParameter): Name = "Height"; Value = "4.5mm"; VariantName = "[No Variations]"
Add component (AddParameter): Name = "Inductance"; Value = "39µH"; VariantName = "[No Variations]"
Add component (AddParameter): Name = "Length"; Value = "7.3mm"; VariantName = "[No Variations]"
Add component (AddParameter): Name = "Max DC Current"; Value = "1.11A"; VariantName = "[No Variations]"
Add component (AddParameter): Name = "Max Operating Temperature"; Value = "125°C"; VariantName = "[No Variations]"
Add component (AddParameter): Name = "Min Operating Temperature"; Value = "-40°C"; VariantName = "[No Variations]"
Add component (AddParameter): Name = "NexarPartId"; Value = "29930417"; VariantName = "[No Variations]"
Add component (AddParameter): Name = "Number of Pins"; Value = "2"; VariantName = "[No Variations]"
Add component (AddParameter): Name = "Packaging"; Value = "Tape & Reel"; VariantName = "[No Variations]"
Add component (AddParameter): Name = "RoHS"; Value = "Compliant"; VariantName = "[No Variations]"
Add component (AddParameter): Name = "Self Resonant Frequency"; Value = "11MHz"; VariantName = "[No Variations]"
Add component (AddParameter): Name = "Shielding"; Value = "Shielded"; VariantName = "[No Variations]"
Add component (AddParameter): Name = "Tolerance"; Value = "20%"; VariantName = "[No Variations]"
Add component (AddParameter): Name = "Width"; Value = "7.3mm"; VariantName = "[No Variations]"
Added Component: Designator=U6(FP-DBV0005A-IPC_C)
Add component (AddParameter): Name = "Case/Package"; Value = "SOT-23"; VariantName = "[No Variations]"
Add component (AddParameter): Name = "Dropout Voltage"; Value = "175mV"; VariantName = "[No Variations]"
Add component (AddParameter): Name = "Height"; Value = "1.02mm"; VariantName = "[No Variations]"
Add component (AddParameter): Name = "Lead Free"; Value = "Lead Free"; VariantName = "[No Variations]"
Add component (AddParameter): Name = "Length"; Value = "2.92mm"; VariantName = "[No Variations]"
Add component (AddParameter): Name = "Max Input Voltage"; Value = "6V"; VariantName = "[No Variations]"
Add component (AddParameter): Name = "Max Operating Temperature"; Value = "125°C"; VariantName = "[No Variations]"
Add component (AddParameter): Name = "Max Output Current"; Value = "20mA"; VariantName = "[No Variations]"
Add component (AddParameter): Name = "Max Output Voltage"; Value = "2.5V"; VariantName = "[No Variations]"
Add component (AddParameter): Name = "Max Supply Voltage"; Value = "2.2V"; VariantName = "[No Variations]"
Add component (AddParameter): Name = "Min Input Voltage"; Value = "2.2V"; VariantName = "[No Variations]"
Add component (AddParameter): Name = "Min Operating Temperature"; Value = "-40°C"; VariantName = "[No Variations]"
Add component (AddParameter): Name = "Min Output Voltage"; Value = "2.5V"; VariantName = "[No Variations]"
Add component (AddParameter): Name = "Mount"; Value = "Surface Mount"; VariantName = "[No Variations]"
Add component (AddParameter): Name = "Nominal Supply Current"; Value = "60uA"; VariantName = "[No Variations]"
Add component (AddParameter): Name = "Number of Channels"; Value = "1"; VariantName = "[No Variations]"
Add component (AddParameter): Name = "Number of Pins"; Value = "5"; VariantName = "[No Variations]"
Add component (AddParameter): Name = "Operating Supply Current"; Value = "100uA"; VariantName = "[No Variations]"
Add component (AddParameter): Name = "Output Current"; Value = "20mA"; VariantName = "[No Variations]"
Add component (AddParameter): Name = "Output Type"; Value = "Fixed"; VariantName = "[No Variations]"
Add component (AddParameter): Name = "Output Voltage"; Value = "2.5V"; VariantName = "[No Variations]"
Add component (AddParameter): Name = "Package Quantity"; Value = "1000"; VariantName = "[No Variations]"
Add component (AddParameter): Name = "Packaging"; Value = "Tape and Reel"; VariantName = "[No Variations]"
Add component (AddParameter): Name = "Quiescent Current"; Value = "100uA"; VariantName = "[No Variations]"
Add component (AddParameter): Name = "Radiation Hardening"; Value = "No"; VariantName = "[No Variations]"
Add component (AddParameter): Name = "REACH SVHC"; Value = "No SVHC"; VariantName = "[No Variations]"
Add component (AddParameter): Name = "Reference Type"; Value = "Series"; VariantName = "[No Variations]"
Add component (AddParameter): Name = "Reference Voltage"; Value = "2.5V"; VariantName = "[No Variations]"
Add component (AddParameter): Name = "Series"; Value = "-"; VariantName = "[No Variations]"
Add component (AddParameter): Name = "Supply Current"; Value = "60uA"; VariantName = "[No Variations]"
Add component (AddParameter): Name = "Temperature Coefficient"; Value = "20ppm/°C"; VariantName = "[No Variations]"
Add component (AddParameter): Name = "Termination"; Value = "SMD/SMT"; VariantName = "[No Variations]"
Add component (AddParameter): Name = "Tolerance"; Value = "0.05%"; VariantName = "[No Variations]"
Add component (AddParameter): Name = "Width"; Value = "1.6mm"; VariantName = "[No Variations]"
Added Component: Designator=Y1(FP-SiT1552-J-MFG)
Add component (AddParameter): Name = "Frequency"; Value = "32.768kHz"; VariantName = "[No Variations]"
Add component (AddParameter): Name = "Frequency Stability"; Value = "5ppm"; VariantName = "[No Variations]"
Add component (AddParameter): Name = "Height"; Value = "0.024inch"; VariantName = "[No Variations]"
Add component (AddParameter): Name = "Length"; Value = "0.061inch"; VariantName = "[No Variations]"
Add component (AddParameter): Name = "Max Operating Temperature"; Value = "70°C"; VariantName = "[No Variations]"
Add component (AddParameter): Name = "Min Operating Temperature"; Value = "0°C"; VariantName = "[No Variations]"
Add component (AddParameter): Name = "Mount"; Value = "Surface Mount"; VariantName = "[No Variations]"
Add component (AddParameter): Name = "Packaging"; Value = "Cut Tape"; VariantName = "[No Variations]"
Add component (AddParameter): Name = "RoHS Compliant"; Value = "Yes"; VariantName = "[No Variations]"
Add component (AddParameter): Name = "Series"; Value = "SiT1552"; VariantName = "[No Variations]"
Add component (AddParameter): Name = "Width"; Value = "0.033inch"; VariantName = "[No Variations]"
Added Component: Designator=Y2(FP-TXO-2016-MFG)
Add component (AddParameter): Name = "Automotive"; Value = "No"; VariantName = "[No Variations]"
Add component (AddParameter): Name = "Category"; Value = "Crys"; VariantName = "[No Variations]"
Add component (AddParameter): Name = "ComponentLink2Description"; Value = "Datasheet"; VariantName = "[No Variations]"
Add component (AddParameter): Name = "ComponentLink2URL"; Value = "https://ecsxtal.com/store/pdf/ECS-TXO-2016.pdf"; VariantName = "[No Variations]"
Add component (AddParameter): Name = "Device Class L1"; Value = "Passive Components"; VariantName = "[No Variations]"
Add component (AddParameter): Name = "Device Class L2"; Value = "Crystals / Oscillators"; VariantName = "[No Variations]"
Add component (AddParameter): Name = "Device Class L3"; Value = "Oscillators"; VariantName = "[No Variations]"
Add component (AddParameter): Name = "Digikey Description"; Value = "XTAL OSC TCXO 16MHZ 3.3V SMD"; VariantName = "[No Variations]"
Add component (AddParameter): Name = "Frequency"; Value = "16MHz"; VariantName = "[No Variations]"
Add component (AddParameter): Name = "Height"; Value = "0.8mm"; VariantName = "[No Variations]"
Add component (AddParameter): Name = "Lead Free"; Value = "Yes"; VariantName = "[No Variations]"
Add component (AddParameter): Name = "Load Capacitance"; Value = "15pF"; VariantName = "[No Variations]"
Add component (AddParameter): Name = "Manufacturer"; Value = "ECS"; VariantName = "[No Variations]"
Add component (AddParameter): Name = "Manufacturer Part Number"; Value = "ECS-TXO-2016-33-160-TR"; VariantName = "[No Variations]"
Add component (AddParameter): Name = "Max Supply Current"; Value = "7mA"; VariantName = "[No Variations]"
Add component (AddParameter): Name = "Max Supply Voltage"; Value = "3.63V"; VariantName = "[No Variations]"
Add component (AddParameter): Name = "Min Supply Voltage"; Value = "2.97V"; VariantName = "[No Variations]"
Add component (AddParameter): Name = "Octopart"; Value = "https://octopart.com/ecs-txo-2016-33-160-tr-ecs+international-102811109"; VariantName = "[No Variations]"
Add component (AddParameter): Name = "Package"; Value = "TXO-2016"; VariantName = "[No Variations]"
Add component (AddParameter): Name = "RoHS"; Value = "TRUE"; VariantName = "[No Variations]"
Add component (AddParameter): Name = "Series"; Value = "TXO-2016"; VariantName = "[No Variations]"
Add component (AddParameter): Name = "Stability"; Value = "2ppm"; VariantName = "[No Variations]"
Add component (AddParameter): Name = "Temperature"; Value = "-40°C to +85°C"; VariantName = "[No Variations]"
Add component (AddParameter): Name = "Temperature Range High"; Value = "+85°C"; VariantName = "[No Variations]"
Add component (AddParameter): Name = "Temperature Range Low"; Value = "-40°C"; VariantName = "[No Variations]"
Added Pin To Net: NetName=Vcc Pin=C8-1
Added Pin To Net: NetName=Shunt_L_PowerModuleCell_M1 Pin=C8-2
Added Pin To Net: NetName=Vcc_F Pin=C9-1
Added Pin To Net: NetName=Shunt_L_PowerModuleCell_M1 Pin=C9-2
Added Pin To Net: NetName=Vcc_F Pin=L2-1
Added Pin To Net: NetName=Vcc Pin=L2-2
Added Pin To Net: NetName=NetLoad+_PowerModuleCell_M3_1 Pin=Load+_PowerModuleCell_M1-1
Added Pin To Net: NetName=NetLoad+_PowerModuleCell_M3_1 Pin=Load+_PowerModuleCell_M2-1
Added Pin To Net: NetName=NetLoad+_PowerModuleCell_M3_1 Pin=Load+_PowerModuleCell_M4-1
Added Pin To Net: NetName=NetLoad+_PowerModuleCell_M3_1 Pin=Q1_PowerModuleCell_M1-1
Added Pin To Net: NetName=NetLoad+_PowerModuleCell_M3_1 Pin=Q1_PowerModuleCell_M1-2
Added Pin To Net: NetName=NetLoad+_PowerModuleCell_M3_1 Pin=Q1_PowerModuleCell_M1-3
Added Pin To Net: NetName=NetLoad+_PowerModuleCell_M3_1 Pin=Q1_PowerModuleCell_M1-13
Added Pin To Net: NetName=NetLoad+_PowerModuleCell_M3_1 Pin=Q1_PowerModuleCell_M1-14
Added Pin To Net: NetName=NetLoad+_PowerModuleCell_M3_1 Pin=Q1_PowerModuleCell_M1-15
Added Pin To Net: NetName=NetLoad+_PowerModuleCell_M3_1 Pin=Q1_PowerModuleCell_M2-1
Added Pin To Net: NetName=NetLoad+_PowerModuleCell_M3_1 Pin=Q1_PowerModuleCell_M2-2
Added Pin To Net: NetName=NetLoad+_PowerModuleCell_M3_1 Pin=Q1_PowerModuleCell_M2-3
Added Pin To Net: NetName=NetLoad+_PowerModuleCell_M3_1 Pin=Q1_PowerModuleCell_M2-13
Added Pin To Net: NetName=NetLoad+_PowerModuleCell_M3_1 Pin=Q1_PowerModuleCell_M2-14
Added Pin To Net: NetName=NetLoad+_PowerModuleCell_M3_1 Pin=Q1_PowerModuleCell_M2-15
Added Pin To Net: NetName=NetLoad+_PowerModuleCell_M3_1 Pin=Q1_PowerModuleCell_M4-1
Added Pin To Net: NetName=NetLoad+_PowerModuleCell_M3_1 Pin=Q1_PowerModuleCell_M4-2
Added Pin To Net: NetName=NetLoad+_PowerModuleCell_M3_1 Pin=Q1_PowerModuleCell_M4-3
Added Pin To Net: NetName=NetLoad+_PowerModuleCell_M3_1 Pin=Q1_PowerModuleCell_M4-13
Added Pin To Net: NetName=NetLoad+_PowerModuleCell_M3_1 Pin=Q1_PowerModuleCell_M4-14
Added Pin To Net: NetName=NetLoad+_PowerModuleCell_M3_1 Pin=Q1_PowerModuleCell_M4-15
Added Pin To Net: NetName=Shunt_L_PowerModuleCell_M1 Pin=U3_Temp1-C1
Added Pin To Net: NetName=Shunt_L_PowerModuleCell_M1 Pin=U3_Temp2-C1
Added Pin To Net: NetName=Shunt_L_PowerModuleCell_M1 Pin=U3_Temp3-C1
Added Pin To Net: NetName=Shunt_L_PowerModuleCell_M1 Pin=U3_Temp4-C1
Added Pin To Net: NetName=Shunt_L_PowerModuleCell_M1 Pin=U6-2
Added Pin To Net: NetName=Shunt_L_PowerModuleCell_M1 Pin=Y1-1
Added Pin To Net: NetName=Vcc Pin=Y1-3
Added Pin To Net: NetName=Shunt_L_PowerModuleCell_M1 Pin=Y1-4
Added Pin To Net: NetName=Vcc Pin=Y2-1
Added Pin To Net: NetName=Shunt_L_PowerModuleCell_M1 Pin=Y2-2
Added Pin To Net: NetName=Vcc Pin=Y2-4
Change Net Name : Old Net Name=NetLoad+_PowerModuleCell_M3_1 New Net Name=Load
Change Net Name : Old Net Name=NetR23_Temp1_1 New Net Name=Alert_M1
Change Net Name : Old Net Name=NetR23_Temp2_1 New Net Name=Alert_M2
Change Net Name : Old Net Name=NetR23_Temp3_1 New Net Name=Alert_M3
Change Net Name : Old Net Name=NetR23_Temp4_1 New Net Name=Alert_M4
Added Pin To Net: NetName=HSE Pin=Y2-3
Added Net: Name=HSE
Added Pin To Net: NetName=LSE_RTC Pin=Y1-2
Added Net: Name=LSE_RTC
Added Pin To Net: NetName=Vavdd_F Pin=U6-3
Added Pin To Net: NetName=Vavdd_F Pin=U6-4
Added Net: Name=Vavdd_F
Added Pin To Net: NetName=Vref Pin=U6-5
Added Net: Name=Vref
Added Member To Class: ClassName=PowerModule Member=Component C8 2.2uF, 25V, X5R, 0603
Added Member To Class: ClassName=PowerModule Member=Component C9 220nF 25V, X7R, 0603
Added Member To Class: ClassName=PowerModuleCell_M1 Member=Component L1_PowerModuleCell_M1 (L1) 39 µH, 1A
Added Member To Class: ClassName=PowerModule Member=Component L2 39 µH, 1A
Added Member To Class: ClassName=PowerModule Member=Component U6 LM4132AMF-2.5/NOPB
Added Member To Class: ClassName=PowerModule Member=Component Y1 SIT1552AC-JE-DCC-32.768D
Added Member To Class: ClassName=PowerModule Member=Component Y2 ECS-TXO-2016-33-160-TR
