Added Component: Designator=D11(DIOC1709X85N)
Add component (AddParameter): Name = "Arrow Part Number"; Value = "CDBU0245"; VariantName = "[No Variations]"
Add component (AddParameter): Name = "Arrow Price/Stock"; Value = "https://www.arrow.com/en/products/cdbu0245/comchip-technology?utm_currency=USD&region=nac"; VariantName = "[No Variations]"
Add component (AddParameter): Name = "Datasheet Link"; Value = "https://componentsearchengine.com/Datasheets/1/CDBU0245.pdf"; VariantName = "[No Variations]"
Add component (AddParameter): Name = "Height"; Value = "0.85mm"; VariantName = "[No Variations]"
Add component (AddParameter): Name = "Manufacturer_Name"; Value = "Comchip Technology"; VariantName = "[No Variations]"
Add component (AddParameter): Name = "Manufacturer_Part_Number"; Value = "CDBU0245"; VariantName = "[No Variations]"
Add component (AddParameter): Name = "Mouser Part Number"; Value = "750-CDBU0245"; VariantName = "[No Variations]"
Add component (AddParameter): Name = "Mouser Price/Stock"; Value = "https://www.mouser.co.uk/ProductDetail/Comchip-Technology/CDBU0245?qs=tw%252BuQ%2FB6PO2XscGM2Q%2FbYQ%3D%3D"; VariantName = "[No Variations]"
Added Pin To Net: NetName=Vout Pin=D11-1
Added Pin To Net: NetName=GND_2 Pin=D11-2
Added Member To Class: ClassName=FanDriver Member=Component D11 CDBU0245
Added Member To Class: ClassName=PowerModule Member=Component J1 1725656
Added Member To Class: ClassName=PowerModule Member=Component J3 61300411821
Added Member To Class: ClassName=PowerModule Member=Component J5 61300411821
Added Member To Class: ClassName=PowerModule Member=Component J6 61300411821
Added Member To Class: ClassName=PowerModule Member=Component J7 61300411821
Added Member To Class: ClassName=PowerModule Member=Component J9 43045-0802
Added Member To Class: ClassName=PowerModule Member=Component J11 43045-0400
Added Member To Class: ClassName=PowerModule Member=Component J12 61300411821
Added Member To Class: ClassName=PowerModule Member=Component J14 TestPad
Added Member To Class: ClassName=PowerModule Member=Component J16 TestPad
Added Member To Class: ClassName=PowerModule Member=Component J17 TestPad
Added Member To Class: ClassName=PowerModule Member=Component J20 TestPad
Added Member To Class: ClassName=PowerModule Member=Component J21 TestPad
Added Member To Class: ClassName=PowerModule Member=Component J22 TestPad
Added Member To Class: ClassName=PowerModule Member=Component J23 TestPad
Added Member To Class: ClassName=PowerModule Member=Component J26 TestPad
Added Member To Class: ClassName=PowerModule Member=Component J28 TestPad
Added Member To Class: ClassName=PowerModule Member=Component J29 TestPad
Added Member To Class: ClassName=PowerModule Member=Component J30 TestPad
Added Member To Class: ClassName=PowerModuleCell_M1 Member=Component J32_PowerModuleCell_M1 (J32) TestPad
Added Member To Class: ClassName=PowerModuleCell_M2 Member=Component J32_PowerModuleCell_M2 (J32) TestPad
Added Member To Class: ClassName=PowerModuleCell_M3 Member=Component J32_PowerModuleCell_M3 (J32) TestPad
Added Member To Class: ClassName=Amplifier_K-51 Member=Component J34_Amplifier_K-51 (J34) TestPad
Added Member To Class: ClassName=Amplifier_K-52 Member=Component J34_Amplifier_K-52 (J34) TestPad
Added Member To Class: ClassName=Amplifier_K-51 Member=Component J36_Amplifier_K-51 (J36) TestPad
Added Member To Class: ClassName=Amplifier_K-52 Member=Component J36_Amplifier_K-52 (J36) TestPad
Added Member To Class: ClassName=Amplifier_K-51 Member=Component J37_Amplifier_K-51 (J37) TestPad
Added Member To Class: ClassName=Amplifier_K-52 Member=Component J37_Amplifier_K-52 (J37) TestPad
Added Member To Class: ClassName=Amplifier_K-51 Member=Component J39_Amplifier_K-51 (J39) TestPad
Added Member To Class: ClassName=Amplifier_K-52 Member=Component J39_Amplifier_K-52 (J39) TestPad
Added Member To Class: ClassName=Amplifier_K-51 Member=Component J40_Amplifier_K-51 (J40) TestPad
Added Member To Class: ClassName=Amplifier_K-52 Member=Component J40_Amplifier_K-52 (J40) TestPad
Added Member To Class: ClassName=Amplifier_K-51 Member=Component J42_Amplifier_K-51 (J42) TestPad
Added Member To Class: ClassName=Amplifier_K-52 Member=Component J42_Amplifier_K-52 (J42) TestPad
Added Member To Class: ClassName=Amplifier_K-51 Member=Component J43_Amplifier_K-51 (J43) TestPad
Added Member To Class: ClassName=Amplifier_K-52 Member=Component J43_Amplifier_K-52 (J43) TestPad
Added Member To Class: ClassName=Amplifier_K-51 Member=Component J44_Amplifier_K-51 (J44) TestPad
Added Member To Class: ClassName=Amplifier_K-52 Member=Component J44_Amplifier_K-52 (J44) TestPad
Added Member To Class: ClassName=PowerModule Member=Component R3 47 1%, 0402
Added Member To Class: ClassName=PowerModule Member=Component R6 1K80 1%, 0402
Added Member To Class: ClassName=PowerModule Member=Component R7 511 1%, 0402
Added Member To Class: ClassName=PowerModule Member=Component R9 180 1%, 0402
Added Member To Class: ClassName=PowerModule Member=Component R11 180 1%, 0402
Added Member To Class: ClassName=PowerModule Member=Component R16 4K7 1%, 0402
