Removed Pin From Net: NetName=3V3_F Pin=Y2-1
Removed Pin From Net: NetName=GND_2 Pin=Y2-2
Removed Pin From Net: NetName=HSE Pin=Y2-3
Removed Pin From Net: NetName=3V3_F Pin=Y2-4
Removed Member From Class: ClassName=PowerModule Member=Y2
Change Component Comment : Designator=C11 Old Comment=GRM21BR61H475ME51L New Comment=4.7uF, 50V, X5R, 0805
Change Component Designator: OldDesignator=C4 NewDesignator=C6
Change Component Designator: OldDesignator=C5 NewDesignator=C7
Change Component Designator: OldDesignator=C6 NewDesignator=C8
Change Component Designator: OldDesignator=C7 NewDesignator=C9
Change Component Designator: OldDesignator=C8 NewDesignator=C10
Change Component Designator: OldDesignator=C9 NewDesignator=C11
Change Component Designator: OldDesignator=C10 NewDesignator=C12
Change Component Designator: OldDesignator=C11 NewDesignator=C13
Change Component Designator: OldDesignator=C12 NewDesignator=C14
Change Component Designator: OldDesignator=C13 NewDesignator=C15
Change Component Designator: OldDesignator=C14_PowerModuleCell_M1 NewDesignator=C17_PowerModuleCell_M1
Change Component Designator: OldDesignator=C14_PowerModuleCell_M2 NewDesignator=C17_PowerModuleCell_M2
Change Component Designator: OldDesignator=C14_PowerModuleCell_M3 NewDesignator=C17_PowerModuleCell_M3
Change Component Designator: OldDesignator=C14_PowerModuleCell_M4 NewDesignator=C17_PowerModuleCell_M4
Change Component Designator: OldDesignator=C15_PowerModuleCell_M1 NewDesignator=C18_PowerModuleCell_M1
Change Component Designator: OldDesignator=C15_PowerModuleCell_M2 NewDesignator=C18_PowerModuleCell_M2
Change Component Designator: OldDesignator=C15_PowerModuleCell_M3 NewDesignator=C18_PowerModuleCell_M3
Change Component Designator: OldDesignator=C15_PowerModuleCell_M4 NewDesignator=C18_PowerModuleCell_M4
Change Component Designator: OldDesignator=C16 NewDesignator=C19
Change Component Designator: OldDesignator=C17 NewDesignator=C20
Change Component Designator: OldDesignator=C18 NewDesignator=C21
Change Component Designator: OldDesignator=C19 NewDesignator=C22
Change Component Designator: OldDesignator=C20 NewDesignator=C23
Change Component Designator: OldDesignator=C21 NewDesignator=C24
Change Component Designator: OldDesignator=C22 NewDesignator=C25
Change Component Designator: OldDesignator=C23 NewDesignator=C26
Change Component Designator: OldDesignator=C24 NewDesignator=C27
Change Component Designator: OldDesignator=C25 NewDesignator=C28
Change Component Designator: OldDesignator=C26 NewDesignator=C29
Change Component Designator: OldDesignator=C27_Amplifier_K-51 NewDesignator=C30_Amplifier_K-51
Change Component Designator: OldDesignator=C27_Amplifier_K-52 NewDesignator=C30_Amplifier_K-52
Change Component Designator: OldDesignator=C28_Amplifier_K-51 NewDesignator=C31_Amplifier_K-51
Change Component Designator: OldDesignator=C28_Amplifier_K-52 NewDesignator=C31_Amplifier_K-52
Change Component Designator: OldDesignator=C29_Amplifier_K-51 NewDesignator=C32_Amplifier_K-51
Change Component Designator: OldDesignator=C29_Amplifier_K-52 NewDesignator=C32_Amplifier_K-52
Change Component Designator: OldDesignator=C30_Amplifier_K-51 NewDesignator=C33_Amplifier_K-51
Change Component Designator: OldDesignator=C30_Amplifier_K-52 NewDesignator=C33_Amplifier_K-52
Change Component Designator: OldDesignator=C31_Amplifier_K-51 NewDesignator=C34_Amplifier_K-51
Change Component Designator: OldDesignator=C31_Amplifier_K-52 NewDesignator=C34_Amplifier_K-52
Change Component Designator: OldDesignator=C32_Amplifier_K-51 NewDesignator=C35_Amplifier_K-51
Change Component Designator: OldDesignator=C32_Amplifier_K-52 NewDesignator=C35_Amplifier_K-52
Change Component Designator: OldDesignator=C33_Amplifier_K-51 NewDesignator=C36_Amplifier_K-51
Change Component Designator: OldDesignator=C33_Amplifier_K-52 NewDesignator=C36_Amplifier_K-52
Change Component Designator: OldDesignator=C34_Amplifier_K-51 NewDesignator=C37_Amplifier_K-51
Change Component Designator: OldDesignator=C34_Amplifier_K-52 NewDesignator=C37_Amplifier_K-52
Change Component Designator: OldDesignator=C35_Amplifier_K-51 NewDesignator=C38_Amplifier_K-51
Change Component Designator: OldDesignator=C35_Amplifier_K-52 NewDesignator=C38_Amplifier_K-52
Added Component: Designator=C4(FP-CL32-IPC_B)
Add component (AddParameter): Name = "Capacitance"; Value = "10uF"; VariantName = "[No Variations]"
Add component (AddParameter): Name = "Case Code (Imperial)"; Value = "1210"; VariantName = "[No Variations]"
Add component (AddParameter): Name = "Case Code (Metric)"; Value = "3225"; VariantName = "[No Variations]"
Add component (AddParameter): Name = "Case/Package"; Value = "1210"; VariantName = "[No Variations]"
Add component (AddParameter): Name = "Features"; Value = "Soft Termination"; VariantName = "[No Variations]"
Add component (AddParameter): Name = "Max Operating Temperature"; Value = "125°C"; VariantName = "[No Variations]"
Add component (AddParameter): Name = "Min Operating Temperature"; Value = "-55°C"; VariantName = "[No Variations]"
Add component (AddParameter): Name = "Mount"; Value = "Surface Mount"; VariantName = "[No Variations]"
Add component (AddParameter): Name = "Packaging"; Value = "Cut Tape"; VariantName = "[No Variations]"
Add component (AddParameter): Name = "Tolerance"; Value = "10%"; VariantName = "[No Variations]"
Add component (AddParameter): Name = "Voltage Rating"; Value = "50V"; VariantName = "[No Variations]"
Added Component: Designator=C5(CAPC2012X145N)
Add component (AddParameter): Name = "Arrow Part Number"; Value = "GRM21BR61H475ME51L"; VariantName = "[No Variations]"
Add component (AddParameter): Name = "Arrow Price/Stock"; Value = "https://www.arrow.com/en/products/grm21br61h475me51l/murata-manufacturing?region=nac"; VariantName = "[No Variations]"
Add component (AddParameter): Name = "Datasheet Link"; Value = "https://search.murata.co.jp/Ceramy/image/img/A01X/G101/ENG/GRM21BR61H475ME51-01A.pdf"; VariantName = "[No Variations]"
Add component (AddParameter): Name = "Height"; Value = "1.45mm"; VariantName = "[No Variations]"
Add component (AddParameter): Name = "Manufacturer_Name"; Value = "Murata Electronics"; VariantName = "[No Variations]"
Add component (AddParameter): Name = "Manufacturer_Part_Number"; Value = "GRM21BR61H475ME51L"; VariantName = "[No Variations]"
Add component (AddParameter): Name = "Mouser Part Number"; Value = "81-GRM21BR61H475M51L"; VariantName = "[No Variations]"
Add component (AddParameter): Name = "Mouser Price/Stock"; Value = "https://www.mouser.co.uk/ProductDetail/Murata-Electronics/GRM21BR61H475ME51L?qs=eeBpzGFlv%252B%2Fg0wAeHy0eJw%3D%3D"; VariantName = "[No Variations]"
Added Component: Designator=C16_PowerModuleCell_M1(FP-GRM155-0_05-IPC_C)
Add component (AddParameter): Name = "Capacitance"; Value = "100nF"; VariantName = "[No Variations]"
Add component (AddParameter): Name = "Case Code (Imperial)"; Value = "0402"; VariantName = "[No Variations]"
Add component (AddParameter): Name = "Case Code (Metric)"; Value = "1005"; VariantName = "[No Variations]"
Add component (AddParameter): Name = "Case/Package"; Value = "0402"; VariantName = "[No Variations]"
Add component (AddParameter): Name = "Depth"; Value = "0.5mm"; VariantName = "[No Variations]"
Add component (AddParameter): Name = "Dielectric"; Value = "X7R"; VariantName = "[No Variations]"
Add component (AddParameter): Name = "Dielectric Material"; Value = "Ceramic"; VariantName = "[No Variations]"
Add component (AddParameter): Name = "Height"; Value = "0.5mm"; VariantName = "[No Variations]"
Add component (AddParameter): Name = "Lead Free"; Value = "Lead Free"; VariantName = "[No Variations]"
Add component (AddParameter): Name = "Length"; Value = "1mm"; VariantName = "[No Variations]"
Add component (AddParameter): Name = "Max Operating Temperature"; Value = "125°C"; VariantName = "[No Variations]"
Add component (AddParameter): Name = "Min Operating Temperature"; Value = "-55°C"; VariantName = "[No Variations]"
Add component (AddParameter): Name = "Mount"; Value = "Surface Mount"; VariantName = "[No Variations]"
Add component (AddParameter): Name = "Package Quantity"; Value = "10000"; VariantName = "[No Variations]"
Add component (AddParameter): Name = "Packaging"; Value = "Tape and Reel"; VariantName = "[No Variations]"
Add component (AddParameter): Name = "Resistor Type"; Value = "Ceramic"; VariantName = "[No Variations]"
Add component (AddParameter): Name = "Termination"; Value = "SMD/SMT"; VariantName = "[No Variations]"
Add component (AddParameter): Name = "Thickness"; Value = "0.022inch"; VariantName = "[No Variations]"
Add component (AddParameter): Name = "Tolerance"; Value = "10%"; VariantName = "[No Variations]"
Add component (AddParameter): Name = "Voltage"; Value = "25V"; VariantName = "[No Variations]"
Add component (AddParameter): Name = "Voltage Rating"; Value = "25V"; VariantName = "[No Variations]"
Add component (AddParameter): Name = "Voltage Rating (DC)"; Value = "25V"; VariantName = "[No Variations]"
Add component (AddParameter): Name = "Weight"; Value = "0.000212oz"; VariantName = "[No Variations]"
Add component (AddParameter): Name = "Width"; Value = "0.02inch"; VariantName = "[No Variations]"
Added Component: Designator=C16_PowerModuleCell_M2(FP-GRM155-0_05-IPC_C)
Add component (AddParameter): Name = "Capacitance"; Value = "100nF"; VariantName = "[No Variations]"
Add component (AddParameter): Name = "Case Code (Imperial)"; Value = "0402"; VariantName = "[No Variations]"
Add component (AddParameter): Name = "Case Code (Metric)"; Value = "1005"; VariantName = "[No Variations]"
Add component (AddParameter): Name = "Case/Package"; Value = "0402"; VariantName = "[No Variations]"
Add component (AddParameter): Name = "Depth"; Value = "0.5mm"; VariantName = "[No Variations]"
Add component (AddParameter): Name = "Dielectric"; Value = "X7R"; VariantName = "[No Variations]"
Add component (AddParameter): Name = "Dielectric Material"; Value = "Ceramic"; VariantName = "[No Variations]"
Add component (AddParameter): Name = "Height"; Value = "0.5mm"; VariantName = "[No Variations]"
Add component (AddParameter): Name = "Lead Free"; Value = "Lead Free"; VariantName = "[No Variations]"
Add component (AddParameter): Name = "Length"; Value = "1mm"; VariantName = "[No Variations]"
Add component (AddParameter): Name = "Max Operating Temperature"; Value = "125°C"; VariantName = "[No Variations]"
Add component (AddParameter): Name = "Min Operating Temperature"; Value = "-55°C"; VariantName = "[No Variations]"
Add component (AddParameter): Name = "Mount"; Value = "Surface Mount"; VariantName = "[No Variations]"
Add component (AddParameter): Name = "Package Quantity"; Value = "10000"; VariantName = "[No Variations]"
Add component (AddParameter): Name = "Packaging"; Value = "Tape and Reel"; VariantName = "[No Variations]"
Add component (AddParameter): Name = "Resistor Type"; Value = "Ceramic"; VariantName = "[No Variations]"
Add component (AddParameter): Name = "Termination"; Value = "SMD/SMT"; VariantName = "[No Variations]"
Add component (AddParameter): Name = "Thickness"; Value = "0.022inch"; VariantName = "[No Variations]"
Add component (AddParameter): Name = "Tolerance"; Value = "10%"; VariantName = "[No Variations]"
Add component (AddParameter): Name = "Voltage"; Value = "25V"; VariantName = "[No Variations]"
Add component (AddParameter): Name = "Voltage Rating"; Value = "25V"; VariantName = "[No Variations]"
Add component (AddParameter): Name = "Voltage Rating (DC)"; Value = "25V"; VariantName = "[No Variations]"
Add component (AddParameter): Name = "Weight"; Value = "0.000212oz"; VariantName = "[No Variations]"
Add component (AddParameter): Name = "Width"; Value = "0.02inch"; VariantName = "[No Variations]"
Added Component: Designator=C16_PowerModuleCell_M3(FP-GRM155-0_05-IPC_C)
Add component (AddParameter): Name = "Capacitance"; Value = "100nF"; VariantName = "[No Variations]"
Add component (AddParameter): Name = "Case Code (Imperial)"; Value = "0402"; VariantName = "[No Variations]"
Add component (AddParameter): Name = "Case Code (Metric)"; Value = "1005"; VariantName = "[No Variations]"
Add component (AddParameter): Name = "Case/Package"; Value = "0402"; VariantName = "[No Variations]"
Add component (AddParameter): Name = "Depth"; Value = "0.5mm"; VariantName = "[No Variations]"
Add component (AddParameter): Name = "Dielectric"; Value = "X7R"; VariantName = "[No Variations]"
Add component (AddParameter): Name = "Dielectric Material"; Value = "Ceramic"; VariantName = "[No Variations]"
Add component (AddParameter): Name = "Height"; Value = "0.5mm"; VariantName = "[No Variations]"
Add component (AddParameter): Name = "Lead Free"; Value = "Lead Free"; VariantName = "[No Variations]"
Add component (AddParameter): Name = "Length"; Value = "1mm"; VariantName = "[No Variations]"
Add component (AddParameter): Name = "Max Operating Temperature"; Value = "125°C"; VariantName = "[No Variations]"
Add component (AddParameter): Name = "Min Operating Temperature"; Value = "-55°C"; VariantName = "[No Variations]"
Add component (AddParameter): Name = "Mount"; Value = "Surface Mount"; VariantName = "[No Variations]"
Add component (AddParameter): Name = "Package Quantity"; Value = "10000"; VariantName = "[No Variations]"
Add component (AddParameter): Name = "Packaging"; Value = "Tape and Reel"; VariantName = "[No Variations]"
Add component (AddParameter): Name = "Resistor Type"; Value = "Ceramic"; VariantName = "[No Variations]"
Add component (AddParameter): Name = "Termination"; Value = "SMD/SMT"; VariantName = "[No Variations]"
Add component (AddParameter): Name = "Thickness"; Value = "0.022inch"; VariantName = "[No Variations]"
Add component (AddParameter): Name = "Tolerance"; Value = "10%"; VariantName = "[No Variations]"
Add component (AddParameter): Name = "Voltage"; Value = "25V"; VariantName = "[No Variations]"
Add component (AddParameter): Name = "Voltage Rating"; Value = "25V"; VariantName = "[No Variations]"
Add component (AddParameter): Name = "Voltage Rating (DC)"; Value = "25V"; VariantName = "[No Variations]"
Add component (AddParameter): Name = "Weight"; Value = "0.000212oz"; VariantName = "[No Variations]"
Add component (AddParameter): Name = "Width"; Value = "0.02inch"; VariantName = "[No Variations]"
Added Component: Designator=C16_PowerModuleCell_M4(FP-GRM155-0_05-IPC_C)
Add component (AddParameter): Name = "Capacitance"; Value = "100nF"; VariantName = "[No Variations]"
Add component (AddParameter): Name = "Case Code (Imperial)"; Value = "0402"; VariantName = "[No Variations]"
Add component (AddParameter): Name = "Case Code (Metric)"; Value = "1005"; VariantName = "[No Variations]"
Add component (AddParameter): Name = "Case/Package"; Value = "0402"; VariantName = "[No Variations]"
Add component (AddParameter): Name = "Depth"; Value = "0.5mm"; VariantName = "[No Variations]"
Add component (AddParameter): Name = "Dielectric"; Value = "X7R"; VariantName = "[No Variations]"
Add component (AddParameter): Name = "Dielectric Material"; Value = "Ceramic"; VariantName = "[No Variations]"
Add component (AddParameter): Name = "Height"; Value = "0.5mm"; VariantName = "[No Variations]"
Add component (AddParameter): Name = "Lead Free"; Value = "Lead Free"; VariantName = "[No Variations]"
Add component (AddParameter): Name = "Length"; Value = "1mm"; VariantName = "[No Variations]"
Add component (AddParameter): Name = "Max Operating Temperature"; Value = "125°C"; VariantName = "[No Variations]"
Add component (AddParameter): Name = "Min Operating Temperature"; Value = "-55°C"; VariantName = "[No Variations]"
Add component (AddParameter): Name = "Mount"; Value = "Surface Mount"; VariantName = "[No Variations]"
Add component (AddParameter): Name = "Package Quantity"; Value = "10000"; VariantName = "[No Variations]"
Add component (AddParameter): Name = "Packaging"; Value = "Tape and Reel"; VariantName = "[No Variations]"
Add component (AddParameter): Name = "Resistor Type"; Value = "Ceramic"; VariantName = "[No Variations]"
Add component (AddParameter): Name = "Termination"; Value = "SMD/SMT"; VariantName = "[No Variations]"
Add component (AddParameter): Name = "Thickness"; Value = "0.022inch"; VariantName = "[No Variations]"
Add component (AddParameter): Name = "Tolerance"; Value = "10%"; VariantName = "[No Variations]"
Add component (AddParameter): Name = "Voltage"; Value = "25V"; VariantName = "[No Variations]"
Add component (AddParameter): Name = "Voltage Rating"; Value = "25V"; VariantName = "[No Variations]"
Add component (AddParameter): Name = "Voltage Rating (DC)"; Value = "25V"; VariantName = "[No Variations]"
Add component (AddParameter): Name = "Weight"; Value = "0.000212oz"; VariantName = "[No Variations]"
Add component (AddParameter): Name = "Width"; Value = "0.02inch"; VariantName = "[No Variations]"
Added Pin To Net: NetName=3V3_F Pin=C4-1
Added Pin To Net: NetName=GND_2 Pin=C4-2
Added Pin To Net: NetName=GND_2 Pin=C5-1
Added Pin To Net: NetName=2V048 Pin=C5-2
Added Pin To Net: NetName=NetR17_PowerModuleCell_M1_1 Pin=C16_PowerModuleCell_M1-1
Added Pin To Net: NetName=NetR17_PowerModuleCell_M1_2 Pin=C16_PowerModuleCell_M1-2
Added Pin To Net: NetName=NetR17_PowerModuleCell_M2_1 Pin=C16_PowerModuleCell_M2-1
Added Pin To Net: NetName=NetR17_PowerModuleCell_M2_2 Pin=C16_PowerModuleCell_M2-2
Added Pin To Net: NetName=NetR17_PowerModuleCell_M3_1 Pin=C16_PowerModuleCell_M3-1
Added Pin To Net: NetName=NetR17_PowerModuleCell_M3_2 Pin=C16_PowerModuleCell_M3-2
Added Pin To Net: NetName=NetR17_PowerModuleCell_M4_1 Pin=C16_PowerModuleCell_M4-1
Added Pin To Net: NetName=NetR17_PowerModuleCell_M4_2 Pin=C16_PowerModuleCell_M4-2
Change Net Name : Old Net Name=NetC29_Amplifier_K-51_2 New Net Name=NetC32_Amplifier_K-51_2
Change Net Name : Old Net Name=NetC29_Amplifier_K-52_2 New Net Name=NetC32_Amplifier_K-52_2
Change Net Name : Old Net Name=NetC31_Amplifier_K-51_2 New Net Name=NetC34_Amplifier_K-51_2
Change Net Name : Old Net Name=NetC31_Amplifier_K-52_2 New Net Name=NetC34_Amplifier_K-52_2
Change Net Name : Old Net Name=NetC33_Amplifier_K-51_2 New Net Name=NetC36_Amplifier_K-51_2
Change Net Name : Old Net Name=NetC33_Amplifier_K-52_2 New Net Name=NetC36_Amplifier_K-52_2
Change Net Name : Old Net Name=NetC35_Amplifier_K-51_2 New Net Name=NetC38_Amplifier_K-51_2
Change Net Name : Old Net Name=NetC35_Amplifier_K-52_2 New Net Name=NetC38_Amplifier_K-52_2
Change Net Name : Old Net Name=NetR17_PowerModuleCell_M1_1 New Net Name=NetC16_PowerModuleCell_M1_1
Change Net Name : Old Net Name=NetR17_PowerModuleCell_M1_2 New Net Name=NetC16_PowerModuleCell_M1_2
Change Net Name : Old Net Name=NetR17_PowerModuleCell_M2_1 New Net Name=NetC16_PowerModuleCell_M2_1
Change Net Name : Old Net Name=NetR17_PowerModuleCell_M2_2 New Net Name=NetC16_PowerModuleCell_M2_2
Change Net Name : Old Net Name=NetR17_PowerModuleCell_M3_1 New Net Name=NetC16_PowerModuleCell_M3_1
Change Net Name : Old Net Name=NetR17_PowerModuleCell_M3_2 New Net Name=NetC16_PowerModuleCell_M3_2
Change Net Name : Old Net Name=NetR17_PowerModuleCell_M4_1 New Net Name=NetC16_PowerModuleCell_M4_1
Change Net Name : Old Net Name=NetR17_PowerModuleCell_M4_2 New Net Name=NetC16_PowerModuleCell_M4_2
Added Member To Class: ClassName=PowerModule Member=Component C14 100nF, 50v, X7R, 0402
Added Member To Class: ClassName=PowerModule Member=Component C15 1uF, 50V, X5R, 0402
Added Member To Class: ClassName=PowerModuleCell_M1 Member=Component C16_PowerModuleCell_M1 (C16) 100nF, 25v, X5R, 0402
Added Member To Class: ClassName=PowerModuleCell_M2 Member=Component C16_PowerModuleCell_M2 (C16) 100nF, 25v, X5R, 0402
Added Member To Class: ClassName=PowerModuleCell_M3 Member=Component C16_PowerModuleCell_M3 (C16) 100nF, 25v, X5R, 0402
Added Member To Class: ClassName=PowerModuleCell_M4 Member=Component C16_PowerModuleCell_M4 (C16) 100nF, 25v, X5R, 0402
