Change Component Footprint: Designator=L2 Old Footprint=WE-PD_7345 New Footprint=WE-PD_7345
Change Component Designator: OldDesignator=C1_PowerModuleCell_M1 NewDesignator=C8_PowerModuleCell_M1
Change Component Designator: OldDesignator=C1_PowerModuleCell_M2 NewDesignator=C8_PowerModuleCell_M2
Change Component Designator: OldDesignator=C1_PowerModuleCell_M3 NewDesignator=C8_PowerModuleCell_M3
Change Component Designator: OldDesignator=C1_PowerModuleCell_M4 NewDesignator=C8_PowerModuleCell_M4
Change Component Designator: OldDesignator=C2_PowerModuleCell_M1 NewDesignator=C9_PowerModuleCell_M1
Change Component Designator: OldDesignator=C2_PowerModuleCell_M2 NewDesignator=C9_PowerModuleCell_M2
Change Component Designator: OldDesignator=C2_PowerModuleCell_M3 NewDesignator=C9_PowerModuleCell_M3
Change Component Designator: OldDesignator=C2_PowerModuleCell_M4 NewDesignator=C9_PowerModuleCell_M4
Change Component Designator: OldDesignator=C3 NewDesignator=C1
Change Component Designator: OldDesignator=C4 NewDesignator=C2
Change Component Designator: OldDesignator=C5 NewDesignator=C3
Change Component Designator: OldDesignator=C6 NewDesignator=C4
Change Component Designator: OldDesignator=C7 NewDesignator=C5
Change Component Designator: OldDesignator=C8 NewDesignator=C6
Change Component Designator: OldDesignator=C9 NewDesignator=C7
Change Component Designator: OldDesignator=L1_PowerModuleCell_M1 NewDesignator=L2_PowerModuleCell_M1
Change Component Designator: OldDesignator=L1_PowerModuleCell_M2 NewDesignator=L2_PowerModuleCell_M2
Change Component Designator: OldDesignator=L1_PowerModuleCell_M3 NewDesignator=L2_PowerModuleCell_M3
Change Component Designator: OldDesignator=L1_PowerModuleCell_M4 NewDesignator=L2_PowerModuleCell_M4
Change Component Designator: OldDesignator=L2 NewDesignator=L1
Change Component Designator: OldDesignator=Load+_PowerModuleCell_M1 NewDesignator=Load+1_PowerModuleCell_M1
Change Component Designator: OldDesignator=Load+_PowerModuleCell_M2 NewDesignator=Load+1_PowerModuleCell_M2
Change Component Designator: OldDesignator=Load+_PowerModuleCell_M3 NewDesignator=Load+1_PowerModuleCell_M3
Change Component Designator: OldDesignator=Load+_PowerModuleCell_M4 NewDesignator=Load+1_PowerModuleCell_M4
Change Component Designator: OldDesignator=Load-_PowerModuleCell_M1 NewDesignator=Load-1_PowerModuleCell_M1
Change Component Designator: OldDesignator=Load-_PowerModuleCell_M2 NewDesignator=Load-1_PowerModuleCell_M2
Change Component Designator: OldDesignator=Load-_PowerModuleCell_M3 NewDesignator=Load-1_PowerModuleCell_M3
Change Component Designator: OldDesignator=Load-_PowerModuleCell_M4 NewDesignator=Load-1_PowerModuleCell_M4
Change Component Designator: OldDesignator=R1_PowerModuleCell_M1 NewDesignator=R10_PowerModuleCell_M1
Change Component Designator: OldDesignator=R1_PowerModuleCell_M2 NewDesignator=R10_PowerModuleCell_M2
Change Component Designator: OldDesignator=R1_PowerModuleCell_M3 NewDesignator=R10_PowerModuleCell_M3
Change Component Designator: OldDesignator=R1_PowerModuleCell_M4 NewDesignator=R10_PowerModuleCell_M4
Change Component Designator: OldDesignator=R2_PowerModuleCell_M1 NewDesignator=R11_PowerModuleCell_M1
Change Component Designator: OldDesignator=R2_PowerModuleCell_M2 NewDesignator=R11_PowerModuleCell_M2
Change Component Designator: OldDesignator=R2_PowerModuleCell_M3 NewDesignator=R11_PowerModuleCell_M3
Change Component Designator: OldDesignator=R2_PowerModuleCell_M4 NewDesignator=R11_PowerModuleCell_M4
Change Component Designator: OldDesignator=R3_PowerModuleCell_M1 NewDesignator=R12_PowerModuleCell_M1
Change Component Designator: OldDesignator=R3_PowerModuleCell_M2 NewDesignator=R12_PowerModuleCell_M2
Change Component Designator: OldDesignator=R3_PowerModuleCell_M3 NewDesignator=R12_PowerModuleCell_M3
Change Component Designator: OldDesignator=R3_PowerModuleCell_M4 NewDesignator=R12_PowerModuleCell_M4
Change Component Designator: OldDesignator=R4_PowerModuleCell_M1 NewDesignator=R13_PowerModuleCell_M1
Change Component Designator: OldDesignator=R4_PowerModuleCell_M2 NewDesignator=R13_PowerModuleCell_M2
Change Component Designator: OldDesignator=R4_PowerModuleCell_M3 NewDesignator=R13_PowerModuleCell_M3
Change Component Designator: OldDesignator=R4_PowerModuleCell_M4 NewDesignator=R13_PowerModuleCell_M4
Change Component Designator: OldDesignator=R5_PowerModuleCell_M1 NewDesignator=R14_PowerModuleCell_M1
Change Component Designator: OldDesignator=R5_PowerModuleCell_M2 NewDesignator=R14_PowerModuleCell_M2
Change Component Designator: OldDesignator=R5_PowerModuleCell_M3 NewDesignator=R14_PowerModuleCell_M3
Change Component Designator: OldDesignator=R5_PowerModuleCell_M4 NewDesignator=R14_PowerModuleCell_M4
Change Component Designator: OldDesignator=R6_PowerModuleCell_M1 NewDesignator=R15_PowerModuleCell_M1
Change Component Designator: OldDesignator=R6_PowerModuleCell_M2 NewDesignator=R15_PowerModuleCell_M2
Change Component Designator: OldDesignator=R6_PowerModuleCell_M3 NewDesignator=R15_PowerModuleCell_M3
Change Component Designator: OldDesignator=R6_PowerModuleCell_M4 NewDesignator=R15_PowerModuleCell_M4
Change Component Designator: OldDesignator=R7_PowerModuleCell_M1 NewDesignator=R16_PowerModuleCell_M1
Change Component Designator: OldDesignator=R7_PowerModuleCell_M2 NewDesignator=R16_PowerModuleCell_M2
Change Component Designator: OldDesignator=R7_PowerModuleCell_M3 NewDesignator=R16_PowerModuleCell_M3
Change Component Designator: OldDesignator=R7_PowerModuleCell_M4 NewDesignator=R16_PowerModuleCell_M4
Change Component Designator: OldDesignator=R8_PowerModuleCell_M1 NewDesignator=R17_PowerModuleCell_M1
Change Component Designator: OldDesignator=R8_PowerModuleCell_M2 NewDesignator=R17_PowerModuleCell_M2
Change Component Designator: OldDesignator=R8_PowerModuleCell_M3 NewDesignator=R17_PowerModuleCell_M3
Change Component Designator: OldDesignator=R8_PowerModuleCell_M4 NewDesignator=R17_PowerModuleCell_M4
Change Component Designator: OldDesignator=R9_PowerModuleCell_M1 NewDesignator=R18_PowerModuleCell_M1
Change Component Designator: OldDesignator=R9_PowerModuleCell_M2 NewDesignator=R18_PowerModuleCell_M2
Change Component Designator: OldDesignator=R9_PowerModuleCell_M3 NewDesignator=R18_PowerModuleCell_M3
Change Component Designator: OldDesignator=R9_PowerModuleCell_M4 NewDesignator=R18_PowerModuleCell_M4
Change Component Designator: OldDesignator=R10_PowerModuleCell_M1 NewDesignator=R19_PowerModuleCell_M1
Change Component Designator: OldDesignator=R10_PowerModuleCell_M2 NewDesignator=R19_PowerModuleCell_M2
Change Component Designator: OldDesignator=R10_PowerModuleCell_M3 NewDesignator=R19_PowerModuleCell_M3
Change Component Designator: OldDesignator=R10_PowerModuleCell_M4 NewDesignator=R19_PowerModuleCell_M4
Change Component Designator: OldDesignator=R11_PowerModuleCell_M1 NewDesignator=R20_PowerModuleCell_M1
Change Component Designator: OldDesignator=R11_PowerModuleCell_M2 NewDesignator=R20_PowerModuleCell_M2
Change Component Designator: OldDesignator=R11_PowerModuleCell_M3 NewDesignator=R20_PowerModuleCell_M3
Change Component Designator: OldDesignator=R11_PowerModuleCell_M4 NewDesignator=R20_PowerModuleCell_M4
Change Component Designator: OldDesignator=R12_PowerModuleCell_M1 NewDesignator=R21_PowerModuleCell_M1
Change Component Designator: OldDesignator=R12_PowerModuleCell_M2 NewDesignator=R21_PowerModuleCell_M2
Change Component Designator: OldDesignator=R12_PowerModuleCell_M3 NewDesignator=R21_PowerModuleCell_M3
Change Component Designator: OldDesignator=R12_PowerModuleCell_M4 NewDesignator=R21_PowerModuleCell_M4
Change Component Designator: OldDesignator=R21_Temp1 NewDesignator=R22_Temp1
Change Component Designator: OldDesignator=R21_Temp2 NewDesignator=R22_Temp2
Change Component Designator: OldDesignator=R21_Temp3 NewDesignator=R22_Temp3
Change Component Designator: OldDesignator=R21_Temp4 NewDesignator=R22_Temp4
Change Component Designator: OldDesignator=R22_Temp1 NewDesignator=R23_Temp1
Change Component Designator: OldDesignator=R22_Temp2 NewDesignator=R23_Temp2
Change Component Designator: OldDesignator=R22_Temp3 NewDesignator=R23_Temp3
Change Component Designator: OldDesignator=R22_Temp4 NewDesignator=R23_Temp4
Change Component Designator: OldDesignator=R23_Temp1 NewDesignator=R24_Temp1
Change Component Designator: OldDesignator=R23_Temp2 NewDesignator=R24_Temp2
Change Component Designator: OldDesignator=R23_Temp3 NewDesignator=R24_Temp3
Change Component Designator: OldDesignator=R23_Temp4 NewDesignator=R24_Temp4
Change Component Designator: OldDesignator=R24 NewDesignator=R9
Change Component Designator: OldDesignator=U1_PowerModuleCell_M1 NewDesignator=U5_PowerModuleCell_M1
Change Component Designator: OldDesignator=U1_PowerModuleCell_M2 NewDesignator=U5_PowerModuleCell_M2
Change Component Designator: OldDesignator=U1_PowerModuleCell_M3 NewDesignator=U5_PowerModuleCell_M3
Change Component Designator: OldDesignator=U1_PowerModuleCell_M4 NewDesignator=U5_PowerModuleCell_M4
Change Component Designator: OldDesignator=U3_Temp1 NewDesignator=U6_Temp1
Change Component Designator: OldDesignator=U3_Temp2 NewDesignator=U6_Temp2
Change Component Designator: OldDesignator=U3_Temp3 NewDesignator=U6_Temp3
Change Component Designator: OldDesignator=U3_Temp4 NewDesignator=U6_Temp4
Change Component Designator: OldDesignator=U4 NewDesignator=U2
Change Component Designator: OldDesignator=U5 NewDesignator=U3
Change Component Designator: OldDesignator=U6 NewDesignator=U4
Added Component: Designator=J1(FP-87759-1050-MFG)
Add component (AddParameter): Name = "Automotive"; Value = "No"; VariantName = "[No Variations]"
Add component (AddParameter): Name = "Category"; Value = "Conn"; VariantName = "[No Variations]"
Add component (AddParameter): Name = "ComponentLink2Description"; Value = "Datasheet"; VariantName = "[No Variations]"
Add component (AddParameter): Name = "ComponentLink2URL"; Value = "https://www.molex.com/webdocs/datasheets/pdf/en-us/0877591050_PCB_HEADERS.pdf"; VariantName = "[No Variations]"
Add component (AddParameter): Name = "Conn Gender"; Value = "Male"; VariantName = "[No Variations]"
Add component (AddParameter): Name = "Conn Orientation"; Value = "Straight"; VariantName = "[No Variations]"
Add component (AddParameter): Name = "Contact Material"; Value = "Gold,Nickel"; VariantName = "[No Variations]"
Add component (AddParameter): Name = "Current Rating"; Value = "2A"; VariantName = "[No Variations]"
Add component (AddParameter): Name = "Device Class L1"; Value = "Connectors"; VariantName = "[No Variations]"
Add component (AddParameter): Name = "Device Class L2"; Value = "Headers and Wire Housings"; VariantName = "[No Variations]"
Add component (AddParameter): Name = "Device Class L3"; Value = "unset"; VariantName = "[No Variations]"
Add component (AddParameter): Name = "Digikey Description"; Value = "CONN HEADER SMD 10POS 2MM"; VariantName = "[No Variations]"
Add component (AddParameter): Name = "Footprint Url"; Value = "https://www.molex.com/pdm_docs/sd/877591050_sd.pdf"; VariantName = "[No Variations]"
Add component (AddParameter): Name = "Height"; Value = "7.1mm"; VariantName = "[No Variations]"
Add component (AddParameter): Name = "Lead Free"; Value = "Yes"; VariantName = "[No Variations]"
Add component (AddParameter): Name = "Manufacturer"; Value = "Molex"; VariantName = "[No Variations]"
Add component (AddParameter): Name = "Manufacturer Part Number"; Value = "87759-1050"; VariantName = "[No Variations]"
Add component (AddParameter): Name = "Mouser Description"; Value = "Headers & Wire Housings HDR SMT D/R W/PG 10P"; VariantName = "[No Variations]"
Add component (AddParameter): Name = "Number Of Contacts"; Value = "10"; VariantName = "[No Variations]"
Add component (AddParameter): Name = "Number Of Rows"; Value = "2"; VariantName = "[No Variations]"
Add component (AddParameter): Name = "Octopart"; Value = "https://octopart.com/87759-1050-molex-277131"; VariantName = "[No Variations]"
Add component (AddParameter): Name = "Package"; Value = "87759-1050"; VariantName = "[No Variations]"
Add component (AddParameter): Name = "Pitch"; Value = "2mm"; VariantName = "[No Variations]"
Add component (AddParameter): Name = "RoHS"; Value = "TRUE"; VariantName = "[No Variations]"
Add component (AddParameter): Name = "Standoff Height"; Value = "1mm"; VariantName = "[No Variations]"
Add component (AddParameter): Name = "Temperature"; Value = "-55°C to +125°C"; VariantName = "[No Variations]"
Add component (AddParameter): Name = "Temperature Range High"; Value = "+125°C"; VariantName = "[No Variations]"
Add component (AddParameter): Name = "Temperature Range Low"; Value = "-55°C"; VariantName = "[No Variations]"
Add component (AddParameter): Name = "Voltage Rating"; Value = "125V"; VariantName = "[No Variations]"
Added Component: Designator=J2(FP-87759-1050-MFG)
Add component (AddParameter): Name = "Automotive"; Value = "No"; VariantName = "[No Variations]"
Add component (AddParameter): Name = "Category"; Value = "Conn"; VariantName = "[No Variations]"
Add component (AddParameter): Name = "ComponentLink2Description"; Value = "Datasheet"; VariantName = "[No Variations]"
Add component (AddParameter): Name = "ComponentLink2URL"; Value = "https://www.molex.com/webdocs/datasheets/pdf/en-us/0877591050_PCB_HEADERS.pdf"; VariantName = "[No Variations]"
Add component (AddParameter): Name = "Conn Gender"; Value = "Male"; VariantName = "[No Variations]"
Add component (AddParameter): Name = "Conn Orientation"; Value = "Straight"; VariantName = "[No Variations]"
Add component (AddParameter): Name = "Contact Material"; Value = "Gold,Nickel"; VariantName = "[No Variations]"
Add component (AddParameter): Name = "Current Rating"; Value = "2A"; VariantName = "[No Variations]"
Add component (AddParameter): Name = "Device Class L1"; Value = "Connectors"; VariantName = "[No Variations]"
Add component (AddParameter): Name = "Device Class L2"; Value = "Headers and Wire Housings"; VariantName = "[No Variations]"
Add component (AddParameter): Name = "Device Class L3"; Value = "unset"; VariantName = "[No Variations]"
Add component (AddParameter): Name = "Digikey Description"; Value = "CONN HEADER SMD 10POS 2MM"; VariantName = "[No Variations]"
Add component (AddParameter): Name = "Footprint Url"; Value = "https://www.molex.com/pdm_docs/sd/877591050_sd.pdf"; VariantName = "[No Variations]"
Add component (AddParameter): Name = "Height"; Value = "7.1mm"; VariantName = "[No Variations]"
Add component (AddParameter): Name = "Lead Free"; Value = "Yes"; VariantName = "[No Variations]"
Add component (AddParameter): Name = "Manufacturer"; Value = "Molex"; VariantName = "[No Variations]"
Add component (AddParameter): Name = "Manufacturer Part Number"; Value = "87759-1050"; VariantName = "[No Variations]"
Add component (AddParameter): Name = "Mouser Description"; Value = "Headers & Wire Housings HDR SMT D/R W/PG 10P"; VariantName = "[No Variations]"
Add component (AddParameter): Name = "Number Of Contacts"; Value = "10"; VariantName = "[No Variations]"
Add component (AddParameter): Name = "Number Of Rows"; Value = "2"; VariantName = "[No Variations]"
Add component (AddParameter): Name = "Octopart"; Value = "https://octopart.com/87759-1050-molex-277131"; VariantName = "[No Variations]"
Add component (AddParameter): Name = "Package"; Value = "87759-1050"; VariantName = "[No Variations]"
Add component (AddParameter): Name = "Pitch"; Value = "2mm"; VariantName = "[No Variations]"
Add component (AddParameter): Name = "RoHS"; Value = "TRUE"; VariantName = "[No Variations]"
Add component (AddParameter): Name = "Standoff Height"; Value = "1mm"; VariantName = "[No Variations]"
Add component (AddParameter): Name = "Temperature"; Value = "-55°C to +125°C"; VariantName = "[No Variations]"
Add component (AddParameter): Name = "Temperature Range High"; Value = "+125°C"; VariantName = "[No Variations]"
Add component (AddParameter): Name = "Temperature Range Low"; Value = "-55°C"; VariantName = "[No Variations]"
Add component (AddParameter): Name = "Voltage Rating"; Value = "125V"; VariantName = "[No Variations]"
Added Component: Designator=U1_PowerModuleCell_M1(ONSC-SOIC-14-751A-03_V)
Add component (AddParameter): Name = "ComponentLink1Description"; Value = "Manufacturer URL"; VariantName = "[No Variations]"
Add component (AddParameter): Name = "ComponentLink1URL"; Value = "http://www.onsemi.com/"; VariantName = "[No Variations]"
Add component (AddParameter): Name = "ComponentLink2Description"; Value = "Datasheet"; VariantName = "[No Variations]"
Add component (AddParameter): Name = "ComponentLink2URL"; Value = "http://www.onsemi.cn/pub_link/Collateral/LM324-D.PDF"; VariantName = "[No Variations]"
Add component (AddParameter): Name = "ComponentLink3Description"; Value = "Package Specification"; VariantName = "[No Variations]"
Add component (AddParameter): Name = "ComponentLink3URL"; Value = "http://www.onsemi.com/pub_link/Collateral/751A-03.PDF"; VariantName = "[No Variations]"
Add component (AddParameter): Name = "DatasheetVersion"; Value = "Rev. 25"; VariantName = "[No Variations]"
Add component (AddParameter): Name = "Manufacturer"; Value = "On Semiconductor"; VariantName = "[No Variations]"
Add component (AddParameter): Name = "Mounting Technology"; Value = "Surface Mount"; VariantName = "[No Variations]"
Add component (AddParameter): Name = "PackageDescription"; Value = "14-Pin Small Outline Integrated Circuit, Body 8.65 x 3.9 mm, Pitch 1.27 mm"; VariantName = "[No Variations]"
Add component (AddParameter): Name = "PackageReference"; Value = "SOIC-14-751A-03"; VariantName = "[No Variations]"
Add component (AddParameter): Name = "PackageVersion"; Value = "Rev. K, 05/2011"; VariantName = "[No Variations]"
Add component (AddParameter): Name = "Packing"; Value = "Tape and Reel"; VariantName = "[No Variations]"
Add component (AddParameter): Name = "PartNumber"; Value = "LM324DR2G"; VariantName = "[No Variations]"
Add component (AddParameter): Name = "RoHS"; Value = "TRUE"; VariantName = "[No Variations]"
Add component (AddParameter): Name = "VCC Max (V)"; Value = "32"; VariantName = "[No Variations]"
Add component (AddParameter): Name = "VCC Min (V)"; Value = "3"; VariantName = "[No Variations]"
Added Component: Designator=U1_PowerModuleCell_M2(ONSC-SOIC-14-751A-03_V)
Add component (AddParameter): Name = "ComponentLink1Description"; Value = "Manufacturer URL"; VariantName = "[No Variations]"
Add component (AddParameter): Name = "ComponentLink1URL"; Value = "http://www.onsemi.com/"; VariantName = "[No Variations]"
Add component (AddParameter): Name = "ComponentLink2Description"; Value = "Datasheet"; VariantName = "[No Variations]"
Add component (AddParameter): Name = "ComponentLink2URL"; Value = "http://www.onsemi.cn/pub_link/Collateral/LM324-D.PDF"; VariantName = "[No Variations]"
Add component (AddParameter): Name = "ComponentLink3Description"; Value = "Package Specification"; VariantName = "[No Variations]"
Add component (AddParameter): Name = "ComponentLink3URL"; Value = "http://www.onsemi.com/pub_link/Collateral/751A-03.PDF"; VariantName = "[No Variations]"
Add component (AddParameter): Name = "DatasheetVersion"; Value = "Rev. 25"; VariantName = "[No Variations]"
Add component (AddParameter): Name = "Manufacturer"; Value = "On Semiconductor"; VariantName = "[No Variations]"
Add component (AddParameter): Name = "Mounting Technology"; Value = "Surface Mount"; VariantName = "[No Variations]"
Add component (AddParameter): Name = "PackageDescription"; Value = "14-Pin Small Outline Integrated Circuit, Body 8.65 x 3.9 mm, Pitch 1.27 mm"; VariantName = "[No Variations]"
Add component (AddParameter): Name = "PackageReference"; Value = "SOIC-14-751A-03"; VariantName = "[No Variations]"
Add component (AddParameter): Name = "PackageVersion"; Value = "Rev. K, 05/2011"; VariantName = "[No Variations]"
Add component (AddParameter): Name = "Packing"; Value = "Tape and Reel"; VariantName = "[No Variations]"
Add component (AddParameter): Name = "PartNumber"; Value = "LM324DR2G"; VariantName = "[No Variations]"
Add component (AddParameter): Name = "RoHS"; Value = "TRUE"; VariantName = "[No Variations]"
Add component (AddParameter): Name = "VCC Max (V)"; Value = "32"; VariantName = "[No Variations]"
Add component (AddParameter): Name = "VCC Min (V)"; Value = "3"; VariantName = "[No Variations]"
Added Component: Designator=U1_PowerModuleCell_M3(ONSC-SOIC-14-751A-03_V)
Add component (AddParameter): Name = "ComponentLink1Description"; Value = "Manufacturer URL"; VariantName = "[No Variations]"
Add component (AddParameter): Name = "ComponentLink1URL"; Value = "http://www.onsemi.com/"; VariantName = "[No Variations]"
Add component (AddParameter): Name = "ComponentLink2Description"; Value = "Datasheet"; VariantName = "[No Variations]"
Add component (AddParameter): Name = "ComponentLink2URL"; Value = "http://www.onsemi.cn/pub_link/Collateral/LM324-D.PDF"; VariantName = "[No Variations]"
Add component (AddParameter): Name = "ComponentLink3Description"; Value = "Package Specification"; VariantName = "[No Variations]"
Add component (AddParameter): Name = "ComponentLink3URL"; Value = "http://www.onsemi.com/pub_link/Collateral/751A-03.PDF"; VariantName = "[No Variations]"
Add component (AddParameter): Name = "DatasheetVersion"; Value = "Rev. 25"; VariantName = "[No Variations]"
Add component (AddParameter): Name = "Manufacturer"; Value = "On Semiconductor"; VariantName = "[No Variations]"
Add component (AddParameter): Name = "Mounting Technology"; Value = "Surface Mount"; VariantName = "[No Variations]"
Add component (AddParameter): Name = "PackageDescription"; Value = "14-Pin Small Outline Integrated Circuit, Body 8.65 x 3.9 mm, Pitch 1.27 mm"; VariantName = "[No Variations]"
Add component (AddParameter): Name = "PackageReference"; Value = "SOIC-14-751A-03"; VariantName = "[No Variations]"
Add component (AddParameter): Name = "PackageVersion"; Value = "Rev. K, 05/2011"; VariantName = "[No Variations]"
Add component (AddParameter): Name = "Packing"; Value = "Tape and Reel"; VariantName = "[No Variations]"
Add component (AddParameter): Name = "PartNumber"; Value = "LM324DR2G"; VariantName = "[No Variations]"
Add component (AddParameter): Name = "RoHS"; Value = "TRUE"; VariantName = "[No Variations]"
Add component (AddParameter): Name = "VCC Max (V)"; Value = "32"; VariantName = "[No Variations]"
Add component (AddParameter): Name = "VCC Min (V)"; Value = "3"; VariantName = "[No Variations]"
Added Component: Designator=U1_PowerModuleCell_M4(ONSC-SOIC-14-751A-03_V)
Add component (AddParameter): Name = "ComponentLink1Description"; Value = "Manufacturer URL"; VariantName = "[No Variations]"
Add component (AddParameter): Name = "ComponentLink1URL"; Value = "http://www.onsemi.com/"; VariantName = "[No Variations]"
Add component (AddParameter): Name = "ComponentLink2Description"; Value = "Datasheet"; VariantName = "[No Variations]"
Add component (AddParameter): Name = "ComponentLink2URL"; Value = "http://www.onsemi.cn/pub_link/Collateral/LM324-D.PDF"; VariantName = "[No Variations]"
Add component (AddParameter): Name = "ComponentLink3Description"; Value = "Package Specification"; VariantName = "[No Variations]"
Add component (AddParameter): Name = "ComponentLink3URL"; Value = "http://www.onsemi.com/pub_link/Collateral/751A-03.PDF"; VariantName = "[No Variations]"
Add component (AddParameter): Name = "DatasheetVersion"; Value = "Rev. 25"; VariantName = "[No Variations]"
Add component (AddParameter): Name = "Manufacturer"; Value = "On Semiconductor"; VariantName = "[No Variations]"
Add component (AddParameter): Name = "Mounting Technology"; Value = "Surface Mount"; VariantName = "[No Variations]"
Add component (AddParameter): Name = "PackageDescription"; Value = "14-Pin Small Outline Integrated Circuit, Body 8.65 x 3.9 mm, Pitch 1.27 mm"; VariantName = "[No Variations]"
Add component (AddParameter): Name = "PackageReference"; Value = "SOIC-14-751A-03"; VariantName = "[No Variations]"
Add component (AddParameter): Name = "PackageVersion"; Value = "Rev. K, 05/2011"; VariantName = "[No Variations]"
Add component (AddParameter): Name = "Packing"; Value = "Tape and Reel"; VariantName = "[No Variations]"
Add component (AddParameter): Name = "PartNumber"; Value = "LM324DR2G"; VariantName = "[No Variations]"
Add component (AddParameter): Name = "RoHS"; Value = "TRUE"; VariantName = "[No Variations]"
Add component (AddParameter): Name = "VCC Max (V)"; Value = "32"; VariantName = "[No Variations]"
Add component (AddParameter): Name = "VCC Min (V)"; Value = "3"; VariantName = "[No Variations]"
Added Pin To Net: NetName=Vcc_F Pin=U1_PowerModuleCell_M1-4
Added Pin To Net: NetName=Shunt_L_PowerModuleCell_M1 Pin=U1_PowerModuleCell_M1-11
Added Pin To Net: NetName=Vcc_F Pin=U1_PowerModuleCell_M2-4
Added Pin To Net: NetName=Shunt_L_PowerModuleCell_M1 Pin=U1_PowerModuleCell_M2-11
Added Pin To Net: NetName=Vcc_F Pin=U1_PowerModuleCell_M3-4
Added Pin To Net: NetName=Shunt_L_PowerModuleCell_M1 Pin=U1_PowerModuleCell_M3-11
Added Pin To Net: NetName=Vcc_F Pin=U1_PowerModuleCell_M4-4
Added Pin To Net: NetName=Shunt_L_PowerModuleCell_M1 Pin=U1_PowerModuleCell_M4-11
Change Net Name : Old Net Name=NetR5_PowerModuleCell_M1_1 New Net Name=NetR14_PowerModuleCell_M1_1
Change Net Name : Old Net Name=NetR5_PowerModuleCell_M1_2 New Net Name=NetR14_PowerModuleCell_M1_2
Change Net Name : Old Net Name=NetR5_PowerModuleCell_M2_1 New Net Name=NetR14_PowerModuleCell_M2_1
Change Net Name : Old Net Name=NetR5_PowerModuleCell_M2_2 New Net Name=NetR14_PowerModuleCell_M2_2
Change Net Name : Old Net Name=NetR5_PowerModuleCell_M3_1 New Net Name=NetR14_PowerModuleCell_M3_1
Change Net Name : Old Net Name=NetR5_PowerModuleCell_M3_2 New Net Name=NetR14_PowerModuleCell_M3_2
Change Net Name : Old Net Name=NetR5_PowerModuleCell_M4_1 New Net Name=NetR14_PowerModuleCell_M4_1
Change Net Name : Old Net Name=NetR5_PowerModuleCell_M4_2 New Net Name=NetR14_PowerModuleCell_M4_2
Change Net Name : Old Net Name=NetR6_PowerModuleCell_M1_2 New Net Name=NetR15_PowerModuleCell_M1_2
Change Net Name : Old Net Name=NetR6_PowerModuleCell_M2_2 New Net Name=NetR15_PowerModuleCell_M2_2
Change Net Name : Old Net Name=NetR6_PowerModuleCell_M3_2 New Net Name=NetR15_PowerModuleCell_M3_2
Change Net Name : Old Net Name=NetR6_PowerModuleCell_M4_2 New Net Name=NetR15_PowerModuleCell_M4_2
Change Net Name : Old Net Name=NetR7_PowerModuleCell_M1_1 New Net Name=NetR16_PowerModuleCell_M1_1
Change Net Name : Old Net Name=NetR7_PowerModuleCell_M2_1 New Net Name=NetR16_PowerModuleCell_M2_1
Change Net Name : Old Net Name=NetR7_PowerModuleCell_M3_1 New Net Name=NetR16_PowerModuleCell_M3_1
Change Net Name : Old Net Name=NetR7_PowerModuleCell_M4_1 New Net Name=NetR16_PowerModuleCell_M4_1
Change Net Name : Old Net Name=NetR8_PowerModuleCell_M1_1 New Net Name=NetR17_PowerModuleCell_M1_1
Change Net Name : Old Net Name=NetR8_PowerModuleCell_M2_1 New Net Name=NetR17_PowerModuleCell_M2_1
Change Net Name : Old Net Name=NetR8_PowerModuleCell_M3_1 New Net Name=NetR17_PowerModuleCell_M3_1
Change Net Name : Old Net Name=NetR8_PowerModuleCell_M4_1 New Net Name=NetR17_PowerModuleCell_M4_1
Change Net Name : Old Net Name=NetR10_PowerModuleCell_M1_1 New Net Name=NetR19_PowerModuleCell_M1_1
Change Net Name : Old Net Name=NetR10_PowerModuleCell_M2_1 New Net Name=NetR19_PowerModuleCell_M2_1
Change Net Name : Old Net Name=NetR10_PowerModuleCell_M3_1 New Net Name=NetR19_PowerModuleCell_M3_1
Change Net Name : Old Net Name=NetR10_PowerModuleCell_M4_1 New Net Name=NetR19_PowerModuleCell_M4_1
Change Net Name : Old Net Name=NetR11_PowerModuleCell_M1_1 New Net Name=NetR20_PowerModuleCell_M1_1
Change Net Name : Old Net Name=NetR11_PowerModuleCell_M2_1 New Net Name=NetR20_PowerModuleCell_M2_1
Change Net Name : Old Net Name=NetR11_PowerModuleCell_M3_1 New Net Name=NetR20_PowerModuleCell_M3_1
Change Net Name : Old Net Name=NetR11_PowerModuleCell_M4_1 New Net Name=NetR20_PowerModuleCell_M4_1
Change Net Name : Old Net Name=NetR24_2 New Net Name=NetR9_2
Added Pin To Net: NetName=NetR10_PowerModuleCell_M1_2 Pin=R10_PowerModuleCell_M1-2
Added Pin To Net: NetName=NetR10_PowerModuleCell_M1_2 Pin=U1_PowerModuleCell_M1-2
Added Net: Name=NetR10_PowerModuleCell_M1_2
Added Pin To Net: NetName=NetR10_PowerModuleCell_M2_2 Pin=R10_PowerModuleCell_M2-2
Added Pin To Net: NetName=NetR10_PowerModuleCell_M2_2 Pin=U1_PowerModuleCell_M2-2
Added Net: Name=NetR10_PowerModuleCell_M2_2
Added Pin To Net: NetName=NetR10_PowerModuleCell_M3_2 Pin=R10_PowerModuleCell_M3-2
Added Pin To Net: NetName=NetR10_PowerModuleCell_M3_2 Pin=U1_PowerModuleCell_M3-2
Added Net: Name=NetR10_PowerModuleCell_M3_2
Added Pin To Net: NetName=NetR10_PowerModuleCell_M4_2 Pin=R10_PowerModuleCell_M4-2
Added Pin To Net: NetName=NetR10_PowerModuleCell_M4_2 Pin=U1_PowerModuleCell_M4-2
Added Net: Name=NetR10_PowerModuleCell_M4_2
Added Pin To Net: NetName=NetR11_PowerModuleCell_M1_1 Pin=R11_PowerModuleCell_M1-1
Added Pin To Net: NetName=NetR11_PowerModuleCell_M1_1 Pin=U1_PowerModuleCell_M1-1
Added Net: Name=NetR11_PowerModuleCell_M1_1
Added Pin To Net: NetName=NetR11_PowerModuleCell_M2_1 Pin=R11_PowerModuleCell_M2-1
Added Pin To Net: NetName=NetR11_PowerModuleCell_M2_1 Pin=U1_PowerModuleCell_M2-1
Added Net: Name=NetR11_PowerModuleCell_M2_1
Added Pin To Net: NetName=NetR11_PowerModuleCell_M3_1 Pin=R11_PowerModuleCell_M3-1
Added Pin To Net: NetName=NetR11_PowerModuleCell_M3_1 Pin=U1_PowerModuleCell_M3-1
Added Net: Name=NetR11_PowerModuleCell_M3_1
Added Pin To Net: NetName=NetR11_PowerModuleCell_M4_1 Pin=R11_PowerModuleCell_M4-1
Added Pin To Net: NetName=NetR11_PowerModuleCell_M4_1 Pin=U1_PowerModuleCell_M4-1
Added Net: Name=NetR11_PowerModuleCell_M4_1
Added Pin To Net: NetName=NetR12_PowerModuleCell_M1_2 Pin=R12_PowerModuleCell_M1-2
Added Pin To Net: NetName=NetR12_PowerModuleCell_M1_2 Pin=U1_PowerModuleCell_M1-3
Added Net: Name=NetR12_PowerModuleCell_M1_2
Added Pin To Net: NetName=NetR12_PowerModuleCell_M2_2 Pin=R12_PowerModuleCell_M2-2
Added Pin To Net: NetName=NetR12_PowerModuleCell_M2_2 Pin=U1_PowerModuleCell_M2-3
Added Net: Name=NetR12_PowerModuleCell_M2_2
Added Pin To Net: NetName=NetR12_PowerModuleCell_M3_2 Pin=R12_PowerModuleCell_M3-2
Added Pin To Net: NetName=NetR12_PowerModuleCell_M3_2 Pin=U1_PowerModuleCell_M3-3
Added Net: Name=NetR12_PowerModuleCell_M3_2
Added Pin To Net: NetName=NetR12_PowerModuleCell_M4_2 Pin=R12_PowerModuleCell_M4-2
Added Pin To Net: NetName=NetR12_PowerModuleCell_M4_2 Pin=U1_PowerModuleCell_M4-3
Added Net: Name=NetR12_PowerModuleCell_M4_2
Added Member To Class: ClassName=PowerModule Member=Component J1 87759-1050
Added Member To Class: ClassName=PowerModule Member=Component J2 87759-1050
Added Member To Class: ClassName=PowerModuleCell_M1 Member=Component U5_PowerModuleCell_M1 (U5A) LM324DR2G
Added Member To Class: ClassName=PowerModuleCell_M2 Member=Component U5_PowerModuleCell_M2 (U5A) LM324DR2G
Added Member To Class: ClassName=PowerModuleCell_M3 Member=Component U5_PowerModuleCell_M3 (U5A) LM324DR2G
Added Member To Class: ClassName=PowerModuleCell_M4 Member=Component U5_PowerModuleCell_M4 (U5A) LM324DR2G
