Added Pin To Net: NetName=USART2_RX Pin=P1-6
Added Pin To Net: NetName=USART2_TX Pin=P1-8
Added Pin To Net: NetName=USART2_RX Pin=P2-6
Added Pin To Net: NetName=USART2_TX Pin=P2-8
Added Member To Class: ClassName=PowerModule Member=Component C2 1uF, 25V, X7R, 0402
Added Member To Class: ClassName=PowerModule Member=Component C3 100nF, 25v, X5R, 0402
Added Member To Class: ClassName=PowerModule Member=Component C5 1uF, 25V, X7R, 0402
Added Member To Class: ClassName=PowerModule Member=Component D2 150060RS75000
Added Member To Class: ClassName=PowerModule Member=Component J31 TestPad
Added Member To Class: ClassName=PowerModule Member=Component J32 TestPad
Added Member To Class: ClassName=PowerModule Member=Component J33 TestPad
Added Member To Class: ClassName=PowerModule Member=Component J34 TestPad
Added Member To Class: ClassName=PowerModule Member=Component J35 TestPad
Added Member To Class: ClassName=PowerModule Member=Component J36 TestPad
Added Member To Class: ClassName=PowerModuleCell_M1 Member=Component J39_PowerModuleCell_M1 (J39) TestPad
Added Member To Class: ClassName=PowerModuleCell_M2 Member=Component J39_PowerModuleCell_M2 (J39) TestPad
Added Member To Class: ClassName=PowerModuleCell_M3 Member=Component J39_PowerModuleCell_M3 (J39) TestPad
Added Member To Class: ClassName=PowerModuleCell_M4 Member=Component J39_PowerModuleCell_M4 (J39) TestPad
Added Member To Class: ClassName=PowerModuleCell_M1 Member=Component J40_PowerModuleCell_M1 (J40) TestPad
Added Member To Class: ClassName=PowerModuleCell_M2 Member=Component J40_PowerModuleCell_M2 (J40) TestPad
Added Member To Class: ClassName=PowerModuleCell_M3 Member=Component J40_PowerModuleCell_M3 (J40) TestPad
Added Member To Class: ClassName=PowerModuleCell_M4 Member=Component J40_PowerModuleCell_M4 (J40) TestPad
Added Member To Class: ClassName=PowerModule Member=Component R11 4K7 1%, 0402
Added Member To Class: ClassName=PowerModuleCell_M3 Member=Component R18_PowerModuleCell_M3 (R18) 4K7 1%, 0402
Added Member To Class: ClassName=PowerModuleCell_M4 Member=Component R18_PowerModuleCell_M4 (R18) 4K7 1%, 0402
Added Member To Class: ClassName=PowerModuleCell_M2 Member=Component R20_PowerModuleCell_M2 (R20) 300 1%, 0402
Added Member To Class: ClassName=PowerModuleCell_M4 Member=Component R20_PowerModuleCell_M4 (R20) 300 1%, 0402
Added Member To Class: ClassName=PowerModuleCell_M1 Member=Component R21_PowerModuleCell_M1 (R21) 1K 1%, 0402
Added Member To Class: ClassName=PowerModuleCell_M4 Member=Component R23_PowerModuleCell_M4 (R23) 100 1%, 0402
Added Member To Class: ClassName=PowerModuleCell_M1 Member=Component R24_PowerModuleCell_M1 (R24) 1K 1%, 0402
Added Member To Class: ClassName=PowerModuleCell_M3 Member=Component R25_PowerModuleCell_M3 (R25) 4K7 1%, 0402
Added Member To Class: ClassName=PowerModuleCell_M1 Member=Component R26_PowerModuleCell_M1 (R26) 4K7 1%, 0402
Added Member To Class: ClassName=PowerModuleCell_M3 Member=Component R26_PowerModuleCell_M3 (R26) 4K7 1%, 0402
Added Member To Class: ClassName=PowerModuleCell_M2 Member=Component R27_PowerModuleCell_M2 (R27) 100 1%, 0402
Added Member To Class: ClassName=PowerModuleCell_M4 Member=Component R27_PowerModuleCell_M4 (R27) 100 1%, 0402
Added Member To Class: ClassName=PowerModuleCell_M1 Member=Component R28_PowerModuleCell_M1 (R28) 300 1%, 0402
Added Member To Class: ClassName=PowerModuleCell_M3 Member=Component R28_PowerModuleCell_M3 (R28) 300 1%, 0402
Added Member To Class: ClassName=PowerModuleCell_M2 Member=Component R29_PowerModuleCell_M2 (R29) 1K 1%, 0402
