Removed Pin From Net: NetName=NetR14_PowerModuleCell_M1_2 Pin=U1_PowerModuleCell_M1-8
Removed Pin From Net: NetName=Shunt_L_PowerModuleCell_M1 Pin=U1_PowerModuleCell_M1-9
Removed Pin From Net: NetName=NetR16_PowerModuleCell_M1_1 Pin=U1_PowerModuleCell_M1-10
Removed Pin From Net: NetName=Shunt_H_PowerModuleCell_M1 Pin=U1_PowerModuleCell_M1-12
Removed Pin From Net: NetName=NetR17_PowerModuleCell_M1_1 Pin=U1_PowerModuleCell_M1-13
Removed Pin From Net: NetName=NetR19_PowerModuleCell_M1_1 Pin=U1_PowerModuleCell_M1-14
Removed Pin From Net: NetName=NetR14_PowerModuleCell_M2_2 Pin=U1_PowerModuleCell_M2-8
Removed Pin From Net: NetName=Shunt_L_PowerModuleCell_M1 Pin=U1_PowerModuleCell_M2-9
Removed Pin From Net: NetName=NetR16_PowerModuleCell_M2_1 Pin=U1_PowerModuleCell_M2-10
Removed Pin From Net: NetName=Shunt_H_PowerModuleCell_M2 Pin=U1_PowerModuleCell_M2-12
Removed Pin From Net: NetName=NetR17_PowerModuleCell_M2_1 Pin=U1_PowerModuleCell_M2-13
Removed Pin From Net: NetName=NetR19_PowerModuleCell_M2_1 Pin=U1_PowerModuleCell_M2-14
Removed Pin From Net: NetName=NetR14_PowerModuleCell_M3_2 Pin=U1_PowerModuleCell_M3-8
Removed Pin From Net: NetName=Shunt_L_PowerModuleCell_M1 Pin=U1_PowerModuleCell_M3-9
Removed Pin From Net: NetName=NetR16_PowerModuleCell_M3_1 Pin=U1_PowerModuleCell_M3-10
Removed Pin From Net: NetName=Shunt_H_PowerModuleCell_M3 Pin=U1_PowerModuleCell_M3-12
Removed Pin From Net: NetName=NetR17_PowerModuleCell_M3_1 Pin=U1_PowerModuleCell_M3-13
Removed Pin From Net: NetName=NetR19_PowerModuleCell_M3_1 Pin=U1_PowerModuleCell_M3-14
Removed Pin From Net: NetName=NetR14_PowerModuleCell_M4_2 Pin=U1_PowerModuleCell_M4-8
Removed Pin From Net: NetName=Shunt_L_PowerModuleCell_M1 Pin=U1_PowerModuleCell_M4-9
Removed Pin From Net: NetName=NetR16_PowerModuleCell_M4_1 Pin=U1_PowerModuleCell_M4-10
Removed Pin From Net: NetName=Shunt_H_PowerModuleCell_M4 Pin=U1_PowerModuleCell_M4-12
Removed Pin From Net: NetName=NetR17_PowerModuleCell_M4_1 Pin=U1_PowerModuleCell_M4-13
Removed Pin From Net: NetName=NetR19_PowerModuleCell_M4_1 Pin=U1_PowerModuleCell_M4-14
Added Pin To Net: NetName=Vcc_F Pin=U1_PowerModuleCell_M1-4
Added Pin To Net: NetName=NetR19_PowerModuleCell_M1_1 Pin=U1_PowerModuleCell_M1-8
Added Pin To Net: NetName=NetR17_PowerModuleCell_M1_1 Pin=U1_PowerModuleCell_M1-9
Added Pin To Net: NetName=Shunt_H_PowerModuleCell_M1 Pin=U1_PowerModuleCell_M1-10
Added Pin To Net: NetName=Shunt_L_PowerModuleCell_M1 Pin=U1_PowerModuleCell_M1-11
Added Pin To Net: NetName=NetR16_PowerModuleCell_M1_1 Pin=U1_PowerModuleCell_M1-12
Added Pin To Net: NetName=Shunt_L_PowerModuleCell_M1 Pin=U1_PowerModuleCell_M1-13
Added Pin To Net: NetName=NetR14_PowerModuleCell_M1_2 Pin=U1_PowerModuleCell_M1-14
Added Pin To Net: NetName=Vcc_F Pin=U1_PowerModuleCell_M2-4
Added Pin To Net: NetName=NetR19_PowerModuleCell_M2_1 Pin=U1_PowerModuleCell_M2-8
Added Pin To Net: NetName=NetR17_PowerModuleCell_M2_1 Pin=U1_PowerModuleCell_M2-9
Added Pin To Net: NetName=Shunt_H_PowerModuleCell_M2 Pin=U1_PowerModuleCell_M2-10
Added Pin To Net: NetName=Shunt_L_PowerModuleCell_M1 Pin=U1_PowerModuleCell_M2-11
Added Pin To Net: NetName=NetR16_PowerModuleCell_M2_1 Pin=U1_PowerModuleCell_M2-12
Added Pin To Net: NetName=Shunt_L_PowerModuleCell_M1 Pin=U1_PowerModuleCell_M2-13
Added Pin To Net: NetName=NetR14_PowerModuleCell_M2_2 Pin=U1_PowerModuleCell_M2-14
Added Pin To Net: NetName=Vcc_F Pin=U1_PowerModuleCell_M3-4
Added Pin To Net: NetName=NetR19_PowerModuleCell_M3_1 Pin=U1_PowerModuleCell_M3-8
Added Pin To Net: NetName=NetR17_PowerModuleCell_M3_1 Pin=U1_PowerModuleCell_M3-9
Added Pin To Net: NetName=Shunt_H_PowerModuleCell_M3 Pin=U1_PowerModuleCell_M3-10
Added Pin To Net: NetName=Shunt_L_PowerModuleCell_M1 Pin=U1_PowerModuleCell_M3-11
Added Pin To Net: NetName=NetR16_PowerModuleCell_M3_1 Pin=U1_PowerModuleCell_M3-12
Added Pin To Net: NetName=Shunt_L_PowerModuleCell_M1 Pin=U1_PowerModuleCell_M3-13
Added Pin To Net: NetName=NetR14_PowerModuleCell_M3_2 Pin=U1_PowerModuleCell_M3-14
Added Pin To Net: NetName=Vcc_F Pin=U1_PowerModuleCell_M4-4
Added Pin To Net: NetName=NetR19_PowerModuleCell_M4_1 Pin=U1_PowerModuleCell_M4-8
Added Pin To Net: NetName=NetR17_PowerModuleCell_M4_1 Pin=U1_PowerModuleCell_M4-9
Added Pin To Net: NetName=Shunt_H_PowerModuleCell_M4 Pin=U1_PowerModuleCell_M4-10
Added Pin To Net: NetName=Shunt_L_PowerModuleCell_M1 Pin=U1_PowerModuleCell_M4-11
Added Pin To Net: NetName=NetR16_PowerModuleCell_M4_1 Pin=U1_PowerModuleCell_M4-12
Added Pin To Net: NetName=Shunt_L_PowerModuleCell_M1 Pin=U1_PowerModuleCell_M4-13
Added Pin To Net: NetName=NetR14_PowerModuleCell_M4_2 Pin=U1_PowerModuleCell_M4-14
