Removed Pin From Net: NetName=Load Pin=Load+1_PowerModuleCell_M1-1
Removed Pin From Net: NetName=Load Pin=Load+1_PowerModuleCell_M2-1
Removed Pin From Net: NetName=Load Pin=Load+1_PowerModuleCell_M3-1
Removed Pin From Net: NetName=Load Pin=Load+1_PowerModuleCell_M4-1
Removed Pin From Net: NetName=Shunt_L_PowerModuleCell_M1 Pin=Load-1_PowerModuleCell_M1-1
Removed Pin From Net: NetName=Shunt_L_PowerModuleCell_M1 Pin=Load-1_PowerModuleCell_M2-1
Removed Pin From Net: NetName=Shunt_L_PowerModuleCell_M1 Pin=Load-1_PowerModuleCell_M3-1
Removed Pin From Net: NetName=Shunt_L_PowerModuleCell_M1 Pin=Load-1_PowerModuleCell_M4-1
Removed Member From Class: ClassName=PowerModuleCell_M1 Member=Load+1_PowerModuleCell_M1
Removed Member From Class: ClassName=PowerModuleCell_M2 Member=Load+1_PowerModuleCell_M2
Removed Member From Class: ClassName=PowerModuleCell_M3 Member=Load+1_PowerModuleCell_M3
Removed Member From Class: ClassName=PowerModuleCell_M4 Member=Load+1_PowerModuleCell_M4
Removed Member From Class: ClassName=PowerModuleCell_M1 Member=Load-1_PowerModuleCell_M1
Removed Member From Class: ClassName=PowerModuleCell_M2 Member=Load-1_PowerModuleCell_M2
Removed Member From Class: ClassName=PowerModuleCell_M3 Member=Load-1_PowerModuleCell_M3
Removed Member From Class: ClassName=PowerModuleCell_M4 Member=Load-1_PowerModuleCell_M4
Change Component Footprint: Designator=J3 Old Footprint=FP-5019-MFG New Footprint=FP-5019-MFG
Change Component Footprint: Designator=J4 Old Footprint=FP-5019-MFG New Footprint=FP-5019-MFG
Change Component Footprint: Designator=J5 Old Footprint=FP-5019-MFG New Footprint=FP-5019-MFG
Change Component Footprint: Designator=J6 Old Footprint=FP-5019-MFG New Footprint=FP-5019-MFG
Change Component Footprint: Designator=J7 Old Footprint=FP-5019-MFG New Footprint=FP-5019-MFG
Change Component Footprint: Designator=J9 Old Footprint=FP-5019-MFG New Footprint=FP-5019-MFG
Change Component Footprint: Designator=J10 Old Footprint=FP-5019-MFG New Footprint=FP-5019-MFG
Change Component Footprint: Designator=J11 Old Footprint=FP-5019-MFG New Footprint=FP-5019-MFG
Change Component Footprint: Designator=J12 Old Footprint=FP-5019-MFG New Footprint=FP-5019-MFG
Change Component Footprint: Designator=J13 Old Footprint=FP-5019-MFG New Footprint=FP-5019-MFG
Change Component Footprint: Designator=J14 Old Footprint=FP-5019-MFG New Footprint=FP-5019-MFG
Change Component Footprint: Designator=J16 Old Footprint=FP-5019-MFG New Footprint=FP-5019-MFG
Change Component Footprint: Designator=J17 Old Footprint=FP-5019-MFG New Footprint=FP-5019-MFG
Change Component Footprint: Designator=J18 Old Footprint=FP-5019-MFG New Footprint=FP-5019-MFG
Change Component Footprint: Designator=J19 Old Footprint=FP-5019-MFG New Footprint=FP-5019-MFG
Change Component Footprint: Designator=J20 Old Footprint=FP-5019-MFG New Footprint=FP-5019-MFG
Change Component Footprint: Designator=J21 Old Footprint=FP-5019-MFG New Footprint=FP-5019-MFG
Change Component Footprint: Designator=J22 Old Footprint=FP-5019-MFG New Footprint=FP-5019-MFG
Change Component Footprint: Designator=J23 Old Footprint=FP-5019-MFG New Footprint=FP-5019-MFG
Change Component Footprint: Designator=J24 Old Footprint=FP-5019-MFG New Footprint=FP-5019-MFG
Change Component Footprint: Designator=J25 Old Footprint=FP-5019-MFG New Footprint=FP-5019-MFG
Change Component Footprint: Designator=J26 Old Footprint=FP-5019-MFG New Footprint=FP-5019-MFG
Change Component Footprint: Designator=J27 Old Footprint=FP-5019-MFG New Footprint=FP-5019-MFG
Change Component Footprint: Designator=J28 Old Footprint=FP-5019-MFG New Footprint=FP-5019-MFG
Change Component Footprint: Designator=J29 Old Footprint=FP-5019-MFG New Footprint=FP-5019-MFG
Change Component Footprint: Designator=J30 Old Footprint=FP-5019-MFG New Footprint=FP-5019-MFG
Change Component Footprint: Designator=J31 Old Footprint=FP-5019-MFG New Footprint=FP-5019-MFG
Change Component Footprint: Designator=J32 Old Footprint=FP-5019-MFG New Footprint=FP-5019-MFG
Change Component Footprint: Designator=J33 Old Footprint=FP-5019-MFG New Footprint=FP-5019-MFG
Change Component Footprint: Designator=J34 Old Footprint=FP-5019-MFG New Footprint=FP-5019-MFG
Added Component: Designator=H1(BATHLD003SMT)
Add component (AddParameter): Name = "Arrow Part Number"; Value = "BAT-HLD-003-SMT"; VariantName = "[No Variations]"
Add component (AddParameter): Name = "Arrow Price/Stock"; Value = "https://www.arrow.com/en/products/bat-hld-003-smt/te-connectivity?utm_currency=USD&region=nac"; VariantName = "[No Variations]"
Add component (AddParameter): Name = "Datasheet Link"; Value = "https://www.te.com/commerce/DocumentDelivery/DDEController?Action=srchrtrv&DocNm=C-BAT-HLD-003-SMT&DocType=Customer%20Drawing&DocLang=English&DocFormat=pdf&PartCntxt=BAT-HLD-003-SMT"; VariantName = "[No Variations]"
Add component (AddParameter): Name = "Height"; Value = "4.1mm"; VariantName = "[No Variations]"
Add component (AddParameter): Name = "Manufacturer_Name"; Value = "TE Connectivity"; VariantName = "[No Variations]"
Add component (AddParameter): Name = "Manufacturer_Part_Number"; Value = "BAT-HLD-003-SMT"; VariantName = "[No Variations]"
Add component (AddParameter): Name = "Mouser Part Number"; Value = "712-BAT-HLD-003-SMT"; VariantName = "[No Variations]"
Add component (AddParameter): Name = "Mouser Price/Stock"; Value = "https://www.mouser.co.uk/ProductDetail/TE-Connectivity-Linx-Technologies/BAT-HLD-003-SMT?qs=TuK3vfAjtkVRZQIT6eTqjQ%3D%3D"; VariantName = "[No Variations]"
Added Component: Designator=J35(FP-3-794679-6-MFG)
Add component (AddParameter): Name = "Approvals"; Value = "CSA"; VariantName = "[No Variations]"
Add component (AddParameter): Name = "Circuit Application"; Value = "Power"; VariantName = "[No Variations]"
Add component (AddParameter): Name = "Color"; Value = "Black"; VariantName = "[No Variations]"
Add component (AddParameter): Name = "Connector System"; Value = "Wire-to-Board"; VariantName = "[No Variations]"
Add component (AddParameter): Name = "Connector Type"; Value = "Pin"; VariantName = "[No Variations]"
Add component (AddParameter): Name = "Contact Current Rating"; Value = "5A"; VariantName = "[No Variations]"
Add component (AddParameter): Name = "Contact Gender"; Value = "Male"; VariantName = "[No Variations]"
Add component (AddParameter): Name = "Contact Material"; Value = "Brass"; VariantName = "[No Variations]"
Add component (AddParameter): Name = "Contact Plating"; Value = "Gold"; VariantName = "[No Variations]"
Add component (AddParameter): Name = "Contact Retention"; Value = "No (Without)"; VariantName = "[No Variations]"
Add component (AddParameter): Name = "Contact Type"; Value = "Male Pin"; VariantName = "[No Variations]"
Add component (AddParameter): Name = "Current Rating"; Value = "5A"; VariantName = "[No Variations]"
Add component (AddParameter): Name = "Depth"; Value = "11.92mm"; VariantName = "[No Variations]"
Add component (AddParameter): Name = "ELV"; Value = "Compliant"; VariantName = "[No Variations]"
Add component (AddParameter): Name = "Fastening Type"; Value = "Ramp"; VariantName = "[No Variations]"
Add component (AddParameter): Name = "Flammability Rating"; Value = "UL94 V-0"; VariantName = "[No Variations]"
Add component (AddParameter): Name = "Housing Color"; Value = "Black"; VariantName = "[No Variations]"
Add component (AddParameter): Name = "Housing Material"; Value = "Nylon"; VariantName = "[No Variations]"
Add component (AddParameter): Name = "Lead Free"; Value = "Lead Free"; VariantName = "[No Variations]"
Add component (AddParameter): Name = "Length"; Value = "13mm"; VariantName = "[No Variations]"
Add component (AddParameter): Name = "Mating Alignment"; Value = "Yes (With)"; VariantName = "[No Variations]"
Add component (AddParameter): Name = "Mating Retention"; Value = "Yes (With)"; VariantName = "[No Variations]"
Add component (AddParameter): Name = "Max Operating Temperature"; Value = "221°C"; VariantName = "[No Variations]"
Add component (AddParameter): Name = "Max Voltage Rating (AC)"; Value = "250V"; VariantName = "[No Variations]"
Add component (AddParameter): Name = "Min Operating Temperature"; Value = "-40°C"; VariantName = "[No Variations]"
Add component (AddParameter): Name = "Mount"; Value = "Through Hole"; VariantName = "[No Variations]"
Add component (AddParameter): Name = "Number of Contacts"; Value = "6"; VariantName = "[No Variations]"
Add component (AddParameter): Name = "Number of Ports"; Value = "1"; VariantName = "[No Variations]"
Add component (AddParameter): Name = "Number of Positions"; Value = "6"; VariantName = "[No Variations]"
Add component (AddParameter): Name = "Number of Power Positions"; Value = "6"; VariantName = "[No Variations]"
Add component (AddParameter): Name = "Number of Rows"; Value = "2"; VariantName = "[No Variations]"
Add component (AddParameter): Name = "Number of Terminals/Pins"; Value = "6"; VariantName = "[No Variations]"
Add component (AddParameter): Name = "Orientation"; Value = "Right Angle"; VariantName = "[No Variations]"
Add component (AddParameter): Name = "Package Quantity"; Value = "286"; VariantName = "[No Variations]"
Add component (AddParameter): Name = "Packaging"; Value = "Tray"; VariantName = "[No Variations]"
Add component (AddParameter): Name = "PCB Mount Alignment"; Value = "No (Without)"; VariantName = "[No Variations]"
Add component (AddParameter): Name = "PCB Mount Retention"; Value = "With"; VariantName = "[No Variations]"
Add component (AddParameter): Name = "PCB Mounting Orientation"; Value = "Right Angle"; VariantName = "[No Variations]"
Add component (AddParameter): Name = "PCB Thickness"; Value = "1.57mm"; VariantName = "[No Variations]"
Add component (AddParameter): Name = "Pitch"; Value = "0.118inch"; VariantName = "[No Variations]"
Add component (AddParameter): Name = "Plating Thickness"; Value = "2.54um"; VariantName = "[No Variations]"
Add component (AddParameter): Name = "Radiation Hardening"; Value = "No"; VariantName = "[No Variations]"
Add component (AddParameter): Name = "RoHS Compliant"; Value = "Yes"; VariantName = "[No Variations]"
Add component (AddParameter): Name = "Row Spacing"; Value = "0.118mm"; VariantName = "[No Variations]"
Add component (AddParameter): Name = "Sealable"; Value = "No (Without)"; VariantName = "[No Variations]"
Add component (AddParameter): Name = "Series"; Value = "Micro MATE-N-LOK"; VariantName = "[No Variations]"
Add component (AddParameter): Name = "Strain Relief"; Value = "No (Without)"; VariantName = "[No Variations]"
Add component (AddParameter): Name = "Termination"; Value = "Solder"; VariantName = "[No Variations]"
Add component (AddParameter): Name = "VDE Tested"; Value = "Yes"; VariantName = "[No Variations]"
Added Component: Designator=J36(FP-3-794679-6-MFG)
Add component (AddParameter): Name = "Approvals"; Value = "CSA"; VariantName = "[No Variations]"
Add component (AddParameter): Name = "Circuit Application"; Value = "Power"; VariantName = "[No Variations]"
Add component (AddParameter): Name = "Color"; Value = "Black"; VariantName = "[No Variations]"
Add component (AddParameter): Name = "Connector System"; Value = "Wire-to-Board"; VariantName = "[No Variations]"
Add component (AddParameter): Name = "Connector Type"; Value = "Pin"; VariantName = "[No Variations]"
Add component (AddParameter): Name = "Contact Current Rating"; Value = "5A"; VariantName = "[No Variations]"
Add component (AddParameter): Name = "Contact Gender"; Value = "Male"; VariantName = "[No Variations]"
Add component (AddParameter): Name = "Contact Material"; Value = "Brass"; VariantName = "[No Variations]"
Add component (AddParameter): Name = "Contact Plating"; Value = "Gold"; VariantName = "[No Variations]"
Add component (AddParameter): Name = "Contact Retention"; Value = "No (Without)"; VariantName = "[No Variations]"
Add component (AddParameter): Name = "Contact Type"; Value = "Male Pin"; VariantName = "[No Variations]"
Add component (AddParameter): Name = "Current Rating"; Value = "5A"; VariantName = "[No Variations]"
Add component (AddParameter): Name = "Depth"; Value = "11.92mm"; VariantName = "[No Variations]"
Add component (AddParameter): Name = "ELV"; Value = "Compliant"; VariantName = "[No Variations]"
Add component (AddParameter): Name = "Fastening Type"; Value = "Ramp"; VariantName = "[No Variations]"
Add component (AddParameter): Name = "Flammability Rating"; Value = "UL94 V-0"; VariantName = "[No Variations]"
Add component (AddParameter): Name = "Housing Color"; Value = "Black"; VariantName = "[No Variations]"
Add component (AddParameter): Name = "Housing Material"; Value = "Nylon"; VariantName = "[No Variations]"
Add component (AddParameter): Name = "Lead Free"; Value = "Lead Free"; VariantName = "[No Variations]"
Add component (AddParameter): Name = "Length"; Value = "13mm"; VariantName = "[No Variations]"
Add component (AddParameter): Name = "Mating Alignment"; Value = "Yes (With)"; VariantName = "[No Variations]"
Add component (AddParameter): Name = "Mating Retention"; Value = "Yes (With)"; VariantName = "[No Variations]"
Add component (AddParameter): Name = "Max Operating Temperature"; Value = "221°C"; VariantName = "[No Variations]"
Add component (AddParameter): Name = "Max Voltage Rating (AC)"; Value = "250V"; VariantName = "[No Variations]"
Add component (AddParameter): Name = "Min Operating Temperature"; Value = "-40°C"; VariantName = "[No Variations]"
Add component (AddParameter): Name = "Mount"; Value = "Through Hole"; VariantName = "[No Variations]"
Add component (AddParameter): Name = "Number of Contacts"; Value = "6"; VariantName = "[No Variations]"
Add component (AddParameter): Name = "Number of Ports"; Value = "1"; VariantName = "[No Variations]"
Add component (AddParameter): Name = "Number of Positions"; Value = "6"; VariantName = "[No Variations]"
Add component (AddParameter): Name = "Number of Power Positions"; Value = "6"; VariantName = "[No Variations]"
Add component (AddParameter): Name = "Number of Rows"; Value = "2"; VariantName = "[No Variations]"
Add component (AddParameter): Name = "Number of Terminals/Pins"; Value = "6"; VariantName = "[No Variations]"
Add component (AddParameter): Name = "Orientation"; Value = "Right Angle"; VariantName = "[No Variations]"
Add component (AddParameter): Name = "Package Quantity"; Value = "286"; VariantName = "[No Variations]"
Add component (AddParameter): Name = "Packaging"; Value = "Tray"; VariantName = "[No Variations]"
Add component (AddParameter): Name = "PCB Mount Alignment"; Value = "No (Without)"; VariantName = "[No Variations]"
Add component (AddParameter): Name = "PCB Mount Retention"; Value = "With"; VariantName = "[No Variations]"
Add component (AddParameter): Name = "PCB Mounting Orientation"; Value = "Right Angle"; VariantName = "[No Variations]"
Add component (AddParameter): Name = "PCB Thickness"; Value = "1.57mm"; VariantName = "[No Variations]"
Add component (AddParameter): Name = "Pitch"; Value = "0.118inch"; VariantName = "[No Variations]"
Add component (AddParameter): Name = "Plating Thickness"; Value = "2.54um"; VariantName = "[No Variations]"
Add component (AddParameter): Name = "Radiation Hardening"; Value = "No"; VariantName = "[No Variations]"
Add component (AddParameter): Name = "RoHS Compliant"; Value = "Yes"; VariantName = "[No Variations]"
Add component (AddParameter): Name = "Row Spacing"; Value = "0.118mm"; VariantName = "[No Variations]"
Add component (AddParameter): Name = "Sealable"; Value = "No (Without)"; VariantName = "[No Variations]"
Add component (AddParameter): Name = "Series"; Value = "Micro MATE-N-LOK"; VariantName = "[No Variations]"
Add component (AddParameter): Name = "Strain Relief"; Value = "No (Without)"; VariantName = "[No Variations]"
Add component (AddParameter): Name = "Termination"; Value = "Solder"; VariantName = "[No Variations]"
Add component (AddParameter): Name = "VDE Tested"; Value = "Yes"; VariantName = "[No Variations]"
Added Pin To Net: NetName=VBAT Pin=H1-1
Added Pin To Net: NetName=VBAT Pin=H1-2
Added Pin To Net: NetName=Shunt_L_PowerModuleCell_M1 Pin=H1-3
Change Net Name : Old Net Name=ALERT-IN New Net Name=ALERT-MISO
Change Net Name : Old Net Name=ALERT-OUT New Net Name=ALERT-MOSI
Added Member To Class: ClassName=PowerModule Member=Component H1 BAT-HLD-003-SMT
Added Member To Class: ClassName=PowerModule Member=Component J35 3-794679-6
Added Member To Class: ClassName=PowerModule Member=Component J36 3-794679-6
