Removed Pin From Net: NetName=SPI2-MOSI Pin=J1-1
Removed Pin From Net: NetName=SPI2-MISO Pin=J1-2
Removed Pin From Net: NetName=SPI2-SCK Pin=J1-3
Removed Pin From Net: NetName=GND_2 Pin=J1-4
Removed Pin From Net: NetName=I2C1_SDA Pin=J3-1
Removed Pin From Net: NetName=Vcc Pin=J3-2
Removed Pin From Net: NetName=I2C1_SCL Pin=J3-3
Removed Pin From Net: NetName=GND_2 Pin=J3-4
Removed Pin From Net: NetName=GND_2 Pin=J5-1
Removed Pin From Net: NetName=USB_DM Pin=J5-2
Removed Pin From Net: NetName=Vcc Pin=J5-3
Removed Pin From Net: NetName=USB_DP Pin=J5-4
Change Component Footprint: Designator=D5 Old Footprint=WL-SMCW_0603_150060xx75000 New Footprint=WL-SMCW_0603_150060xx75000
Change Component Footprint: Designator=D6 Old Footprint=WL-SMCW_0603_150060xx75000 New Footprint=WL-SMCW_0603_150060xx75000
Change Component Footprint: Designator=D7 Old Footprint=WL-SMCW_0603_150060xx75000 New Footprint=WL-SMCW_0603_150060xx75000
Change Component Footprint: Designator=D8 Old Footprint=WL-SMCW_0603_150060xx75000 New Footprint=WL-SMCW_0603_150060xx75000
Change Component Footprint: Designator=D9 Old Footprint=WL-SMCW_0603_150060xx75000 New Footprint=WL-SMCW_0603_150060xx75000
Added Pin To Net: NetName=GND_2 Pin=J1-1
Added Pin To Net: NetName=SPI2-SCK Pin=J1-2
Added Pin To Net: NetName=SPI2-MISO Pin=J1-3
Added Pin To Net: NetName=SPI2-MOSI Pin=J1-4
Added Pin To Net: NetName=GND_2 Pin=J3-1
Added Pin To Net: NetName=I2C1_SCL Pin=J3-2
Added Pin To Net: NetName=Vcc Pin=J3-3
Added Pin To Net: NetName=I2C1_SDA Pin=J3-4
Added Pin To Net: NetName=USB_DP Pin=J5-1
Added Pin To Net: NetName=Vcc Pin=J5-2
Added Pin To Net: NetName=USB_DM Pin=J5-3
Added Pin To Net: NetName=GND_2 Pin=J5-4
Added Member To Class: ClassName=PowerModule Member=Component D3 150060RS75000
Added Member To Class: ClassName=PowerModule Member=Component D5 150060GS75000
Added Member To Class: ClassName=PowerModule Member=Component J21 TestPad
Added Member To Class: ClassName=PowerModule Member=Component J25 TestPad
Added Member To Class: ClassName=PowerModule Member=Component J27 TestPad
Added Member To Class: ClassName=PowerModule Member=Component J28 TestPad
Added Member To Class: ClassName=PowerModule Member=Component J29 TestPad
Added Member To Class: ClassName=PowerModule Member=Component J30 TestPad
Added Member To Class: ClassName=Amplifier_K-51 Member=Component J35_Amplifier_K-51 (J35) TestPad
Added Member To Class: ClassName=Amplifier_K-52 Member=Component J35_Amplifier_K-52 (J35) TestPad
Added Member To Class: ClassName=Amplifier_K-51 Member=Component J37_Amplifier_K-51 (J37) TestPad
Added Member To Class: ClassName=Amplifier_K-51 Member=Component J38_Amplifier_K-51 (J38) TestPad
Added Member To Class: ClassName=Amplifier_K-51 Member=Component J40_Amplifier_K-51 (J40) TestPad
Added Member To Class: ClassName=Amplifier_K-52 Member=Component J41_Amplifier_K-52 (J41) TestPad
Added Member To Class: ClassName=Amplifier_K-52 Member=Component J42_Amplifier_K-52 (J42) TestPad
Added Member To Class: ClassName=Amplifier_K-51 Member=Component J43_Amplifier_K-51 (J43) TestPad
Added Member To Class: ClassName=Amplifier_K-52 Member=Component J43_Amplifier_K-52 (J43) TestPad
Added Member To Class: ClassName=Amplifier_K-51 Member=Component J44_Amplifier_K-51 (J44) TestPad
Added Member To Class: ClassName=Amplifier_K-52 Member=Component J44_Amplifier_K-52 (J44) TestPad
Added Member To Class: ClassName=PowerModule Member=Component R4 47 1%, 0402
Added Member To Class: ClassName=PowerModule Member=Component R5 47 1%, 0402
Added Member To Class: ClassName=PowerModule Member=Component R7 1K80 1%, 0402
Added Member To Class: ClassName=PowerModule Member=Component R8 511 1%, 0402
Added Member To Class: ClassName=PowerModule Member=Component R9 180 1%, 0402
Added Member To Class: ClassName=PowerModule Member=Component R10 180 1%, 0402
Added Member To Class: ClassName=PowerModule Member=Component R11 180 1%, 0402
Added Member To Class: ClassName=PowerModule Member=Component R12 180 1%, 0402
Added Member To Class: ClassName=PowerModuleCell_M2 Member=Component R17_PowerModuleCell_M2 (R17) 1K 1%, 0402
Added Member To Class: ClassName=PowerModuleCell_M3 Member=Component R17_PowerModuleCell_M3 (R17) 1K 1%, 0402
Added Member To Class: ClassName=PowerModuleCell_M1 Member=Component R18_PowerModuleCell_M1 (R18) 47 1%, 0402
Added Member To Class: ClassName=PowerModuleCell_M4 Member=Component R18_PowerModuleCell_M4 (R18) 47 1%, 0402
Added Member To Class: ClassName=PowerModuleCell_M1 Member=Component R19_PowerModuleCell_M1 (R19) 1K 1%, 0402
Added Member To Class: ClassName=PowerModuleCell_M2 Member=Component R19_PowerModuleCell_M2 (R19) 1K 1%, 0402
Added Member To Class: ClassName=PowerModuleCell_M3 Member=Component R19_PowerModuleCell_M3 (R19) 1K 1%, 0402
Added Member To Class: ClassName=PowerModuleCell_M4 Member=Component R19_PowerModuleCell_M4 (R19) 1K 1%, 0402
Added Member To Class: ClassName=PowerModuleCell_M1 Member=Component R20_PowerModuleCell_M1 (R20) 4K7 1%, 0402
Added Member To Class: ClassName=PowerModuleCell_M3 Member=Component R20_PowerModuleCell_M3 (R20) 4K7 1%, 0402
Added Member To Class: ClassName=PowerModuleCell_M1 Member=Component R21_PowerModuleCell_M1 (R21) 1K 1%, 0402
Added Member To Class: ClassName=PowerModuleCell_M3 Member=Component R21_PowerModuleCell_M3 (R21) 1K 1%, 0402
Added Member To Class: ClassName=PowerModuleCell_M4 Member=Component R21_PowerModuleCell_M4 (R21) 1K 1%, 0402
Added Member To Class: ClassName=PowerModuleCell_M1 Member=Component R22_PowerModuleCell_M1 (R22) 1K 1%, 0402
Added Member To Class: ClassName=PowerModuleCell_M2 Member=Component R22_PowerModuleCell_M2 (R22) 1K 1%, 0402
Added Member To Class: ClassName=PowerModuleCell_M3 Member=Component R22_PowerModuleCell_M3 (R22) 1K 1%, 0402
Added Member To Class: ClassName=PowerModuleCell_M4 Member=Component R22_PowerModuleCell_M4 (R22) 1K 1%, 0402
Added Member To Class: ClassName=PowerModuleCell_M1 Member=Component R23_PowerModuleCell_M1 (R23) 10m 1%, 2818
Added Member To Class: ClassName=PowerModuleCell_M2 Member=Component R23_PowerModuleCell_M2 (R23) 10m 1%, 2818
Added Member To Class: ClassName=PowerModuleCell_M3 Member=Component R23_PowerModuleCell_M3 (R23) 10m 1%, 2818
Added Member To Class: ClassName=PowerModuleCell_M2 Member=Component R24_PowerModuleCell_M2 (R24) 300 1%, 0402
Added Member To Class: ClassName=PowerModuleCell_M3 Member=Component R24_PowerModuleCell_M3 (R24) 300 1%, 0402
Added Member To Class: ClassName=PowerModuleCell_M4 Member=Component R24_PowerModuleCell_M4 (R24) 300 1%, 0402
Added Member To Class: ClassName=PowerModuleCell_M1 Member=Component R25_PowerModuleCell_M1 (R25) 1K 1%, 0402
Added Member To Class: ClassName=PowerModuleCell_M2 Member=Component R25_PowerModuleCell_M2 (R25) 1K 1%, 0402
Added Member To Class: ClassName=PowerModuleCell_M3 Member=Component R25_PowerModuleCell_M3 (R25) 1K 1%, 0402
Added Member To Class: ClassName=PowerModuleCell_M4 Member=Component R25_PowerModuleCell_M4 (R25) 1K 1%, 0402
Added Member To Class: ClassName=PowerModuleCell_M2 Member=Component R26_PowerModuleCell_M2 (R26) 100 1%, 0402
Added Member To Class: ClassName=PowerModuleCell_M3 Member=Component R26_PowerModuleCell_M3 (R26) 100 1%, 0402
Added Member To Class: ClassName=PowerModuleCell_M4 Member=Component R26_PowerModuleCell_M4 (R26) 100 1%, 0402
Added Member To Class: ClassName=PowerModuleCell_M1 Member=Component R27_PowerModuleCell_M1 (R27) 100 1%, 0402
Added Member To Class: ClassName=PowerModuleCell_M3 Member=Component R27_PowerModuleCell_M3 (R27) 100 1%, 0402
Added Member To Class: ClassName=PowerModuleCell_M4 Member=Component R27_PowerModuleCell_M4 (R27) 100 1%, 0402
Added Member To Class: ClassName=Amplifier_K-51 Member=Component R34_Amplifier_K-51 (R34) 1K 1%, 0402
Added Member To Class: ClassName=Amplifier_K-52 Member=Component R34_Amplifier_K-52 (R34) 1K 1%, 0402
Added Member To Class: ClassName=Amplifier_K-51 Member=Component R35_Amplifier_K-51 (R35) 1K 1%, 0402
Added Member To Class: ClassName=Amplifier_K-52 Member=Component R35_Amplifier_K-52 (R35) 1K 1%, 0402
Added Member To Class: ClassName=Amplifier_K-51 Member=Component R36_Amplifier_K-51 (R36) 4K02 1%, 0402
Added Member To Class: ClassName=Amplifier_K-52 Member=Component R36_Amplifier_K-52 (R36) 4K02 1%, 0402
Added Member To Class: ClassName=Amplifier_K-51 Member=Component R37_Amplifier_K-51 (R37) 4K02 1%, 0402
Added Member To Class: ClassName=Amplifier_K-52 Member=Component R37_Amplifier_K-52 (R37) 4K02 1%, 0402
Added Member To Class: ClassName=Amplifier_K-51 Member=Component R38_Amplifier_K-51 (R38) 1K 1%, 0402
Added Member To Class: ClassName=Amplifier_K-52 Member=Component R38_Amplifier_K-52 (R38) 1K 1%, 0402
Added Member To Class: ClassName=Amplifier_K-51 Member=Component R39_Amplifier_K-51 (R39) 1K 1%, 0402
Added Member To Class: ClassName=Amplifier_K-51 Member=Component R40_Amplifier_K-51 (R40) 1K 1%, 0402
Added Member To Class: ClassName=Amplifier_K-51 Member=Component R41_Amplifier_K-51 (R41) 1K 1%, 0402
Added Member To Class: ClassName=Amplifier_K-52 Member=Component R41_Amplifier_K-52 (R41) 1K 1%, 0402
Added Member To Class: ClassName=Amplifier_K-51 Member=Component R42_Amplifier_K-51 (R42) 4K02 1%, 0402
Added Member To Class: ClassName=Amplifier_K-52 Member=Component R42_Amplifier_K-52 (R42) 4K02 1%, 0402
Added Member To Class: ClassName=Amplifier_K-51 Member=Component R43_Amplifier_K-51 (R43) 4K02 1%, 0402
Added Member To Class: ClassName=Amplifier_K-52 Member=Component R43_Amplifier_K-52 (R43) 4K02 1%, 0402
Added Member To Class: ClassName=Amplifier_K-51 Member=Component R44_Amplifier_K-51 (R44) 1K 1%, 0402
Added Member To Class: ClassName=Amplifier_K-52 Member=Component R44_Amplifier_K-52 (R44) 1K 1%, 0402
Added Member To Class: ClassName=Amplifier_K-51 Member=Component R45_Amplifier_K-51 (R45) 1K 1%, 0402
Added Member To Class: ClassName=Amplifier_K-52 Member=Component R45_Amplifier_K-52 (R45) 1K 1%, 0402
