Removed Pin From Net: NetName=3V3_F Pin=C4-1
Removed Pin From Net: NetName=GND_2 Pin=C4-2
Removed Pin From Net: NetName=GND_2 Pin=C5-1
Removed Pin From Net: NetName=2V048 Pin=C5-2
Removed Pin From Net: NetName=GND_2 Pin=U2-2
Removed Pin From Net: NetName=3V3_F Pin=U2-3
Removed Pin From Net: NetName=3V3_F Pin=U2-4
Removed Pin From Net: NetName=2V048 Pin=U2-5
Removed Pin From Net: NetName=Vcc Pin=U3_PowerModuleCell_M2-C1
Change Component Designator: OldDesignator=C6 NewDesignator=C4
Change Component Designator: OldDesignator=C7 NewDesignator=C5
Change Component Designator: OldDesignator=C8 NewDesignator=C6
Change Component Designator: OldDesignator=C9 NewDesignator=C7
Change Component Designator: OldDesignator=C10 NewDesignator=C8
Change Component Designator: OldDesignator=C11 NewDesignator=C9
Change Component Designator: OldDesignator=C12 NewDesignator=C10
Change Component Designator: OldDesignator=C13 NewDesignator=C11
Change Component Designator: OldDesignator=C14 NewDesignator=C12
Change Component Designator: OldDesignator=C15 NewDesignator=C13
Change Component Designator: OldDesignator=C16_PowerModuleCell_M1 NewDesignator=C14_PowerModuleCell_M1
Change Component Designator: OldDesignator=C16_PowerModuleCell_M2 NewDesignator=C14_PowerModuleCell_M2
Change Component Designator: OldDesignator=C16_PowerModuleCell_M3 NewDesignator=C14_PowerModuleCell_M3
Change Component Designator: OldDesignator=C16_PowerModuleCell_M4 NewDesignator=C14_PowerModuleCell_M4
Change Component Designator: OldDesignator=C17_PowerModuleCell_M1 NewDesignator=C15_PowerModuleCell_M1
Change Component Designator: OldDesignator=C17_PowerModuleCell_M2 NewDesignator=C15_PowerModuleCell_M2
Change Component Designator: OldDesignator=C17_PowerModuleCell_M3 NewDesignator=C15_PowerModuleCell_M3
Change Component Designator: OldDesignator=C17_PowerModuleCell_M4 NewDesignator=C15_PowerModuleCell_M4
Change Component Designator: OldDesignator=C18_PowerModuleCell_M1 NewDesignator=C16_PowerModuleCell_M1
Change Component Designator: OldDesignator=C18_PowerModuleCell_M2 NewDesignator=C16_PowerModuleCell_M2
Change Component Designator: OldDesignator=C18_PowerModuleCell_M3 NewDesignator=C16_PowerModuleCell_M3
Change Component Designator: OldDesignator=C18_PowerModuleCell_M4 NewDesignator=C16_PowerModuleCell_M4
Change Component Designator: OldDesignator=C19 NewDesignator=C17
Change Component Designator: OldDesignator=C20 NewDesignator=C18
Change Component Designator: OldDesignator=C21 NewDesignator=C19
Change Component Designator: OldDesignator=C22 NewDesignator=C20
Change Component Designator: OldDesignator=C23 NewDesignator=C21
Change Component Designator: OldDesignator=C24 NewDesignator=C22
Change Component Designator: OldDesignator=C25 NewDesignator=C23
Change Component Designator: OldDesignator=C26 NewDesignator=C24
Change Component Designator: OldDesignator=C27 NewDesignator=C25
Change Component Designator: OldDesignator=C28 NewDesignator=C26
Change Component Designator: OldDesignator=C29 NewDesignator=C27
Change Component Designator: OldDesignator=C30_Amplifier_K-51 NewDesignator=C28_Amplifier_K-51
Change Component Designator: OldDesignator=C30_Amplifier_K-52 NewDesignator=C28_Amplifier_K-52
Change Component Designator: OldDesignator=C31_Amplifier_K-51 NewDesignator=C29_Amplifier_K-51
Change Component Designator: OldDesignator=C31_Amplifier_K-52 NewDesignator=C29_Amplifier_K-52
Change Component Designator: OldDesignator=C32_Amplifier_K-51 NewDesignator=C30_Amplifier_K-51
Change Component Designator: OldDesignator=C32_Amplifier_K-52 NewDesignator=C30_Amplifier_K-52
Change Component Designator: OldDesignator=C33_Amplifier_K-51 NewDesignator=C31_Amplifier_K-51
Change Component Designator: OldDesignator=C33_Amplifier_K-52 NewDesignator=C31_Amplifier_K-52
Change Component Designator: OldDesignator=C34_Amplifier_K-51 NewDesignator=C32_Amplifier_K-51
Change Component Designator: OldDesignator=C34_Amplifier_K-52 NewDesignator=C32_Amplifier_K-52
Change Component Designator: OldDesignator=C35_Amplifier_K-51 NewDesignator=C33_Amplifier_K-51
Change Component Designator: OldDesignator=C35_Amplifier_K-52 NewDesignator=C33_Amplifier_K-52
Change Component Designator: OldDesignator=C36_Amplifier_K-51 NewDesignator=C34_Amplifier_K-51
Change Component Designator: OldDesignator=C36_Amplifier_K-52 NewDesignator=C34_Amplifier_K-52
Change Component Designator: OldDesignator=C37_Amplifier_K-51 NewDesignator=C35_Amplifier_K-51
Change Component Designator: OldDesignator=C37_Amplifier_K-52 NewDesignator=C35_Amplifier_K-52
Change Component Designator: OldDesignator=C38_Amplifier_K-51 NewDesignator=C36_Amplifier_K-51
Change Component Designator: OldDesignator=C38_Amplifier_K-52 NewDesignator=C36_Amplifier_K-52
Change Component Designator: OldDesignator=J27 NewDesignator=J28
Change Component Designator: OldDesignator=J28 NewDesignator=J30
Change Component Designator: OldDesignator=J30 NewDesignator=J27
Change Component Designator: OldDesignator=U3_PowerModuleCell_M1 NewDesignator=U2_PowerModuleCell_M1
Change Component Designator: OldDesignator=U3_PowerModuleCell_M2 NewDesignator=U2_PowerModuleCell_M2
Change Component Designator: OldDesignator=U3_PowerModuleCell_M3 NewDesignator=U2_PowerModuleCell_M3
Change Component Designator: OldDesignator=U3_PowerModuleCell_M4 NewDesignator=U2_PowerModuleCell_M4
Change Component Designator: OldDesignator=U4 NewDesignator=U3
Change Component Designator: OldDesignator=U5_Amplifier_K-51 NewDesignator=U4_Amplifier_K-51
Change Component Designator: OldDesignator=U5_Amplifier_K-52 NewDesignator=U4_Amplifier_K-52
Added Component: Designator=C37(FP-CL32-IPC_B)
Add component (AddParameter): Name = "Capacitance"; Value = "10uF"; VariantName = "[No Variations]"
Add component (AddParameter): Name = "Case Code (Imperial)"; Value = "1210"; VariantName = "[No Variations]"
Add component (AddParameter): Name = "Case Code (Metric)"; Value = "3225"; VariantName = "[No Variations]"
Add component (AddParameter): Name = "Case/Package"; Value = "1210"; VariantName = "[No Variations]"
Add component (AddParameter): Name = "Features"; Value = "Soft Termination"; VariantName = "[No Variations]"
Add component (AddParameter): Name = "Max Operating Temperature"; Value = "125°C"; VariantName = "[No Variations]"
Add component (AddParameter): Name = "Min Operating Temperature"; Value = "-55°C"; VariantName = "[No Variations]"
Add component (AddParameter): Name = "Mount"; Value = "Surface Mount"; VariantName = "[No Variations]"
Add component (AddParameter): Name = "Packaging"; Value = "Cut Tape"; VariantName = "[No Variations]"
Add component (AddParameter): Name = "Tolerance"; Value = "10%"; VariantName = "[No Variations]"
Add component (AddParameter): Name = "Voltage Rating"; Value = "50V"; VariantName = "[No Variations]"
Added Component: Designator=C38(CAPC2012X145N)
Add component (AddParameter): Name = "Arrow Part Number"; Value = "GRM21BR61H475ME51L"; VariantName = "[No Variations]"
Add component (AddParameter): Name = "Arrow Price/Stock"; Value = "https://www.arrow.com/en/products/grm21br61h475me51l/murata-manufacturing?region=nac"; VariantName = "[No Variations]"
Add component (AddParameter): Name = "Datasheet Link"; Value = "https://search.murata.co.jp/Ceramy/image/img/A01X/G101/ENG/GRM21BR61H475ME51-01A.pdf"; VariantName = "[No Variations]"
Add component (AddParameter): Name = "Height"; Value = "1.45mm"; VariantName = "[No Variations]"
Add component (AddParameter): Name = "Manufacturer_Name"; Value = "Murata Electronics"; VariantName = "[No Variations]"
Add component (AddParameter): Name = "Manufacturer_Part_Number"; Value = "GRM21BR61H475ME51L"; VariantName = "[No Variations]"
Add component (AddParameter): Name = "Mouser Part Number"; Value = "81-GRM21BR61H475M51L"; VariantName = "[No Variations]"
Add component (AddParameter): Name = "Mouser Price/Stock"; Value = "https://www.mouser.co.uk/ProductDetail/Murata-Electronics/GRM21BR61H475ME51L?qs=eeBpzGFlv%252B%2Fg0wAeHy0eJw%3D%3D"; VariantName = "[No Variations]"
Added Component: Designator=U5(FP-DBV0005A-IPC_C)
Add component (AddParameter): Name = "Case/Package"; Value = "SOT-23"; VariantName = "[No Variations]"
Add component (AddParameter): Name = "Dropout Voltage"; Value = "175mV"; VariantName = "[No Variations]"
Add component (AddParameter): Name = "Height"; Value = "1.02mm"; VariantName = "[No Variations]"
Add component (AddParameter): Name = "Lead Free"; Value = "Lead Free"; VariantName = "[No Variations]"
Add component (AddParameter): Name = "Length"; Value = "2.92mm"; VariantName = "[No Variations]"
Add component (AddParameter): Name = "Max Input Voltage"; Value = "6V"; VariantName = "[No Variations]"
Add component (AddParameter): Name = "Max Operating Temperature"; Value = "125°C"; VariantName = "[No Variations]"
Add component (AddParameter): Name = "Max Output Current"; Value = "20mA"; VariantName = "[No Variations]"
Add component (AddParameter): Name = "Max Output Voltage"; Value = "2.5V"; VariantName = "[No Variations]"
Add component (AddParameter): Name = "Max Supply Voltage"; Value = "2.2V"; VariantName = "[No Variations]"
Add component (AddParameter): Name = "Min Input Voltage"; Value = "2.2V"; VariantName = "[No Variations]"
Add component (AddParameter): Name = "Min Operating Temperature"; Value = "-40°C"; VariantName = "[No Variations]"
Add component (AddParameter): Name = "Min Output Voltage"; Value = "2.5V"; VariantName = "[No Variations]"
Add component (AddParameter): Name = "Mount"; Value = "Surface Mount"; VariantName = "[No Variations]"
Add component (AddParameter): Name = "Nominal Supply Current"; Value = "60uA"; VariantName = "[No Variations]"
Add component (AddParameter): Name = "Number of Channels"; Value = "1"; VariantName = "[No Variations]"
Add component (AddParameter): Name = "Number of Pins"; Value = "5"; VariantName = "[No Variations]"
Add component (AddParameter): Name = "Operating Supply Current"; Value = "100uA"; VariantName = "[No Variations]"
Add component (AddParameter): Name = "Output Current"; Value = "20mA"; VariantName = "[No Variations]"
Add component (AddParameter): Name = "Output Type"; Value = "Fixed"; VariantName = "[No Variations]"
Add component (AddParameter): Name = "Output Voltage"; Value = "2.5V"; VariantName = "[No Variations]"
Add component (AddParameter): Name = "Package Quantity"; Value = "1000"; VariantName = "[No Variations]"
Add component (AddParameter): Name = "Packaging"; Value = "Tape and Reel"; VariantName = "[No Variations]"
Add component (AddParameter): Name = "Quiescent Current"; Value = "100uA"; VariantName = "[No Variations]"
Add component (AddParameter): Name = "Radiation Hardening"; Value = "No"; VariantName = "[No Variations]"
Add component (AddParameter): Name = "REACH SVHC"; Value = "No SVHC"; VariantName = "[No Variations]"
Add component (AddParameter): Name = "Reference Type"; Value = "Series"; VariantName = "[No Variations]"
Add component (AddParameter): Name = "Reference Voltage"; Value = "2.5V"; VariantName = "[No Variations]"
Add component (AddParameter): Name = "Series"; Value = "-"; VariantName = "[No Variations]"
Add component (AddParameter): Name = "Supply Current"; Value = "60uA"; VariantName = "[No Variations]"
Add component (AddParameter): Name = "Temperature Coefficient"; Value = "20ppm/°C"; VariantName = "[No Variations]"
Add component (AddParameter): Name = "Termination"; Value = "SMD/SMT"; VariantName = "[No Variations]"
Add component (AddParameter): Name = "Tolerance"; Value = "0.05%"; VariantName = "[No Variations]"
Add component (AddParameter): Name = "Width"; Value = "1.6mm"; VariantName = "[No Variations]"
Added Pin To Net: NetName=3V3_F Pin=C37-1
Added Pin To Net: NetName=GND_2 Pin=C37-2
Added Pin To Net: NetName=GND_2 Pin=C38-1
Added Pin To Net: NetName=2V048 Pin=C38-2
Added Pin To Net: NetName=Vcc_2 Pin=U2_PowerModuleCell_M2-C1
Added Pin To Net: NetName=GND_2 Pin=U5-2
Added Pin To Net: NetName=3V3_F Pin=U5-3
Added Pin To Net: NetName=3V3_F Pin=U5-4
Added Pin To Net: NetName=2V048 Pin=U5-5
Change Net Name : Old Net Name=2V048 New Net Name=2V5
Change Net Name : Old Net Name=NetC16_PowerModuleCell_M1_1 New Net Name=NetC14_PowerModuleCell_M1_1
Change Net Name : Old Net Name=NetC16_PowerModuleCell_M1_2 New Net Name=NetC14_PowerModuleCell_M1_2
Change Net Name : Old Net Name=NetC16_PowerModuleCell_M2_1 New Net Name=NetC14_PowerModuleCell_M2_1
Change Net Name : Old Net Name=NetC16_PowerModuleCell_M2_2 New Net Name=NetC14_PowerModuleCell_M2_2
Change Net Name : Old Net Name=NetC16_PowerModuleCell_M3_1 New Net Name=NetC14_PowerModuleCell_M3_1
Change Net Name : Old Net Name=NetC16_PowerModuleCell_M3_2 New Net Name=NetC14_PowerModuleCell_M3_2
Change Net Name : Old Net Name=NetC16_PowerModuleCell_M4_1 New Net Name=NetC14_PowerModuleCell_M4_1
Change Net Name : Old Net Name=NetC16_PowerModuleCell_M4_2 New Net Name=NetC14_PowerModuleCell_M4_2
Change Net Name : Old Net Name=NetC32_Amplifier_K-51_2 New Net Name=NetC30_Amplifier_K-51_2
Change Net Name : Old Net Name=NetC32_Amplifier_K-52_2 New Net Name=NetC30_Amplifier_K-52_2
Change Net Name : Old Net Name=NetC34_Amplifier_K-51_2 New Net Name=NetC32_Amplifier_K-51_2
Change Net Name : Old Net Name=NetC34_Amplifier_K-52_2 New Net Name=NetC32_Amplifier_K-52_2
Change Net Name : Old Net Name=NetC36_Amplifier_K-51_2 New Net Name=NetC34_Amplifier_K-51_2
Change Net Name : Old Net Name=NetC36_Amplifier_K-52_2 New Net Name=NetC34_Amplifier_K-52_2
Change Net Name : Old Net Name=NetC38_Amplifier_K-51_2 New Net Name=NetC36_Amplifier_K-51_2
Change Net Name : Old Net Name=NetC38_Amplifier_K-52_2 New Net Name=NetC36_Amplifier_K-52_2
Added Member To Class: ClassName=Vref-2v5 Member=Component C37 10uF, 50V, X5R, 1206
Added Member To Class: ClassName=Vref-2v5 Member=Component C38 4.7uF, 50V, X5R, 0805
Added Member To Class: ClassName=Vref-2v5 Member=Component U5 LM4132AMF-2.5/NOPB
Added Room: Name=PowerModule
Added Room: Name=Vref-2v5
