Change Component Designator: Old Designator=C20 New Designator=C15
Change Component Designator: Old Designator=J41 New Designator=J42
Change Component Designator: Old Designator=J42 New Designator=J41
Change Component Designator: Old Designator=Q1 New Designator=Q2
Change Component Designator: Old Designator=Q? New Designator=Q1
Change Component Designator: Old Designator=R13 New Designator=R14
Change Component Designator: Old Designator=R14 New Designator=R15
Change Component Designator: Old Designator=R15 New Designator=R16
Change Component Designator: Old Designator=R16 New Designator=R17
Change Component Designator: Old Designator=R17 New Designator=R18
Change Component Designator: Old Designator=R18 New Designator=R19
Change Component Designator: Old Designator=R21 New Designator=R20
Change Component Designator: Old Designator=R22 New Designator=R21
Change Component Designator: Old Designator=R23 New Designator=R22
Change Component Designator: Old Designator=R24 New Designator=R23
Change Component Designator: Old Designator=R25 New Designator=R24
Change Component Designator: Old Designator=R28 New Designator=R25
Change Component Designator: Old Designator=R29 New Designator=R26
Change Component Designator: Old Designator=R30 New Designator=R27
Change Component Designator: Old Designator=R33 New Designator=R13
