Change Component Footprint: Designator=P17 Old Footprint=61300111121 New Footprint=61300111121
Change Component Footprint: Designator=P18_PowerModuleCell_M2 Old Footprint=61300111121 New Footprint=61300111121
Change Component Footprint: Designator=P18_PowerModuleCell_M3 Old Footprint=61300111121 New Footprint=61300111121
Change Component Footprint: Designator=P18_PowerModuleCell_M4 Old Footprint=61300111121 New Footprint=61300111121
Change Component Footprint: Designator=P19_PowerModuleCell_M2 Old Footprint=61300111121 New Footprint=61300111121
Change Component Footprint: Designator=P19_PowerModuleCell_M3 Old Footprint=61300111121 New Footprint=61300111121
Change Component Footprint: Designator=P19_PowerModuleCell_M4 Old Footprint=61300111121 New Footprint=61300111121
Change Component Footprint: Designator=P20_PowerModuleCell_M2 Old Footprint=61300111121 New Footprint=61300111121
Change Component Footprint: Designator=P20_PowerModuleCell_M3 Old Footprint=61300111121 New Footprint=61300111121
Change Component Footprint: Designator=P20_PowerModuleCell_M4 Old Footprint=61300111121 New Footprint=61300111121
Change Component Footprint: Designator=P21_PowerModuleCell_M2 Old Footprint=61300111121 New Footprint=61300111121
Change Component Footprint: Designator=P21_PowerModuleCell_M3 Old Footprint=61300111121 New Footprint=61300111121
Change Component Footprint: Designator=P21_PowerModuleCell_M4 Old Footprint=61300111121 New Footprint=61300111121
Change Component Footprint: Designator=P22 Old Footprint=61300111121 New Footprint=61300111121
Change Component Footprint: Designator=P23 Old Footprint=61300111121 New Footprint=61300111121
Change Component Footprint: Designator=P24 Old Footprint=61300111121 New Footprint=61300111121
Change Component Footprint: Designator=P25 Old Footprint=61300111121 New Footprint=61300111121
Change Component Footprint: Designator=P26 Old Footprint=61300111121 New Footprint=61300111121
Change Component Footprint: Designator=P27 Old Footprint=61300111121 New Footprint=61300111121
Change Component Footprint: Designator=P28 Old Footprint=61300111121 New Footprint=61300111121
Change Component Footprint: Designator=P29 Old Footprint=61300111121 New Footprint=61300111121
Change Component Footprint: Designator=D1_PowerModuleCell_M2 Old Footprint=WL-SMCW_0603_150060xx75000 New Footprint=WL-SMCW_0603_150060xx75000
Change Component Footprint: Designator=D1_PowerModuleCell_M3 Old Footprint=WL-SMCW_0603_150060xx75000 New Footprint=WL-SMCW_0603_150060xx75000
Change Component Footprint: Designator=D1_PowerModuleCell_M4 Old Footprint=WL-SMCW_0603_150060xx75000 New Footprint=WL-SMCW_0603_150060xx75000
Change Component Footprint: Designator=D2 Old Footprint=WL-SMCW_0603_150060xx75000 New Footprint=WL-SMCW_0603_150060xx75000
Added Component: Designator=J?(FP-43045-0400-MFG)
Add component (AddParameter): Name = "Automotive"; Value = "No"; VariantName = "[No Variations]"
Add component (AddParameter): Name = "Category"; Value = "Conn"; VariantName = "[No Variations]"
Add component (AddParameter): Name = "ComponentLink2Description"; Value = "Datasheet"; VariantName = "[No Variations]"
Add component (AddParameter): Name = "ComponentLink2URL"; Value = "https://www.molex.com/webdocs/datasheets/pdf/en-us/0430450400_PCB_HEADERS.pdf"; VariantName = "[No Variations]"
Add component (AddParameter): Name = "Conn Gender"; Value = "Male"; VariantName = "[No Variations]"
Add component (AddParameter): Name = "Conn Orientation"; Value = "Right Angle"; VariantName = "[No Variations]"
Add component (AddParameter): Name = "Contact Material"; Value = "Tin,Nickel"; VariantName = "[No Variations]"
Add component (AddParameter): Name = "Current Rating"; Value = "8.5A"; VariantName = "[No Variations]"
Add component (AddParameter): Name = "Device Class L1"; Value = "Connectors"; VariantName = "[No Variations]"
Add component (AddParameter): Name = "Device Class L2"; Value = "Headers and Wire Housings"; VariantName = "[No Variations]"
Add component (AddParameter): Name = "Device Class L3"; Value = "unset"; VariantName = "[No Variations]"
Add component (AddParameter): Name = "Digikey Description"; Value = "CONN HEADER R/A 4POS 3MM"; VariantName = "[No Variations]"
Add component (AddParameter): Name = "Footprint Url"; Value = "https://www.molex.com/pdm_docs/sd/430450400_sd.pdf"; VariantName = "[No Variations]"
Add component (AddParameter): Name = "Height"; Value = "9.27mm"; VariantName = "[No Variations]"
Add component (AddParameter): Name = "Is Female"; Value = "yes"; VariantName = "[No Variations]"
Add component (AddParameter): Name = "Lead Free"; Value = "Yes"; VariantName = "[No Variations]"
Add component (AddParameter): Name = "Manufacturer"; Value = "Molex"; VariantName = "[No Variations]"
Add component (AddParameter): Name = "Manufacturer Part Number"; Value = "43045-0400"; VariantName = "[No Variations]"
Add component (AddParameter): Name = "Number Of Contacts"; Value = "4"; VariantName = "[No Variations]"
Add component (AddParameter): Name = "Number Of Rows"; Value = "2"; VariantName = "[No Variations]"
Add component (AddParameter): Name = "Octopart"; Value = "https://octopart.com/43045-0400-molex-287063"; VariantName = "[No Variations]"
Add component (AddParameter): Name = "Package"; Value = "43045-0400"; VariantName = "[No Variations]"
Add component (AddParameter): Name = "Pitch"; Value = "3mm"; VariantName = "[No Variations]"
Add component (AddParameter): Name = "RoHS"; Value = "TRUE"; VariantName = "[No Variations]"
Add component (AddParameter): Name = "Temperature"; Value = "-40°C to +105°C"; VariantName = "[No Variations]"
Add component (AddParameter): Name = "Temperature Range High"; Value = "+105°C"; VariantName = "[No Variations]"
Add component (AddParameter): Name = "Temperature Range Low"; Value = "-40°C"; VariantName = "[No Variations]"
Add component (AddParameter): Name = "Voltage Rating"; Value = "600V"; VariantName = "[No Variations]"
Added Pin To Net: NetName=Shunt_L_PowerModuleCell_M1 Pin=J?-1
Added Pin To Net: NetName=Shunt_L_PowerModuleCell_M1 Pin=J?-2
Added Pin To Net: NetName=Shunt_L_PowerModuleCell_M1 Pin=J?-3
Added Pin To Net: NetName=Shunt_L_PowerModuleCell_M1 Pin=J?-4
Added Member To Class: ClassName=PowerModule Member=Component J? 43045-0400
Added Room: Name=PowerModuleCell_M2
Added Room: Name=PowerModuleCell_M3
Added Room: Name=PowerModuleCell_M4
