Added Member To Class: ClassName=PowerModule Member=Component C1 2.2uF, 25V, X5R, 0603
Added Member To Class: ClassName=PowerModule Member=Component C2 220nF 25V, X7R, 0603
Added Member To Class: ClassName=PowerModule Member=Component C3 1uF, 25V, X7R, 0402
Added Member To Class: ClassName=PowerModule Member=Component C4 100nF, 25v, X5R, 0402
Added Member To Class: ClassName=PowerModule Member=Component C5 100nF, 25v, X5R, 0402
Added Member To Class: ClassName=PowerModule Member=Component C6 1uF, 25V, X7R, 0402
Added Member To Class: ClassName=PowerModuleCell_M1 Member=Component C10_PowerModuleCell_M1 (C10) 100nF, 25v, X5R, 0402
Added Member To Class: ClassName=PowerModuleCell_M2 Member=Component C10_PowerModuleCell_M2 (C10) 100nF, 25v, X5R, 0402
Added Member To Class: ClassName=PowerModuleCell_M3 Member=Component C10_PowerModuleCell_M3 (C10) 100nF, 25v, X5R, 0402
Added Member To Class: ClassName=PowerModuleCell_M4 Member=Component C10_PowerModuleCell_M4 (C10) 100nF, 25v, X5R, 0402
Added Member To Class: ClassName=PowerModuleCell_M1 Member=Component C11_PowerModuleCell_M1 (C11) 220nF 50V, X5R, 0402
Added Member To Class: ClassName=PowerModuleCell_M2 Member=Component C11_PowerModuleCell_M2 (C11) 220nF 50V, X5R, 0402
Added Member To Class: ClassName=PowerModuleCell_M3 Member=Component C11_PowerModuleCell_M3 (C11) 220nF 50V, X5R, 0402
Added Member To Class: ClassName=PowerModuleCell_M4 Member=Component C11_PowerModuleCell_M4 (C11) 220nF 50V, X5R, 0402
Added Member To Class: ClassName=PowerModuleCell_M1 Member=Component C12_PowerModuleCell_M1 (C12) 220nF 50V, X5R, 0402
Added Member To Class: ClassName=PowerModuleCell_M1 Member=Component C13_PowerModuleCell_M1 (C13) 100nF, 25v, X5R, 0402
Added Member To Class: ClassName=PowerModuleCell_M2 Member=Component C13_PowerModuleCell_M2 (C13) 100nF, 25v, X5R, 0402
Added Member To Class: ClassName=PowerModuleCell_M3 Member=Component C13_PowerModuleCell_M3 (C13) 100nF, 25v, X5R, 0402
Added Member To Class: ClassName=PowerModuleCell_M4 Member=Component C13_PowerModuleCell_M4 (C13) 100nF, 25v, X5R, 0402
Added Member To Class: ClassName=PowerModuleCell_M1 Member=Component C14_PowerModuleCell_M1 (C14) 220nF 50V, X5R, 0402
Added Member To Class: ClassName=PowerModuleCell_M1 Member=Component C15_PowerModuleCell_M1 (C15) 220nF 50V, X5R, 0402
Added Member To Class: ClassName=PowerModule Member=Component L2 39 µH, 1A
Added Member To Class: ClassName=PowerModuleCell_M1 Member=Component R24_PowerModuleCell_M1 (R24) 4K7 1%, 0402
Added Member To Class: ClassName=PowerModuleCell_M1 Member=Component R25_PowerModuleCell_M1 (R25) 4K7 1%, 0402
Added Member To Class: ClassName=PowerModuleCell_M1 Member=Component R31_PowerModuleCell_M1 (R31) 4K7 1%, 0402
