Removed Pin From Net: NetName=GND_2 Pin=C15_PowerModuleCell_M1-1
Removed Pin From Net: NetName=Vcc_2 Pin=C15_PowerModuleCell_M1-2
Removed Pin From Net: NetName=GND_2 Pin=C15_PowerModuleCell_M2-1
Removed Pin From Net: NetName=Vcc_2 Pin=C15_PowerModuleCell_M2-2
Removed Pin From Net: NetName=GND_2 Pin=C15_PowerModuleCell_M3-1
Removed Pin From Net: NetName=Vcc_2 Pin=C15_PowerModuleCell_M3-2
Removed Pin From Net: NetName=GND_2 Pin=C15_PowerModuleCell_M4-1
Removed Pin From Net: NetName=Vcc_2 Pin=C15_PowerModuleCell_M4-2
Removed Member From Class: ClassName=LDO_3V3 Member=C25
Change Footprint: Cannot match pads with new footprint in component :C15_PowerModuleCell_M1 Footprint:FP-GRM155-0_05-IPC_C
Change Footprint: Cannot match pads with new footprint in component :C15_PowerModuleCell_M2 Footprint:FP-GRM155-0_05-IPC_C
Change Footprint: Cannot match pads with new footprint in component :C15_PowerModuleCell_M3 Footprint:FP-GRM155-0_05-IPC_C
Change Footprint: Cannot match pads with new footprint in component :C15_PowerModuleCell_M4 Footprint:FP-GRM155-0_05-IPC_C
Change Component Comment : Designator=C15_PowerModuleCell_M1 Old Comment=100nF, 50v, X7R, 0402 New Comment=100nF, 25v, X5R, 0402
Change Component Comment : Designator=C15_PowerModuleCell_M2 Old Comment=100nF, 50v, X7R, 0402 New Comment=100nF, 25v, X5R, 0402
Change Component Comment : Designator=C15_PowerModuleCell_M3 Old Comment=100nF, 50v, X7R, 0402 New Comment=100nF, 25v, X5R, 0402
Change Component Comment : Designator=C15_PowerModuleCell_M4 Old Comment=100nF, 50v, X7R, 0402 New Comment=100nF, 25v, X5R, 0402
Change Managed Component Library Link : Designator=C15_PowerModuleCell_M1 Old VaultGUID= New VaultGUID=B7D15EC3-160A-466F-A46C-7801FE6295A7 Old ItemGUID= New ItemGUID=D04C14BD-DED1-43E5-A793-17318AC047AE Old RevisionGUID= New RevisionGUID=D83F5658-6B82-4C78-8990-9A4AA979F660
Change Managed Component Library Link : Designator=C15_PowerModuleCell_M2 Old VaultGUID= New VaultGUID=B7D15EC3-160A-466F-A46C-7801FE6295A7 Old ItemGUID= New ItemGUID=D04C14BD-DED1-43E5-A793-17318AC047AE Old RevisionGUID= New RevisionGUID=D83F5658-6B82-4C78-8990-9A4AA979F660
Change Managed Component Library Link : Designator=C15_PowerModuleCell_M3 Old VaultGUID= New VaultGUID=B7D15EC3-160A-466F-A46C-7801FE6295A7 Old ItemGUID= New ItemGUID=D04C14BD-DED1-43E5-A793-17318AC047AE Old RevisionGUID= New RevisionGUID=D83F5658-6B82-4C78-8990-9A4AA979F660
Change Managed Component Library Link : Designator=C15_PowerModuleCell_M4 Old VaultGUID= New VaultGUID=B7D15EC3-160A-466F-A46C-7801FE6295A7 Old ItemGUID= New ItemGUID=D04C14BD-DED1-43E5-A793-17318AC047AE Old RevisionGUID= New RevisionGUID=D83F5658-6B82-4C78-8990-9A4AA979F660
Change component parameters: Designator = "C15_PowerModuleCell_M1" ("C15"); Footprint = "CAPC2012X88N"; UniqueID = "\SBVCEXEM\KSBFEUMU" ("\SBVCEXEM\KSBFEUMU")
Change component parameters (AddParameter): Name = "Capacitance"; Value = "100nF"; VariantName = "[No Variations]"
Change component parameters (AddParameter): Name = "Case Code (Imperial)"; Value = "0402"; VariantName = "[No Variations]"
Change component parameters (AddParameter): Name = "Case Code (Metric)"; Value = "1005"; VariantName = "[No Variations]"
Change component parameters (AddParameter): Name = "Case/Package"; Value = "0402"; VariantName = "[No Variations]"
Change component parameters (AddParameter): Name = "Depth"; Value = "0.5mm"; VariantName = "[No Variations]"
Change component parameters (AddParameter): Name = "Dielectric"; Value = "X7R"; VariantName = "[No Variations]"
Change component parameters (AddParameter): Name = "Dielectric Material"; Value = "Ceramic"; VariantName = "[No Variations]"
Change component parameters (AddParameter): Name = "Height"; Value = "0.5mm"; VariantName = "[No Variations]"
Change component parameters (AddParameter): Name = "Lead Free"; Value = "Lead Free"; VariantName = "[No Variations]"
Change component parameters (AddParameter): Name = "Length"; Value = "1mm"; VariantName = "[No Variations]"
Change component parameters (AddParameter): Name = "Max Operating Temperature"; Value = "125°C"; VariantName = "[No Variations]"
Change component parameters (AddParameter): Name = "Min Operating Temperature"; Value = "-55°C"; VariantName = "[No Variations]"
Change component parameters (AddParameter): Name = "Mount"; Value = "Surface Mount"; VariantName = "[No Variations]"
Change component parameters (AddParameter): Name = "Package Quantity"; Value = "10000"; VariantName = "[No Variations]"
Change component parameters (AddParameter): Name = "Packaging"; Value = "Tape and Reel"; VariantName = "[No Variations]"
Change component parameters (AddParameter): Name = "Resistor Type"; Value = "Ceramic"; VariantName = "[No Variations]"
Change component parameters (AddParameter): Name = "Termination"; Value = "SMD/SMT"; VariantName = "[No Variations]"
Change component parameters (AddParameter): Name = "Thickness"; Value = "0.022inch"; VariantName = "[No Variations]"
Change component parameters (AddParameter): Name = "Tolerance"; Value = "10%"; VariantName = "[No Variations]"
Change component parameters (AddParameter): Name = "Voltage"; Value = "25V"; VariantName = "[No Variations]"
Change component parameters (AddParameter): Name = "Voltage Rating"; Value = "25V"; VariantName = "[No Variations]"
Change component parameters (AddParameter): Name = "Voltage Rating (DC)"; Value = "25V"; VariantName = "[No Variations]"
Change component parameters (AddParameter): Name = "Weight"; Value = "0.000212oz"; VariantName = "[No Variations]"
Change component parameters (AddParameter): Name = "Width"; Value = "0.02inch"; VariantName = "[No Variations]"
Change component parameters: Designator = "C15_PowerModuleCell_M2" ("C15"); Footprint = "CAPC2012X88N"; UniqueID = "\HLKPTOVM\KSBFEUMU" ("\HLKPTOVM\KSBFEUMU")
Change component parameters (AddParameter): Name = "Capacitance"; Value = "100nF"; VariantName = "[No Variations]"
Change component parameters (AddParameter): Name = "Case Code (Imperial)"; Value = "0402"; VariantName = "[No Variations]"
Change component parameters (AddParameter): Name = "Case Code (Metric)"; Value = "1005"; VariantName = "[No Variations]"
Change component parameters (AddParameter): Name = "Case/Package"; Value = "0402"; VariantName = "[No Variations]"
Change component parameters (AddParameter): Name = "Depth"; Value = "0.5mm"; VariantName = "[No Variations]"
Change component parameters (AddParameter): Name = "Dielectric"; Value = "X7R"; VariantName = "[No Variations]"
Change component parameters (AddParameter): Name = "Dielectric Material"; Value = "Ceramic"; VariantName = "[No Variations]"
Change component parameters (AddParameter): Name = "Height"; Value = "0.5mm"; VariantName = "[No Variations]"
Change component parameters (AddParameter): Name = "Lead Free"; Value = "Lead Free"; VariantName = "[No Variations]"
Change component parameters (AddParameter): Name = "Length"; Value = "1mm"; VariantName = "[No Variations]"
Change component parameters (AddParameter): Name = "Max Operating Temperature"; Value = "125°C"; VariantName = "[No Variations]"
Change component parameters (AddParameter): Name = "Min Operating Temperature"; Value = "-55°C"; VariantName = "[No Variations]"
Change component parameters (AddParameter): Name = "Mount"; Value = "Surface Mount"; VariantName = "[No Variations]"
Change component parameters (AddParameter): Name = "Package Quantity"; Value = "10000"; VariantName = "[No Variations]"
Change component parameters (AddParameter): Name = "Packaging"; Value = "Tape and Reel"; VariantName = "[No Variations]"
Change component parameters (AddParameter): Name = "Resistor Type"; Value = "Ceramic"; VariantName = "[No Variations]"
Change component parameters (AddParameter): Name = "Termination"; Value = "SMD/SMT"; VariantName = "[No Variations]"
Change component parameters (AddParameter): Name = "Thickness"; Value = "0.022inch"; VariantName = "[No Variations]"
Change component parameters (AddParameter): Name = "Tolerance"; Value = "10%"; VariantName = "[No Variations]"
Change component parameters (AddParameter): Name = "Voltage"; Value = "25V"; VariantName = "[No Variations]"
Change component parameters (AddParameter): Name = "Voltage Rating"; Value = "25V"; VariantName = "[No Variations]"
Change component parameters (AddParameter): Name = "Voltage Rating (DC)"; Value = "25V"; VariantName = "[No Variations]"
Change component parameters (AddParameter): Name = "Weight"; Value = "0.000212oz"; VariantName = "[No Variations]"
Change component parameters (AddParameter): Name = "Width"; Value = "0.02inch"; VariantName = "[No Variations]"
Change component parameters: Designator = "C15_PowerModuleCell_M3" ("C15"); Footprint = "CAPC2012X88N"; UniqueID = "\RXGTYWUX\KSBFEUMU" ("\RXGTYWUX\KSBFEUMU")
Change component parameters (AddParameter): Name = "Capacitance"; Value = "100nF"; VariantName = "[No Variations]"
Change component parameters (AddParameter): Name = "Case Code (Imperial)"; Value = "0402"; VariantName = "[No Variations]"
Change component parameters (AddParameter): Name = "Case Code (Metric)"; Value = "1005"; VariantName = "[No Variations]"
Change component parameters (AddParameter): Name = "Case/Package"; Value = "0402"; VariantName = "[No Variations]"
Change component parameters (AddParameter): Name = "Depth"; Value = "0.5mm"; VariantName = "[No Variations]"
Change component parameters (AddParameter): Name = "Dielectric"; Value = "X7R"; VariantName = "[No Variations]"
Change component parameters (AddParameter): Name = "Dielectric Material"; Value = "Ceramic"; VariantName = "[No Variations]"
Change component parameters (AddParameter): Name = "Height"; Value = "0.5mm"; VariantName = "[No Variations]"
Change component parameters (AddParameter): Name = "Lead Free"; Value = "Lead Free"; VariantName = "[No Variations]"
Change component parameters (AddParameter): Name = "Length"; Value = "1mm"; VariantName = "[No Variations]"
Change component parameters (AddParameter): Name = "Max Operating Temperature"; Value = "125°C"; VariantName = "[No Variations]"
Change component parameters (AddParameter): Name = "Min Operating Temperature"; Value = "-55°C"; VariantName = "[No Variations]"
Change component parameters (AddParameter): Name = "Mount"; Value = "Surface Mount"; VariantName = "[No Variations]"
Change component parameters (AddParameter): Name = "Package Quantity"; Value = "10000"; VariantName = "[No Variations]"
Change component parameters (AddParameter): Name = "Packaging"; Value = "Tape and Reel"; VariantName = "[No Variations]"
Change component parameters (AddParameter): Name = "Resistor Type"; Value = "Ceramic"; VariantName = "[No Variations]"
Change component parameters (AddParameter): Name = "Termination"; Value = "SMD/SMT"; VariantName = "[No Variations]"
Change component parameters (AddParameter): Name = "Thickness"; Value = "0.022inch"; VariantName = "[No Variations]"
Change component parameters (AddParameter): Name = "Tolerance"; Value = "10%"; VariantName = "[No Variations]"
Change component parameters (AddParameter): Name = "Voltage"; Value = "25V"; VariantName = "[No Variations]"
Change component parameters (AddParameter): Name = "Voltage Rating"; Value = "25V"; VariantName = "[No Variations]"
Change component parameters (AddParameter): Name = "Voltage Rating (DC)"; Value = "25V"; VariantName = "[No Variations]"
Change component parameters (AddParameter): Name = "Weight"; Value = "0.000212oz"; VariantName = "[No Variations]"
Change component parameters (AddParameter): Name = "Width"; Value = "0.02inch"; VariantName = "[No Variations]"
Change component parameters: Designator = "C15_PowerModuleCell_M4" ("C15"); Footprint = "CAPC2012X88N"; UniqueID = "\JBEDTDUD\KSBFEUMU" ("\JBEDTDUD\KSBFEUMU")
Change component parameters (AddParameter): Name = "Capacitance"; Value = "100nF"; VariantName = "[No Variations]"
Change component parameters (AddParameter): Name = "Case Code (Imperial)"; Value = "0402"; VariantName = "[No Variations]"
Change component parameters (AddParameter): Name = "Case Code (Metric)"; Value = "1005"; VariantName = "[No Variations]"
Change component parameters (AddParameter): Name = "Case/Package"; Value = "0402"; VariantName = "[No Variations]"
Change component parameters (AddParameter): Name = "Depth"; Value = "0.5mm"; VariantName = "[No Variations]"
Change component parameters (AddParameter): Name = "Dielectric"; Value = "X7R"; VariantName = "[No Variations]"
Change component parameters (AddParameter): Name = "Dielectric Material"; Value = "Ceramic"; VariantName = "[No Variations]"
Change component parameters (AddParameter): Name = "Height"; Value = "0.5mm"; VariantName = "[No Variations]"
Change component parameters (AddParameter): Name = "Lead Free"; Value = "Lead Free"; VariantName = "[No Variations]"
Change component parameters (AddParameter): Name = "Length"; Value = "1mm"; VariantName = "[No Variations]"
Change component parameters (AddParameter): Name = "Max Operating Temperature"; Value = "125°C"; VariantName = "[No Variations]"
Change component parameters (AddParameter): Name = "Min Operating Temperature"; Value = "-55°C"; VariantName = "[No Variations]"
Change component parameters (AddParameter): Name = "Mount"; Value = "Surface Mount"; VariantName = "[No Variations]"
Change component parameters (AddParameter): Name = "Package Quantity"; Value = "10000"; VariantName = "[No Variations]"
Change component parameters (AddParameter): Name = "Packaging"; Value = "Tape and Reel"; VariantName = "[No Variations]"
Change component parameters (AddParameter): Name = "Resistor Type"; Value = "Ceramic"; VariantName = "[No Variations]"
Change component parameters (AddParameter): Name = "Termination"; Value = "SMD/SMT"; VariantName = "[No Variations]"
Change component parameters (AddParameter): Name = "Thickness"; Value = "0.022inch"; VariantName = "[No Variations]"
Change component parameters (AddParameter): Name = "Tolerance"; Value = "10%"; VariantName = "[No Variations]"
Change component parameters (AddParameter): Name = "Voltage"; Value = "25V"; VariantName = "[No Variations]"
Change component parameters (AddParameter): Name = "Voltage Rating"; Value = "25V"; VariantName = "[No Variations]"
Change component parameters (AddParameter): Name = "Voltage Rating (DC)"; Value = "25V"; VariantName = "[No Variations]"
Change component parameters (AddParameter): Name = "Weight"; Value = "0.000212oz"; VariantName = "[No Variations]"
Change component parameters (AddParameter): Name = "Width"; Value = "0.02inch"; VariantName = "[No Variations]"
Added Pin To Net: NetName=Vcc_2 Pin=C15_PowerModuleCell_M1-1
Added Pin To Net: NetName=GND_2 Pin=C15_PowerModuleCell_M1-2
Added Pin To Net: NetName=Vcc_2 Pin=C15_PowerModuleCell_M2-1
Added Pin To Net: NetName=GND_2 Pin=C15_PowerModuleCell_M2-2
Added Pin To Net: NetName=Vcc_2 Pin=C15_PowerModuleCell_M3-1
Added Pin To Net: NetName=GND_2 Pin=C15_PowerModuleCell_M3-2
Added Pin To Net: NetName=Vcc_2 Pin=C15_PowerModuleCell_M4-1
Added Pin To Net: NetName=GND_2 Pin=C15_PowerModuleCell_M4-2
Added Member To Class: ClassName=PowerModuleCell_M1 Member=Component C15_PowerModuleCell_M1 (C15) 100nF, 25v, X5R, 0402
Added Member To Class: ClassName=PowerModuleCell_M2 Member=Component C15_PowerModuleCell_M2 (C15) 100nF, 25v, X5R, 0402
Added Member To Class: ClassName=PowerModuleCell_M3 Member=Component C15_PowerModuleCell_M3 (C15) 100nF, 25v, X5R, 0402
Added Member To Class: ClassName=PowerModuleCell_M4 Member=Component C15_PowerModuleCell_M4 (C15) 100nF, 25v, X5R, 0402
Added Member To Class: ClassName=PowerModuleCell_M1 Member=Component C16_PowerModuleCell_M1 (C16) 100nF, 50v, X7R, 0402
Added Member To Class: ClassName=PowerModuleCell_M2 Member=Component C16_PowerModuleCell_M2 (C16) 100nF, 50v, X7R, 0402
Added Member To Class: ClassName=PowerModuleCell_M3 Member=Component C16_PowerModuleCell_M3 (C16) 100nF, 50v, X7R, 0402
Added Member To Class: ClassName=20V_Isolator Member=Component C19 10uF, 50V, 10%, 2917
Added Member To Class: ClassName=LDO_3V3 Member=Component C21 1uF, 50V, X5R, 0402
Added Member To Class: ClassName=LDO_3V3 Member=Component C23 100nF, 50v, X7R, 0402
Added Member To Class: ClassName=LDO_3V3 Member=Component C24 1uF, 50V, X5R, 0402
Added Member To Class: ClassName=ISO_Signals Member=Component C26 10nF, 50V, X7R, 06023
Added Member To Class: ClassName=Amplifier_K-51 Member=Component C30_Amplifier_K-51 (C30) 470nF, 50v, X7R, 0603
Added Member To Class: ClassName=Amplifier_K-52 Member=Component C30_Amplifier_K-52 (C30) 470nF, 50v, X7R, 0603
Added Member To Class: ClassName=Amplifier_K-51 Member=Component C31_Amplifier_K-51 (C31) 470nF, 50v, X7R, 0603
Added Member To Class: ClassName=Amplifier_K-52 Member=Component C31_Amplifier_K-52 (C31) 470nF, 50v, X7R, 0603
Added Member To Class: ClassName=Amplifier_K-51 Member=Component C32_Amplifier_K-51 (C32) 470nF, 50v, X7R, 0603
Added Member To Class: ClassName=Amplifier_K-52 Member=Component C32_Amplifier_K-52 (C32) 470nF, 50v, X7R, 0603
Added Member To Class: ClassName=Amplifier_K-51 Member=Component C33_Amplifier_K-51 (C33) 470nF, 50v, X7R, 0603
Added Member To Class: ClassName=Amplifier_K-52 Member=Component C33_Amplifier_K-52 (C33) 470nF, 50v, X7R, 0603
Added Member To Class: ClassName=Amplifier_K-51 Member=Component C34_Amplifier_K-51 (C34) 470nF, 50v, X7R, 0603
Added Member To Class: ClassName=Amplifier_K-52 Member=Component C34_Amplifier_K-52 (C34) 470nF, 50v, X7R, 0603
Added Member To Class: ClassName=Amplifier_K-51 Member=Component C35_Amplifier_K-51 (C35) 470nF, 50v, X7R, 0603
Added Member To Class: ClassName=Amplifier_K-52 Member=Component C35_Amplifier_K-52 (C35) 470nF, 50v, X7R, 0603
Added Member To Class: ClassName=Amplifier_K-51 Member=Component C36_Amplifier_K-51 (C36) 470nF, 50v, X7R, 0603
Added Member To Class: ClassName=Amplifier_K-52 Member=Component C36_Amplifier_K-52 (C36) 470nF, 50v, X7R, 0603
Added Member To Class: ClassName=Vref-2v5 Member=Component C38 10uF, 50V, X5R, 1206
Added Room: Name=PowerModuleCell_M1
Added Room: Name=PowerModuleCell_M2
Added Room: Name=PowerModuleCell_M3
Added Room: Name=PowerModuleCell_M4
