Removed Pin From Net: NetName=Vcc Pin=J29-1
Change Component Designator: OldDesignator=J28 NewDesignator=J30
Change Component Designator: OldDesignator=J30 NewDesignator=J32
Change Component Designator: OldDesignator=J31 NewDesignator=J33
Change Component Designator: OldDesignator=J32 NewDesignator=J36
Change Component Designator: OldDesignator=J33 NewDesignator=J37
Change Component Designator: OldDesignator=J34 NewDesignator=J38
Change Component Designator: OldDesignator=J35 NewDesignator=J39
Change Component Designator: OldDesignator=J36_PowerModuleCell_M1 NewDesignator=J40_PowerModuleCell_M1
Change Component Designator: OldDesignator=J36_PowerModuleCell_M2 NewDesignator=J40_PowerModuleCell_M2
Change Component Designator: OldDesignator=J36_PowerModuleCell_M3 NewDesignator=J40_PowerModuleCell_M3
Change Component Designator: OldDesignator=J36_PowerModuleCell_M4 NewDesignator=J40_PowerModuleCell_M4
Change Component Designator: OldDesignator=J37_PowerModuleCell_M1 NewDesignator=J41_PowerModuleCell_M1
Change Component Designator: OldDesignator=J37_PowerModuleCell_M2 NewDesignator=J41_PowerModuleCell_M2
Change Component Designator: OldDesignator=J37_PowerModuleCell_M3 NewDesignator=J41_PowerModuleCell_M3
Change Component Designator: OldDesignator=J37_PowerModuleCell_M4 NewDesignator=J41_PowerModuleCell_M4
Change Component Designator: OldDesignator=J38_PowerModuleCell_M1 NewDesignator=J42_PowerModuleCell_M1
Change Component Designator: OldDesignator=J38_PowerModuleCell_M2 NewDesignator=J42_PowerModuleCell_M2
Change Component Designator: OldDesignator=J38_PowerModuleCell_M3 NewDesignator=J42_PowerModuleCell_M3
Change Component Designator: OldDesignator=J38_PowerModuleCell_M4 NewDesignator=J42_PowerModuleCell_M4
Change Component Designator: OldDesignator=J39_PowerModuleCell_M1 NewDesignator=J43_PowerModuleCell_M1
Change Component Designator: OldDesignator=J39_PowerModuleCell_M2 NewDesignator=J43_PowerModuleCell_M2
Change Component Designator: OldDesignator=J39_PowerModuleCell_M3 NewDesignator=J43_PowerModuleCell_M3
Change Component Designator: OldDesignator=J39_PowerModuleCell_M4 NewDesignator=J43_PowerModuleCell_M4
Added Component: Designator=J28(TestPad)
Add component (AddParameter): Name = "Arrow Part Number"; Value = ""; VariantName = "[No Variations]"
Add component (AddParameter): Name = "Arrow Price/Stock"; Value = ""; VariantName = "[No Variations]"
Add component (AddParameter): Name = "Datasheet Link"; Value = "https://katalog.we-online.de/em/datasheet/6130xx11121.pdf"; VariantName = "[No Variations]"
Add component (AddParameter): Name = "Height"; Value = "8.89mm"; VariantName = "[No Variations]"
Add component (AddParameter): Name = "Manufacturer_Name"; Value = "Wurth Elektronik"; VariantName = "[No Variations]"
Add component (AddParameter): Name = "Manufacturer_Part_Number"; Value = "61300111121"; VariantName = "[No Variations]"
Add component (AddParameter): Name = "Mouser Part Number"; Value = "710-61300111121"; VariantName = "[No Variations]"
Add component (AddParameter): Name = "Mouser Price/Stock"; Value = "https://www.mouser.co.uk/ProductDetail/Wurth-Elektronik/61300111121?qs=PhR8RmCirEaRH5Ck%252B2lRLQ%3D%3D"; VariantName = "[No Variations]"
Added Component: Designator=J31(TestPad)
Add component (AddParameter): Name = "Arrow Part Number"; Value = ""; VariantName = "[No Variations]"
Add component (AddParameter): Name = "Arrow Price/Stock"; Value = ""; VariantName = "[No Variations]"
Add component (AddParameter): Name = "Datasheet Link"; Value = "https://katalog.we-online.de/em/datasheet/6130xx11121.pdf"; VariantName = "[No Variations]"
Add component (AddParameter): Name = "Height"; Value = "8.89mm"; VariantName = "[No Variations]"
Add component (AddParameter): Name = "Manufacturer_Name"; Value = "Wurth Elektronik"; VariantName = "[No Variations]"
Add component (AddParameter): Name = "Manufacturer_Part_Number"; Value = "61300111121"; VariantName = "[No Variations]"
Add component (AddParameter): Name = "Mouser Part Number"; Value = "710-61300111121"; VariantName = "[No Variations]"
Add component (AddParameter): Name = "Mouser Price/Stock"; Value = "https://www.mouser.co.uk/ProductDetail/Wurth-Elektronik/61300111121?qs=PhR8RmCirEaRH5Ck%252B2lRLQ%3D%3D"; VariantName = "[No Variations]"
Added Component: Designator=J34(TestPad)
Add component (AddParameter): Name = "Arrow Part Number"; Value = ""; VariantName = "[No Variations]"
Add component (AddParameter): Name = "Arrow Price/Stock"; Value = ""; VariantName = "[No Variations]"
Add component (AddParameter): Name = "Datasheet Link"; Value = "https://katalog.we-online.de/em/datasheet/6130xx11121.pdf"; VariantName = "[No Variations]"
Add component (AddParameter): Name = "Height"; Value = "8.89mm"; VariantName = "[No Variations]"
Add component (AddParameter): Name = "Manufacturer_Name"; Value = "Wurth Elektronik"; VariantName = "[No Variations]"
Add component (AddParameter): Name = "Manufacturer_Part_Number"; Value = "61300111121"; VariantName = "[No Variations]"
Add component (AddParameter): Name = "Mouser Part Number"; Value = "710-61300111121"; VariantName = "[No Variations]"
Add component (AddParameter): Name = "Mouser Price/Stock"; Value = "https://www.mouser.co.uk/ProductDetail/Wurth-Elektronik/61300111121?qs=PhR8RmCirEaRH5Ck%252B2lRLQ%3D%3D"; VariantName = "[No Variations]"
Added Component: Designator=J35(TestPad)
Add component (AddParameter): Name = "Arrow Part Number"; Value = ""; VariantName = "[No Variations]"
Add component (AddParameter): Name = "Arrow Price/Stock"; Value = ""; VariantName = "[No Variations]"
Add component (AddParameter): Name = "Datasheet Link"; Value = "https://katalog.we-online.de/em/datasheet/6130xx11121.pdf"; VariantName = "[No Variations]"
Add component (AddParameter): Name = "Height"; Value = "8.89mm"; VariantName = "[No Variations]"
Add component (AddParameter): Name = "Manufacturer_Name"; Value = "Wurth Elektronik"; VariantName = "[No Variations]"
Add component (AddParameter): Name = "Manufacturer_Part_Number"; Value = "61300111121"; VariantName = "[No Variations]"
Add component (AddParameter): Name = "Mouser Part Number"; Value = "710-61300111121"; VariantName = "[No Variations]"
Add component (AddParameter): Name = "Mouser Price/Stock"; Value = "https://www.mouser.co.uk/ProductDetail/Wurth-Elektronik/61300111121?qs=PhR8RmCirEaRH5Ck%252B2lRLQ%3D%3D"; VariantName = "[No Variations]"
Added Pin To Net: NetName=Vbus Pin=J28-1
Added Pin To Net: NetName=Vbus Pin=J29-1
Added Pin To Net: NetName=Vcc Pin=J30-1
Added Pin To Net: NetName=Vcc Pin=J31-1
Added Pin To Net: NetName=GND Pin=J34-1
Added Pin To Net: NetName=GND Pin=J35-1
Added Member To Class: ClassName=PowerModule Member=Component J36 TestPad
Added Member To Class: ClassName=PowerModule Member=Component J37 TestPad
Added Member To Class: ClassName=PowerModule Member=Component J38 TestPad
Added Member To Class: ClassName=PowerModule Member=Component J39 TestPad
