Removed Pin From Net: NetName=Vcc Pin=C8_PowerModuleCell_M1-1
Removed Pin From Net: NetName=Shunt_L_PowerModuleCell_M1 Pin=C8_PowerModuleCell_M1-2
Removed Pin From Net: NetName=Vcc_F Pin=C9_PowerModuleCell_M1-1
Removed Pin From Net: NetName=Shunt_L_PowerModuleCell_M1 Pin=C9_PowerModuleCell_M1-2
Removed Pin From Net: NetName=Vcc_F Pin=L2_PowerModuleCell_M1-1
Removed Pin From Net: NetName=Vcc Pin=L2_PowerModuleCell_M1-2
Removed Pin From Net: NetName=Vcc_F Pin=L2_PowerModuleCell_M2-1
Removed Pin From Net: NetName=Vcc Pin=L2_PowerModuleCell_M2-2
Removed Pin From Net: NetName=Vcc_F Pin=L2_PowerModuleCell_M3-1
Removed Pin From Net: NetName=Vcc Pin=L2_PowerModuleCell_M3-2
Removed Pin From Net: NetName=Vcc_F Pin=L2_PowerModuleCell_M4-1
Removed Pin From Net: NetName=Vcc Pin=L2_PowerModuleCell_M4-2
Removed Pin From Net: NetName=SDA Pin=U3_PowerModuleCell_M1-A1
Removed Pin From Net: NetName=SCL Pin=U3_PowerModuleCell_M1-A2
Removed Member From Class: ClassName=PowerModuleCell_M1 Member=C8_PowerModuleCell_M1
Removed Member From Class: ClassName=PowerModuleCell_M2 Member=C8_PowerModuleCell_M2
Removed Member From Class: ClassName=PowerModuleCell_M3 Member=C8_PowerModuleCell_M3
Removed Member From Class: ClassName=PowerModuleCell_M4 Member=C8_PowerModuleCell_M4
Removed Member From Class: ClassName=PowerModuleCell_M1 Member=C9_PowerModuleCell_M1
Removed Member From Class: ClassName=PowerModuleCell_M2 Member=C9_PowerModuleCell_M2
Removed Member From Class: ClassName=PowerModuleCell_M3 Member=C9_PowerModuleCell_M3
Removed Member From Class: ClassName=PowerModuleCell_M4 Member=C9_PowerModuleCell_M4
Removed Member From Class: ClassName=PowerModuleCell_M1 Member=L2_PowerModuleCell_M1
Removed Member From Class: ClassName=PowerModuleCell_M2 Member=L2_PowerModuleCell_M2
Removed Member From Class: ClassName=PowerModuleCell_M3 Member=L2_PowerModuleCell_M3
Removed Member From Class: ClassName=PowerModuleCell_M4 Member=L2_PowerModuleCell_M4
Added Component: Designator=J3(FP-5019-MFG)
Add component (AddParameter): Name = "Contact Material"; Value = "Bronze, Silver"; VariantName = "[No Variations]"
Add component (AddParameter): Name = "Contact Plating"; Value = "Silver"; VariantName = "[No Variations]"
Add component (AddParameter): Name = "Height"; Value = "2.286mm"; VariantName = "[No Variations]"
Add component (AddParameter): Name = "Lead Free"; Value = "Lead Free"; VariantName = "[No Variations]"
Add component (AddParameter): Name = "Material"; Value = "Bronze"; VariantName = "[No Variations]"
Add component (AddParameter): Name = "Mount"; Value = "Surface Mount"; VariantName = "[No Variations]"
Add component (AddParameter): Name = "NexarPartId"; Value = "22052288"; VariantName = "[No Variations]"
Add component (AddParameter): Name = "Number of Contacts"; Value = "1"; VariantName = "[No Variations]"
Add component (AddParameter): Name = "Number of Pins"; Value = "1"; VariantName = "[No Variations]"
Add component (AddParameter): Name = "Packaging"; Value = "Tape and Reel"; VariantName = "[No Variations]"
Add component (AddParameter): Name = "REACH SVHC"; Value = "No SVHC"; VariantName = "[No Variations]"
Add component (AddParameter): Name = "RoHS"; Value = "Compliant"; VariantName = "[No Variations]"
Add component (AddParameter): Name = "Termination"; Value = "SMD/SMT"; VariantName = "[No Variations]"
Added Component: Designator=J4(FP-5019-MFG)
Add component (AddParameter): Name = "Contact Material"; Value = "Bronze, Silver"; VariantName = "[No Variations]"
Add component (AddParameter): Name = "Contact Plating"; Value = "Silver"; VariantName = "[No Variations]"
Add component (AddParameter): Name = "Height"; Value = "2.286mm"; VariantName = "[No Variations]"
Add component (AddParameter): Name = "Lead Free"; Value = "Lead Free"; VariantName = "[No Variations]"
Add component (AddParameter): Name = "Material"; Value = "Bronze"; VariantName = "[No Variations]"
Add component (AddParameter): Name = "Mount"; Value = "Surface Mount"; VariantName = "[No Variations]"
Add component (AddParameter): Name = "NexarPartId"; Value = "22052288"; VariantName = "[No Variations]"
Add component (AddParameter): Name = "Number of Contacts"; Value = "1"; VariantName = "[No Variations]"
Add component (AddParameter): Name = "Number of Pins"; Value = "1"; VariantName = "[No Variations]"
Add component (AddParameter): Name = "Packaging"; Value = "Tape and Reel"; VariantName = "[No Variations]"
Add component (AddParameter): Name = "REACH SVHC"; Value = "No SVHC"; VariantName = "[No Variations]"
Add component (AddParameter): Name = "RoHS"; Value = "Compliant"; VariantName = "[No Variations]"
Add component (AddParameter): Name = "Termination"; Value = "SMD/SMT"; VariantName = "[No Variations]"
Added Component: Designator=J5(FP-5019-MFG)
Add component (AddParameter): Name = "Contact Material"; Value = "Bronze, Silver"; VariantName = "[No Variations]"
Add component (AddParameter): Name = "Contact Plating"; Value = "Silver"; VariantName = "[No Variations]"
Add component (AddParameter): Name = "Height"; Value = "2.286mm"; VariantName = "[No Variations]"
Add component (AddParameter): Name = "Lead Free"; Value = "Lead Free"; VariantName = "[No Variations]"
Add component (AddParameter): Name = "Material"; Value = "Bronze"; VariantName = "[No Variations]"
Add component (AddParameter): Name = "Mount"; Value = "Surface Mount"; VariantName = "[No Variations]"
Add component (AddParameter): Name = "NexarPartId"; Value = "22052288"; VariantName = "[No Variations]"
Add component (AddParameter): Name = "Number of Contacts"; Value = "1"; VariantName = "[No Variations]"
Add component (AddParameter): Name = "Number of Pins"; Value = "1"; VariantName = "[No Variations]"
Add component (AddParameter): Name = "Packaging"; Value = "Tape and Reel"; VariantName = "[No Variations]"
Add component (AddParameter): Name = "REACH SVHC"; Value = "No SVHC"; VariantName = "[No Variations]"
Add component (AddParameter): Name = "RoHS"; Value = "Compliant"; VariantName = "[No Variations]"
Add component (AddParameter): Name = "Termination"; Value = "SMD/SMT"; VariantName = "[No Variations]"
Added Component: Designator=J6(FP-5019-MFG)
Add component (AddParameter): Name = "Contact Material"; Value = "Bronze, Silver"; VariantName = "[No Variations]"
Add component (AddParameter): Name = "Contact Plating"; Value = "Silver"; VariantName = "[No Variations]"
Add component (AddParameter): Name = "Height"; Value = "2.286mm"; VariantName = "[No Variations]"
Add component (AddParameter): Name = "Lead Free"; Value = "Lead Free"; VariantName = "[No Variations]"
Add component (AddParameter): Name = "Material"; Value = "Bronze"; VariantName = "[No Variations]"
Add component (AddParameter): Name = "Mount"; Value = "Surface Mount"; VariantName = "[No Variations]"
Add component (AddParameter): Name = "NexarPartId"; Value = "22052288"; VariantName = "[No Variations]"
Add component (AddParameter): Name = "Number of Contacts"; Value = "1"; VariantName = "[No Variations]"
Add component (AddParameter): Name = "Number of Pins"; Value = "1"; VariantName = "[No Variations]"
Add component (AddParameter): Name = "Packaging"; Value = "Tape and Reel"; VariantName = "[No Variations]"
Add component (AddParameter): Name = "REACH SVHC"; Value = "No SVHC"; VariantName = "[No Variations]"
Add component (AddParameter): Name = "RoHS"; Value = "Compliant"; VariantName = "[No Variations]"
Add component (AddParameter): Name = "Termination"; Value = "SMD/SMT"; VariantName = "[No Variations]"
Added Component: Designator=J7(FP-5019-MFG)
Add component (AddParameter): Name = "Contact Material"; Value = "Bronze, Silver"; VariantName = "[No Variations]"
Add component (AddParameter): Name = "Contact Plating"; Value = "Silver"; VariantName = "[No Variations]"
Add component (AddParameter): Name = "Height"; Value = "2.286mm"; VariantName = "[No Variations]"
Add component (AddParameter): Name = "Lead Free"; Value = "Lead Free"; VariantName = "[No Variations]"
Add component (AddParameter): Name = "Material"; Value = "Bronze"; VariantName = "[No Variations]"
Add component (AddParameter): Name = "Mount"; Value = "Surface Mount"; VariantName = "[No Variations]"
Add component (AddParameter): Name = "NexarPartId"; Value = "22052288"; VariantName = "[No Variations]"
Add component (AddParameter): Name = "Number of Contacts"; Value = "1"; VariantName = "[No Variations]"
Add component (AddParameter): Name = "Number of Pins"; Value = "1"; VariantName = "[No Variations]"
Add component (AddParameter): Name = "Packaging"; Value = "Tape and Reel"; VariantName = "[No Variations]"
Add component (AddParameter): Name = "REACH SVHC"; Value = "No SVHC"; VariantName = "[No Variations]"
Add component (AddParameter): Name = "RoHS"; Value = "Compliant"; VariantName = "[No Variations]"
Add component (AddParameter): Name = "Termination"; Value = "SMD/SMT"; VariantName = "[No Variations]"
Added Component: Designator=J8(FP-1-770971-1-MFG)
Add component (AddParameter): Name = "Automotive"; Value = "No"; VariantName = "[No Variations]"
Add component (AddParameter): Name = "Category"; Value = "Conn"; VariantName = "[No Variations]"
Add component (AddParameter): Name = "ComponentLink2Description"; Value = "Datasheet"; VariantName = "[No Variations]"
Add component (AddParameter): Name = "ComponentLink2URL"; Value = "https://www.te.com/usa-en/product-1-770971-1.html?te_bu=Cor&te_type=other&te_campaign=oct_glo_cor-oct-global-oth-prtnr-fy19-oct-octo-buy-bom_sma-298_2&elqCampaignId=35216"; VariantName = "[No Variations]"
Add component (AddParameter): Name = "Conn Gender"; Value = "Male"; VariantName = "[No Variations]"
Add component (AddParameter): Name = "Conn Orientation"; Value = "Right Angle"; VariantName = "[No Variations]"
Add component (AddParameter): Name = "Contact Material"; Value = "Gold,Nickel"; VariantName = "[No Variations]"
Add component (AddParameter): Name = "Current Rating"; Value = "9.5A"; VariantName = "[No Variations]"
Add component (AddParameter): Name = "Device Class L1"; Value = "Connectors"; VariantName = "[No Variations]"
Add component (AddParameter): Name = "Device Class L2"; Value = "Headers and Wire Housings"; VariantName = "[No Variations]"
Add component (AddParameter): Name = "Device Class L3"; Value = "unset"; VariantName = "[No Variations]"
Add component (AddParameter): Name = "Digikey Description"; Value = "CONN HEADER R/A 10POS 4.14MM"; VariantName = "[No Variations]"
Add component (AddParameter): Name = "Height"; Value = "11.86mm"; VariantName = "[No Variations]"
Add component (AddParameter): Name = "Lead Free"; Value = "Yes"; VariantName = "[No Variations]"
Add component (AddParameter): Name = "Manufacturer"; Value = "TE Connectivity"; VariantName = "[No Variations]"
Add component (AddParameter): Name = "Manufacturer Part Number"; Value = "1-770971-1"; VariantName = "[No Variations]"
Add component (AddParameter): Name = "Mouser Description"; Value = "Pin & Socket Connectors HEADER 10 POS R/A GOLD DUAL ROW"; VariantName = "[No Variations]"
Add component (AddParameter): Name = "Number Of Contacts"; Value = "10"; VariantName = "[No Variations]"
Add component (AddParameter): Name = "Number Of Rows"; Value = "2"; VariantName = "[No Variations]"
Add component (AddParameter): Name = "Octopart"; Value = "https://octopart.com/1-770971-1-te+connectivity-39529970"; VariantName = "[No Variations]"
Add component (AddParameter): Name = "Package"; Value = "1-770971-1"; VariantName = "[No Variations]"
Add component (AddParameter): Name = "Pitch"; Value = "4.14mm"; VariantName = "[No Variations]"
Add component (AddParameter): Name = "RoHS"; Value = "TRUE"; VariantName = "[No Variations]"
Add component (AddParameter): Name = "Standoff Height"; Value = "0.76mm"; VariantName = "[No Variations]"
Add component (AddParameter): Name = "Temperature"; Value = "-55°C to +105°C"; VariantName = "[No Variations]"
Add component (AddParameter): Name = "Temperature Range High"; Value = "+105°C"; VariantName = "[No Variations]"
Add component (AddParameter): Name = "Temperature Range Low"; Value = "-55°C"; VariantName = "[No Variations]"
Add component (AddParameter): Name = "Voltage Rating"; Value = "600V"; VariantName = "[No Variations]"
Added Component: Designator=J9(FP-5019-MFG)
Add component (AddParameter): Name = "Contact Material"; Value = "Bronze, Silver"; VariantName = "[No Variations]"
Add component (AddParameter): Name = "Contact Plating"; Value = "Silver"; VariantName = "[No Variations]"
Add component (AddParameter): Name = "Height"; Value = "2.286mm"; VariantName = "[No Variations]"
Add component (AddParameter): Name = "Lead Free"; Value = "Lead Free"; VariantName = "[No Variations]"
Add component (AddParameter): Name = "Material"; Value = "Bronze"; VariantName = "[No Variations]"
Add component (AddParameter): Name = "Mount"; Value = "Surface Mount"; VariantName = "[No Variations]"
Add component (AddParameter): Name = "NexarPartId"; Value = "22052288"; VariantName = "[No Variations]"
Add component (AddParameter): Name = "Number of Contacts"; Value = "1"; VariantName = "[No Variations]"
Add component (AddParameter): Name = "Number of Pins"; Value = "1"; VariantName = "[No Variations]"
Add component (AddParameter): Name = "Packaging"; Value = "Tape and Reel"; VariantName = "[No Variations]"
Add component (AddParameter): Name = "REACH SVHC"; Value = "No SVHC"; VariantName = "[No Variations]"
Add component (AddParameter): Name = "RoHS"; Value = "Compliant"; VariantName = "[No Variations]"
Add component (AddParameter): Name = "Termination"; Value = "SMD/SMT"; VariantName = "[No Variations]"
Added Component: Designator=J10(FP-5019-MFG)
Add component (AddParameter): Name = "Contact Material"; Value = "Bronze, Silver"; VariantName = "[No Variations]"
Add component (AddParameter): Name = "Contact Plating"; Value = "Silver"; VariantName = "[No Variations]"
Add component (AddParameter): Name = "Height"; Value = "2.286mm"; VariantName = "[No Variations]"
Add component (AddParameter): Name = "Lead Free"; Value = "Lead Free"; VariantName = "[No Variations]"
Add component (AddParameter): Name = "Material"; Value = "Bronze"; VariantName = "[No Variations]"
Add component (AddParameter): Name = "Mount"; Value = "Surface Mount"; VariantName = "[No Variations]"
Add component (AddParameter): Name = "NexarPartId"; Value = "22052288"; VariantName = "[No Variations]"
Add component (AddParameter): Name = "Number of Contacts"; Value = "1"; VariantName = "[No Variations]"
Add component (AddParameter): Name = "Number of Pins"; Value = "1"; VariantName = "[No Variations]"
Add component (AddParameter): Name = "Packaging"; Value = "Tape and Reel"; VariantName = "[No Variations]"
Add component (AddParameter): Name = "REACH SVHC"; Value = "No SVHC"; VariantName = "[No Variations]"
Add component (AddParameter): Name = "RoHS"; Value = "Compliant"; VariantName = "[No Variations]"
Add component (AddParameter): Name = "Termination"; Value = "SMD/SMT"; VariantName = "[No Variations]"
Added Component: Designator=J11(FP-5019-MFG)
Add component (AddParameter): Name = "Contact Material"; Value = "Bronze, Silver"; VariantName = "[No Variations]"
Add component (AddParameter): Name = "Contact Plating"; Value = "Silver"; VariantName = "[No Variations]"
Add component (AddParameter): Name = "Height"; Value = "2.286mm"; VariantName = "[No Variations]"
Add component (AddParameter): Name = "Lead Free"; Value = "Lead Free"; VariantName = "[No Variations]"
Add component (AddParameter): Name = "Material"; Value = "Bronze"; VariantName = "[No Variations]"
Add component (AddParameter): Name = "Mount"; Value = "Surface Mount"; VariantName = "[No Variations]"
Add component (AddParameter): Name = "NexarPartId"; Value = "22052288"; VariantName = "[No Variations]"
Add component (AddParameter): Name = "Number of Contacts"; Value = "1"; VariantName = "[No Variations]"
Add component (AddParameter): Name = "Number of Pins"; Value = "1"; VariantName = "[No Variations]"
Add component (AddParameter): Name = "Packaging"; Value = "Tape and Reel"; VariantName = "[No Variations]"
Add component (AddParameter): Name = "REACH SVHC"; Value = "No SVHC"; VariantName = "[No Variations]"
Add component (AddParameter): Name = "RoHS"; Value = "Compliant"; VariantName = "[No Variations]"
Add component (AddParameter): Name = "Termination"; Value = "SMD/SMT"; VariantName = "[No Variations]"
Added Component: Designator=J12(FP-5019-MFG)
Add component (AddParameter): Name = "Contact Material"; Value = "Bronze, Silver"; VariantName = "[No Variations]"
Add component (AddParameter): Name = "Contact Plating"; Value = "Silver"; VariantName = "[No Variations]"
Add component (AddParameter): Name = "Height"; Value = "2.286mm"; VariantName = "[No Variations]"
Add component (AddParameter): Name = "Lead Free"; Value = "Lead Free"; VariantName = "[No Variations]"
Add component (AddParameter): Name = "Material"; Value = "Bronze"; VariantName = "[No Variations]"
Add component (AddParameter): Name = "Mount"; Value = "Surface Mount"; VariantName = "[No Variations]"
Add component (AddParameter): Name = "NexarPartId"; Value = "22052288"; VariantName = "[No Variations]"
Add component (AddParameter): Name = "Number of Contacts"; Value = "1"; VariantName = "[No Variations]"
Add component (AddParameter): Name = "Number of Pins"; Value = "1"; VariantName = "[No Variations]"
Add component (AddParameter): Name = "Packaging"; Value = "Tape and Reel"; VariantName = "[No Variations]"
Add component (AddParameter): Name = "REACH SVHC"; Value = "No SVHC"; VariantName = "[No Variations]"
Add component (AddParameter): Name = "RoHS"; Value = "Compliant"; VariantName = "[No Variations]"
Add component (AddParameter): Name = "Termination"; Value = "SMD/SMT"; VariantName = "[No Variations]"
Added Component: Designator=J13(FP-5019-MFG)
Add component (AddParameter): Name = "Contact Material"; Value = "Bronze, Silver"; VariantName = "[No Variations]"
Add component (AddParameter): Name = "Contact Plating"; Value = "Silver"; VariantName = "[No Variations]"
Add component (AddParameter): Name = "Height"; Value = "2.286mm"; VariantName = "[No Variations]"
Add component (AddParameter): Name = "Lead Free"; Value = "Lead Free"; VariantName = "[No Variations]"
Add component (AddParameter): Name = "Material"; Value = "Bronze"; VariantName = "[No Variations]"
Add component (AddParameter): Name = "Mount"; Value = "Surface Mount"; VariantName = "[No Variations]"
Add component (AddParameter): Name = "NexarPartId"; Value = "22052288"; VariantName = "[No Variations]"
Add component (AddParameter): Name = "Number of Contacts"; Value = "1"; VariantName = "[No Variations]"
Add component (AddParameter): Name = "Number of Pins"; Value = "1"; VariantName = "[No Variations]"
Add component (AddParameter): Name = "Packaging"; Value = "Tape and Reel"; VariantName = "[No Variations]"
Add component (AddParameter): Name = "REACH SVHC"; Value = "No SVHC"; VariantName = "[No Variations]"
Add component (AddParameter): Name = "RoHS"; Value = "Compliant"; VariantName = "[No Variations]"
Add component (AddParameter): Name = "Termination"; Value = "SMD/SMT"; VariantName = "[No Variations]"
Added Component: Designator=J14(FP-5019-MFG)
Add component (AddParameter): Name = "Contact Material"; Value = "Bronze, Silver"; VariantName = "[No Variations]"
Add component (AddParameter): Name = "Contact Plating"; Value = "Silver"; VariantName = "[No Variations]"
Add component (AddParameter): Name = "Height"; Value = "2.286mm"; VariantName = "[No Variations]"
Add component (AddParameter): Name = "Lead Free"; Value = "Lead Free"; VariantName = "[No Variations]"
Add component (AddParameter): Name = "Material"; Value = "Bronze"; VariantName = "[No Variations]"
Add component (AddParameter): Name = "Mount"; Value = "Surface Mount"; VariantName = "[No Variations]"
Add component (AddParameter): Name = "NexarPartId"; Value = "22052288"; VariantName = "[No Variations]"
Add component (AddParameter): Name = "Number of Contacts"; Value = "1"; VariantName = "[No Variations]"
Add component (AddParameter): Name = "Number of Pins"; Value = "1"; VariantName = "[No Variations]"
Add component (AddParameter): Name = "Packaging"; Value = "Tape and Reel"; VariantName = "[No Variations]"
Add component (AddParameter): Name = "REACH SVHC"; Value = "No SVHC"; VariantName = "[No Variations]"
Add component (AddParameter): Name = "RoHS"; Value = "Compliant"; VariantName = "[No Variations]"
Add component (AddParameter): Name = "Termination"; Value = "SMD/SMT"; VariantName = "[No Variations]"
Added Component: Designator=J15(FP-3-794618-8-MFG)
Add component (AddParameter): Name = "Automotive"; Value = "No"; VariantName = "[No Variations]"
Add component (AddParameter): Name = "Category"; Value = "Conn"; VariantName = "[No Variations]"
Add component (AddParameter): Name = "ComponentLink2Description"; Value = "Datasheet"; VariantName = "[No Variations]"
Add component (AddParameter): Name = "ComponentLink2URL"; Value = "https://www.te.com/commerce/DocumentDelivery/DDEController?Action=showdoc&DocId=Specification+Or+Standard%7F108-1836%7FE%7Fpdf%7FEnglish%7FENG_SS_108-1836_E.pdf%7F3-794618-8"; VariantName = "[No Variations]"
Add component (AddParameter): Name = "Conn Gender"; Value = "Male"; VariantName = "[No Variations]"
Add component (AddParameter): Name = "Conn Orientation"; Value = "Right Angle"; VariantName = "[No Variations]"
Add component (AddParameter): Name = "Contact Material"; Value = "Tin,Nickel"; VariantName = "[No Variations]"
Add component (AddParameter): Name = "Current Rating"; Value = "5A"; VariantName = "[No Variations]"
Add component (AddParameter): Name = "Device Class L1"; Value = "Connectors"; VariantName = "[No Variations]"
Add component (AddParameter): Name = "Device Class L2"; Value = "Headers and Wire Housings"; VariantName = "[No Variations]"
Add component (AddParameter): Name = "Device Class L3"; Value = "unset"; VariantName = "[No Variations]"
Add component (AddParameter): Name = "Digikey Description"; Value = "CONN HEADER R/A 8POS 3MM"; VariantName = "[No Variations]"
Add component (AddParameter): Name = "Footprint Url"; Value = "https://www.te.com/commerce/DocumentDelivery/DDEController?Action=showdoc&DocId=Customer+Drawing%7F794618%7FF2%7Fpdf%7FEnglish%7FENG_CD_794618_F2.pdf%7F3-794618-8"; VariantName = "[No Variations]"
Add component (AddParameter): Name = "Height"; Value = "8.93mm"; VariantName = "[No Variations]"
Add component (AddParameter): Name = "Lead Free"; Value = "Yes"; VariantName = "[No Variations]"
Add component (AddParameter): Name = "Manufacturer"; Value = "TE Connectivity"; VariantName = "[No Variations]"
Add component (AddParameter): Name = "Manufacturer Part Number"; Value = "3-794618-8"; VariantName = "[No Variations]"
Add component (AddParameter): Name = "Mouser Description"; Value = "Pin & Socket Connectors HDR R/A 8 POS TIN DUAL"; VariantName = "[No Variations]"
Add component (AddParameter): Name = "Number Of Contacts"; Value = "8"; VariantName = "[No Variations]"
Add component (AddParameter): Name = "Number Of Rows"; Value = "2"; VariantName = "[No Variations]"
Add component (AddParameter): Name = "Octopart"; Value = "https://octopart.com/3-794618-8-te+connectivity-39517571"; VariantName = "[No Variations]"
Add component (AddParameter): Name = "Package"; Value = "3-794618-8"; VariantName = "[No Variations]"
Add component (AddParameter): Name = "Pitch"; Value = "3mm"; VariantName = "[No Variations]"
Add component (AddParameter): Name = "RoHS"; Value = "TRUE"; VariantName = "[No Variations]"
Add component (AddParameter): Name = "Temperature"; Value = "-40°C to +105°C"; VariantName = "[No Variations]"
Add component (AddParameter): Name = "Temperature Range High"; Value = "+105°C"; VariantName = "[No Variations]"
Add component (AddParameter): Name = "Temperature Range Low"; Value = "-40°C"; VariantName = "[No Variations]"
Add component (AddParameter): Name = "Voltage Rating"; Value = "250V"; VariantName = "[No Variations]"
Added Component: Designator=J16(FP-5019-MFG)
Add component (AddParameter): Name = "Contact Material"; Value = "Bronze, Silver"; VariantName = "[No Variations]"
Add component (AddParameter): Name = "Contact Plating"; Value = "Silver"; VariantName = "[No Variations]"
Add component (AddParameter): Name = "Height"; Value = "2.286mm"; VariantName = "[No Variations]"
Add component (AddParameter): Name = "Lead Free"; Value = "Lead Free"; VariantName = "[No Variations]"
Add component (AddParameter): Name = "Material"; Value = "Bronze"; VariantName = "[No Variations]"
Add component (AddParameter): Name = "Mount"; Value = "Surface Mount"; VariantName = "[No Variations]"
Add component (AddParameter): Name = "NexarPartId"; Value = "22052288"; VariantName = "[No Variations]"
Add component (AddParameter): Name = "Number of Contacts"; Value = "1"; VariantName = "[No Variations]"
Add component (AddParameter): Name = "Number of Pins"; Value = "1"; VariantName = "[No Variations]"
Add component (AddParameter): Name = "Packaging"; Value = "Tape and Reel"; VariantName = "[No Variations]"
Add component (AddParameter): Name = "REACH SVHC"; Value = "No SVHC"; VariantName = "[No Variations]"
Add component (AddParameter): Name = "RoHS"; Value = "Compliant"; VariantName = "[No Variations]"
Add component (AddParameter): Name = "Termination"; Value = "SMD/SMT"; VariantName = "[No Variations]"
Added Component: Designator=J17(FP-5019-MFG)
Add component (AddParameter): Name = "Contact Material"; Value = "Bronze, Silver"; VariantName = "[No Variations]"
Add component (AddParameter): Name = "Contact Plating"; Value = "Silver"; VariantName = "[No Variations]"
Add component (AddParameter): Name = "Height"; Value = "2.286mm"; VariantName = "[No Variations]"
Add component (AddParameter): Name = "Lead Free"; Value = "Lead Free"; VariantName = "[No Variations]"
Add component (AddParameter): Name = "Material"; Value = "Bronze"; VariantName = "[No Variations]"
Add component (AddParameter): Name = "Mount"; Value = "Surface Mount"; VariantName = "[No Variations]"
Add component (AddParameter): Name = "NexarPartId"; Value = "22052288"; VariantName = "[No Variations]"
Add component (AddParameter): Name = "Number of Contacts"; Value = "1"; VariantName = "[No Variations]"
Add component (AddParameter): Name = "Number of Pins"; Value = "1"; VariantName = "[No Variations]"
Add component (AddParameter): Name = "Packaging"; Value = "Tape and Reel"; VariantName = "[No Variations]"
Add component (AddParameter): Name = "REACH SVHC"; Value = "No SVHC"; VariantName = "[No Variations]"
Add component (AddParameter): Name = "RoHS"; Value = "Compliant"; VariantName = "[No Variations]"
Add component (AddParameter): Name = "Termination"; Value = "SMD/SMT"; VariantName = "[No Variations]"
Added Component: Designator=J18(FP-5019-MFG)
Add component (AddParameter): Name = "Contact Material"; Value = "Bronze, Silver"; VariantName = "[No Variations]"
Add component (AddParameter): Name = "Contact Plating"; Value = "Silver"; VariantName = "[No Variations]"
Add component (AddParameter): Name = "Height"; Value = "2.286mm"; VariantName = "[No Variations]"
Add component (AddParameter): Name = "Lead Free"; Value = "Lead Free"; VariantName = "[No Variations]"
Add component (AddParameter): Name = "Material"; Value = "Bronze"; VariantName = "[No Variations]"
Add component (AddParameter): Name = "Mount"; Value = "Surface Mount"; VariantName = "[No Variations]"
Add component (AddParameter): Name = "NexarPartId"; Value = "22052288"; VariantName = "[No Variations]"
Add component (AddParameter): Name = "Number of Contacts"; Value = "1"; VariantName = "[No Variations]"
Add component (AddParameter): Name = "Number of Pins"; Value = "1"; VariantName = "[No Variations]"
Add component (AddParameter): Name = "Packaging"; Value = "Tape and Reel"; VariantName = "[No Variations]"
Add component (AddParameter): Name = "REACH SVHC"; Value = "No SVHC"; VariantName = "[No Variations]"
Add component (AddParameter): Name = "RoHS"; Value = "Compliant"; VariantName = "[No Variations]"
Add component (AddParameter): Name = "Termination"; Value = "SMD/SMT"; VariantName = "[No Variations]"
Added Component: Designator=J19(FP-5019-MFG)
Add component (AddParameter): Name = "Contact Material"; Value = "Bronze, Silver"; VariantName = "[No Variations]"
Add component (AddParameter): Name = "Contact Plating"; Value = "Silver"; VariantName = "[No Variations]"
Add component (AddParameter): Name = "Height"; Value = "2.286mm"; VariantName = "[No Variations]"
Add component (AddParameter): Name = "Lead Free"; Value = "Lead Free"; VariantName = "[No Variations]"
Add component (AddParameter): Name = "Material"; Value = "Bronze"; VariantName = "[No Variations]"
Add component (AddParameter): Name = "Mount"; Value = "Surface Mount"; VariantName = "[No Variations]"
Add component (AddParameter): Name = "NexarPartId"; Value = "22052288"; VariantName = "[No Variations]"
Add component (AddParameter): Name = "Number of Contacts"; Value = "1"; VariantName = "[No Variations]"
Add component (AddParameter): Name = "Number of Pins"; Value = "1"; VariantName = "[No Variations]"
Add component (AddParameter): Name = "Packaging"; Value = "Tape and Reel"; VariantName = "[No Variations]"
Add component (AddParameter): Name = "REACH SVHC"; Value = "No SVHC"; VariantName = "[No Variations]"
Add component (AddParameter): Name = "RoHS"; Value = "Compliant"; VariantName = "[No Variations]"
Add component (AddParameter): Name = "Termination"; Value = "SMD/SMT"; VariantName = "[No Variations]"
Added Component: Designator=J20(FP-5019-MFG)
Add component (AddParameter): Name = "Contact Material"; Value = "Bronze, Silver"; VariantName = "[No Variations]"
Add component (AddParameter): Name = "Contact Plating"; Value = "Silver"; VariantName = "[No Variations]"
Add component (AddParameter): Name = "Height"; Value = "2.286mm"; VariantName = "[No Variations]"
Add component (AddParameter): Name = "Lead Free"; Value = "Lead Free"; VariantName = "[No Variations]"
Add component (AddParameter): Name = "Material"; Value = "Bronze"; VariantName = "[No Variations]"
Add component (AddParameter): Name = "Mount"; Value = "Surface Mount"; VariantName = "[No Variations]"
Add component (AddParameter): Name = "NexarPartId"; Value = "22052288"; VariantName = "[No Variations]"
Add component (AddParameter): Name = "Number of Contacts"; Value = "1"; VariantName = "[No Variations]"
Add component (AddParameter): Name = "Number of Pins"; Value = "1"; VariantName = "[No Variations]"
Add component (AddParameter): Name = "Packaging"; Value = "Tape and Reel"; VariantName = "[No Variations]"
Add component (AddParameter): Name = "REACH SVHC"; Value = "No SVHC"; VariantName = "[No Variations]"
Add component (AddParameter): Name = "RoHS"; Value = "Compliant"; VariantName = "[No Variations]"
Add component (AddParameter): Name = "Termination"; Value = "SMD/SMT"; VariantName = "[No Variations]"
Added Component: Designator=J21(FP-5019-MFG)
Add component (AddParameter): Name = "Contact Material"; Value = "Bronze, Silver"; VariantName = "[No Variations]"
Add component (AddParameter): Name = "Contact Plating"; Value = "Silver"; VariantName = "[No Variations]"
Add component (AddParameter): Name = "Height"; Value = "2.286mm"; VariantName = "[No Variations]"
Add component (AddParameter): Name = "Lead Free"; Value = "Lead Free"; VariantName = "[No Variations]"
Add component (AddParameter): Name = "Material"; Value = "Bronze"; VariantName = "[No Variations]"
Add component (AddParameter): Name = "Mount"; Value = "Surface Mount"; VariantName = "[No Variations]"
Add component (AddParameter): Name = "NexarPartId"; Value = "22052288"; VariantName = "[No Variations]"
Add component (AddParameter): Name = "Number of Contacts"; Value = "1"; VariantName = "[No Variations]"
Add component (AddParameter): Name = "Number of Pins"; Value = "1"; VariantName = "[No Variations]"
Add component (AddParameter): Name = "Packaging"; Value = "Tape and Reel"; VariantName = "[No Variations]"
Add component (AddParameter): Name = "REACH SVHC"; Value = "No SVHC"; VariantName = "[No Variations]"
Add component (AddParameter): Name = "RoHS"; Value = "Compliant"; VariantName = "[No Variations]"
Add component (AddParameter): Name = "Termination"; Value = "SMD/SMT"; VariantName = "[No Variations]"
Added Component: Designator=J22(FP-5019-MFG)
Add component (AddParameter): Name = "Contact Material"; Value = "Bronze, Silver"; VariantName = "[No Variations]"
Add component (AddParameter): Name = "Contact Plating"; Value = "Silver"; VariantName = "[No Variations]"
Add component (AddParameter): Name = "Height"; Value = "2.286mm"; VariantName = "[No Variations]"
Add component (AddParameter): Name = "Lead Free"; Value = "Lead Free"; VariantName = "[No Variations]"
Add component (AddParameter): Name = "Material"; Value = "Bronze"; VariantName = "[No Variations]"
Add component (AddParameter): Name = "Mount"; Value = "Surface Mount"; VariantName = "[No Variations]"
Add component (AddParameter): Name = "NexarPartId"; Value = "22052288"; VariantName = "[No Variations]"
Add component (AddParameter): Name = "Number of Contacts"; Value = "1"; VariantName = "[No Variations]"
Add component (AddParameter): Name = "Number of Pins"; Value = "1"; VariantName = "[No Variations]"
Add component (AddParameter): Name = "Packaging"; Value = "Tape and Reel"; VariantName = "[No Variations]"
Add component (AddParameter): Name = "REACH SVHC"; Value = "No SVHC"; VariantName = "[No Variations]"
Add component (AddParameter): Name = "RoHS"; Value = "Compliant"; VariantName = "[No Variations]"
Add component (AddParameter): Name = "Termination"; Value = "SMD/SMT"; VariantName = "[No Variations]"
Added Component: Designator=J23(FP-5019-MFG)
Add component (AddParameter): Name = "Contact Material"; Value = "Bronze, Silver"; VariantName = "[No Variations]"
Add component (AddParameter): Name = "Contact Plating"; Value = "Silver"; VariantName = "[No Variations]"
Add component (AddParameter): Name = "Height"; Value = "2.286mm"; VariantName = "[No Variations]"
Add component (AddParameter): Name = "Lead Free"; Value = "Lead Free"; VariantName = "[No Variations]"
Add component (AddParameter): Name = "Material"; Value = "Bronze"; VariantName = "[No Variations]"
Add component (AddParameter): Name = "Mount"; Value = "Surface Mount"; VariantName = "[No Variations]"
Add component (AddParameter): Name = "NexarPartId"; Value = "22052288"; VariantName = "[No Variations]"
Add component (AddParameter): Name = "Number of Contacts"; Value = "1"; VariantName = "[No Variations]"
Add component (AddParameter): Name = "Number of Pins"; Value = "1"; VariantName = "[No Variations]"
Add component (AddParameter): Name = "Packaging"; Value = "Tape and Reel"; VariantName = "[No Variations]"
Add component (AddParameter): Name = "REACH SVHC"; Value = "No SVHC"; VariantName = "[No Variations]"
Add component (AddParameter): Name = "RoHS"; Value = "Compliant"; VariantName = "[No Variations]"
Add component (AddParameter): Name = "Termination"; Value = "SMD/SMT"; VariantName = "[No Variations]"
Added Component: Designator=J24(FP-5019-MFG)
Add component (AddParameter): Name = "Contact Material"; Value = "Bronze, Silver"; VariantName = "[No Variations]"
Add component (AddParameter): Name = "Contact Plating"; Value = "Silver"; VariantName = "[No Variations]"
Add component (AddParameter): Name = "Height"; Value = "2.286mm"; VariantName = "[No Variations]"
Add component (AddParameter): Name = "Lead Free"; Value = "Lead Free"; VariantName = "[No Variations]"
Add component (AddParameter): Name = "Material"; Value = "Bronze"; VariantName = "[No Variations]"
Add component (AddParameter): Name = "Mount"; Value = "Surface Mount"; VariantName = "[No Variations]"
Add component (AddParameter): Name = "NexarPartId"; Value = "22052288"; VariantName = "[No Variations]"
Add component (AddParameter): Name = "Number of Contacts"; Value = "1"; VariantName = "[No Variations]"
Add component (AddParameter): Name = "Number of Pins"; Value = "1"; VariantName = "[No Variations]"
Add component (AddParameter): Name = "Packaging"; Value = "Tape and Reel"; VariantName = "[No Variations]"
Add component (AddParameter): Name = "REACH SVHC"; Value = "No SVHC"; VariantName = "[No Variations]"
Add component (AddParameter): Name = "RoHS"; Value = "Compliant"; VariantName = "[No Variations]"
Add component (AddParameter): Name = "Termination"; Value = "SMD/SMT"; VariantName = "[No Variations]"
Added Component: Designator=J25(FP-5019-MFG)
Add component (AddParameter): Name = "Contact Material"; Value = "Bronze, Silver"; VariantName = "[No Variations]"
Add component (AddParameter): Name = "Contact Plating"; Value = "Silver"; VariantName = "[No Variations]"
Add component (AddParameter): Name = "Height"; Value = "2.286mm"; VariantName = "[No Variations]"
Add component (AddParameter): Name = "Lead Free"; Value = "Lead Free"; VariantName = "[No Variations]"
Add component (AddParameter): Name = "Material"; Value = "Bronze"; VariantName = "[No Variations]"
Add component (AddParameter): Name = "Mount"; Value = "Surface Mount"; VariantName = "[No Variations]"
Add component (AddParameter): Name = "NexarPartId"; Value = "22052288"; VariantName = "[No Variations]"
Add component (AddParameter): Name = "Number of Contacts"; Value = "1"; VariantName = "[No Variations]"
Add component (AddParameter): Name = "Number of Pins"; Value = "1"; VariantName = "[No Variations]"
Add component (AddParameter): Name = "Packaging"; Value = "Tape and Reel"; VariantName = "[No Variations]"
Add component (AddParameter): Name = "REACH SVHC"; Value = "No SVHC"; VariantName = "[No Variations]"
Add component (AddParameter): Name = "RoHS"; Value = "Compliant"; VariantName = "[No Variations]"
Add component (AddParameter): Name = "Termination"; Value = "SMD/SMT"; VariantName = "[No Variations]"
Added Component: Designator=J26(FP-5019-MFG)
Add component (AddParameter): Name = "Contact Material"; Value = "Bronze, Silver"; VariantName = "[No Variations]"
Add component (AddParameter): Name = "Contact Plating"; Value = "Silver"; VariantName = "[No Variations]"
Add component (AddParameter): Name = "Height"; Value = "2.286mm"; VariantName = "[No Variations]"
Add component (AddParameter): Name = "Lead Free"; Value = "Lead Free"; VariantName = "[No Variations]"
Add component (AddParameter): Name = "Material"; Value = "Bronze"; VariantName = "[No Variations]"
Add component (AddParameter): Name = "Mount"; Value = "Surface Mount"; VariantName = "[No Variations]"
Add component (AddParameter): Name = "NexarPartId"; Value = "22052288"; VariantName = "[No Variations]"
Add component (AddParameter): Name = "Number of Contacts"; Value = "1"; VariantName = "[No Variations]"
Add component (AddParameter): Name = "Number of Pins"; Value = "1"; VariantName = "[No Variations]"
Add component (AddParameter): Name = "Packaging"; Value = "Tape and Reel"; VariantName = "[No Variations]"
Add component (AddParameter): Name = "REACH SVHC"; Value = "No SVHC"; VariantName = "[No Variations]"
Add component (AddParameter): Name = "RoHS"; Value = "Compliant"; VariantName = "[No Variations]"
Add component (AddParameter): Name = "Termination"; Value = "SMD/SMT"; VariantName = "[No Variations]"
Added Component: Designator=J27(FP-5019-MFG)
Add component (AddParameter): Name = "Contact Material"; Value = "Bronze, Silver"; VariantName = "[No Variations]"
Add component (AddParameter): Name = "Contact Plating"; Value = "Silver"; VariantName = "[No Variations]"
Add component (AddParameter): Name = "Height"; Value = "2.286mm"; VariantName = "[No Variations]"
Add component (AddParameter): Name = "Lead Free"; Value = "Lead Free"; VariantName = "[No Variations]"
Add component (AddParameter): Name = "Material"; Value = "Bronze"; VariantName = "[No Variations]"
Add component (AddParameter): Name = "Mount"; Value = "Surface Mount"; VariantName = "[No Variations]"
Add component (AddParameter): Name = "NexarPartId"; Value = "22052288"; VariantName = "[No Variations]"
Add component (AddParameter): Name = "Number of Contacts"; Value = "1"; VariantName = "[No Variations]"
Add component (AddParameter): Name = "Number of Pins"; Value = "1"; VariantName = "[No Variations]"
Add component (AddParameter): Name = "Packaging"; Value = "Tape and Reel"; VariantName = "[No Variations]"
Add component (AddParameter): Name = "REACH SVHC"; Value = "No SVHC"; VariantName = "[No Variations]"
Add component (AddParameter): Name = "RoHS"; Value = "Compliant"; VariantName = "[No Variations]"
Add component (AddParameter): Name = "Termination"; Value = "SMD/SMT"; VariantName = "[No Variations]"
Added Component: Designator=J28(FP-5019-MFG)
Add component (AddParameter): Name = "Contact Material"; Value = "Bronze, Silver"; VariantName = "[No Variations]"
Add component (AddParameter): Name = "Contact Plating"; Value = "Silver"; VariantName = "[No Variations]"
Add component (AddParameter): Name = "Height"; Value = "2.286mm"; VariantName = "[No Variations]"
Add component (AddParameter): Name = "Lead Free"; Value = "Lead Free"; VariantName = "[No Variations]"
Add component (AddParameter): Name = "Material"; Value = "Bronze"; VariantName = "[No Variations]"
Add component (AddParameter): Name = "Mount"; Value = "Surface Mount"; VariantName = "[No Variations]"
Add component (AddParameter): Name = "NexarPartId"; Value = "22052288"; VariantName = "[No Variations]"
Add component (AddParameter): Name = "Number of Contacts"; Value = "1"; VariantName = "[No Variations]"
Add component (AddParameter): Name = "Number of Pins"; Value = "1"; VariantName = "[No Variations]"
Add component (AddParameter): Name = "Packaging"; Value = "Tape and Reel"; VariantName = "[No Variations]"
Add component (AddParameter): Name = "REACH SVHC"; Value = "No SVHC"; VariantName = "[No Variations]"
Add component (AddParameter): Name = "RoHS"; Value = "Compliant"; VariantName = "[No Variations]"
Add component (AddParameter): Name = "Termination"; Value = "SMD/SMT"; VariantName = "[No Variations]"
Added Component: Designator=J29(FP-5019-MFG)
Add component (AddParameter): Name = "Contact Material"; Value = "Bronze, Silver"; VariantName = "[No Variations]"
Add component (AddParameter): Name = "Contact Plating"; Value = "Silver"; VariantName = "[No Variations]"
Add component (AddParameter): Name = "Height"; Value = "2.286mm"; VariantName = "[No Variations]"
Add component (AddParameter): Name = "Lead Free"; Value = "Lead Free"; VariantName = "[No Variations]"
Add component (AddParameter): Name = "Material"; Value = "Bronze"; VariantName = "[No Variations]"
Add component (AddParameter): Name = "Mount"; Value = "Surface Mount"; VariantName = "[No Variations]"
Add component (AddParameter): Name = "NexarPartId"; Value = "22052288"; VariantName = "[No Variations]"
Add component (AddParameter): Name = "Number of Contacts"; Value = "1"; VariantName = "[No Variations]"
Add component (AddParameter): Name = "Number of Pins"; Value = "1"; VariantName = "[No Variations]"
Add component (AddParameter): Name = "Packaging"; Value = "Tape and Reel"; VariantName = "[No Variations]"
Add component (AddParameter): Name = "REACH SVHC"; Value = "No SVHC"; VariantName = "[No Variations]"
Add component (AddParameter): Name = "RoHS"; Value = "Compliant"; VariantName = "[No Variations]"
Add component (AddParameter): Name = "Termination"; Value = "SMD/SMT"; VariantName = "[No Variations]"
Added Component: Designator=J30(FP-5019-MFG)
Add component (AddParameter): Name = "Contact Material"; Value = "Bronze, Silver"; VariantName = "[No Variations]"
Add component (AddParameter): Name = "Contact Plating"; Value = "Silver"; VariantName = "[No Variations]"
Add component (AddParameter): Name = "Height"; Value = "2.286mm"; VariantName = "[No Variations]"
Add component (AddParameter): Name = "Lead Free"; Value = "Lead Free"; VariantName = "[No Variations]"
Add component (AddParameter): Name = "Material"; Value = "Bronze"; VariantName = "[No Variations]"
Add component (AddParameter): Name = "Mount"; Value = "Surface Mount"; VariantName = "[No Variations]"
Add component (AddParameter): Name = "NexarPartId"; Value = "22052288"; VariantName = "[No Variations]"
Add component (AddParameter): Name = "Number of Contacts"; Value = "1"; VariantName = "[No Variations]"
Add component (AddParameter): Name = "Number of Pins"; Value = "1"; VariantName = "[No Variations]"
Add component (AddParameter): Name = "Packaging"; Value = "Tape and Reel"; VariantName = "[No Variations]"
Add component (AddParameter): Name = "REACH SVHC"; Value = "No SVHC"; VariantName = "[No Variations]"
Add component (AddParameter): Name = "RoHS"; Value = "Compliant"; VariantName = "[No Variations]"
Add component (AddParameter): Name = "Termination"; Value = "SMD/SMT"; VariantName = "[No Variations]"
Added Component: Designator=J31(FP-5019-MFG)
Add component (AddParameter): Name = "Contact Material"; Value = "Bronze, Silver"; VariantName = "[No Variations]"
Add component (AddParameter): Name = "Contact Plating"; Value = "Silver"; VariantName = "[No Variations]"
Add component (AddParameter): Name = "Height"; Value = "2.286mm"; VariantName = "[No Variations]"
Add component (AddParameter): Name = "Lead Free"; Value = "Lead Free"; VariantName = "[No Variations]"
Add component (AddParameter): Name = "Material"; Value = "Bronze"; VariantName = "[No Variations]"
Add component (AddParameter): Name = "Mount"; Value = "Surface Mount"; VariantName = "[No Variations]"
Add component (AddParameter): Name = "NexarPartId"; Value = "22052288"; VariantName = "[No Variations]"
Add component (AddParameter): Name = "Number of Contacts"; Value = "1"; VariantName = "[No Variations]"
Add component (AddParameter): Name = "Number of Pins"; Value = "1"; VariantName = "[No Variations]"
Add component (AddParameter): Name = "Packaging"; Value = "Tape and Reel"; VariantName = "[No Variations]"
Add component (AddParameter): Name = "REACH SVHC"; Value = "No SVHC"; VariantName = "[No Variations]"
Add component (AddParameter): Name = "RoHS"; Value = "Compliant"; VariantName = "[No Variations]"
Add component (AddParameter): Name = "Termination"; Value = "SMD/SMT"; VariantName = "[No Variations]"
Added Component: Designator=J32(FP-5019-MFG)
Add component (AddParameter): Name = "Contact Material"; Value = "Bronze, Silver"; VariantName = "[No Variations]"
Add component (AddParameter): Name = "Contact Plating"; Value = "Silver"; VariantName = "[No Variations]"
Add component (AddParameter): Name = "Height"; Value = "2.286mm"; VariantName = "[No Variations]"
Add component (AddParameter): Name = "Lead Free"; Value = "Lead Free"; VariantName = "[No Variations]"
Add component (AddParameter): Name = "Material"; Value = "Bronze"; VariantName = "[No Variations]"
Add component (AddParameter): Name = "Mount"; Value = "Surface Mount"; VariantName = "[No Variations]"
Add component (AddParameter): Name = "NexarPartId"; Value = "22052288"; VariantName = "[No Variations]"
Add component (AddParameter): Name = "Number of Contacts"; Value = "1"; VariantName = "[No Variations]"
Add component (AddParameter): Name = "Number of Pins"; Value = "1"; VariantName = "[No Variations]"
Add component (AddParameter): Name = "Packaging"; Value = "Tape and Reel"; VariantName = "[No Variations]"
Add component (AddParameter): Name = "REACH SVHC"; Value = "No SVHC"; VariantName = "[No Variations]"
Add component (AddParameter): Name = "RoHS"; Value = "Compliant"; VariantName = "[No Variations]"
Add component (AddParameter): Name = "Termination"; Value = "SMD/SMT"; VariantName = "[No Variations]"
Added Component: Designator=J33(FP-5019-MFG)
Add component (AddParameter): Name = "Contact Material"; Value = "Bronze, Silver"; VariantName = "[No Variations]"
Add component (AddParameter): Name = "Contact Plating"; Value = "Silver"; VariantName = "[No Variations]"
Add component (AddParameter): Name = "Height"; Value = "2.286mm"; VariantName = "[No Variations]"
Add component (AddParameter): Name = "Lead Free"; Value = "Lead Free"; VariantName = "[No Variations]"
Add component (AddParameter): Name = "Material"; Value = "Bronze"; VariantName = "[No Variations]"
Add component (AddParameter): Name = "Mount"; Value = "Surface Mount"; VariantName = "[No Variations]"
Add component (AddParameter): Name = "NexarPartId"; Value = "22052288"; VariantName = "[No Variations]"
Add component (AddParameter): Name = "Number of Contacts"; Value = "1"; VariantName = "[No Variations]"
Add component (AddParameter): Name = "Number of Pins"; Value = "1"; VariantName = "[No Variations]"
Add component (AddParameter): Name = "Packaging"; Value = "Tape and Reel"; VariantName = "[No Variations]"
Add component (AddParameter): Name = "REACH SVHC"; Value = "No SVHC"; VariantName = "[No Variations]"
Add component (AddParameter): Name = "RoHS"; Value = "Compliant"; VariantName = "[No Variations]"
Add component (AddParameter): Name = "Termination"; Value = "SMD/SMT"; VariantName = "[No Variations]"
Added Component: Designator=J34(FP-5019-MFG)
Add component (AddParameter): Name = "Contact Material"; Value = "Bronze, Silver"; VariantName = "[No Variations]"
Add component (AddParameter): Name = "Contact Plating"; Value = "Silver"; VariantName = "[No Variations]"
Add component (AddParameter): Name = "Height"; Value = "2.286mm"; VariantName = "[No Variations]"
Add component (AddParameter): Name = "Lead Free"; Value = "Lead Free"; VariantName = "[No Variations]"
Add component (AddParameter): Name = "Material"; Value = "Bronze"; VariantName = "[No Variations]"
Add component (AddParameter): Name = "Mount"; Value = "Surface Mount"; VariantName = "[No Variations]"
Add component (AddParameter): Name = "NexarPartId"; Value = "22052288"; VariantName = "[No Variations]"
Add component (AddParameter): Name = "Number of Contacts"; Value = "1"; VariantName = "[No Variations]"
Add component (AddParameter): Name = "Number of Pins"; Value = "1"; VariantName = "[No Variations]"
Add component (AddParameter): Name = "Packaging"; Value = "Tape and Reel"; VariantName = "[No Variations]"
Add component (AddParameter): Name = "REACH SVHC"; Value = "No SVHC"; VariantName = "[No Variations]"
Add component (AddParameter): Name = "RoHS"; Value = "Compliant"; VariantName = "[No Variations]"
Add component (AddParameter): Name = "Termination"; Value = "SMD/SMT"; VariantName = "[No Variations]"
Added Component: Designator=R23(RESC1005X40X25LL05T05)
Add component (AddParameter): Name = "Case Code (Imperial)"; Value = "0402"; VariantName = "[No Variations]"
Add component (AddParameter): Name = "Case Code (Metric)"; Value = "1005"; VariantName = "[No Variations]"
Add component (AddParameter): Name = "Case\/Package"; Value = "0402"; VariantName = "[No Variations]"
Add component (AddParameter): Name = "ComponentLink1Description"; Value = "Manufacturer URL"; VariantName = "[No Variations]"
Add component (AddParameter): Name = "ComponentLink1URL"; Value = "http://www.panasonic.com/"; VariantName = "[No Variations]"
Add component (AddParameter): Name = "ComponentLink2Description"; Value = "Datasheet"; VariantName = "[No Variations]"
Add component (AddParameter): Name = "ComponentLink2URL"; Value = "http://industrial.panasonic.com/cdbs/www-data/pdf/RDA0000/AOA0000C86.pdf"; VariantName = "[No Variations]"
Add component (AddParameter): Name = "DatasheetVersion"; Value = "04/2015"; VariantName = "[No Variations]"
Add component (AddParameter): Name = "Height"; Value = "0.35 mm"; VariantName = "[No Variations]"
Add component (AddParameter): Name = "Length"; Value = "1 mm"; VariantName = "[No Variations]"
Add component (AddParameter): Name = "Max Operating Temperature"; Value = "155 degC"; VariantName = "[No Variations]"
Add component (AddParameter): Name = "Min Operating Temperature"; Value = "-55 degC"; VariantName = "[No Variations]"
Add component (AddParameter): Name = "Mount"; Value = "Surface Mount"; VariantName = "[No Variations]"
Add component (AddParameter): Name = "Mounting Technology"; Value = "Surface Mount"; VariantName = "[No Variations]"
Add component (AddParameter): Name = "Package Quantity"; Value = "1"; VariantName = "[No Variations]"
Add component (AddParameter): Name = "PackageDescription"; Value = "2-Pin Surface Mount Device, Body 1 x 0.5 mm"; VariantName = "[No Variations]"
Add component (AddParameter): Name = "PackageReference"; Value = "0402"; VariantName = "[No Variations]"
Add component (AddParameter): Name = "Packaging"; Value = "Cut Tape"; VariantName = "[No Variations]"
Add component (AddParameter): Name = "PartNumber"; Value = "ERJ-2RKF4701X"; VariantName = "[No Variations]"
Add component (AddParameter): Name = "Pins"; Value = "2"; VariantName = "[No Variations]"
Add component (AddParameter): Name = "Power Rating"; Value = "100 mW"; VariantName = "[No Variations]"
Add component (AddParameter): Name = "Radiation Hardening"; Value = "No"; VariantName = "[No Variations]"
Add component (AddParameter): Name = "REACH SVHC"; Value = "Yes"; VariantName = "[No Variations]"
Add component (AddParameter): Name = "Resistance"; Value = "4.7 KOhm"; VariantName = "[No Variations]"
Add component (AddParameter): Name = "RoHSCompliant"; Value = "true"; VariantName = "[No Variations]"
Add component (AddParameter): Name = "Tolerance"; Value = "1%"; VariantName = "[No Variations]"
Add component (AddParameter): Name = "Voltage Rating"; Value = "50 V"; VariantName = "[No Variations]"
Add component (AddParameter): Name = "Width"; Value = "0.5 mm"; VariantName = "[No Variations]"
Added Component: Designator=R24(RESC1005X40X25LL05T05)
Add component (AddParameter): Name = "Case Code (Imperial)"; Value = "0402"; VariantName = "[No Variations]"
Add component (AddParameter): Name = "Case Code (Metric)"; Value = "1005"; VariantName = "[No Variations]"
Add component (AddParameter): Name = "Case\/Package"; Value = "0402"; VariantName = "[No Variations]"
Add component (AddParameter): Name = "ComponentLink1Description"; Value = "Manufacturer URL"; VariantName = "[No Variations]"
Add component (AddParameter): Name = "ComponentLink1URL"; Value = "http://www.panasonic.com/"; VariantName = "[No Variations]"
Add component (AddParameter): Name = "ComponentLink2Description"; Value = "Datasheet"; VariantName = "[No Variations]"
Add component (AddParameter): Name = "ComponentLink2URL"; Value = "http://industrial.panasonic.com/cdbs/www-data/pdf/RDA0000/AOA0000C86.pdf"; VariantName = "[No Variations]"
Add component (AddParameter): Name = "DatasheetVersion"; Value = "04/2015"; VariantName = "[No Variations]"
Add component (AddParameter): Name = "Height"; Value = "0.35 mm"; VariantName = "[No Variations]"
Add component (AddParameter): Name = "Length"; Value = "1 mm"; VariantName = "[No Variations]"
Add component (AddParameter): Name = "Max Operating Temperature"; Value = "155 degC"; VariantName = "[No Variations]"
Add component (AddParameter): Name = "Min Operating Temperature"; Value = "-55 degC"; VariantName = "[No Variations]"
Add component (AddParameter): Name = "Mount"; Value = "Surface Mount"; VariantName = "[No Variations]"
Add component (AddParameter): Name = "Mounting Technology"; Value = "Surface Mount"; VariantName = "[No Variations]"
Add component (AddParameter): Name = "Package Quantity"; Value = "1"; VariantName = "[No Variations]"
Add component (AddParameter): Name = "PackageDescription"; Value = "2-Pin Surface Mount Device, Body 1 x 0.5 mm"; VariantName = "[No Variations]"
Add component (AddParameter): Name = "PackageReference"; Value = "0402"; VariantName = "[No Variations]"
Add component (AddParameter): Name = "Packaging"; Value = "Cut Tape"; VariantName = "[No Variations]"
Add component (AddParameter): Name = "PartNumber"; Value = "ERJ-2RKF4701X"; VariantName = "[No Variations]"
Add component (AddParameter): Name = "Pins"; Value = "2"; VariantName = "[No Variations]"
Add component (AddParameter): Name = "Power Rating"; Value = "100 mW"; VariantName = "[No Variations]"
Add component (AddParameter): Name = "Radiation Hardening"; Value = "No"; VariantName = "[No Variations]"
Add component (AddParameter): Name = "REACH SVHC"; Value = "Yes"; VariantName = "[No Variations]"
Add component (AddParameter): Name = "Resistance"; Value = "4.7 KOhm"; VariantName = "[No Variations]"
Add component (AddParameter): Name = "RoHSCompliant"; Value = "true"; VariantName = "[No Variations]"
Add component (AddParameter): Name = "Tolerance"; Value = "1%"; VariantName = "[No Variations]"
Add component (AddParameter): Name = "Voltage Rating"; Value = "50 V"; VariantName = "[No Variations]"
Add component (AddParameter): Name = "Width"; Value = "0.5 mm"; VariantName = "[No Variations]"
Added Component: Designator=R25(RESC1005X40X25LL05T05)
Add component (AddParameter): Name = "Case Code (Imperial)"; Value = "0402"; VariantName = "[No Variations]"
Add component (AddParameter): Name = "Case Code (Metric)"; Value = "1005"; VariantName = "[No Variations]"
Add component (AddParameter): Name = "Case\/Package"; Value = "0402"; VariantName = "[No Variations]"
Add component (AddParameter): Name = "ComponentLink1Description"; Value = "Manufacturer URL"; VariantName = "[No Variations]"
Add component (AddParameter): Name = "ComponentLink1URL"; Value = "http://www.panasonic.com/"; VariantName = "[No Variations]"
Add component (AddParameter): Name = "ComponentLink2Description"; Value = "Datasheet"; VariantName = "[No Variations]"
Add component (AddParameter): Name = "ComponentLink2URL"; Value = "http://industrial.panasonic.com/cdbs/www-data/pdf/RDA0000/AOA0000C86.pdf"; VariantName = "[No Variations]"
Add component (AddParameter): Name = "DatasheetVersion"; Value = "04/2015"; VariantName = "[No Variations]"
Add component (AddParameter): Name = "Height"; Value = "0.35 mm"; VariantName = "[No Variations]"
Add component (AddParameter): Name = "Length"; Value = "1 mm"; VariantName = "[No Variations]"
Add component (AddParameter): Name = "Max Operating Temperature"; Value = "155 degC"; VariantName = "[No Variations]"
Add component (AddParameter): Name = "Min Operating Temperature"; Value = "-55 degC"; VariantName = "[No Variations]"
Add component (AddParameter): Name = "Mount"; Value = "Surface Mount"; VariantName = "[No Variations]"
Add component (AddParameter): Name = "Mounting Technology"; Value = "Surface Mount"; VariantName = "[No Variations]"
Add component (AddParameter): Name = "Package Quantity"; Value = "1"; VariantName = "[No Variations]"
Add component (AddParameter): Name = "PackageDescription"; Value = "2-Pin Surface Mount Device, Body 1 x 0.5 mm"; VariantName = "[No Variations]"
Add component (AddParameter): Name = "PackageReference"; Value = "0402"; VariantName = "[No Variations]"
Add component (AddParameter): Name = "Packaging"; Value = "Cut Tape"; VariantName = "[No Variations]"
Add component (AddParameter): Name = "PartNumber"; Value = "ERJ-2RKF4701X"; VariantName = "[No Variations]"
Add component (AddParameter): Name = "Pins"; Value = "2"; VariantName = "[No Variations]"
Add component (AddParameter): Name = "Power Rating"; Value = "100 mW"; VariantName = "[No Variations]"
Add component (AddParameter): Name = "Radiation Hardening"; Value = "No"; VariantName = "[No Variations]"
Add component (AddParameter): Name = "REACH SVHC"; Value = "Yes"; VariantName = "[No Variations]"
Add component (AddParameter): Name = "Resistance"; Value = "4.7 KOhm"; VariantName = "[No Variations]"
Add component (AddParameter): Name = "RoHSCompliant"; Value = "true"; VariantName = "[No Variations]"
Add component (AddParameter): Name = "Tolerance"; Value = "1%"; VariantName = "[No Variations]"
Add component (AddParameter): Name = "Voltage Rating"; Value = "50 V"; VariantName = "[No Variations]"
Add component (AddParameter): Name = "Width"; Value = "0.5 mm"; VariantName = "[No Variations]"
Added Component: Designator=R26(RESC1005X40X25LL05T05)
Add component (AddParameter): Name = "Case Code (Imperial)"; Value = "0402"; VariantName = "[No Variations]"
Add component (AddParameter): Name = "Case Code (Metric)"; Value = "1005"; VariantName = "[No Variations]"
Add component (AddParameter): Name = "Case\/Package"; Value = "0402"; VariantName = "[No Variations]"
Add component (AddParameter): Name = "ComponentLink1Description"; Value = "Manufacturer URL"; VariantName = "[No Variations]"
Add component (AddParameter): Name = "ComponentLink1URL"; Value = "http://www.panasonic.com/"; VariantName = "[No Variations]"
Add component (AddParameter): Name = "ComponentLink2Description"; Value = "Datasheet"; VariantName = "[No Variations]"
Add component (AddParameter): Name = "ComponentLink2URL"; Value = "http://industrial.panasonic.com/cdbs/www-data/pdf/RDA0000/AOA0000C86.pdf"; VariantName = "[No Variations]"
Add component (AddParameter): Name = "DatasheetVersion"; Value = "04/2015"; VariantName = "[No Variations]"
Add component (AddParameter): Name = "Height"; Value = "0.35 mm"; VariantName = "[No Variations]"
Add component (AddParameter): Name = "Length"; Value = "1 mm"; VariantName = "[No Variations]"
Add component (AddParameter): Name = "Max Operating Temperature"; Value = "155 degC"; VariantName = "[No Variations]"
Add component (AddParameter): Name = "Min Operating Temperature"; Value = "-55 degC"; VariantName = "[No Variations]"
Add component (AddParameter): Name = "Mount"; Value = "Surface Mount"; VariantName = "[No Variations]"
Add component (AddParameter): Name = "Mounting Technology"; Value = "Surface Mount"; VariantName = "[No Variations]"
Add component (AddParameter): Name = "Package Quantity"; Value = "1"; VariantName = "[No Variations]"
Add component (AddParameter): Name = "PackageDescription"; Value = "2-Pin Surface Mount Device, Body 1 x 0.5 mm"; VariantName = "[No Variations]"
Add component (AddParameter): Name = "PackageReference"; Value = "0402"; VariantName = "[No Variations]"
Add component (AddParameter): Name = "Packaging"; Value = "Cut Tape"; VariantName = "[No Variations]"
Add component (AddParameter): Name = "PartNumber"; Value = "ERJ-2RKF4701X"; VariantName = "[No Variations]"
Add component (AddParameter): Name = "Pins"; Value = "2"; VariantName = "[No Variations]"
Add component (AddParameter): Name = "Power Rating"; Value = "100 mW"; VariantName = "[No Variations]"
Add component (AddParameter): Name = "Radiation Hardening"; Value = "No"; VariantName = "[No Variations]"
Add component (AddParameter): Name = "REACH SVHC"; Value = "Yes"; VariantName = "[No Variations]"
Add component (AddParameter): Name = "Resistance"; Value = "4.7 KOhm"; VariantName = "[No Variations]"
Add component (AddParameter): Name = "RoHSCompliant"; Value = "true"; VariantName = "[No Variations]"
Add component (AddParameter): Name = "Tolerance"; Value = "1%"; VariantName = "[No Variations]"
Add component (AddParameter): Name = "Voltage Rating"; Value = "50 V"; VariantName = "[No Variations]"
Add component (AddParameter): Name = "Width"; Value = "0.5 mm"; VariantName = "[No Variations]"
Added Pin To Net: NetName=Shunt_L_PowerModuleCell_M1 Pin=C1-1
Added Pin To Net: NetName=Vbus Pin=C1-2
Added Pin To Net: NetName=Shunt_L_PowerModuleCell_M1 Pin=C2-1
Added Pin To Net: NetName=Vbus Pin=C2-2
Added Pin To Net: NetName=Shunt_L_PowerModuleCell_M1 Pin=C3-1
Added Pin To Net: NetName=Vcc Pin=C3-2
Added Pin To Net: NetName=Shunt_L_PowerModuleCell_M1 Pin=C4-1
Added Pin To Net: NetName=Vcc Pin=C4-2
Added Pin To Net: NetName=Shunt_L_PowerModuleCell_M1 Pin=C5-1
Added Pin To Net: NetName=NRST Pin=C5-2
Added Pin To Net: NetName=Vcc Pin=C6-1
Added Pin To Net: NetName=Shunt_L_PowerModuleCell_M1 Pin=C6-2
Added Pin To Net: NetName=Vcc_F Pin=C7-1
Added Pin To Net: NetName=Shunt_L_PowerModuleCell_M1 Pin=C7-2
Added Pin To Net: NetName=NRST Pin=IC1-C6
Added Pin To Net: NetName=LSE_RTC Pin=IC1-C7
Added Pin To Net: NetName=HSE Pin=IC1-E7
Added Pin To Net: NetName=Vref Pin=IC1-F3
Added Pin To Net: NetName=Alert_M1 Pin=IC1-F4
Added Pin To Net: NetName=Alert_M2 Pin=IC1-F5
Added Pin To Net: NetName=Alert_M3 Pin=IC1-G5
Added Pin To Net: NetName=Alert_M4 Pin=IC1-G6
Added Pin To Net: NetName=Shunt_L_PowerModuleCell_M1 Pin=J1-9
Added Pin To Net: NetName=Shunt_L_PowerModuleCell_M1 Pin=J1-10
Added Pin To Net: NetName=Shunt_L_PowerModuleCell_M1 Pin=J2-9
Added Pin To Net: NetName=Shunt_L_PowerModuleCell_M1 Pin=J2-10
Added Pin To Net: NetName=RefParam_M1 Pin=J3-1
Added Pin To Net: NetName=ProcessedParam_M1 Pin=J4-1
Added Pin To Net: NetName=CurrentSignal_M1 Pin=J6-1
Added Pin To Net: NetName=Vref Pin=J7-1
Added Pin To Net: NetName=Load Pin=J8-1
Added Pin To Net: NetName=Load Pin=J8-2
Added Pin To Net: NetName=Load Pin=J8-3
Added Pin To Net: NetName=Load Pin=J8-4
Added Pin To Net: NetName=Load Pin=J8-5
Added Pin To Net: NetName=Load Pin=J8-6
Added Pin To Net: NetName=Load Pin=J8-7
Added Pin To Net: NetName=Load Pin=J8-8
Added Pin To Net: NetName=Load Pin=J8-9
Added Pin To Net: NetName=Load Pin=J8-10
Added Pin To Net: NetName=RefParam_M2 Pin=J10-1
Added Pin To Net: NetName=Vcc Pin=J11-1
Added Pin To Net: NetName=ProcessedParam_M2 Pin=J12-1
Added Pin To Net: NetName=Vcc_F Pin=J13-1
Added Pin To Net: NetName=CurrentSignal_M2 Pin=J14-1
Added Pin To Net: NetName=Shunt_L_PowerModuleCell_M1 Pin=J15-1
Added Pin To Net: NetName=Shunt_L_PowerModuleCell_M1 Pin=J15-2
Added Pin To Net: NetName=Shunt_L_PowerModuleCell_M1 Pin=J15-3
Added Pin To Net: NetName=Shunt_L_PowerModuleCell_M1 Pin=J15-4
Added Pin To Net: NetName=Shunt_L_PowerModuleCell_M1 Pin=J15-5
Added Pin To Net: NetName=Shunt_L_PowerModuleCell_M1 Pin=J15-6
Added Pin To Net: NetName=Shunt_L_PowerModuleCell_M1 Pin=J15-7
Added Pin To Net: NetName=Shunt_L_PowerModuleCell_M1 Pin=J15-8
Added Pin To Net: NetName=RefParam_M3 Pin=J18-1
Added Pin To Net: NetName=Shunt_L_PowerModuleCell_M1 Pin=J19-1
Added Pin To Net: NetName=ProcessedParam_M3 Pin=J20-1
Added Pin To Net: NetName=CurrentSignal_M3 Pin=J22-1
Added Pin To Net: NetName=RefParam_M4 Pin=J26-1
Added Pin To Net: NetName=ProcessedParam_M4 Pin=J28-1
Added Pin To Net: NetName=CurrentSignal_M4 Pin=J30-1
Added Pin To Net: NetName=Shunt_L_PowerModuleCell_M1 Pin=J32-1
Added Pin To Net: NetName=Load Pin=Load+1_PowerModuleCell_M2-1
Added Pin To Net: NetName=Load Pin=Load+1_PowerModuleCell_M3-1
Added Pin To Net: NetName=Load Pin=Load+1_PowerModuleCell_M4-1
Added Pin To Net: NetName=Shunt_L_PowerModuleCell_M1 Pin=Load-1_PowerModuleCell_M2-1
Added Pin To Net: NetName=Shunt_L_PowerModuleCell_M1 Pin=Load-1_PowerModuleCell_M3-1
Added Pin To Net: NetName=Shunt_L_PowerModuleCell_M1 Pin=Load-1_PowerModuleCell_M4-1
Added Pin To Net: NetName=Load Pin=Q1_PowerModuleCell_M2-1
Added Pin To Net: NetName=Load Pin=Q1_PowerModuleCell_M2-2
Added Pin To Net: NetName=Load Pin=Q1_PowerModuleCell_M2-3
Added Pin To Net: NetName=Shunt_H_PowerModuleCell_M2 Pin=Q1_PowerModuleCell_M2-4
Added Pin To Net: NetName=Shunt_H_PowerModuleCell_M2 Pin=Q1_PowerModuleCell_M2-5
Added Pin To Net: NetName=Shunt_H_PowerModuleCell_M2 Pin=Q1_PowerModuleCell_M2-6
Added Pin To Net: NetName=Shunt_H_PowerModuleCell_M2 Pin=Q1_PowerModuleCell_M2-7
Added Pin To Net: NetName=Shunt_H_PowerModuleCell_M2 Pin=Q1_PowerModuleCell_M2-8
Added Pin To Net: NetName=Shunt_H_PowerModuleCell_M2 Pin=Q1_PowerModuleCell_M2-9
Added Pin To Net: NetName=Shunt_H_PowerModuleCell_M2 Pin=Q1_PowerModuleCell_M2-10
Added Pin To Net: NetName=Shunt_H_PowerModuleCell_M2 Pin=Q1_PowerModuleCell_M2-11
Added Pin To Net: NetName=NetQ1_PowerModuleCell_M2_12 Pin=Q1_PowerModuleCell_M2-12
Added Pin To Net: NetName=Load Pin=Q1_PowerModuleCell_M2-13
Added Pin To Net: NetName=Load Pin=Q1_PowerModuleCell_M2-14
Added Pin To Net: NetName=Load Pin=Q1_PowerModuleCell_M2-15
Added Pin To Net: NetName=Load Pin=Q1_PowerModuleCell_M3-1
Added Pin To Net: NetName=Load Pin=Q1_PowerModuleCell_M3-2
Added Pin To Net: NetName=Load Pin=Q1_PowerModuleCell_M3-3
Added Pin To Net: NetName=Shunt_H_PowerModuleCell_M3 Pin=Q1_PowerModuleCell_M3-4
Added Pin To Net: NetName=Shunt_H_PowerModuleCell_M3 Pin=Q1_PowerModuleCell_M3-5
Added Pin To Net: NetName=Shunt_H_PowerModuleCell_M3 Pin=Q1_PowerModuleCell_M3-6
Added Pin To Net: NetName=Shunt_H_PowerModuleCell_M3 Pin=Q1_PowerModuleCell_M3-7
Added Pin To Net: NetName=Shunt_H_PowerModuleCell_M3 Pin=Q1_PowerModuleCell_M3-8
Added Pin To Net: NetName=Shunt_H_PowerModuleCell_M3 Pin=Q1_PowerModuleCell_M3-9
Added Pin To Net: NetName=Shunt_H_PowerModuleCell_M3 Pin=Q1_PowerModuleCell_M3-10
Added Pin To Net: NetName=Shunt_H_PowerModuleCell_M3 Pin=Q1_PowerModuleCell_M3-11
Added Pin To Net: NetName=NetQ1_PowerModuleCell_M3_12 Pin=Q1_PowerModuleCell_M3-12
Added Pin To Net: NetName=Load Pin=Q1_PowerModuleCell_M3-13
Added Pin To Net: NetName=Load Pin=Q1_PowerModuleCell_M3-14
Added Pin To Net: NetName=Load Pin=Q1_PowerModuleCell_M3-15
Added Pin To Net: NetName=Load Pin=Q1_PowerModuleCell_M4-1
Added Pin To Net: NetName=Load Pin=Q1_PowerModuleCell_M4-2
Added Pin To Net: NetName=Load Pin=Q1_PowerModuleCell_M4-3
Added Pin To Net: NetName=Shunt_H_PowerModuleCell_M4 Pin=Q1_PowerModuleCell_M4-4
Added Pin To Net: NetName=Shunt_H_PowerModuleCell_M4 Pin=Q1_PowerModuleCell_M4-5
Added Pin To Net: NetName=Shunt_H_PowerModuleCell_M4 Pin=Q1_PowerModuleCell_M4-6
Added Pin To Net: NetName=Shunt_H_PowerModuleCell_M4 Pin=Q1_PowerModuleCell_M4-7
Added Pin To Net: NetName=Shunt_H_PowerModuleCell_M4 Pin=Q1_PowerModuleCell_M4-8
Added Pin To Net: NetName=Shunt_H_PowerModuleCell_M4 Pin=Q1_PowerModuleCell_M4-9
Added Pin To Net: NetName=Shunt_H_PowerModuleCell_M4 Pin=Q1_PowerModuleCell_M4-10
Added Pin To Net: NetName=Shunt_H_PowerModuleCell_M4 Pin=Q1_PowerModuleCell_M4-11
Added Pin To Net: NetName=NetQ1_PowerModuleCell_M4_12 Pin=Q1_PowerModuleCell_M4-12
Added Pin To Net: NetName=Load Pin=Q1_PowerModuleCell_M4-13
Added Pin To Net: NetName=Load Pin=Q1_PowerModuleCell_M4-14
Added Pin To Net: NetName=Load Pin=Q1_PowerModuleCell_M4-15
Added Pin To Net: NetName=Vcc Pin=R9-1
Added Pin To Net: NetName=NetR9_2 Pin=R9-2
Added Pin To Net: NetName=ProcessedParam_M2 Pin=R10_PowerModuleCell_M2-1
Added Pin To Net: NetName=NetR10_PowerModuleCell_M2_2 Pin=R10_PowerModuleCell_M2-2
Added Pin To Net: NetName=ProcessedParam_M3 Pin=R10_PowerModuleCell_M3-1
Added Pin To Net: NetName=NetR10_PowerModuleCell_M3_2 Pin=R10_PowerModuleCell_M3-2
Added Pin To Net: NetName=ProcessedParam_M4 Pin=R10_PowerModuleCell_M4-1
Added Pin To Net: NetName=NetR10_PowerModuleCell_M4_2 Pin=R10_PowerModuleCell_M4-2
Added Pin To Net: NetName=NetR11_PowerModuleCell_M2_1 Pin=R11_PowerModuleCell_M2-1
Added Pin To Net: NetName=NetQ1_PowerModuleCell_M2_12 Pin=R11_PowerModuleCell_M2-2
Added Pin To Net: NetName=NetR11_PowerModuleCell_M3_1 Pin=R11_PowerModuleCell_M3-1
Added Pin To Net: NetName=NetQ1_PowerModuleCell_M3_12 Pin=R11_PowerModuleCell_M3-2
Added Pin To Net: NetName=NetR11_PowerModuleCell_M4_1 Pin=R11_PowerModuleCell_M4-1
Added Pin To Net: NetName=NetQ1_PowerModuleCell_M4_12 Pin=R11_PowerModuleCell_M4-2
Added Pin To Net: NetName=RefParam_M2 Pin=R12_PowerModuleCell_M2-1
Added Pin To Net: NetName=NetR12_PowerModuleCell_M2_2 Pin=R12_PowerModuleCell_M2-2
Added Pin To Net: NetName=RefParam_M3 Pin=R12_PowerModuleCell_M3-1
Added Pin To Net: NetName=NetR12_PowerModuleCell_M3_2 Pin=R12_PowerModuleCell_M3-2
Added Pin To Net: NetName=RefParam_M4 Pin=R12_PowerModuleCell_M4-1
Added Pin To Net: NetName=NetR12_PowerModuleCell_M4_2 Pin=R12_PowerModuleCell_M4-2
Added Pin To Net: NetName=Shunt_H_PowerModuleCell_M2 Pin=R13_PowerModuleCell_M2-1
Added Pin To Net: NetName=Shunt_L_PowerModuleCell_M1 Pin=R13_PowerModuleCell_M2-2
Added Pin To Net: NetName=Shunt_H_PowerModuleCell_M3 Pin=R13_PowerModuleCell_M3-1
Added Pin To Net: NetName=Shunt_L_PowerModuleCell_M1 Pin=R13_PowerModuleCell_M3-2
Added Pin To Net: NetName=Shunt_H_PowerModuleCell_M4 Pin=R13_PowerModuleCell_M4-1
Added Pin To Net: NetName=Shunt_L_PowerModuleCell_M1 Pin=R13_PowerModuleCell_M4-2
Added Pin To Net: NetName=NetR14_PowerModuleCell_M2_1 Pin=R14_PowerModuleCell_M2-1
Added Pin To Net: NetName=NetR14_PowerModuleCell_M2_2 Pin=R14_PowerModuleCell_M2-2
Added Pin To Net: NetName=NetR14_PowerModuleCell_M3_1 Pin=R14_PowerModuleCell_M3-1
Added Pin To Net: NetName=NetR14_PowerModuleCell_M3_2 Pin=R14_PowerModuleCell_M3-2
Added Pin To Net: NetName=NetR14_PowerModuleCell_M4_1 Pin=R14_PowerModuleCell_M4-1
Added Pin To Net: NetName=NetR14_PowerModuleCell_M4_2 Pin=R14_PowerModuleCell_M4-2
Added Pin To Net: NetName=NetR14_PowerModuleCell_M2_1 Pin=R15_PowerModuleCell_M2-1
Added Pin To Net: NetName=NetR15_PowerModuleCell_M2_2 Pin=R15_PowerModuleCell_M2-2
Added Pin To Net: NetName=NetR14_PowerModuleCell_M3_1 Pin=R15_PowerModuleCell_M3-1
Added Pin To Net: NetName=NetR15_PowerModuleCell_M3_2 Pin=R15_PowerModuleCell_M3-2
Added Pin To Net: NetName=NetR14_PowerModuleCell_M4_1 Pin=R15_PowerModuleCell_M4-1
Added Pin To Net: NetName=NetR15_PowerModuleCell_M4_2 Pin=R15_PowerModuleCell_M4-2
Added Pin To Net: NetName=NetR16_PowerModuleCell_M2_1 Pin=R16_PowerModuleCell_M2-1
Added Pin To Net: NetName=NetR14_PowerModuleCell_M2_2 Pin=R16_PowerModuleCell_M2-2
Added Pin To Net: NetName=NetR16_PowerModuleCell_M3_1 Pin=R16_PowerModuleCell_M3-1
Added Pin To Net: NetName=NetR14_PowerModuleCell_M3_2 Pin=R16_PowerModuleCell_M3-2
Added Pin To Net: NetName=NetR16_PowerModuleCell_M4_1 Pin=R16_PowerModuleCell_M4-1
Added Pin To Net: NetName=NetR14_PowerModuleCell_M4_2 Pin=R16_PowerModuleCell_M4-2
Added Pin To Net: NetName=NetR17_PowerModuleCell_M2_1 Pin=R17_PowerModuleCell_M2-1
Added Pin To Net: NetName=NetR16_PowerModuleCell_M2_1 Pin=R17_PowerModuleCell_M2-2
Added Pin To Net: NetName=NetR17_PowerModuleCell_M3_1 Pin=R17_PowerModuleCell_M3-1
Added Pin To Net: NetName=NetR16_PowerModuleCell_M3_1 Pin=R17_PowerModuleCell_M3-2
Added Pin To Net: NetName=NetR17_PowerModuleCell_M4_1 Pin=R17_PowerModuleCell_M4-1
Added Pin To Net: NetName=NetR16_PowerModuleCell_M4_1 Pin=R17_PowerModuleCell_M4-2
Added Pin To Net: NetName=NetR15_PowerModuleCell_M2_2 Pin=R18_PowerModuleCell_M2-1
Added Pin To Net: NetName=CurrentSignal_M2 Pin=R18_PowerModuleCell_M2-2
Added Pin To Net: NetName=NetR15_PowerModuleCell_M3_2 Pin=R18_PowerModuleCell_M3-1
Added Pin To Net: NetName=CurrentSignal_M3 Pin=R18_PowerModuleCell_M3-2
Added Pin To Net: NetName=NetR15_PowerModuleCell_M4_2 Pin=R18_PowerModuleCell_M4-1
Added Pin To Net: NetName=CurrentSignal_M4 Pin=R18_PowerModuleCell_M4-2
Added Pin To Net: NetName=NetR19_PowerModuleCell_M2_1 Pin=R19_PowerModuleCell_M2-1
Added Pin To Net: NetName=NetR17_PowerModuleCell_M2_1 Pin=R19_PowerModuleCell_M2-2
Added Pin To Net: NetName=NetR19_PowerModuleCell_M3_1 Pin=R19_PowerModuleCell_M3-1
Added Pin To Net: NetName=NetR17_PowerModuleCell_M3_1 Pin=R19_PowerModuleCell_M3-2
Added Pin To Net: NetName=NetR19_PowerModuleCell_M4_1 Pin=R19_PowerModuleCell_M4-1
Added Pin To Net: NetName=NetR17_PowerModuleCell_M4_1 Pin=R19_PowerModuleCell_M4-2
Added Pin To Net: NetName=NetR20_PowerModuleCell_M2_1 Pin=R20_PowerModuleCell_M2-1
Added Pin To Net: NetName=NetR19_PowerModuleCell_M2_1 Pin=R20_PowerModuleCell_M2-2
Added Pin To Net: NetName=NetR20_PowerModuleCell_M3_1 Pin=R20_PowerModuleCell_M3-1
Added Pin To Net: NetName=NetR19_PowerModuleCell_M3_1 Pin=R20_PowerModuleCell_M3-2
Added Pin To Net: NetName=NetR20_PowerModuleCell_M4_1 Pin=R20_PowerModuleCell_M4-1
Added Pin To Net: NetName=NetR19_PowerModuleCell_M4_1 Pin=R20_PowerModuleCell_M4-2
Added Pin To Net: NetName=NetR20_PowerModuleCell_M2_1 Pin=R21_PowerModuleCell_M2-1
Added Pin To Net: NetName=Shunt_L_PowerModuleCell_M1 Pin=R21_PowerModuleCell_M2-2
Added Pin To Net: NetName=NetR20_PowerModuleCell_M3_1 Pin=R21_PowerModuleCell_M3-1
Added Pin To Net: NetName=Shunt_L_PowerModuleCell_M1 Pin=R21_PowerModuleCell_M3-2
Added Pin To Net: NetName=NetR20_PowerModuleCell_M4_1 Pin=R21_PowerModuleCell_M4-1
Added Pin To Net: NetName=Shunt_L_PowerModuleCell_M1 Pin=R21_PowerModuleCell_M4-2
Added Pin To Net: NetName=Alert_M2 Pin=R22_PowerModuleCell_M2-1
Added Pin To Net: NetName=Vcc Pin=R22_PowerModuleCell_M2-2
Added Pin To Net: NetName=Alert_M3 Pin=R22_PowerModuleCell_M3-1
Added Pin To Net: NetName=Vcc Pin=R22_PowerModuleCell_M3-2
Added Pin To Net: NetName=Alert_M4 Pin=R22_PowerModuleCell_M4-1
Added Pin To Net: NetName=Vcc Pin=R22_PowerModuleCell_M4-2
Added Pin To Net: NetName=Vcc Pin=R23-2
Added Pin To Net: NetName=Vcc Pin=R24-2
Added Pin To Net: NetName=Vcc Pin=R25-2
Added Pin To Net: NetName=Vcc Pin=R26-2
Added Pin To Net: NetName=Shunt_L_PowerModuleCell_M1 Pin=SW1-1
Added Pin To Net: NetName=Shunt_L_PowerModuleCell_M1 Pin=SW1-2
Added Pin To Net: NetName=NetR9_2 Pin=SW1-3
Added Pin To Net: NetName=NRST Pin=SW1-4
Added Pin To Net: NetName=NetR15_PowerModuleCell_M2_2 Pin=U1_PowerModuleCell_M2-1
Added Pin To Net: NetName=NetR14_PowerModuleCell_M2_1 Pin=U1_PowerModuleCell_M2-2
Added Pin To Net: NetName=NetR20_PowerModuleCell_M2_1 Pin=U1_PowerModuleCell_M2-3
Added Pin To Net: NetName=Vcc_F Pin=U1_PowerModuleCell_M2-4
Added Pin To Net: NetName=NetR12_PowerModuleCell_M2_2 Pin=U1_PowerModuleCell_M2-5
Added Pin To Net: NetName=NetR10_PowerModuleCell_M2_2 Pin=U1_PowerModuleCell_M2-6
Added Pin To Net: NetName=NetR11_PowerModuleCell_M2_1 Pin=U1_PowerModuleCell_M2-7
Added Pin To Net: NetName=NetR19_PowerModuleCell_M2_1 Pin=U1_PowerModuleCell_M2-8
Added Pin To Net: NetName=NetR17_PowerModuleCell_M2_1 Pin=U1_PowerModuleCell_M2-9
Added Pin To Net: NetName=Shunt_H_PowerModuleCell_M2 Pin=U1_PowerModuleCell_M2-10
Added Pin To Net: NetName=Shunt_L_PowerModuleCell_M1 Pin=U1_PowerModuleCell_M2-11
Added Pin To Net: NetName=Shunt_L_PowerModuleCell_M1 Pin=U1_PowerModuleCell_M2-12
Added Pin To Net: NetName=NetR16_PowerModuleCell_M2_1 Pin=U1_PowerModuleCell_M2-13
Added Pin To Net: NetName=NetR14_PowerModuleCell_M2_2 Pin=U1_PowerModuleCell_M2-14
Added Pin To Net: NetName=NetR15_PowerModuleCell_M3_2 Pin=U1_PowerModuleCell_M3-1
Added Pin To Net: NetName=NetR14_PowerModuleCell_M3_1 Pin=U1_PowerModuleCell_M3-2
Added Pin To Net: NetName=NetR20_PowerModuleCell_M3_1 Pin=U1_PowerModuleCell_M3-3
Added Pin To Net: NetName=Vcc_F Pin=U1_PowerModuleCell_M3-4
Added Pin To Net: NetName=NetR12_PowerModuleCell_M3_2 Pin=U1_PowerModuleCell_M3-5
Added Pin To Net: NetName=NetR10_PowerModuleCell_M3_2 Pin=U1_PowerModuleCell_M3-6
Added Pin To Net: NetName=NetR11_PowerModuleCell_M3_1 Pin=U1_PowerModuleCell_M3-7
Added Pin To Net: NetName=NetR19_PowerModuleCell_M3_1 Pin=U1_PowerModuleCell_M3-8
Added Pin To Net: NetName=NetR17_PowerModuleCell_M3_1 Pin=U1_PowerModuleCell_M3-9
Added Pin To Net: NetName=Shunt_H_PowerModuleCell_M3 Pin=U1_PowerModuleCell_M3-10
Added Pin To Net: NetName=Shunt_L_PowerModuleCell_M1 Pin=U1_PowerModuleCell_M3-11
Added Pin To Net: NetName=Shunt_L_PowerModuleCell_M1 Pin=U1_PowerModuleCell_M3-12
Added Pin To Net: NetName=NetR16_PowerModuleCell_M3_1 Pin=U1_PowerModuleCell_M3-13
Added Pin To Net: NetName=NetR14_PowerModuleCell_M3_2 Pin=U1_PowerModuleCell_M3-14
Added Pin To Net: NetName=NetR15_PowerModuleCell_M4_2 Pin=U1_PowerModuleCell_M4-1
Added Pin To Net: NetName=NetR14_PowerModuleCell_M4_1 Pin=U1_PowerModuleCell_M4-2
Added Pin To Net: NetName=NetR20_PowerModuleCell_M4_1 Pin=U1_PowerModuleCell_M4-3
Added Pin To Net: NetName=Vcc_F Pin=U1_PowerModuleCell_M4-4
Added Pin To Net: NetName=NetR12_PowerModuleCell_M4_2 Pin=U1_PowerModuleCell_M4-5
Added Pin To Net: NetName=NetR10_PowerModuleCell_M4_2 Pin=U1_PowerModuleCell_M4-6
Added Pin To Net: NetName=NetR11_PowerModuleCell_M4_1 Pin=U1_PowerModuleCell_M4-7
Added Pin To Net: NetName=NetR19_PowerModuleCell_M4_1 Pin=U1_PowerModuleCell_M4-8
Added Pin To Net: NetName=NetR17_PowerModuleCell_M4_1 Pin=U1_PowerModuleCell_M4-9
Added Pin To Net: NetName=Shunt_H_PowerModuleCell_M4 Pin=U1_PowerModuleCell_M4-10
Added Pin To Net: NetName=Shunt_L_PowerModuleCell_M1 Pin=U1_PowerModuleCell_M4-11
Added Pin To Net: NetName=Shunt_L_PowerModuleCell_M1 Pin=U1_PowerModuleCell_M4-12
Added Pin To Net: NetName=NetR16_PowerModuleCell_M4_1 Pin=U1_PowerModuleCell_M4-13
Added Pin To Net: NetName=NetR14_PowerModuleCell_M4_2 Pin=U1_PowerModuleCell_M4-14
Added Pin To Net: NetName=Vbus Pin=U2-1
Added Pin To Net: NetName=Shunt_L_PowerModuleCell_M1 Pin=U2-2
Added Pin To Net: NetName=Vcc Pin=U2-3
Added Pin To Net: NetName=Shunt_L_PowerModuleCell_M1 Pin=U2-4
Added Pin To Net: NetName=Vcc Pin=U3_PowerModuleCell_M2-B1
Added Pin To Net: NetName=Shunt_L_PowerModuleCell_M1 Pin=U3_PowerModuleCell_M2-B2
Added Pin To Net: NetName=Vcc Pin=U3_PowerModuleCell_M2-C1
Added Pin To Net: NetName=Alert_M2 Pin=U3_PowerModuleCell_M2-C2
Added Pin To Net: NetName=Vcc Pin=U3_PowerModuleCell_M3-B1
Added Pin To Net: NetName=Shunt_L_PowerModuleCell_M1 Pin=U3_PowerModuleCell_M3-B2
Added Pin To Net: NetName=SDA Pin=U3_PowerModuleCell_M3-C1
Added Pin To Net: NetName=Alert_M3 Pin=U3_PowerModuleCell_M3-C2
Added Pin To Net: NetName=Vcc Pin=U3_PowerModuleCell_M4-B1
Added Pin To Net: NetName=Shunt_L_PowerModuleCell_M1 Pin=U3_PowerModuleCell_M4-B2
Added Pin To Net: NetName=SCL Pin=U3_PowerModuleCell_M4-C1
Added Pin To Net: NetName=Alert_M4 Pin=U3_PowerModuleCell_M4-C2
Added Pin To Net: NetName=Shunt_L_PowerModuleCell_M1 Pin=U4-2
Added Pin To Net: NetName=Vcc_F Pin=U4-3
Added Pin To Net: NetName=Vcc_F Pin=U4-4
Added Pin To Net: NetName=Vref Pin=U4-5
Added Pin To Net: NetName=Shunt_L_PowerModuleCell_M1 Pin=Y1-1
Added Pin To Net: NetName=LSE_RTC Pin=Y1-2
Added Pin To Net: NetName=Vcc Pin=Y1-3
Added Pin To Net: NetName=Shunt_L_PowerModuleCell_M1 Pin=Y1-4
Added Pin To Net: NetName=Vcc Pin=Y2-1
Added Pin To Net: NetName=Shunt_L_PowerModuleCell_M1 Pin=Y2-2
Added Pin To Net: NetName=HSE Pin=Y2-3
Added Pin To Net: NetName=Vcc Pin=Y2-4
Added Pin To Net: NetName=20V Pin=J1-1
Added Pin To Net: NetName=20V Pin=J2-1
Added Pin To Net: NetName=20V Pin=J9-1
Added Net: Name=20V
Added Pin To Net: NetName=ADC1_IN1 Pin=IC1-F7
Added Net: Name=ADC1_IN1
Added Pin To Net: NetName=ADC1_IN2 Pin=IC1-D6
Added Net: Name=ADC1_IN2
Added Pin To Net: NetName=ADC1_IN3 Pin=IC1-F6
Added Net: Name=ADC1_IN3
Added Pin To Net: NetName=ADC1_IN4 Pin=IC1-G7
Added Net: Name=ADC1_IN4
Added Pin To Net: NetName=ALERT-IN Pin=J1-2
Added Pin To Net: NetName=ALERT-IN Pin=J2-2
Added Net: Name=ALERT-IN
Added Pin To Net: NetName=ALERT-OUT Pin=J1-4
Added Pin To Net: NetName=ALERT-OUT Pin=J2-4
Added Net: Name=ALERT-OUT
Added Pin To Net: NetName=ALERT Pin=IC1-D1
Added Net: Name=ALERT
Added Pin To Net: NetName=GPIO Pin=IC1-F1
Added Net: Name=GPIO
Added Pin To Net: NetName=I2C1_SCL Pin=IC1-B5
Added Pin To Net: NetName=I2C1_SCL Pin=J1-3
Added Pin To Net: NetName=I2C1_SCL Pin=J2-3
Added Pin To Net: NetName=I2C1_SCL Pin=J33-1
Added Pin To Net: NetName=I2C1_SCL Pin=R24-1
Added Net: Name=I2C1_SCL
Added Pin To Net: NetName=I2C1_SDA Pin=IC1-B6
Added Pin To Net: NetName=I2C1_SDA Pin=J1-5
Added Pin To Net: NetName=I2C1_SDA Pin=J2-5
Added Pin To Net: NetName=I2C1_SDA Pin=J31-1
Added Pin To Net: NetName=I2C1_SDA Pin=R23-1
Added Net: Name=I2C1_SDA
Added Pin To Net: NetName=I2C2_SCL Pin=IC1-D4
Added Pin To Net: NetName=I2C2_SCL Pin=J29-1
Added Pin To Net: NetName=I2C2_SCL Pin=R26-1
Added Pin To Net: NetName=I2C2_SCL Pin=U3_PowerModuleCell_M1-A2
Added Pin To Net: NetName=I2C2_SCL Pin=U3_PowerModuleCell_M2-A2
Added Pin To Net: NetName=I2C2_SCL Pin=U3_PowerModuleCell_M3-A2
Added Pin To Net: NetName=I2C2_SCL Pin=U3_PowerModuleCell_M4-A2
Added Net: Name=I2C2_SCL
Added Pin To Net: NetName=I2C2_SDA Pin=IC1-D2
Added Pin To Net: NetName=I2C2_SDA Pin=J27-1
Added Pin To Net: NetName=I2C2_SDA Pin=R25-1
Added Pin To Net: NetName=I2C2_SDA Pin=U3_PowerModuleCell_M1-A1
Added Pin To Net: NetName=I2C2_SDA Pin=U3_PowerModuleCell_M2-A1
Added Pin To Net: NetName=I2C2_SDA Pin=U3_PowerModuleCell_M3-A1
Added Pin To Net: NetName=I2C2_SDA Pin=U3_PowerModuleCell_M4-A1
Added Net: Name=I2C2_SDA
Added Pin To Net: NetName=PA4 Pin=IC1-E5
Added Net: Name=PA4
Added Pin To Net: NetName=PB1 Pin=IC1-E4
Added Net: Name=PB1
Added Pin To Net: NetName=PC11 Pin=IC1-A2
Added Net: Name=PC11
Added Pin To Net: NetName=PC13 Pin=IC1-C5
Added Net: Name=PC13
Added Pin To Net: NetName=PC15 Pin=IC1-D7
Added Net: Name=PC15
Added Pin To Net: NetName=PF1 Pin=IC1-E6
Added Net: Name=PF1
Added Pin To Net: NetName=SPI2-MISO Pin=IC1-D3
Added Pin To Net: NetName=SPI2-MISO Pin=J24-1
Added Net: Name=SPI2-MISO
Added Pin To Net: NetName=SPI2-MOSI Pin=IC1-E1
Added Pin To Net: NetName=SPI2-MOSI Pin=J34-1
Added Net: Name=SPI2-MOSI
Added Pin To Net: NetName=SPI2-SCK Pin=IC1-E2
Added Pin To Net: NetName=SPI2-SCK Pin=J17-1
Added Net: Name=SPI2-SCK
Added Pin To Net: NetName=SWCLK Pin=IC1-B3
Added Pin To Net: NetName=SWCLK Pin=J21-1
Added Net: Name=SWCLK
Added Pin To Net: NetName=SWDIO Pin=IC1-B2
Added Pin To Net: NetName=SWDIO Pin=J16-1
Added Net: Name=SWDIO
Added Pin To Net: NetName=SYS_PWR_DET Pin=IC1-A5
Added Net: Name=SYS_PWR_DET
Added Pin To Net: NetName=TIM1_CH2 Pin=IC1-C3
Added Net: Name=TIM1_CH2
Added Pin To Net: NetName=TIM1_CH3 Pin=IC1-C2
Added Net: Name=TIM1_CH3
Added Pin To Net: NetName=TIM2_CH3 Pin=IC1-F2
Added Net: Name=TIM2_CH3
Added Pin To Net: NetName=TIM2_CH4 Pin=IC1-E3
Added Net: Name=TIM2_CH4
Added Pin To Net: NetName=TIM3_CH1 Pin=IC1-B4
Added Net: Name=TIM3_CH1
Added Pin To Net: NetName=TIM3_CH2 Pin=IC1-A4
Added Net: Name=TIM3_CH2
Added Pin To Net: NetName=TIM4_CH1 Pin=IC1-C4
Added Net: Name=TIM4_CH1
Added Pin To Net: NetName=USART1_RX Pin=J1-6
Added Pin To Net: NetName=USART1_RX Pin=J2-6
Added Pin To Net: NetName=USART1_RX Pin=J23-1
Added Net: Name=USART1_RX
Added Pin To Net: NetName=USART1_TX Pin=J1-8
Added Pin To Net: NetName=USART1_TX Pin=J2-8
Added Pin To Net: NetName=USART1_TX Pin=J25-1
Added Net: Name=USART1_TX
Added Pin To Net: NetName=USART2_RX Pin=IC1-A1
Added Net: Name=USART2_RX
Added Pin To Net: NetName=USART2_TX Pin=IC1-A3
Added Net: Name=USART2_TX
Added Pin To Net: NetName=USB_DM Pin=IC1-C1
Added Net: Name=USB_DM
Added Pin To Net: NetName=USB_DP Pin=IC1-B1
Added Net: Name=USB_DP
Added Pin To Net: NetName=VBAT Pin=IC1-B7
Added Pin To Net: NetName=VBAT Pin=J5-1
Added Net: Name=VBAT
Added Member To Class: ClassName=PowerModule Member=Component J3 5019
Added Member To Class: ClassName=PowerModule Member=Component J4 5019
Added Member To Class: ClassName=PowerModule Member=Component J5 5019
Added Member To Class: ClassName=PowerModule Member=Component J6 5019
Added Member To Class: ClassName=PowerModule Member=Component J7 5019
Added Member To Class: ClassName=PowerModule Member=Component J8 1-770971-1
Added Member To Class: ClassName=PowerModule Member=Component J9 5019
Added Member To Class: ClassName=PowerModule Member=Component J10 5019
Added Member To Class: ClassName=PowerModule Member=Component J11 5019
Added Member To Class: ClassName=PowerModule Member=Component J12 5019
Added Member To Class: ClassName=PowerModule Member=Component J13 5019
Added Member To Class: ClassName=PowerModule Member=Component J14 5019
Added Member To Class: ClassName=PowerModule Member=Component J15 3-794618-8
Added Member To Class: ClassName=PowerModule Member=Component J16 5019
Added Member To Class: ClassName=PowerModule Member=Component J17 5019
Added Member To Class: ClassName=PowerModule Member=Component J18 5019
Added Member To Class: ClassName=PowerModule Member=Component J19 5019
Added Member To Class: ClassName=PowerModule Member=Component J20 5019
Added Member To Class: ClassName=PowerModule Member=Component J21 5019
Added Member To Class: ClassName=PowerModule Member=Component J22 5019
Added Member To Class: ClassName=PowerModule Member=Component J23 5019
Added Member To Class: ClassName=PowerModule Member=Component J24 5019
Added Member To Class: ClassName=PowerModule Member=Component J25 5019
Added Member To Class: ClassName=PowerModule Member=Component J26 5019
Added Member To Class: ClassName=PowerModule Member=Component J27 5019
Added Member To Class: ClassName=PowerModule Member=Component J28 5019
Added Member To Class: ClassName=PowerModule Member=Component J29 5019
Added Member To Class: ClassName=PowerModule Member=Component J30 5019
Added Member To Class: ClassName=PowerModule Member=Component J31 5019
Added Member To Class: ClassName=PowerModule Member=Component J32 5019
Added Member To Class: ClassName=PowerModule Member=Component J33 5019
Added Member To Class: ClassName=PowerModule Member=Component J34 5019
Added Member To Class: ClassName=PowerModule Member=Component R23 4K7 1%, 0402
Added Member To Class: ClassName=PowerModule Member=Component R24 4K7 1%, 0402
Added Member To Class: ClassName=PowerModule Member=Component R25 4K7 1%, 0402
Added Member To Class: ClassName=PowerModule Member=Component R26 4K7 1%, 0402
