Change Component Designator: Old Designator=C10 New Designator=C9
Change Component Designator: Old Designator=C11 New Designator=C10
Change Component Designator: Old Designator=C? New Designator=C8
Change Component Designator: Old Designator=C? New Designator=C11
Change Component Designator: Old Designator=D1 New Designator=D3
Change Component Designator: Old Designator=P18 New Designator=P28
Change Component Designator: Old Designator=P19 New Designator=P29
Change Component Designator: Old Designator=P20 New Designator=P30
Change Component Designator: Old Designator=P21 New Designator=P31
Change Component Designator: Old Designator=R10 New Designator=R19
Change Component Designator: Old Designator=R11 New Designator=R21
Change Component Designator: Old Designator=R12 New Designator=R22
Change Component Designator: Old Designator=R13 New Designator=R23
Change Component Designator: Old Designator=R14 New Designator=R26
Change Component Designator: Old Designator=R15 New Designator=R27
Change Component Designator: Old Designator=R16 New Designator=R28
Change Component Designator: Old Designator=R17 New Designator=R29
Change Component Designator: Old Designator=R18 New Designator=R30
Change Component Designator: Old Designator=R19 New Designator=R33
Change Component Designator: Old Designator=R20 New Designator=R34
Change Component Designator: Old Designator=R21 New Designator=R35
Change Component Designator: Old Designator=R22 New Designator=R20
Change Component Designator: Old Designator=R27 New Designator=R18
Change Component Designator: Old Designator=R33 New Designator=R24
Change Component Designator: Old Designator=R35 New Designator=R25
Change Component Designator: Old Designator=R36 New Designator=R31
Change Component Designator: Old Designator=R37 New Designator=R32
Change Component Designator: Old Designator=U3 New Designator=U5
