Change Component Designator: Old Designator=Q2 New Designator=Q1
Change Component Designator: Old Designator=R26 New Designator=R1
Change Component Designator: Old Designator=R27 New Designator=R2
Change Component Designator: Old Designator=R28 New Designator=R3
Change Component Designator: Old Designator=R29 New Designator=R4
Change Component Designator: Old Designator=R30 New Designator=R5
Change Component Designator: Old Designator=R31 New Designator=R6
Change Component Designator: Old Designator=R32 New Designator=R7
Change Component Designator: Old Designator=R33 New Designator=R8
Change Component Designator: Old Designator=R34 New Designator=R9
Change Component Designator: Old Designator=R? New Designator=R10
Change Component Designator: Old Designator=R? New Designator=R11
Change Component Designator: Old Designator=R? New Designator=R12
Change Component Designator: Old Designator=R? New Designator=R13
Change Component Designator: Old Designator=R? New Designator=R14
Change Component Designator: Old Designator=R? New Designator=R15
Change Component Designator: Old Designator=R? New Designator=R16
Change Component Designator: Old Designator=R? New Designator=R17
Change Component Designator: Old Designator=U3 New Designator=U2
Change Component Designator: Old Designator=U? New Designator=U1
Change Component Designator: Old Designator=U? New Designator=U1
Change Component Designator: Old Designator=U? New Designator=U1
Change Component Designator: Old Designator=U? New Designator=U1
