Change Component Designator: Old Designator=Q? New Designator=Q4
Change Component Designator: Old Designator=R39 New Designator=R31
Change Component Designator: Old Designator=R40 New Designator=R32
Change Component Designator: Old Designator=R41 New Designator=R33
Change Component Designator: Old Designator=R43 New Designator=R34
Change Component Designator: Old Designator=R44 New Designator=R36
Change Component Designator: Old Designator=R45 New Designator=R35
Change Component Designator: Old Designator=R46 New Designator=R37
Change Component Designator: Old Designator=R47 New Designator=R39
Change Component Designator: Old Designator=R48 New Designator=R41
Change Component Designator: Old Designator=R49 New Designator=R43
Change Component Designator: Old Designator=R50 New Designator=R44
Change Component Designator: Old Designator=R51 New Designator=R47
Change Component Designator: Old Designator=R52 New Designator=R49
Change Component Designator: Old Designator=R53 New Designator=R51
Change Component Designator: Old Designator=R? New Designator=R38
Change Component Designator: Old Designator=R? New Designator=R40
Change Component Designator: Old Designator=R? New Designator=R42
Change Component Designator: Old Designator=R? New Designator=R45
Change Component Designator: Old Designator=R? New Designator=R46
Change Component Designator: Old Designator=R? New Designator=R48
Change Component Designator: Old Designator=R? New Designator=R50
Change Component Designator: Old Designator=R? New Designator=R52
Change Component Designator: Old Designator=U2 New Designator=U8
Change Component Designator: Old Designator=U2 New Designator=U8
Change Component Designator: Old Designator=U2 New Designator=U8
Change Component Designator: Old Designator=U? New Designator=U9
Change Component Designator: Old Designator=U? New Designator=U9
Change Component Designator: Old Designator=U? New Designator=U9
